Copyright 1986-2022 Xilinx, Inc. All Rights Reserved. Copyright 2022-2025 Advanced Micro Devices, Inc. All Rights Reserved.
------------------------------------------------------------------------------------------------------------------------------------------------------------------------------
| Tool Version : Vivado v.2025.2 (win64) Build 6299465 Fri Nov 14 19:35:11 GMT 2025
| Date         : Sat Sep 12 18:53:49 2026
| Host         : HC-202510241838 running 64-bit major release  (build 9200)
| Command      : report_timing_summary -delay_type min_max -report_unconstrained -file E:/competition/4_metrics/logs/2026-09-12_pl_uart_bridge_build_run02/timing_summary.rpt
| Design       : ble_uart_debug_top
| Device       : 7z020-clg484
| Speed File   : -1  PRODUCTION 1.12 2019-11-22
| Design State : Routed
------------------------------------------------------------------------------------------------------------------------------------------------------------------------------

Timing Summary Report

------------------------------------------------------------------------------------------------
| Timer Settings
| --------------
------------------------------------------------------------------------------------------------

  Enable Multi Corner Analysis               :  Yes
  Enable Pessimism Removal                   :  Yes
  Pessimism Removal Resolution               :  Nearest Common Node
  Enable Input Delay Default Clock           :  No
  Enable Preset / Clear Arcs                 :  No
  Disable Flight Delays                      :  No
  Ignore I/O Paths                           :  No
  Timing Early Launch at Borrowing Latches   :  No
  Borrow Time for Max Delay Exceptions       :  Yes
  Merge Timing Exceptions                    :  Yes
  Inter-SLR Compensation                     :  Conservative

  Corner  Analyze    Analyze    
  Name    Max Paths  Min Paths  
  ------  ---------  ---------  
  Slow    Yes        Yes        
  Fast    Yes        Yes        


------------------------------------------------------------------------------------------------
| Report Methodology
| ------------------
------------------------------------------------------------------------------------------------

No report available as report_methodology has not been run prior. Run report_methodology on the current design for the summary of methodology violations.



check_timing report

Table of Contents
-----------------
1. checking no_clock (0)
2. checking constant_clock (0)
3. checking pulse_width_clock (0)
4. checking unconstrained_internal_endpoints (0)
5. checking no_input_delay (3)
6. checking no_output_delay (5)
7. checking multiple_clock (0)
8. checking generated_clocks (0)
9. checking loops (0)
10. checking partial_input_delay (0)
11. checking partial_output_delay (0)
12. checking latch_loops (0)

1. checking no_clock (0)
------------------------
 There are 0 register/latch pins with no clock.


2. checking constant_clock (0)
------------------------------
 There are 0 register/latch pins with constant_clock.


3. checking pulse_width_clock (0)
---------------------------------
 There are 0 register/latch pins which need pulse_width check


4. checking unconstrained_internal_endpoints (0)
------------------------------------------------
 There are 0 pins that are not constrained for maximum delay.

 There are 0 pins that are not constrained for maximum delay due to constant clock.


5. checking no_input_delay (3)
------------------------------
 There are 0 input ports with no input delay specified.

 There are 3 input ports with no input delay but user has a false path constraint. (MEDIUM)


6. checking no_output_delay (5)
-------------------------------
 There are 0 ports with no output delay specified.

 There are 5 ports with no output delay but user has a false path constraint (MEDIUM)

 There are 0 ports with no output delay but with a timing clock defined on it or propagating through it


7. checking multiple_clock (0)
------------------------------
 There are 0 register/latch pins with multiple clocks.


8. checking generated_clocks (0)
--------------------------------
 There are 0 generated clocks that are not connected to a clock source.


9. checking loops (0)
---------------------
 There are 0 combinational loops in the design.


10. checking partial_input_delay (0)
------------------------------------
 There are 0 input ports with partial input delay specified.


11. checking partial_output_delay (0)
-------------------------------------
 There are 0 ports with partial output delay specified.


12. checking latch_loops (0)
----------------------------
 There are 0 combinational latch loops in the design through latch input



------------------------------------------------------------------------------------------------
| Design Timing Summary
| ---------------------
------------------------------------------------------------------------------------------------

    WNS(ns)      TNS(ns)  TNS Failing Endpoints  TNS Total Endpoints      WHS(ns)      THS(ns)  THS Failing Endpoints  THS Total Endpoints     WPWS(ns)     TPWS(ns)  TPWS Failing Endpoints  TPWS Total Endpoints  
    -------      -------  ---------------------  -------------------      -------      -------  ---------------------  -------------------     --------     --------  ----------------------  --------------------  
      5.872        0.000                      0                   46        0.160        0.000                      0                   46        4.500        0.000                       0                    46  


All user specified timing constraints are met.


------------------------------------------------------------------------------------------------
| Clock Summary
| -------------
------------------------------------------------------------------------------------------------

Clock         Waveform(ns)       Period(ns)      Frequency(MHz)
-----         ------------       ----------      --------------
sys_clk_100m  {0.000 5.000}      10.000          100.000         


------------------------------------------------------------------------------------------------
| Intra Clock Table
| -----------------
------------------------------------------------------------------------------------------------

Clock             WNS(ns)      TNS(ns)  TNS Failing Endpoints  TNS Total Endpoints      WHS(ns)      THS(ns)  THS Failing Endpoints  THS Total Endpoints     WPWS(ns)     TPWS(ns)  TPWS Failing Endpoints  TPWS Total Endpoints  
-----             -------      -------  ---------------------  -------------------      -------      -------  ---------------------  -------------------     --------     --------  ----------------------  --------------------  
sys_clk_100m        5.872        0.000                      0                   46        0.160        0.000                      0                   46        4.500        0.000                       0                    46  


------------------------------------------------------------------------------------------------
| Inter Clock Table
| -----------------
------------------------------------------------------------------------------------------------

From Clock    To Clock          WNS(ns)      TNS(ns)  TNS Failing Endpoints  TNS Total Endpoints      WHS(ns)      THS(ns)  THS Failing Endpoints  THS Total Endpoints  
----------    --------          -------      -------  ---------------------  -------------------      -------      -------  ---------------------  -------------------  


------------------------------------------------------------------------------------------------
| Other Path Groups Table
| -----------------------
------------------------------------------------------------------------------------------------

Path Group    From Clock    To Clock          WNS(ns)      TNS(ns)  TNS Failing Endpoints  TNS Total Endpoints      WHS(ns)      THS(ns)  THS Failing Endpoints  THS Total Endpoints  
----------    ----------    --------          -------      -------  ---------------------  -------------------      -------      -------  ---------------------  -------------------  


------------------------------------------------------------------------------------------------
| User Ignored Path Table
| -----------------------
------------------------------------------------------------------------------------------------

Path Group    From Clock    To Clock    
----------    ----------    --------    
(none)        sys_clk_100m                
(none)                      sys_clk_100m  


------------------------------------------------------------------------------------------------
| Unconstrained Path Table
| ------------------------
------------------------------------------------------------------------------------------------

Path Group    From Clock    To Clock    
----------    ----------    --------    


------------------------------------------------------------------------------------------------
| Timing Details
| --------------
------------------------------------------------------------------------------------------------


---------------------------------------------------------------------------------------------------
From Clock:  sys_clk_100m
  To Clock:  sys_clk_100m

Setup :            0  Failing Endpoints,  Worst Slack        5.872ns,  Total Violation        0.000ns
Hold  :            0  Failing Endpoints,  Worst Slack        0.160ns,  Total Violation        0.000ns
PW    :            0  Failing Endpoints,  Worst Slack        4.500ns,  Total Violation        0.000ns
---------------------------------------------------------------------------------------------------


Max Delay Paths
--------------------------------------------------------------------------------------
Slack (MET) :             5.872ns  (required time - arrival time)
  Source:                 delay_count_reg[13]/C
                            (rising edge-triggered cell FDCE clocked by sys_clk_100m  {rise@0.000ns fall@5.000ns period=10.000ns})
  Destination:            delay_count_reg[29]/D
                            (rising edge-triggered cell FDCE clocked by sys_clk_100m  {rise@0.000ns fall@5.000ns period=10.000ns})
  Path Group:             sys_clk_100m
  Path Type:              Setup (Max at Slow Process Corner)
  Requirement:            10.000ns  (sys_clk_100m rise@10.000ns - sys_clk_100m rise@0.000ns)
  Data Path Delay:        4.057ns  (logic 0.828ns (20.408%)  route 3.229ns (79.592%))
  Logic Levels:           3  (LUT5=1 LUT6=2)
  Clock Path Skew:        -0.066ns (DCD - SCD + CPR)
    Destination Clock Delay (DCD):    5.141ns = ( 15.141 - 10.000 ) 
    Source Clock Delay      (SCD):    5.600ns
    Clock Pessimism Removal (CPR):    0.393ns
  Clock Uncertainty:      0.035ns  ((TSJ^2 + TIJ^2)^1/2 + DJ) / 2 + PE
    Total System Jitter     (TSJ):    0.071ns
    Total Input Jitter      (TIJ):    0.000ns
    Discrete Jitter          (DJ):    0.000ns
    Phase Error              (PE):    0.000ns

    Location             Delay type                Incr(ns)  Path(ns)    Netlist Resource(s)
  -------------------------------------------------------------------    -------------------
                         (clock sys_clk_100m rise edge)
                                                      0.000     0.000 r  
    M19                                               0.000     0.000 r  SYS_CLK (IN)
                         net (fo=0)                   0.000     0.000    SYS_CLK
    M19                  IBUF (Prop_ibuf_I_O)         1.436     1.436 r  SYS_CLK_IBUF_inst/O
                         net (fo=1, routed)           2.205     3.641    SYS_CLK_IBUF
    BUFGCTRL_X0Y16       BUFG (Prop_bufg_I_O)         0.101     3.742 r  SYS_CLK_IBUF_BUFG_inst/O
                         net (fo=45, routed)          1.858     5.600    SYS_CLK_IBUF_BUFG
    SLICE_X107Y64        FDCE                                         r  delay_count_reg[13]/C
  -------------------------------------------------------------------    -------------------
    SLICE_X107Y64        FDCE (Prop_fdce_C_Q)         0.456     6.056 f  delay_count_reg[13]/Q
                         net (fo=3, routed)           0.967     7.024    delay_count_reg_n_0_[13]
    SLICE_X108Y64        LUT6 (Prop_lut6_I2_O)        0.124     7.148 f  FSM_onehot_state[3]_i_13/O
                         net (fo=1, routed)           0.670     7.818    FSM_onehot_state[3]_i_13_n_0
    SLICE_X108Y64        LUT5 (Prop_lut5_I0_O)        0.124     7.942 f  FSM_onehot_state[3]_i_5/O
                         net (fo=32, routed)          1.592     9.534    FSM_onehot_state[3]_i_5_n_0
    SLICE_X110Y67        LUT6 (Prop_lut6_I2_O)        0.124     9.658 r  delay_count[29]_i_1/O
                         net (fo=1, routed)           0.000     9.658    delay_count[29]
    SLICE_X110Y67        FDCE                                         r  delay_count_reg[29]/D
  -------------------------------------------------------------------    -------------------

                         (clock sys_clk_100m rise edge)
                                                     10.000    10.000 r  
    M19                                               0.000    10.000 r  SYS_CLK (IN)
                         net (fo=0)                   0.000    10.000    SYS_CLK
    M19                  IBUF (Prop_ibuf_I_O)         1.366    11.366 r  SYS_CLK_IBUF_inst/O
                         net (fo=1, routed)           2.006    13.372    SYS_CLK_IBUF
    BUFGCTRL_X0Y16       BUFG (Prop_bufg_I_O)         0.091    13.463 r  SYS_CLK_IBUF_BUFG_inst/O
                         net (fo=45, routed)          1.678    15.141    SYS_CLK_IBUF_BUFG
    SLICE_X110Y67        FDCE                                         r  delay_count_reg[29]/C
                         clock pessimism              0.393    15.534    
                         clock uncertainty           -0.035    15.499    
    SLICE_X110Y67        FDCE (Setup_fdce_C_D)        0.031    15.530    delay_count_reg[29]
  -------------------------------------------------------------------
                         required time                         15.530    
                         arrival time                          -9.658    
  -------------------------------------------------------------------
                         slack                                  5.872    





Min Delay Paths
--------------------------------------------------------------------------------------
Slack (MET) :             0.160ns  (arrival time - required time)
  Source:                 host_rx_sync_reg[0]/C
                            (rising edge-triggered cell FDPE clocked by sys_clk_100m  {rise@0.000ns fall@5.000ns period=10.000ns})
  Destination:            host_rx_sync_reg[1]/D
                            (rising edge-triggered cell FDPE clocked by sys_clk_100m  {rise@0.000ns fall@5.000ns period=10.000ns})
  Path Group:             sys_clk_100m
  Path Type:              Hold (Min at Fast Process Corner)
  Requirement:            0.000ns  (sys_clk_100m rise@0.000ns - sys_clk_100m rise@0.000ns)
  Data Path Delay:        0.220ns  (logic 0.164ns (74.580%)  route 0.056ns (25.420%))
  Logic Levels:           0  
  Clock Path Skew:        0.000ns (DCD - SCD - CPR)
    Destination Clock Delay (DCD):    2.052ns
    Source Clock Delay      (SCD):    1.534ns
    Clock Pessimism Removal (CPR):    0.518ns

    Location             Delay type                Incr(ns)  Path(ns)    Netlist Resource(s)
  -------------------------------------------------------------------    -------------------
                         (clock sys_clk_100m rise edge)
                                                      0.000     0.000 r  
    M19                                               0.000     0.000 r  SYS_CLK (IN)
                         net (fo=0)                   0.000     0.000    SYS_CLK
    M19                  IBUF (Prop_ibuf_I_O)         0.205     0.205 r  SYS_CLK_IBUF_inst/O
                         net (fo=1, routed)           0.674     0.879    SYS_CLK_IBUF
    BUFGCTRL_X0Y16       BUFG (Prop_bufg_I_O)         0.026     0.905 r  SYS_CLK_IBUF_BUFG_inst/O
                         net (fo=45, routed)          0.630     1.534    SYS_CLK_IBUF_BUFG
    SLICE_X112Y67        FDPE                                         r  host_rx_sync_reg[0]/C
  -------------------------------------------------------------------    -------------------
    SLICE_X112Y67        FDPE (Prop_fdpe_C_Q)         0.164     1.698 r  host_rx_sync_reg[0]/Q
                         net (fo=1, routed)           0.056     1.754    host_rx_sync[0]
    SLICE_X112Y67        FDPE                                         r  host_rx_sync_reg[1]/D
  -------------------------------------------------------------------    -------------------

                         (clock sys_clk_100m rise edge)
                                                      0.000     0.000 r  
    M19                                               0.000     0.000 r  SYS_CLK (IN)
                         net (fo=0)                   0.000     0.000    SYS_CLK
    M19                  IBUF (Prop_ibuf_I_O)         0.392     0.392 r  SYS_CLK_IBUF_inst/O
                         net (fo=1, routed)           0.731     1.123    SYS_CLK_IBUF
    BUFGCTRL_X0Y16       BUFG (Prop_bufg_I_O)         0.029     1.152 r  SYS_CLK_IBUF_BUFG_inst/O
                         net (fo=45, routed)          0.900     2.052    SYS_CLK_IBUF_BUFG
    SLICE_X112Y67        FDPE                                         r  host_rx_sync_reg[1]/C
                         clock pessimism             -0.518     1.534    
    SLICE_X112Y67        FDPE (Hold_fdpe_C_D)         0.060     1.594    host_rx_sync_reg[1]
  -------------------------------------------------------------------
                         required time                         -1.594    
                         arrival time                           1.754    
  -------------------------------------------------------------------
                         slack                                  0.160    





Pulse Width Checks
--------------------------------------------------------------------------------------
Clock Name:         sys_clk_100m
Waveform(ns):       { 0.000 5.000 }
Period(ns):         10.000
Sources:            { SYS_CLK }

Check Type        Corner  Lib Pin  Reference Pin  Required(ns)  Actual(ns)  Slack(ns)  Location        Pin
Min Period        n/a     BUFG/I   n/a            2.155         10.000      7.845      BUFGCTRL_X0Y16  SYS_CLK_IBUF_BUFG_inst/I
Low Pulse Width   Slow    FDCE/C   n/a            0.500         5.000       4.500      SLICE_X109Y63   BRIDGE_READY_reg/C
High Pulse Width  Slow    FDCE/C   n/a            0.500         5.000       4.500      SLICE_X109Y63   BRIDGE_READY_reg/C



--------------------------------------------------------------------------------------
Path Group:  (none)
From Clock:  sys_clk_100m
  To Clock:  

Max Delay             5 Endpoints
Min Delay             5 Endpoints
--------------------------------------------------------------------------------------


Max Delay Paths
--------------------------------------------------------------------------------------
Slack:                    inf
  Source:                 BRIDGE_READY_reg/C
                            (rising edge-triggered cell FDCE clocked by sys_clk_100m  {rise@0.000ns fall@5.000ns period=10.000ns})
  Destination:            BRIDGE_READY
                            (output port)
  Path Group:             (none)
  Path Type:              Max at Slow Process Corner
  Data Path Delay:        11.210ns  (logic 4.387ns (39.137%)  route 6.823ns (60.863%))
  Logic Levels:           1  (OBUF=1)
  Clock Uncertainty:      0.025ns  ((TSJ^2 + TIJ^2)^1/2 + DJ) / 2 + PE
    Total System Jitter     (TSJ):    0.050ns
    Total Input Jitter      (TIJ):    0.000ns
    Discrete Jitter          (DJ):    0.000ns
    Phase Error              (PE):    0.000ns
  Timing Exception:       False Path

    Location             Delay type                Incr(ns)  Path(ns)    Netlist Resource(s)
  -------------------------------------------------------------------    -------------------
                         (clock sys_clk_100m rise edge)
                                                      0.000     0.000 r  
    M19                                               0.000     0.000 r  SYS_CLK (IN)
                         net (fo=0)                   0.000     0.000    SYS_CLK
    M19                  IBUF (Prop_ibuf_I_O)         1.436     1.436 r  SYS_CLK_IBUF_inst/O
                         net (fo=1, routed)           2.205     3.641    SYS_CLK_IBUF
    BUFGCTRL_X0Y16       BUFG (Prop_bufg_I_O)         0.101     3.742 r  SYS_CLK_IBUF_BUFG_inst/O
                         net (fo=45, routed)          1.858     5.600    SYS_CLK_IBUF_BUFG
    SLICE_X109Y63        FDCE                                         r  BRIDGE_READY_reg/C
  -------------------------------------------------------------------    -------------------
    SLICE_X109Y63        FDCE (Prop_fdce_C_Q)         0.456     6.056 r  BRIDGE_READY_reg/Q
                         net (fo=1, routed)           6.823    12.879    BRIDGE_READY_OBUF
    V4                   OBUF (Prop_obuf_I_O)         3.931    16.811 r  BRIDGE_READY_OBUF_inst/O
                         net (fo=0)                   0.000    16.811    BRIDGE_READY
    V4                                                                r  BRIDGE_READY (OUT)
  -------------------------------------------------------------------    -------------------





Min Delay Paths
--------------------------------------------------------------------------------------
Slack:                    inf
  Source:                 FPGA_BT_3V3_reg/C
                            (rising edge-triggered cell FDCE clocked by sys_clk_100m  {rise@0.000ns fall@5.000ns period=10.000ns})
  Destination:            FPGA_BT_3V3
                            (output port)
  Path Group:             (none)
  Path Type:              Min at Fast Process Corner
  Data Path Delay:        2.969ns  (logic 2.083ns (70.150%)  route 0.886ns (29.850%))
  Logic Levels:           1  (OBUF=1)
  Clock Uncertainty:      0.025ns  ((TSJ^2 + TIJ^2)^1/2 + DJ) / 2 + PE
    Total System Jitter     (TSJ):    0.050ns
    Total Input Jitter      (TIJ):    0.000ns
    Discrete Jitter          (DJ):    0.000ns
    Phase Error              (PE):    0.000ns
  Timing Exception:       False Path

    Location             Delay type                Incr(ns)  Path(ns)    Netlist Resource(s)
  -------------------------------------------------------------------    -------------------
                         (clock sys_clk_100m rise edge)
                                                      0.000     0.000 r  
    M19                                               0.000     0.000 r  SYS_CLK (IN)
                         net (fo=0)                   0.000     0.000    SYS_CLK
    M19                  IBUF (Prop_ibuf_I_O)         0.205     0.205 r  SYS_CLK_IBUF_inst/O
                         net (fo=1, routed)           0.674     0.879    SYS_CLK_IBUF
    BUFGCTRL_X0Y16       BUFG (Prop_bufg_I_O)         0.026     0.905 r  SYS_CLK_IBUF_BUFG_inst/O
                         net (fo=45, routed)          0.633     1.537    SYS_CLK_IBUF_BUFG
    SLICE_X110Y62        FDCE                                         r  FPGA_BT_3V3_reg/C
  -------------------------------------------------------------------    -------------------
    SLICE_X110Y62        FDCE (Prop_fdce_C_Q)         0.141     1.678 r  FPGA_BT_3V3_reg/Q
                         net (fo=1, routed)           0.886     2.565    FPGA_BT_3V3_OBUF
    U14                  OBUF (Prop_obuf_I_O)         1.942     4.507 r  FPGA_BT_3V3_OBUF_inst/O
                         net (fo=0)                   0.000     4.507    FPGA_BT_3V3
    U14                                                               r  FPGA_BT_3V3 (OUT)
  -------------------------------------------------------------------    -------------------





--------------------------------------------------------------------------------------
Path Group:  (none)
From Clock:  
  To Clock:  sys_clk_100m

Max Delay            47 Endpoints
Min Delay            47 Endpoints
--------------------------------------------------------------------------------------


Max Delay Paths
--------------------------------------------------------------------------------------
Slack:                    inf
  Source:                 PL_RS232_RX
                            (input port)
  Destination:            host_rx_sync_reg[0]/D
                            (rising edge-triggered cell FDPE clocked by sys_clk_100m  {rise@0.000ns fall@5.000ns period=10.000ns})
  Path Group:             (none)
  Path Type:              Setup (Max at Slow Process Corner)
  Data Path Delay:        4.517ns  (logic 1.491ns (33.001%)  route 3.027ns (66.999%))
  Logic Levels:           1  (IBUF=1)
  Clock Path Skew:        5.141ns (DCD - SCD + CPR)
    Destination Clock Delay (DCD):    5.141ns
    Source Clock Delay      (SCD):    0.000ns
    Clock Pessimism Removal (CPR):    0.000ns
  Clock Uncertainty:      0.025ns  ((TSJ^2 + TIJ^2)^1/2 + DJ) / 2 + PE
    Total System Jitter     (TSJ):    0.050ns
    Total Input Jitter      (TIJ):    0.000ns
    Discrete Jitter          (DJ):    0.000ns
    Phase Error              (PE):    0.000ns
  Timing Exception:       False Path

    Location             Delay type                Incr(ns)  Path(ns)    Netlist Resource(s)
  -------------------------------------------------------------------    -------------------
    A16                                               0.000     0.000 r  PL_RS232_RX (IN)
                         net (fo=0)                   0.000     0.000    PL_RS232_RX
    A16                  IBUF (Prop_ibuf_I_O)         1.491     1.491 r  PL_RS232_RX_IBUF_inst/O
                         net (fo=1, routed)           3.027     4.517    PL_RS232_RX_IBUF
    SLICE_X112Y67        FDPE                                         r  host_rx_sync_reg[0]/D
  -------------------------------------------------------------------    -------------------

                         (clock sys_clk_100m rise edge)
                                                      0.000     0.000 r  
    M19                                               0.000     0.000 r  SYS_CLK (IN)
                         net (fo=0)                   0.000     0.000    SYS_CLK
    M19                  IBUF (Prop_ibuf_I_O)         1.366     1.366 r  SYS_CLK_IBUF_inst/O
                         net (fo=1, routed)           2.006     3.372    SYS_CLK_IBUF
    BUFGCTRL_X0Y16       BUFG (Prop_bufg_I_O)         0.091     3.463 r  SYS_CLK_IBUF_BUFG_inst/O
                         net (fo=45, routed)          1.678     5.141    SYS_CLK_IBUF_BUFG
    SLICE_X112Y67        FDPE                                         r  host_rx_sync_reg[0]/C





Min Delay Paths
--------------------------------------------------------------------------------------
Slack:                    inf
  Source:                 SYS_RST_N
                            (input port)
  Destination:            host_rx_sync_reg[0]/PRE
                            (removal check against rising-edge clock sys_clk_100m  {rise@0.000ns fall@5.000ns period=10.000ns})
  Path Group:             (none)
  Path Type:              Removal (Min at Fast Process Corner)
  Data Path Delay:        1.013ns  (logic 0.260ns (25.644%)  route 0.754ns (74.356%))
  Logic Levels:           2  (IBUF=1 LUT1=1)
  Clock Path Skew:        2.052ns (DCD - SCD - CPR)
    Destination Clock Delay (DCD):    2.052ns
    Source Clock Delay      (SCD):    0.000ns
    Clock Pessimism Removal (CPR):    -0.000ns
  Timing Exception:       False Path

    Location             Delay type                Incr(ns)  Path(ns)    Netlist Resource(s)
  -------------------------------------------------------------------    -------------------
    L18                                               0.000     0.000 r  SYS_RST_N (IN)
                         net (fo=0)                   0.000     0.000    SYS_RST_N
    L18                  IBUF (Prop_ibuf_I_O)         0.215     0.215 r  SYS_RST_N_IBUF_inst/O
                         net (fo=1, routed)           0.571     0.786    SYS_RST_N_IBUF
    SLICE_X112Y69        LUT1 (Prop_lut1_I0_O)        0.045     0.831 f  FSM_onehot_state[3]_i_3/O
                         net (fo=45, routed)          0.183     1.013    FSM_onehot_state[3]_i_3_n_0
    SLICE_X112Y67        FDPE                                         f  host_rx_sync_reg[0]/PRE
  -------------------------------------------------------------------    -------------------

                         (clock sys_clk_100m rise edge)
                                                      0.000     0.000 r  
    M19                                               0.000     0.000 r  SYS_CLK (IN)
                         net (fo=0)                   0.000     0.000    SYS_CLK
    M19                  IBUF (Prop_ibuf_I_O)         0.392     0.392 r  SYS_CLK_IBUF_inst/O
                         net (fo=1, routed)           0.731     1.123    SYS_CLK_IBUF
    BUFGCTRL_X0Y16       BUFG (Prop_bufg_I_O)         0.029     1.152 r  SYS_CLK_IBUF_BUFG_inst/O
                         net (fo=45, routed)          0.900     2.052    SYS_CLK_IBUF_BUFG
    SLICE_X112Y67        FDPE                                         r  host_rx_sync_reg[0]/C





