Warning: Permanently added '192.168.240.10' (ED25519) to the list of known hosts.
[sudo] password for xilinx: [b1 CK0a start bit_sha=6082d8b58f0029b3 10:27:03]
[b1 CK1a ip_dict=['processing_system7_0', 'u_yolo_csr', 'u_yolo_gemm'] 10:27:15]
[b1 CK1b gemm phys=0x43c00000 range=65536 csr phys=0x43c10000 -> PASS 10:27:15]
[b1 CK2a pre_locks=1 download_begin 10:27:15]
[b1 CK2b download_returned 10:27:16]
[b1 CK3 state=operating 10:27:16]
[b1 CK4 lock_delta=1 -> PASS 10:27:16]
[b1 CK5a sacrificial_first_read_begin 10:27:16]
[b1 CK5b first_read=OK 20260919 10:27:16]
[b1 CK5c GEMM_ID=0x20260919 YSTAT=0x00000000 CSR_ID=0x594F4C32 CSR_VER=0x00000300 10:27:16]
[b1 CK5d identity -> PASS 10:27:16]
[b1 CK6a S1_begin lut_preload 10:27:16]
[b1 CK6b S1 bank_load begin 10:27:16]
[b1 CK6c S1 job begin 10:27:16]
[b1 CK6e S1 rb=128 bad=0 y_count=128 STATUS=00000028 PASS 10:27:16]
[b1 CK7a S2_begin 10:27:16]
[b1 CK7c S2 rb+=32 bad+=0 stale@0 got=25 exp=25 y_count=32 PASS 10:27:16]
[b1 CK8a S3_begin 10:27:16]
[b1 CK8b S3 blk0 queued, grp1 concurrent load begin 10:27:16]
[b1 CK8d S3 rb+=128 bad+=0 y_count=128 STATUS=00000038 PASS 10:27:16]
[b1 CK9 soft_rst STATUS=00000000 y_count=0 ID=20260919 -> PASS 10:27:16]
[b1 CKz totals wop=2464 rop=601 rb_ok=288 rb_bad=0 10:27:16]
[b1 CK10 BOARD_B1_PASS 10:27:16]
