Copyright 1986-2022 Xilinx, Inc. All Rights Reserved. Copyright 2022-2025 Advanced Micro Devices, Inc. All Rights Reserved.
---------------------------------------------------------------------------------------------------------------------------------------------
| Tool Version : Vivado v.2025.2 (win64) Build 6299465 Fri Nov 14 19:35:11 GMT 2025
| Date         : Thu Sep 17 03:06:48 2026
| Host         : HC-202510241838 running 64-bit major release  (build 9200)
| Command      : report_timing_summary -file E:/competition/2_fpga/3_yolo_zynq/proj/ooc_gate/ooc_v24_timing.rpt
| Design       : yolo_engine_top
| Device       : 7z020-clg484
| Speed File   : -1  PRODUCTION 1.12 2019-11-22
| Design State : Routed
---------------------------------------------------------------------------------------------------------------------------------------------

Timing Summary Report

------------------------------------------------------------------------------------------------
| Timer Settings
| --------------
------------------------------------------------------------------------------------------------

  Enable Multi Corner Analysis               :  Yes
  Enable Pessimism Removal                   :  Yes
  Pessimism Removal Resolution               :  Nearest Common Node
  Enable Input Delay Default Clock           :  No
  Enable Preset / Clear Arcs                 :  No
  Disable Flight Delays                      :  No
  Ignore I/O Paths                           :  No
  Timing Early Launch at Borrowing Latches   :  No
  Borrow Time for Max Delay Exceptions       :  Yes
  Merge Timing Exceptions                    :  Yes
  Inter-SLR Compensation                     :  Conservative

  Corner  Analyze    Analyze    
  Name    Max Paths  Min Paths  
  ------  ---------  ---------  
  Slow    Yes        Yes        
  Fast    Yes        Yes        


------------------------------------------------------------------------------------------------
| Report Methodology
| ------------------
------------------------------------------------------------------------------------------------

No report available as report_methodology has not been run prior. Run report_methodology on the current design for the summary of methodology violations.



check_timing report

Table of Contents
-----------------
1. checking no_clock (0)
2. checking constant_clock (0)
3. checking pulse_width_clock (0)
4. checking unconstrained_internal_endpoints (0)
5. checking no_input_delay (147)
6. checking no_output_delay (224)
7. checking multiple_clock (0)
8. checking generated_clocks (0)
9. checking loops (0)
10. checking partial_input_delay (0)
11. checking partial_output_delay (0)
12. checking latch_loops (0)

1. checking no_clock (0)
------------------------
 There are 0 register/latch pins with no clock.


2. checking constant_clock (0)
------------------------------
 There are 0 register/latch pins with constant_clock.


3. checking pulse_width_clock (0)
---------------------------------
 There are 0 register/latch pins which need pulse_width check


4. checking unconstrained_internal_endpoints (0)
------------------------------------------------
 There are 0 pins that are not constrained for maximum delay.

 There are 0 pins that are not constrained for maximum delay due to constant clock.


5. checking no_input_delay (147)
--------------------------------
 There are 147 input ports with no input delay specified. (HIGH)

 There are 0 input ports with no input delay but user has a false path constraint.


6. checking no_output_delay (224)
---------------------------------
 There are 224 ports with no output delay specified. (HIGH)

 There are 0 ports with no output delay but user has a false path constraint

 There are 0 ports with no output delay but with a timing clock defined on it or propagating through it


7. checking multiple_clock (0)
------------------------------
 There are 0 register/latch pins with multiple clocks.


8. checking generated_clocks (0)
--------------------------------
 There are 0 generated clocks that are not connected to a clock source.


9. checking loops (0)
---------------------
 There are 0 combinational loops in the design.


10. checking partial_input_delay (0)
------------------------------------
 There are 0 input ports with partial input delay specified.


11. checking partial_output_delay (0)
-------------------------------------
 There are 0 ports with partial output delay specified.


12. checking latch_loops (0)
----------------------------
 There are 0 combinational latch loops in the design through latch input



------------------------------------------------------------------------------------------------
| Design Timing Summary
| ---------------------
------------------------------------------------------------------------------------------------

    WNS(ns)      TNS(ns)  TNS Failing Endpoints  TNS Total Endpoints      WHS(ns)      THS(ns)  THS Failing Endpoints  THS Total Endpoints     WPWS(ns)     TPWS(ns)  TPWS Failing Endpoints  TPWS Total Endpoints  
    -------      -------  ---------------------  -------------------      -------      -------  ---------------------  -------------------     --------     --------  ----------------------  --------------------  
     -0.224       -1.553                     17                40087        0.090        0.000                      0                40087        2.083        0.000                       0                 19386  


Timing constraints are not met.


------------------------------------------------------------------------------------------------
| Clock Summary
| -------------
------------------------------------------------------------------------------------------------

Clock  Waveform(ns)         Period(ns)      Frequency(MHz)
-----  ------------         ----------      --------------
clk_i  {0.000 3.333}        6.667           149.993         


------------------------------------------------------------------------------------------------
| Intra Clock Table
| -----------------
------------------------------------------------------------------------------------------------

Clock             WNS(ns)      TNS(ns)  TNS Failing Endpoints  TNS Total Endpoints      WHS(ns)      THS(ns)  THS Failing Endpoints  THS Total Endpoints     WPWS(ns)     TPWS(ns)  TPWS Failing Endpoints  TPWS Total Endpoints  
-----             -------      -------  ---------------------  -------------------      -------      -------  ---------------------  -------------------     --------     --------  ----------------------  --------------------  
clk_i              -0.224       -1.553                     17                40087        0.090        0.000                      0                40087        2.083        0.000                       0                 19386  


------------------------------------------------------------------------------------------------
| Inter Clock Table
| -----------------
------------------------------------------------------------------------------------------------

From Clock    To Clock          WNS(ns)      TNS(ns)  TNS Failing Endpoints  TNS Total Endpoints      WHS(ns)      THS(ns)  THS Failing Endpoints  THS Total Endpoints  
----------    --------          -------      -------  ---------------------  -------------------      -------      -------  ---------------------  -------------------  


------------------------------------------------------------------------------------------------
| Other Path Groups Table
| -----------------------
------------------------------------------------------------------------------------------------

Path Group    From Clock    To Clock          WNS(ns)      TNS(ns)  TNS Failing Endpoints  TNS Total Endpoints      WHS(ns)      THS(ns)  THS Failing Endpoints  THS Total Endpoints  
----------    ----------    --------          -------      -------  ---------------------  -------------------      -------      -------  ---------------------  -------------------  


------------------------------------------------------------------------------------------------
| Timing Details
| --------------
------------------------------------------------------------------------------------------------


---------------------------------------------------------------------------------------------------
From Clock:  clk_i
  To Clock:  clk_i

Setup :           17  Failing Endpoints,  Worst Slack       -0.224ns,  Total Violation       -1.553ns
Hold  :            0  Failing Endpoints,  Worst Slack        0.090ns,  Total Violation        0.000ns
PW    :            0  Failing Endpoints,  Worst Slack        2.083ns,  Total Violation        0.000ns
---------------------------------------------------------------------------------------------------


Max Delay Paths
--------------------------------------------------------------------------------------
Slack (VIOLATED) :        -0.224ns  (required time - arrival time)
  Source:                 u_array/u_requant/prod_c_w__2/CLK
                            (rising edge-triggered cell DSP48E1 clocked by clk_i  {rise@0.000ns fall@3.333ns period=6.667ns})
  Destination:            u_array/u_requant/q8_r_reg[5]/D
                            (rising edge-triggered cell FDCE clocked by clk_i  {rise@0.000ns fall@3.333ns period=6.667ns})
  Path Group:             clk_i
  Path Type:              Setup (Max at Slow Process Corner)
  Requirement:            6.667ns  (clk_i rise@6.667ns - clk_i rise@0.000ns)
  Data Path Delay:        6.838ns  (logic 3.539ns (51.756%)  route 3.299ns (48.244%))
  Logic Levels:           17  (CARRY4=12 LUT3=1 LUT6=3 MUXF7=1)
  Clock Path Skew:        -0.049ns (DCD - SCD + CPR)
    Destination Clock Delay (DCD):    0.924ns = ( 7.591 - 6.667 ) 
    Source Clock Delay      (SCD):    0.973ns
    Clock Pessimism Removal (CPR):    0.000ns
  Clock Uncertainty:      0.035ns  ((TSJ^2 + TIJ^2)^1/2 + DJ) / 2 + PE
    Total System Jitter     (TSJ):    0.071ns
    Total Input Jitter      (TIJ):    0.000ns
    Discrete Jitter          (DJ):    0.000ns
    Phase Error              (PE):    0.000ns

    Location             Delay type                Incr(ns)  Path(ns)    Netlist Resource(s)
  -------------------------------------------------------------------    -------------------
                         (clock clk_i rise edge)      0.000     0.000 r  
                                                      0.000     0.000 r  clk_i (IN)
                         net (fo=19385, unset)        0.973     0.973    u_array/u_requant/clk_i
    DSP48_X2Y42          DSP48E1                                      r  u_array/u_requant/prod_c_w__2/CLK
  -------------------------------------------------------------------    -------------------
    DSP48_X2Y42          DSP48E1 (Prop_dsp48e1_CLK_P[0])
                                                      0.434     1.407 r  u_array/u_requant/prod_c_w__2/P[0]
                         net (fo=2, routed)           1.088     2.495    u_array/u_requant/prod_c_w__2_n_105
    SLICE_X38Y102        LUT3 (Prop_lut3_I1_O)        0.124     2.619 r  u_array/u_requant/ir_r_i_48/O
                         net (fo=1, routed)           0.000     2.619    u_array/u_requant/ir_r_i_48_n_0
    SLICE_X38Y102        CARRY4 (Prop_carry4_S[1]_CO[3])
                                                      0.533     3.152 r  u_array/u_requant/ir_r_reg_i_17/CO[3]
                         net (fo=1, routed)           0.000     3.152    u_array/u_requant/ir_r_reg_i_17_n_0
    SLICE_X38Y103        CARRY4 (Prop_carry4_CI_CO[3])
                                                      0.117     3.269 r  u_array/u_requant/ir_r_reg_i_19/CO[3]
                         net (fo=1, routed)           0.000     3.269    u_array/u_requant/ir_r_reg_i_19_n_0
    SLICE_X38Y104        CARRY4 (Prop_carry4_CI_CO[3])
                                                      0.117     3.386 r  u_array/u_requant/ir_r_reg_i_13/CO[3]
                         net (fo=1, routed)           0.000     3.386    u_array/u_requant/ir_r_reg_i_13_n_0
    SLICE_X38Y105        CARRY4 (Prop_carry4_CI_CO[3])
                                                      0.117     3.503 r  u_array/u_requant/ir_r_reg_i_15/CO[3]
                         net (fo=1, routed)           0.000     3.503    u_array/u_requant/ir_r_reg_i_15_n_0
    SLICE_X38Y106        CARRY4 (Prop_carry4_CI_CO[3])
                                                      0.117     3.620 r  u_array/u_requant/sticky_r_reg_i_14/CO[3]
                         net (fo=1, routed)           0.000     3.620    u_array/u_requant/sticky_r_reg_i_14_n_0
    SLICE_X38Y107        CARRY4 (Prop_carry4_CI_CO[3])
                                                      0.117     3.737 r  u_array/u_requant/sticky_r_reg_i_31/CO[3]
                         net (fo=1, routed)           0.000     3.737    u_array/u_requant/sticky_r_reg_i_31_n_0
    SLICE_X38Y108        CARRY4 (Prop_carry4_CI_CO[3])
                                                      0.117     3.854 r  u_array/u_requant/sticky_r_reg_i_11/CO[3]
                         net (fo=1, routed)           0.000     3.854    u_array/u_requant/sticky_r_reg_i_11_n_0
    SLICE_X38Y109        CARRY4 (Prop_carry4_CI_CO[3])
                                                      0.117     3.971 r  u_array/u_requant/sticky_r_reg_i_40/CO[3]
                         net (fo=1, routed)           0.000     3.971    u_array/u_requant/sticky_r_reg_i_40_n_0
    SLICE_X38Y110        CARRY4 (Prop_carry4_CI_CO[3])
                                                      0.117     4.088 r  u_array/u_requant/sticky_r_reg_i_19/CO[3]
                         net (fo=1, routed)           0.000     4.088    u_array/u_requant/sticky_r_reg_i_19_n_0
    SLICE_X38Y111        CARRY4 (Prop_carry4_CI_CO[3])
                                                      0.117     4.205 r  u_array/u_requant/qneg_r_reg_i_10/CO[3]
                         net (fo=1, routed)           0.000     4.205    u_array/u_requant/qneg_r_reg_i_10_n_0
    SLICE_X38Y112        CARRY4 (Prop_carry4_CI_CO[3])
                                                      0.117     4.322 r  u_array/u_requant/qneg_r_reg_i_2/CO[3]
                         net (fo=1, routed)           0.000     4.322    u_array/u_requant/qneg_r_reg_i_2_n_0
    SLICE_X38Y113        CARRY4 (Prop_carry4_CI_O[3])
                                                      0.331     4.653 r  u_array/u_requant/qneg_r_reg_i_1/O[3]
                         net (fo=44, routed)          1.222     5.876    u_array/u_requant/p_0_in
    SLICE_X45Y109        LUT6 (Prop_lut6_I1_O)        0.307     6.183 r  u_array/u_requant/q8_r[5]_i_19/O
                         net (fo=2, routed)           0.551     6.734    u_array/u_requant/q8_r[5]_i_19_n_0
    SLICE_X45Y107        LUT6 (Prop_lut6_I1_O)        0.124     6.858 r  u_array/u_requant/q8_r[5]_i_9/O
                         net (fo=1, routed)           0.000     6.858    u_array/u_requant/q8_r[5]_i_9_n_0
    SLICE_X45Y107        MUXF7 (Prop_muxf7_I1_O)      0.217     7.075 r  u_array/u_requant/q8_r_reg[5]_i_3/O
                         net (fo=1, routed)           0.437     7.512    u_array/u_requant/q8_r_reg[5]_i_3_n_0
    SLICE_X45Y104        LUT6 (Prop_lut6_I2_O)        0.299     7.811 r  u_array/u_requant/q8_r[5]_i_1/O
                         net (fo=1, routed)           0.000     7.811    u_array/u_requant/q8_w[5]
    SLICE_X45Y104        FDCE                                         r  u_array/u_requant/q8_r_reg[5]/D
  -------------------------------------------------------------------    -------------------

                         (clock clk_i rise edge)      6.667     6.667 r  
                                                      0.000     6.667 r  clk_i (IN)
                         net (fo=19385, unset)        0.924     7.591    u_array/u_requant/clk_i
    SLICE_X45Y104        FDCE                                         r  u_array/u_requant/q8_r_reg[5]/C
                         clock pessimism              0.000     7.591    
                         clock uncertainty           -0.035     7.556    
    SLICE_X45Y104        FDCE (Setup_fdce_C_D)        0.031     7.587    u_array/u_requant/q8_r_reg[5]
  -------------------------------------------------------------------
                         required time                          7.587    
                         arrival time                          -7.811    
  -------------------------------------------------------------------
                         slack                                 -0.224    





Min Delay Paths
--------------------------------------------------------------------------------------
Slack (MET) :             0.090ns  (arrival time - required time)
  Source:                 u_array/row_len_d1_r_reg[7]/C
                            (rising edge-triggered cell FDCE clocked by clk_i  {rise@0.000ns fall@3.333ns period=6.667ns})
  Destination:            u_array/row_len_d5_r_reg[7]_srl4_u_array_row_len_d5_r_reg_c/D
                            (rising edge-triggered cell SRL16E clocked by clk_i  {rise@0.000ns fall@3.333ns period=6.667ns})
  Path Group:             clk_i
  Path Type:              Hold (Min at Fast Process Corner)
  Requirement:            0.000ns  (clk_i rise@0.000ns - clk_i rise@0.000ns)
  Data Path Delay:        0.294ns  (logic 0.141ns (47.936%)  route 0.153ns (52.064%))
  Logic Levels:           0  
  Clock Path Skew:        0.022ns (DCD - SCD - CPR)
    Destination Clock Delay (DCD):    0.432ns
    Source Clock Delay      (SCD):    0.410ns
    Clock Pessimism Removal (CPR):    -0.000ns

    Location             Delay type                Incr(ns)  Path(ns)    Netlist Resource(s)
  -------------------------------------------------------------------    -------------------
                         (clock clk_i rise edge)      0.000     0.000 r  
                                                      0.000     0.000 r  clk_i (IN)
                         net (fo=19385, unset)        0.410     0.410    u_array/clk_i
    SLICE_X39Y67         FDCE                                         r  u_array/row_len_d1_r_reg[7]/C
  -------------------------------------------------------------------    -------------------
    SLICE_X39Y67         FDCE (Prop_fdce_C_Q)         0.141     0.551 r  u_array/row_len_d1_r_reg[7]/Q
                         net (fo=1, routed)           0.153     0.704    u_array/row_len_d1_r[7]
    SLICE_X36Y65         SRL16E                                       r  u_array/row_len_d5_r_reg[7]_srl4_u_array_row_len_d5_r_reg_c/D
  -------------------------------------------------------------------    -------------------

                         (clock clk_i rise edge)      0.000     0.000 r  
                                                      0.000     0.000 r  clk_i (IN)
                         net (fo=19385, unset)        0.432     0.432    u_array/clk_i
    SLICE_X36Y65         SRL16E                                       r  u_array/row_len_d5_r_reg[7]_srl4_u_array_row_len_d5_r_reg_c/CLK
                         clock pessimism              0.000     0.432    
    SLICE_X36Y65         SRL16E (Hold_srl16e_CLK_D)
                                                      0.183     0.615    u_array/row_len_d5_r_reg[7]_srl4_u_array_row_len_d5_r_reg_c
  -------------------------------------------------------------------
                         required time                         -0.615    
                         arrival time                           0.704    
  -------------------------------------------------------------------
                         slack                                  0.090    





Pulse Width Checks
--------------------------------------------------------------------------------------
Clock Name:         clk_i
Waveform(ns):       { 0.000 3.333 }
Period(ns):         6.667
Sources:            { clk_i }

Check Type        Corner  Lib Pin             Reference Pin  Required(ns)  Actual(ns)  Slack(ns)  Location       Pin
Min Period        n/a     RAMB36E1/CLKARDCLK  n/a            2.944         6.667       3.723      RAMB36_X1Y9    u_array/u_xbuf/u_bank0/U0/inst_blk_mem_gen/gnbram.gnativebmg.native_blk_mem_gen/valid.cstr/ramloop[0].ram.r/prim_noinit.ram/DEVICE_7SERIES.NO_BMM_INFO.SDP.SIMPLE_PRIM36.ram/CLKARDCLK
Low Pulse Width   Slow    RAMD64E/CLK         n/a            1.250         3.333       2.083      SLICE_X66Y103  u_array/u_wbuf/g_row[0].mem0_reg_0_63_0_2/RAMA/CLK
High Pulse Width  Slow    RAMD64E/CLK         n/a            1.250         3.334       2.084      SLICE_X66Y103  u_array/u_wbuf/g_row[0].mem0_reg_0_63_0_2/RAMA/CLK



