[sudo] password for xilinx: [b2 CK0a start bit_sha=6d91f2b5b17ffca3 10:20:08]
[b2 CK1a ip_dict=['axi_dma_0', 'processing_system7_0', 'u_yolo_csr', 'u_yolo_gemm'] 10:20:19]
[b2 CK1b gemm=0x43c00000 csr=0x43c10000 dma=0x40400000 -> PASS 10:20:19]
[b2 CK2a pre_locks=1 download_begin 10:20:19]
[b2 CK2b download_returned 10:20:19]
[b2 CK3 state=operating 10:20:19]
[b2 CK4 lock_delta=1 -> PASS 10:20:19]
[b2 CK5a sacrificial_first_reads_begin (GEMM + DMA) 10:20:19]
[b2 CK5b first_reads=OK 20260919 00000001 10:20:20]
[b2 CK5c GEMM_ID=0x20260919 CSR_ID=0x594F4C32 CSR_VER=0x00000300 10:20:20]
[b2 CK5d identity -> PASS 10:20:20]
[b2 PA_A begin GEMM regression (BD changed: ic0 M02 + PS7 HP0 added) 10:20:20]
[b2 CK6a S1_begin (seed 0x5119) 10:20:20]
[b2 CK6e S1 rb=128 bad=0 y_count=128 STATUS=00000028 PASS 10:20:20]
[b2 CK7a S2_begin (seed 0x2240) 10:20:20]
[b2 CK7c S2 rb+=32 bad+=0 stale@0 got=25 y_count=32 PASS 10:20:20]
[b2 CK8a S3_begin (seed 0x3396) 10:20:20]
[b2 CK8b S3 blk0 queued, grp1 concurrent load begin 10:20:20]
[b2 CK8d S3 rb+=128 bad+=0 y_count=128 STATUS=00000038 PASS 10:20:20]
[b2 CK9 soft_rst STATUS=00000000 y_count=0 ID=20260919 -> PASS 10:20:20]
[b2 PA_B begin DMA loopback 10:20:20]
[b2 DB1 reset_state MM2S_DMASR=00000001 S2MM_DMASR=00000001 (SGIncld=0, Halted=1 both) -> PASS 10:20:20]
[b2 DB2 run_bringup MM2S_DMASR=00000000 S2MM_DMASR=00000000 -> PASS 10:20:20]
[b2 DB3a cma src_phys=0x10048000 dst_phys=0x1004C000 size=16384 10:20:20]
[b2 DB3 basic4096 n=4096 MM2S_DMASR=00001002 S2MM_DMASR=00001002 cmp=OK 10:20:20]
[b2 DB4 sweep n=137 MM2S_DMASR=00001002 S2MM_DMASR=00001002 cmp=OK 10:20:20]
[b2 DB4 sweep n=1 MM2S_DMASR=00001002 S2MM_DMASR=00001002 cmp=OK 10:20:20]
[b2 DB4 sweep n=1000 MM2S_DMASR=00001002 S2MM_DMASR=00001002 cmp=OK 10:20:20]
[b2 DB4 sweep n=8192 MM2S_DMASR=00001002 S2MM_DMASR=00001002 cmp=OK 10:20:20]
[b2 DB4 size_sweep 137/1/1000/8192 -> PASS 10:20:20]
[b2 DB5 b2b0 n=4096 MM2S_DMASR=00001002 S2MM_DMASR=00001002 cmp=OK 10:20:20]
[b2 DB5 b2b1 n=4096 MM2S_DMASR=00001002 S2MM_DMASR=00001002 cmp=OK 10:20:20]
[b2 DB5 b2b2 n=4096 MM2S_DMASR=00001002 S2MM_DMASR=00001002 cmp=OK 10:20:20]
[b2 DB5 back_to_back x3 -> PASS 10:20:20]
[b2 DB6 stop_reset halted=1 post_rst DMACR=00010002/00010002 DMASR=00000001/00000001 -> PASS 10:20:20]
[b2 DB7 dma_recovery256 n=256 MM2S_DMASR=00001002 S2MM_DMASR=00001002 cmp=OK 10:20:20]
[b2 DB7a dma_recovery -> PASS 10:20:20]
[b2 DB7b S1_rerun rb=416 bad=0 y_count=128 STATUS=00000028 PASS 10:20:20]
[b2 CKz totals wop=3462 rop=863 rb_ok=416 rb_bad=0 db_ok=9 db_bad=0 10:20:20]
[b2 CKz BOARD_B2_PASS 10:20:20]
