Copyright 1986-2022 Xilinx, Inc. All Rights Reserved. Copyright 2022-2025 Advanced Micro Devices, Inc. All Rights Reserved.
-------------------------------------------------------------------------------------------------------------------------------------------------------------------------------------------------------------------------------------------------------------------------------------
| Tool Version : Vivado v.2025.2 (win64) Build 6299465 Fri Nov 14 19:35:11 GMT 2025
| Date         : Thu Sep 17 03:59:45 2026
| Host         : HC-202510241838 running 64-bit major release  (build 9200)
| Command      : report_timing -delay_type max -max_paths 3 -from [get_cells {u_array/u_requant/sum_r_reg[*]}] -to [get_pins {u_array/u_requant/prod_c_w__2/PCIN[*]}] -input_pins -significant_digits 3 -file E:/competition/2_fpga/3_yolo_zynq/proj/ooc_gate/ooc_v25_pathdetail.rpt
| Design       : yolo_engine_top
| Device       : 7z020-clg484
| Speed File   : -1  PRODUCTION 1.12 2019-11-22
| Design State : Routed
-------------------------------------------------------------------------------------------------------------------------------------------------------------------------------------------------------------------------------------------------------------------------------------

Timing Report

Slack (VIOLATED) :        -0.079ns  (required time - arrival time)
  Source:                 u_array/u_requant/sum_r_reg[16]/C
                            (rising edge-triggered cell FDCE clocked by clk_i  {rise@0.000ns fall@3.333ns period=6.667ns})
  Destination:            u_array/u_requant/prod_c_w__2/PCIN[0]
                            (rising edge-triggered cell DSP48E1 clocked by clk_i  {rise@0.000ns fall@3.333ns period=6.667ns})
  Path Group:             clk_i
  Path Type:              Setup (Max at Slow Process Corner)
  Requirement:            6.667ns  (clk_i rise@6.667ns - clk_i rise@0.000ns)
  Data Path Delay:        5.262ns  (logic 4.492ns (85.373%)  route 0.770ns (14.627%))
  Logic Levels:           1  (DSP48E1=1)
  Clock Path Skew:        -0.049ns (DCD - SCD + CPR)
    Destination Clock Delay (DCD):    0.924ns = ( 7.591 - 6.667 ) 
    Source Clock Delay      (SCD):    0.973ns
    Clock Pessimism Removal (CPR):    0.000ns
  Clock Uncertainty:      0.035ns  ((TSJ^2 + TIJ^2)^1/2 + DJ) / 2 + PE
    Total System Jitter     (TSJ):    0.071ns
    Total Input Jitter      (TIJ):    0.000ns
    Discrete Jitter          (DJ):    0.000ns
    Phase Error              (PE):    0.000ns

    Location             Delay type                Incr(ns)  Path(ns)    Netlist Resource(s)
  -------------------------------------------------------------------    -------------------
                         (clock clk_i rise edge)      0.000     0.000 r  
                                                      0.000     0.000 r  clk_i (IN)
                         net (fo=18672, unset)        0.973     0.973    u_array/u_requant/clk_i
    SLICE_X35Y94         FDCE                                         r  u_array/u_requant/sum_r_reg[16]/C
  -------------------------------------------------------------------    -------------------
    SLICE_X35Y94         FDCE (Prop_fdce_C_Q)         0.456     1.429 r  u_array/u_requant/sum_r_reg[16]/Q
                         net (fo=1, routed)           0.768     2.197    u_array/u_requant/sum_r[16]
    DSP48_X2Y38                                                       r  u_array/u_requant/prod_c_w__1/A[16]
    DSP48_X2Y38          DSP48E1 (Prop_dsp48e1_A[16]_PCOUT[0])
                                                      4.036     6.233 r  u_array/u_requant/prod_c_w__1/PCOUT[0]
                         net (fo=1, routed)           0.002     6.235    u_array/u_requant/prod_c_w__1_n_153
    DSP48_X2Y39          DSP48E1                                      r  u_array/u_requant/prod_c_w__2/PCIN[0]
  -------------------------------------------------------------------    -------------------

                         (clock clk_i rise edge)      6.667     6.667 r  
                                                      0.000     6.667 r  clk_i (IN)
                         net (fo=18672, unset)        0.924     7.591    u_array/u_requant/clk_i
    DSP48_X2Y39          DSP48E1                                      r  u_array/u_requant/prod_c_w__2/CLK
                         clock pessimism              0.000     7.591    
                         clock uncertainty           -0.035     7.556    
    DSP48_X2Y39          DSP48E1 (Setup_dsp48e1_CLK_PCIN[0])
                                                     -1.400     6.156    u_array/u_requant/prod_c_w__2
  -------------------------------------------------------------------
                         required time                          6.156    
                         arrival time                          -6.235    
  -------------------------------------------------------------------
                         slack                                 -0.079    

Slack (VIOLATED) :        -0.079ns  (required time - arrival time)
  Source:                 u_array/u_requant/sum_r_reg[16]/C
                            (rising edge-triggered cell FDCE clocked by clk_i  {rise@0.000ns fall@3.333ns period=6.667ns})
  Destination:            u_array/u_requant/prod_c_w__2/PCIN[10]
                            (rising edge-triggered cell DSP48E1 clocked by clk_i  {rise@0.000ns fall@3.333ns period=6.667ns})
  Path Group:             clk_i
  Path Type:              Setup (Max at Slow Process Corner)
  Requirement:            6.667ns  (clk_i rise@6.667ns - clk_i rise@0.000ns)
  Data Path Delay:        5.262ns  (logic 4.492ns (85.373%)  route 0.770ns (14.627%))
  Logic Levels:           1  (DSP48E1=1)
  Clock Path Skew:        -0.049ns (DCD - SCD + CPR)
    Destination Clock Delay (DCD):    0.924ns = ( 7.591 - 6.667 ) 
    Source Clock Delay      (SCD):    0.973ns
    Clock Pessimism Removal (CPR):    0.000ns
  Clock Uncertainty:      0.035ns  ((TSJ^2 + TIJ^2)^1/2 + DJ) / 2 + PE
    Total System Jitter     (TSJ):    0.071ns
    Total Input Jitter      (TIJ):    0.000ns
    Discrete Jitter          (DJ):    0.000ns
    Phase Error              (PE):    0.000ns

    Location             Delay type                Incr(ns)  Path(ns)    Netlist Resource(s)
  -------------------------------------------------------------------    -------------------
                         (clock clk_i rise edge)      0.000     0.000 r  
                                                      0.000     0.000 r  clk_i (IN)
                         net (fo=18672, unset)        0.973     0.973    u_array/u_requant/clk_i
    SLICE_X35Y94         FDCE                                         r  u_array/u_requant/sum_r_reg[16]/C
  -------------------------------------------------------------------    -------------------
    SLICE_X35Y94         FDCE (Prop_fdce_C_Q)         0.456     1.429 r  u_array/u_requant/sum_r_reg[16]/Q
                         net (fo=1, routed)           0.768     2.197    u_array/u_requant/sum_r[16]
    DSP48_X2Y38                                                       r  u_array/u_requant/prod_c_w__1/A[16]
    DSP48_X2Y38          DSP48E1 (Prop_dsp48e1_A[16]_PCOUT[10])
                                                      4.036     6.233 r  u_array/u_requant/prod_c_w__1/PCOUT[10]
                         net (fo=1, routed)           0.002     6.235    u_array/u_requant/prod_c_w__1_n_143
    DSP48_X2Y39          DSP48E1                                      r  u_array/u_requant/prod_c_w__2/PCIN[10]
  -------------------------------------------------------------------    -------------------

                         (clock clk_i rise edge)      6.667     6.667 r  
                                                      0.000     6.667 r  clk_i (IN)
                         net (fo=18672, unset)        0.924     7.591    u_array/u_requant/clk_i
    DSP48_X2Y39          DSP48E1                                      r  u_array/u_requant/prod_c_w__2/CLK
                         clock pessimism              0.000     7.591    
                         clock uncertainty           -0.035     7.556    
    DSP48_X2Y39          DSP48E1 (Setup_dsp48e1_CLK_PCIN[10])
                                                     -1.400     6.156    u_array/u_requant/prod_c_w__2
  -------------------------------------------------------------------
                         required time                          6.156    
                         arrival time                          -6.235    
  -------------------------------------------------------------------
                         slack                                 -0.079    

Slack (VIOLATED) :        -0.079ns  (required time - arrival time)
  Source:                 u_array/u_requant/sum_r_reg[16]/C
                            (rising edge-triggered cell FDCE clocked by clk_i  {rise@0.000ns fall@3.333ns period=6.667ns})
  Destination:            u_array/u_requant/prod_c_w__2/PCIN[11]
                            (rising edge-triggered cell DSP48E1 clocked by clk_i  {rise@0.000ns fall@3.333ns period=6.667ns})
  Path Group:             clk_i
  Path Type:              Setup (Max at Slow Process Corner)
  Requirement:            6.667ns  (clk_i rise@6.667ns - clk_i rise@0.000ns)
  Data Path Delay:        5.262ns  (logic 4.492ns (85.373%)  route 0.770ns (14.627%))
  Logic Levels:           1  (DSP48E1=1)
  Clock Path Skew:        -0.049ns (DCD - SCD + CPR)
    Destination Clock Delay (DCD):    0.924ns = ( 7.591 - 6.667 ) 
    Source Clock Delay      (SCD):    0.973ns
    Clock Pessimism Removal (CPR):    0.000ns
  Clock Uncertainty:      0.035ns  ((TSJ^2 + TIJ^2)^1/2 + DJ) / 2 + PE
    Total System Jitter     (TSJ):    0.071ns
    Total Input Jitter      (TIJ):    0.000ns
    Discrete Jitter          (DJ):    0.000ns
    Phase Error              (PE):    0.000ns

    Location             Delay type                Incr(ns)  Path(ns)    Netlist Resource(s)
  -------------------------------------------------------------------    -------------------
                         (clock clk_i rise edge)      0.000     0.000 r  
                                                      0.000     0.000 r  clk_i (IN)
                         net (fo=18672, unset)        0.973     0.973    u_array/u_requant/clk_i
    SLICE_X35Y94         FDCE                                         r  u_array/u_requant/sum_r_reg[16]/C
  -------------------------------------------------------------------    -------------------
    SLICE_X35Y94         FDCE (Prop_fdce_C_Q)         0.456     1.429 r  u_array/u_requant/sum_r_reg[16]/Q
                         net (fo=1, routed)           0.768     2.197    u_array/u_requant/sum_r[16]
    DSP48_X2Y38                                                       r  u_array/u_requant/prod_c_w__1/A[16]
    DSP48_X2Y38          DSP48E1 (Prop_dsp48e1_A[16]_PCOUT[11])
                                                      4.036     6.233 r  u_array/u_requant/prod_c_w__1/PCOUT[11]
                         net (fo=1, routed)           0.002     6.235    u_array/u_requant/prod_c_w__1_n_142
    DSP48_X2Y39          DSP48E1                                      r  u_array/u_requant/prod_c_w__2/PCIN[11]
  -------------------------------------------------------------------    -------------------

                         (clock clk_i rise edge)      6.667     6.667 r  
                                                      0.000     6.667 r  clk_i (IN)
                         net (fo=18672, unset)        0.924     7.591    u_array/u_requant/clk_i
    DSP48_X2Y39          DSP48E1                                      r  u_array/u_requant/prod_c_w__2/CLK
                         clock pessimism              0.000     7.591    
                         clock uncertainty           -0.035     7.556    
    DSP48_X2Y39          DSP48E1 (Setup_dsp48e1_CLK_PCIN[11])
                                                     -1.400     6.156    u_array/u_requant/prod_c_w__2
  -------------------------------------------------------------------
                         required time                          6.156    
                         arrival time                          -6.235    
  -------------------------------------------------------------------
                         slack                                 -0.079    




