[17:48:15] 本地证据目录：E:\competition\4_metrics\logs\2026-09-13_174815_607100_pl_reloader_gui_run01
[17:48:17] 检查开发板网络端口 192.168.240.10:22……
[17:48:17] 网络端口可达；使用Windows OpenSSH登录并检查主机密钥……
[17:48:22] SSH连接成功。
[17:48:26] MainPID=596
[17:48:26] ActiveState=active
[17:48:26] SubState=running
[17:48:26] 596 /usr/local/share/pynq-venv/bin/python3 -u /home/xilinx/ees331_camera/camera.py --peer 192.168.240.2 --port 5000 --fps 5
[17:48:26] 924 bash -c systemctl show ees331-camera -p MainPID -p ActiveState -p SubState; pgrep -af 'camera.py|camera_action_v1.py' || true
[17:48:26] 状态检查完成。
[17:48:29] 检查开发板网络端口 192.168.240.10:22……
[17:48:29] 网络端口可达；使用Windows OpenSSH登录并检查主机密钥……
[17:48:32] SSH连接成功。
[17:48:36] 本地BIT/HWH及13项发布清单验证通过。
[17:48:39] 一次同步必要文件：载荷目录18项，共18项
[17:48:45] 文件同步完成，接下来由板端控制器再次逐项验签。
[17:48:49] FOUND
[17:48:56] {"event": "PAYLOAD_VERIFIED", "monotonic": 105.519019174, "files": 13, "hardware": {"marker": "ACTION_HARDWARE_CONTRACT_PASS", "design": "display_test", "axi_lite_base": "0x43c00000", "axi_lite_range": 4096, "vdma_base": "0x43000000", "control_clock_hz": 50000000, "board_clock_hz": 100000000, "bluetooth_ports": 0, "action_leds": 7, "uart_baud": 9600, "bridge_ready_external": false}}
[17:48:57] {"event": "MMIO_LIBRARY_READY", "monotonic": 107.169780711, "path": "/home/xilinx/pl_reloader/action_v1_20260913/libmmio_ordered.so", "sha256": "753b36efadfb1da6f626bd267b8d97da3d9e1d927a856852fca894e5b5429e23"}
[17:48:58] {"event": "ORIGINAL_STOP_BEGIN", "monotonic": 107.349300179, "service": "ees331-camera", "properties": {"MainPID": "596", "ActiveState": "active", "SubState": "running"}}
[17:49:01] {"event": "ORIGINAL_STOP_SAFE", "monotonic": 110.960492057, "service": "ees331-camera"}
[17:49:01] {"event": "ACTION_START_BEGIN", "monotonic": 110.962918085, "unit": "ees331-action-reloader-20221022_081845.service", "run_dir": "/home/xilinx/pl_reload_runs/20221022_081845"}
[17:49:02] Started /bin/bash -lc cd /home/xilinx/pl_reloader/action_v1_20260913 && exec bash ./run_action_v1.sh --evidence /home/xilinx/pl_reload_runs/20221022_081845 --seconds 0.
[17:49:15] {"event": "HARDWARE_CONTRACT", "monotonic": 123.262915075, "marker": "ACTION_HARDWARE_CONTRACT_PASS", "design": "display_test", "axi_lite_base": "0x43c00000", "axi_lite_range": 4096, "vdma_base": "0x43000000", "control_clock_hz": 50000000, "board_clock_hz": 100000000, "bluetooth_ports": 0, "action_leds": 7, "uart_baud": 9600, "bridge_ready_external": false}
[17:49:17] {"event": "PL_LOADED", "monotonic": 126.677457989, "bit_sha256": "bffaa83565d60ea28e04a31497b4c3dff828b0359012dafe1d5d1ea5a390e16d", "state": "operating", "base": "0x43000000"}
[17:49:17] {"event": "SENSOR_SETTLE_BEGIN", "monotonic": 126.82460355, "seconds": 10.0, "readiness": "TIMED_WAIT_NOT_SENSOR_PROOF"}
[17:49:18] {"event": "SENSOR_SETTLE_PROGRESS", "monotonic": 127.832931202, "elapsed": 1.008, "remaining": 8.992}
[17:49:19] {"event": "SENSOR_SETTLE_PROGRESS", "monotonic": 128.860985582, "elapsed": 2.036, "remaining": 7.964}
[17:49:21] {"event": "SENSOR_SETTLE_PROGRESS", "monotonic": 129.890475919, "elapsed": 3.066, "remaining": 6.934}
[17:49:22] {"event": "SENSOR_SETTLE_PROGRESS", "monotonic": 130.913450951, "elapsed": 4.089, "remaining": 5.911}
[17:49:23] {"event": "SENSOR_SETTLE_PROGRESS", "monotonic": 131.834085746, "elapsed": 5.009, "remaining": 4.991}
[17:49:23] {"event": "SENSOR_SETTLE_PROGRESS", "monotonic": 132.849510762, "elapsed": 6.025, "remaining": 3.975}
[17:49:24] {"event": "SENSOR_SETTLE_PROGRESS", "monotonic": 133.860859552, "elapsed": 7.036, "remaining": 2.964}
[17:49:25] {"event": "SENSOR_SETTLE_PROGRESS", "monotonic": 134.881393082, "elapsed": 8.057, "remaining": 1.943}
[17:49:27] {"event": "SENSOR_SETTLE_PROGRESS", "monotonic": 135.895349004, "elapsed": 9.071, "remaining": 0.929}
[17:49:28] {"event": "SENSOR_SETTLE_COMPLETE", "monotonic": 136.824709071, "seconds": 10.0, "readiness": "TIMED_WAIT_NOT_SENSOR_PROOF"}
[17:49:28] {"event": "VDMA_RESET_OK", "monotonic": 136.838983852}
[17:49:28] {"event": "BUFFER_ALLOCATED", "monotonic": 136.860631348, "address": "0x10100000", "size": 3145728, "coherent": false}
[17:49:28] {"event": "FIRST_FRAME_WAIT", "monotonic": 136.866807856, "elapsed": 0.0, "timeout": 30.0, "initial": [0, 0], "slots": [0, 0], "seen": [false, false], "mm2s_sr": "0x10000", "s2mm_sr": "0x10810"}
[17:49:28] {"event": "STARTUP_STATUS", "monotonic": 137.067481878, "mm2s_sr": "0x11000", "s2mm_sr": "0x11810"}
[17:49:28] {"event": "VDMA_STREAM_STARTED", "monotonic": 137.101721316, "mm2s_cr": "0x1008b", "mm2s_sr": "0x11000", "s2mm_cr": "0x180cb", "s2mm_sr": "0x11000", "slots": [2, 0], "observed_transitions": [1, 1]}
[17:49:28] {"event": "VIDEO_READY_BEFORE_ACTION", "monotonic": 137.106735054}
[17:49:28] {"event": "ACTION_ATTACH_BEGIN", "monotonic": 137.112165624}
[17:49:28] {"event": "ACTION_SERVICE_READY", "monotonic": 137.141227549, "status": 1, "accept_seq": 0, "done_seq": 0, "action": 0, "count": 0, "failed": false, "peer": "192.168.240.2", "bind": ["0.0.0.0", 5001]}
[17:49:28] {"event": "ACTION_OVERLAY_READY", "monotonic": 137.499117682, "unit": "ees331-action-reloader-20221022_081845.service", "run_dir": "/home/xilinx/pl_reload_runs/20221022_081845", "app_dir": "/home/xilinx/pl_reloader/action_v1_20260913", "started_epoch": 1666426724.9965203, "physical_confirmation": "REQUIRED"}
[17:49:28] {"event": "CONTROLLER_COMPLETE", "monotonic": 137.499447736, "action": "load"}
[17:49:28] 动作版PL、视频和AXI服务已READY；请观察HDMI并核对LED。
[17:49:28] 动作版PL加载完成。
[17:49:28] 已启动动作识别上位机。
