
COMMAND: systemctl is-active ees331-camera; systemctl is-enabled ees331-camera; journalctl -u ees331-camera -u ees331-camera-test --no-pager; sha256sum /boot/BOOT.BIN /boot/IMAGE.UB /boot/BOOT.SCR
active
enabled
Oct 21 23:37:07 pynq systemd[1]: Started /bin/bash /home/xilinx/ees331_camera/run_camera.sh --seconds 120 --fps 5 --evidence /home/xilinx/ees331_camera/evidence/combined01.
Oct 21 23:37:18 pynq bash[1206]: {"event": "PL_LOADED", "monotonic": 257.765773, "bit_sha256": "0518c46b4dca4dca83b1e94ae5c1e8cbc8bb68fbf4537e5a90c025a10b76db87", "state": "operating", "base": "0x43000000"}
Oct 21 23:37:18 pynq bash[1206]: {"event": "VDMA_RESET_OK", "monotonic": 257.766812}
Oct 21 23:37:18 pynq bash[1206]: {"event": "BUFFER_ALLOCATED", "monotonic": 257.789468, "address": "0x10100000", "size": 3145728, "coherent": false}
Oct 21 23:37:18 pynq bash[1206]: {"event": "STARTUP_STATUS", "monotonic": 258.277951, "mm2s_sr": "0x11000", "s2mm_sr": "0x11000"}
Oct 21 23:37:18 pynq bash[1206]: {"event": "VDMA_STREAM_STARTED", "monotonic": 258.27875, "mm2s_cr": "0x1008b", "mm2s_sr": "0x10000", "s2mm_cr": "0x180cb", "s2mm_sr": "0x10000", "slots": [1, 2], "observed_transitions": [0, 0]}
Oct 21 23:37:21 pynq bash[1206]: {"event": "HEARTBEAT", "monotonic": 260.415378, "frames": 11, "udp_packets": 7040, "snapshot_rejected": 2, "changes_from_first": 10, "mm2s_cr": "0x1008b", "mm2s_sr": "0x11000", "s2mm_cr": "0x180cb", "s2mm_sr": "0x11000", "slots": [0, 1], "observed_transitions": [27, 29]}
Oct 21 23:37:23 pynq bash[1206]: {"event": "HEARTBEAT", "monotonic": 262.423498, "frames": 21, "udp_packets": 13440, "snapshot_rejected": 4, "changes_from_first": 20, "mm2s_cr": "0x1008b", "mm2s_sr": "0x11000", "s2mm_cr": "0x180cb", "s2mm_sr": "0x11000", "slots": [2, 1], "observed_transitions": [54, 59]}
Oct 21 23:37:25 pynq bash[1206]: {"event": "HEARTBEAT", "monotonic": 264.415672, "frames": 31, "udp_packets": 19840, "snapshot_rejected": 4, "changes_from_first": 30, "mm2s_cr": "0x1008b", "mm2s_sr": "0x11000", "s2mm_cr": "0x180cb", "s2mm_sr": "0x11000", "slots": [2, 1], "observed_transitions": [84, 89]}
Oct 21 23:37:27 pynq bash[1206]: {"event": "HEARTBEAT", "monotonic": 266.417582, "frames": 41, "udp_packets": 26240, "snapshot_rejected": 6, "changes_from_first": 40, "mm2s_cr": "0x1008b", "mm2s_sr": "0x11000", "s2mm_cr": "0x180cb", "s2mm_sr": "0x11000", "slots": [2, 0], "observed_transitions": [114, 118]}
Oct 21 23:37:29 pynq bash[1206]: {"event": "HEARTBEAT", "monotonic": 268.418894, "frames": 51, "udp_packets": 32640, "snapshot_rejected": 8, "changes_from_first": 50, "mm2s_cr": "0x1008b", "mm2s_sr": "0x11000", "s2mm_cr": "0x180cb", "s2mm_sr": "0x11000", "slots": [1, 2], "observed_transitions": [142, 147]}
Oct 21 23:37:31 pynq bash[1206]: {"event": "HEARTBEAT", "monotonic": 270.420138, "frames": 61, "udp_packets": 39040, "snapshot_rejected": 8, "changes_from_first": 60, "mm2s_cr": "0x1008b", "mm2s_sr": "0x11000", "s2mm_cr": "0x180cb", "s2mm_sr": "0x11000", "slots": [0, 2], "observed_transitions": [169, 177]}
Oct 21 23:37:33 pynq bash[1206]: {"event": "HEARTBEAT", "monotonic": 272.420555, "frames": 71, "udp_packets": 45440, "snapshot_rejected": 11, "changes_from_first": 70, "mm2s_cr": "0x1008b", "mm2s_sr": "0x11000", "s2mm_cr": "0x180cb", "s2mm_sr": "0x11000", "slots": [0, 1], "observed_transitions": [197, 206]}
Oct 21 23:37:35 pynq bash[1206]: {"event": "HEARTBEAT", "monotonic": 274.42287, "frames": 81, "udp_packets": 51840, "snapshot_rejected": 14, "changes_from_first": 80, "mm2s_cr": "0x1008b", "mm2s_sr": "0x11000", "s2mm_cr": "0x180cb", "s2mm_sr": "0x11000", "slots": [2, 0], "observed_transitions": [224, 235]}
Oct 21 23:37:37 pynq bash[1206]: {"event": "HEARTBEAT", "monotonic": 276.438095, "frames": 91, "udp_packets": 58240, "snapshot_rejected": 15, "changes_from_first": 90, "mm2s_cr": "0x1008b", "mm2s_sr": "0x11000", "s2mm_cr": "0x180cb", "s2mm_sr": "0x11000", "slots": [2, 0], "observed_transitions": [252, 264]}
Oct 21 23:37:39 pynq bash[1206]: {"event": "HEARTBEAT", "monotonic": 278.438628, "frames": 101, "udp_packets": 64640, "snapshot_rejected": 16, "changes_from_first": 100, "mm2s_cr": "0x1008b", "mm2s_sr": "0x11000", "s2mm_cr": "0x180cb", "s2mm_sr": "0x11000", "slots": [1, 2], "observed_transitions": [279, 291]}
Oct 21 23:37:41 pynq bash[1206]: {"event": "HEARTBEAT", "monotonic": 280.439917, "frames": 111, "udp_packets": 71040, "snapshot_rejected": 18, "changes_from_first": 110, "mm2s_cr": "0x1008b", "mm2s_sr": "0x11000", "s2mm_cr": "0x180cb", "s2mm_sr": "0x11000", "slots": [1, 2], "observed_transitions": [306, 319]}
Oct 21 23:37:43 pynq bash[1206]: {"event": "HEARTBEAT", "monotonic": 282.44083, "frames": 121, "udp_packets": 77440, "snapshot_rejected": 21, "changes_from_first": 120, "mm2s_cr": "0x1008b", "mm2s_sr": "0x11000", "s2mm_cr": "0x180cb", "s2mm_sr": "0x11000", "slots": [0, 1], "observed_transitions": [334, 348]}
Oct 21 23:37:45 pynq bash[1206]: {"event": "HEARTBEAT", "monotonic": 284.442055, "frames": 131, "udp_packets": 83840, "snapshot_rejected": 21, "changes_from_first": 130, "mm2s_cr": "0x1008b", "mm2s_sr": "0x11000", "s2mm_cr": "0x180cb", "s2mm_sr": "0x11000", "slots": [2, 0], "observed_transitions": [362, 377]}
Oct 21 23:37:47 pynq bash[1206]: {"event": "HEARTBEAT", "monotonic": 286.442229, "frames": 141, "udp_packets": 90240, "snapshot_rejected": 23, "changes_from_first": 140, "mm2s_cr": "0x1008b", "mm2s_sr": "0x11000", "s2mm_cr": "0x180cb", "s2mm_sr": "0x11000", "slots": [1, 0], "observed_transitions": [391, 407]}
Oct 21 23:37:49 pynq bash[1206]: {"event": "HEARTBEAT", "monotonic": 288.442586, "frames": 151, "udp_packets": 96640, "snapshot_rejected": 25, "changes_from_first": 150, "mm2s_cr": "0x1008b", "mm2s_sr": "0x11000", "s2mm_cr": "0x180cb", "s2mm_sr": "0x11000", "slots": [1, 2], "observed_transitions": [421, 436]}
Oct 21 23:37:51 pynq bash[1206]: {"event": "HEARTBEAT", "monotonic": 290.443401, "frames": 161, "udp_packets": 103040, "snapshot_rejected": 26, "changes_from_first": 160, "mm2s_cr": "0x1008b", "mm2s_sr": "0x11000", "s2mm_cr": "0x180cb", "s2mm_sr": "0x11000", "slots": [0, 1], "observed_transitions": [450, 465]}
Oct 21 23:37:53 pynq bash[1206]: {"event": "HEARTBEAT", "monotonic": 292.444558, "frames": 171, "udp_packets": 109440, "snapshot_rejected": 28, "changes_from_first": 170, "mm2s_cr": "0x1008b", "mm2s_sr": "0x11000", "s2mm_cr": "0x180cb", "s2mm_sr": "0x11000", "slots": [2, 1], "observed_transitions": [479, 495]}
Oct 21 23:37:55 pynq bash[1206]: {"event": "HEARTBEAT", "monotonic": 294.445726, "frames": 181, "udp_packets": 115840, "snapshot_rejected": 31, "changes_from_first": 180, "mm2s_cr": "0x1008b", "mm2s_sr": "0x11000", "s2mm_cr": "0x180cb", "s2mm_sr": "0x11000", "slots": [2, 0], "observed_transitions": [508, 523]}
Oct 21 23:37:57 pynq bash[1206]: {"event": "HEARTBEAT", "monotonic": 296.446486, "frames": 191, "udp_packets": 122240, "snapshot_rejected": 33, "changes_from_first": 190, "mm2s_cr": "0x1008b", "mm2s_sr": "0x11000", "s2mm_cr": "0x180cb", "s2mm_sr": "0x11000", "slots": [1, 2], "observed_transitions": [537, 552]}
Oct 21 23:37:59 pynq bash[1206]: {"event": "HEARTBEAT", "monotonic": 298.447775, "frames": 201, "udp_packets": 128640, "snapshot_rejected": 33, "changes_from_first": 200, "mm2s_cr": "0x1008b", "mm2s_sr": "0x11000", "s2mm_cr": "0x180cb", "s2mm_sr": "0x11000", "slots": [0, 2], "observed_transitions": [566, 582]}
Oct 21 23:38:01 pynq bash[1206]: {"event": "HEARTBEAT", "monotonic": 300.449071, "frames": 211, "udp_packets": 135040, "snapshot_rejected": 35, "changes_from_first": 210, "mm2s_cr": "0x1008b", "mm2s_sr": "0x11000", "s2mm_cr": "0x180cb", "s2mm_sr": "0x11000", "slots": [0, 1], "observed_transitions": [596, 611]}
Oct 21 23:38:03 pynq bash[1206]: {"event": "HEARTBEAT", "monotonic": 302.450362, "frames": 221, "udp_packets": 141440, "snapshot_rejected": 38, "changes_from_first": 220, "mm2s_cr": "0x1008b", "mm2s_sr": "0x11000", "s2mm_cr": "0x180cb", "s2mm_sr": "0x11000", "slots": [2, 0], "observed_transitions": [623, 640]}
Oct 21 23:38:05 pynq bash[1206]: {"event": "HEARTBEAT", "monotonic": 304.450755, "frames": 231, "udp_packets": 147840, "snapshot_rejected": 38, "changes_from_first": 230, "mm2s_cr": "0x1008b", "mm2s_sr": "0x11000", "s2mm_cr": "0x180cb", "s2mm_sr": "0x11000", "slots": [1, 0], "observed_transitions": [652, 670]}
Oct 21 23:38:07 pynq bash[1206]: {"event": "HEARTBEAT", "monotonic": 306.450984, "frames": 241, "udp_packets": 154240, "snapshot_rejected": 40, "changes_from_first": 240, "mm2s_cr": "0x1008b", "mm2s_sr": "0x11000", "s2mm_cr": "0x180cb", "s2mm_sr": "0x11000", "slots": [1, 2], "observed_transitions": [682, 698]}
Oct 21 23:38:09 pynq bash[1206]: {"event": "HEARTBEAT", "monotonic": 308.45148, "frames": 251, "udp_packets": 160640, "snapshot_rejected": 43, "changes_from_first": 250, "mm2s_cr": "0x1008b", "mm2s_sr": "0x11000", "s2mm_cr": "0x180cb", "s2mm_sr": "0x11000", "slots": [0, 1], "observed_transitions": [711, 727]}
Oct 21 23:38:11 pynq bash[1206]: {"event": "HEARTBEAT", "monotonic": 310.451779, "frames": 261, "udp_packets": 167040, "snapshot_rejected": 45, "changes_from_first": 260, "mm2s_cr": "0x1008b", "mm2s_sr": "0x11000", "s2mm_cr": "0x180cb", "s2mm_sr": "0x11000", "slots": [2, 0], "observed_transitions": [740, 756]}
Oct 21 23:38:13 pynq bash[1206]: {"event": "HEARTBEAT", "monotonic": 312.452587, "frames": 271, "udp_packets": 173440, "snapshot_rejected": 46, "changes_from_first": 270, "mm2s_cr": "0x1008b", "mm2s_sr": "0x11000", "s2mm_cr": "0x180cb", "s2mm_sr": "0x11000", "slots": [1, 0], "observed_transitions": [769, 786]}
Oct 21 23:38:15 pynq bash[1206]: {"event": "HEARTBEAT", "monotonic": 314.453745, "frames": 281, "udp_packets": 179840, "snapshot_rejected": 49, "changes_from_first": 280, "mm2s_cr": "0x1008b", "mm2s_sr": "0x11000", "s2mm_cr": "0x180cb", "s2mm_sr": "0x11000", "slots": [1, 2], "observed_transitions": [799, 815]}
Oct 21 23:38:17 pynq bash[1206]: {"event": "HEARTBEAT", "monotonic": 316.454995, "frames": 291, "udp_packets": 186240, "snapshot_rejected": 51, "changes_from_first": 290, "mm2s_cr": "0x1008b", "mm2s_sr": "0x11000", "s2mm_cr": "0x180cb", "s2mm_sr": "0x11000", "slots": [0, 1], "observed_transitions": [828, 843]}
Oct 21 23:38:19 pynq bash[1206]: {"event": "HEARTBEAT", "monotonic": 318.455886, "frames": 301, "udp_packets": 192640, "snapshot_rejected": 51, "changes_from_first": 300, "mm2s_cr": "0x1008b", "mm2s_sr": "0x11000", "s2mm_cr": "0x180cb", "s2mm_sr": "0x11000", "slots": [0, 1], "observed_transitions": [857, 872]}
Oct 21 23:38:21 pynq bash[1206]: {"event": "HEARTBEAT", "monotonic": 320.456183, "frames": 311, "udp_packets": 199040, "snapshot_rejected": 54, "changes_from_first": 310, "mm2s_cr": "0x1008b", "mm2s_sr": "0x11000", "s2mm_cr": "0x180cb", "s2mm_sr": "0x11000", "slots": [2, 0], "observed_transitions": [886, 901]}
Oct 21 23:38:23 pynq bash[1206]: {"event": "HEARTBEAT", "monotonic": 322.456895, "frames": 321, "udp_packets": 205440, "snapshot_rejected": 56, "changes_from_first": 320, "mm2s_cr": "0x1008b", "mm2s_sr": "0x11000", "s2mm_cr": "0x180cb", "s2mm_sr": "0x11000", "slots": [1, 2], "observed_transitions": [915, 930]}
Oct 21 23:38:25 pynq bash[1206]: {"event": "HEARTBEAT", "monotonic": 324.457467, "frames": 331, "udp_packets": 211840, "snapshot_rejected": 57, "changes_from_first": 330, "mm2s_cr": "0x1008b", "mm2s_sr": "0x11000", "s2mm_cr": "0x180cb", "s2mm_sr": "0x11000", "slots": [0, 2], "observed_transitions": [944, 960]}
Oct 21 23:38:27 pynq bash[1206]: {"event": "HEARTBEAT", "monotonic": 326.458193, "frames": 341, "udp_packets": 218240, "snapshot_rejected": 58, "changes_from_first": 340, "mm2s_cr": "0x1008b", "mm2s_sr": "0x11000", "s2mm_cr": "0x180cb", "s2mm_sr": "0x11000", "slots": [0, 1], "observed_transitions": [974, 989]}
Oct 21 23:38:29 pynq bash[1206]: {"event": "HEARTBEAT", "monotonic": 328.458247, "frames": 351, "udp_packets": 224640, "snapshot_rejected": 60, "changes_from_first": 350, "mm2s_cr": "0x1008b", "mm2s_sr": "0x11000", "s2mm_cr": "0x180cb", "s2mm_sr": "0x11000", "slots": [2, 0], "observed_transitions": [1001, 1018]}
Oct 21 23:38:31 pynq bash[1206]: {"event": "HEARTBEAT", "monotonic": 330.459274, "frames": 361, "udp_packets": 231040, "snapshot_rejected": 63, "changes_from_first": 360, "mm2s_cr": "0x1008b", "mm2s_sr": "0x11000", "s2mm_cr": "0x180cb", "s2mm_sr": "0x11000", "slots": [1, 0], "observed_transitions": [1028, 1048]}
Oct 21 23:38:33 pynq bash[1206]: {"event": "HEARTBEAT", "monotonic": 332.459549, "frames": 371, "udp_packets": 237440, "snapshot_rejected": 63, "changes_from_first": 370, "mm2s_cr": "0x1008b", "mm2s_sr": "0x11000", "s2mm_cr": "0x180cb", "s2mm_sr": "0x11000", "slots": [1, 2], "observed_transitions": [1058, 1077]}
Oct 21 23:38:35 pynq bash[1206]: {"event": "HEARTBEAT", "monotonic": 334.460615, "frames": 381, "udp_packets": 243840, "snapshot_rejected": 66, "changes_from_first": 380, "mm2s_cr": "0x1008b", "mm2s_sr": "0x11000", "s2mm_cr": "0x180cb", "s2mm_sr": "0x11000", "slots": [0, 1], "observed_transitions": [1087, 1106]}
Oct 21 23:38:37 pynq bash[1206]: {"event": "HEARTBEAT", "monotonic": 336.461606, "frames": 391, "udp_packets": 250240, "snapshot_rejected": 69, "changes_from_first": 390, "mm2s_cr": "0x1008b", "mm2s_sr": "0x11000", "s2mm_cr": "0x180cb", "s2mm_sr": "0x11000", "slots": [0, 1], "observed_transitions": [1115, 1136]}
Oct 21 23:38:39 pynq bash[1206]: {"event": "HEARTBEAT", "monotonic": 338.461609, "frames": 401, "udp_packets": 256640, "snapshot_rejected": 69, "changes_from_first": 400, "mm2s_cr": "0x1008b", "mm2s_sr": "0x11000", "s2mm_cr": "0x180cb", "s2mm_sr": "0x11000", "slots": [2, 0], "observed_transitions": [1144, 1165]}
Oct 21 23:38:41 pynq bash[1206]: {"event": "HEARTBEAT", "monotonic": 340.462917, "frames": 411, "udp_packets": 263040, "snapshot_rejected": 71, "changes_from_first": 410, "mm2s_cr": "0x1008b", "mm2s_sr": "0x11000", "s2mm_cr": "0x180cb", "s2mm_sr": "0x11000", "slots": [1, 2], "observed_transitions": [1173, 1194]}
Oct 21 23:38:43 pynq bash[1206]: {"event": "HEARTBEAT", "monotonic": 342.463065, "frames": 421, "udp_packets": 269440, "snapshot_rejected": 73, "changes_from_first": 420, "mm2s_cr": "0x1008b", "mm2s_sr": "0x11000", "s2mm_cr": "0x180cb", "s2mm_sr": "0x11000", "slots": [0, 2], "observed_transitions": [1202, 1224]}
Oct 21 23:38:45 pynq bash[1206]: {"event": "HEARTBEAT", "monotonic": 344.463328, "frames": 431, "udp_packets": 275840, "snapshot_rejected": 75, "changes_from_first": 430, "mm2s_cr": "0x1008b", "mm2s_sr": "0x11000", "s2mm_cr": "0x180cb", "s2mm_sr": "0x11000", "slots": [0, 1], "observed_transitions": [1231, 1252]}
Oct 21 23:38:47 pynq bash[1206]: {"event": "HEARTBEAT", "monotonic": 346.463933, "frames": 441, "udp_packets": 282240, "snapshot_rejected": 75, "changes_from_first": 440, "mm2s_cr": "0x1008b", "mm2s_sr": "0x11000", "s2mm_cr": "0x180cb", "s2mm_sr": "0x11000", "slots": [2, 0], "observed_transitions": [1260, 1281]}
Oct 21 23:38:49 pynq bash[1206]: {"event": "HEARTBEAT", "monotonic": 348.464848, "frames": 451, "udp_packets": 288640, "snapshot_rejected": 78, "changes_from_first": 450, "mm2s_cr": "0x1008b", "mm2s_sr": "0x11000", "s2mm_cr": "0x180cb", "s2mm_sr": "0x11000", "slots": [1, 2], "observed_transitions": [1289, 1310]}
Oct 21 23:38:51 pynq bash[1206]: {"event": "HEARTBEAT", "monotonic": 350.464863, "frames": 461, "udp_packets": 295040, "snapshot_rejected": 81, "changes_from_first": 460, "mm2s_cr": "0x1008b", "mm2s_sr": "0x11000", "s2mm_cr": "0x180cb", "s2mm_sr": "0x11000", "slots": [0, 2], "observed_transitions": [1316, 1340]}
Oct 21 23:38:53 pynq bash[1206]: {"event": "HEARTBEAT", "monotonic": 352.465647, "frames": 471, "udp_packets": 301440, "snapshot_rejected": 81, "changes_from_first": 470, "mm2s_cr": "0x1008b", "mm2s_sr": "0x11000", "s2mm_cr": "0x180cb", "s2mm_sr": "0x11000", "slots": [0, 1], "observed_transitions": [1344, 1369]}
Oct 21 23:38:55 pynq bash[1206]: {"event": "HEARTBEAT", "monotonic": 354.465779, "frames": 481, "udp_packets": 307840, "snapshot_rejected": 84, "changes_from_first": 480, "mm2s_cr": "0x1008b", "mm2s_sr": "0x11000", "s2mm_cr": "0x180cb", "s2mm_sr": "0x11000", "slots": [2, 0], "observed_transitions": [1371, 1398]}
Oct 21 23:38:57 pynq bash[1206]: {"event": "HEARTBEAT", "monotonic": 356.466118, "frames": 491, "udp_packets": 314240, "snapshot_rejected": 87, "changes_from_first": 490, "mm2s_cr": "0x1008b", "mm2s_sr": "0x11000", "s2mm_cr": "0x180cb", "s2mm_sr": "0x11000", "slots": [1, 0], "observed_transitions": [1399, 1428]}
Oct 21 23:38:59 pynq bash[1206]: {"event": "HEARTBEAT", "monotonic": 358.467436, "frames": 501, "udp_packets": 320640, "snapshot_rejected": 89, "changes_from_first": 500, "mm2s_cr": "0x1008b", "mm2s_sr": "0x11000", "s2mm_cr": "0x180cb", "s2mm_sr": "0x11000", "slots": [1, 2], "observed_transitions": [1427, 1457]}
Oct 21 23:39:01 pynq bash[1206]: {"event": "HEARTBEAT", "monotonic": 360.4685, "frames": 511, "udp_packets": 327040, "snapshot_rejected": 90, "changes_from_first": 510, "mm2s_cr": "0x1008b", "mm2s_sr": "0x11000", "s2mm_cr": "0x180cb", "s2mm_sr": "0x11000", "slots": [0, 1], "observed_transitions": [1455, 1486]}
Oct 21 23:39:03 pynq bash[1206]: {"event": "HEARTBEAT", "monotonic": 362.469583, "frames": 521, "udp_packets": 333440, "snapshot_rejected": 92, "changes_from_first": 520, "mm2s_cr": "0x1008b", "mm2s_sr": "0x11000", "s2mm_cr": "0x180cb", "s2mm_sr": "0x11000", "slots": [0, 1], "observed_transitions": [1483, 1516]}
Oct 21 23:39:05 pynq bash[1206]: {"event": "HEARTBEAT", "monotonic": 364.470336, "frames": 531, "udp_packets": 339840, "snapshot_rejected": 95, "changes_from_first": 530, "mm2s_cr": "0x1008b", "mm2s_sr": "0x11000", "s2mm_cr": "0x180cb", "s2mm_sr": "0x11000", "slots": [2, 0], "observed_transitions": [1512, 1545]}
Oct 21 23:39:07 pynq bash[1206]: {"event": "HEARTBEAT", "monotonic": 366.471184, "frames": 541, "udp_packets": 346240, "snapshot_rejected": 95, "changes_from_first": 540, "mm2s_cr": "0x1008b", "mm2s_sr": "0x11000", "s2mm_cr": "0x180cb", "s2mm_sr": "0x11000", "slots": [1, 2], "observed_transitions": [1540, 1574]}
Oct 21 23:39:09 pynq bash[1206]: {"event": "HEARTBEAT", "monotonic": 368.472446, "frames": 551, "udp_packets": 352640, "snapshot_rejected": 98, "changes_from_first": 550, "mm2s_cr": "0x1008b", "mm2s_sr": "0x11000", "s2mm_cr": "0x180cb", "s2mm_sr": "0x11000", "slots": [0, 2], "observed_transitions": [1568, 1604]}
Oct 21 23:39:11 pynq bash[1206]: {"event": "HEARTBEAT", "monotonic": 370.473418, "frames": 561, "udp_packets": 359040, "snapshot_rejected": 101, "changes_from_first": 560, "mm2s_cr": "0x1008b", "mm2s_sr": "0x11000", "s2mm_cr": "0x180cb", "s2mm_sr": "0x11000", "slots": [0, 1], "observed_transitions": [1598, 1633]}
Oct 21 23:39:13 pynq bash[1206]: {"event": "HEARTBEAT", "monotonic": 372.473938, "frames": 571, "udp_packets": 365440, "snapshot_rejected": 102, "changes_from_first": 570, "mm2s_cr": "0x1008b", "mm2s_sr": "0x11000", "s2mm_cr": "0x180cb", "s2mm_sr": "0x11000", "slots": [2, 0], "observed_transitions": [1627, 1662]}
Oct 21 23:39:15 pynq bash[1206]: {"event": "HEARTBEAT", "monotonic": 374.474221, "frames": 581, "udp_packets": 371840, "snapshot_rejected": 104, "changes_from_first": 580, "mm2s_cr": "0x1008b", "mm2s_sr": "0x11000", "s2mm_cr": "0x180cb", "s2mm_sr": "0x11000", "slots": [1, 0], "observed_transitions": [1656, 1692]}
Oct 21 23:39:17 pynq bash[1206]: {"event": "HEARTBEAT", "monotonic": 376.474262, "frames": 591, "udp_packets": 378240, "snapshot_rejected": 106, "changes_from_first": 590, "mm2s_cr": "0x1008b", "mm2s_sr": "0x11000", "s2mm_cr": "0x180cb", "s2mm_sr": "0x11000", "slots": [0, 2], "observed_transitions": [1683, 1721]}
Oct 21 23:39:18 pynq bash[1206]: {"event": "RUN_COMPLETE", "monotonic": 378.293726, "result": "CAPTURE_VDMA_RUN_COMPLETE", "seconds": 120.01415674100002, "frames": 600, "udp_packets": 384000, "fps": 4.999410205371414, "snapshot_rejected": 107, "changes_from_first": 599, "vdma": {"mm2s_cr": "0x1008b", "mm2s_sr": "0x11000", "s2mm_cr": "0x180cb", "s2mm_sr": "0x11000", "slots": [1, 2], "observed_transitions": [1708, 1748]}, "hdmi_visual": "REQUIRES_PHYSICAL_OBSERVATION", "pc_receive": "REQUIRES_RECEIVER_EVIDENCE"}
Oct 21 23:39:18 pynq bash[1206]: {"event": "VDMA_HALTED", "monotonic": 378.294506}
Oct 21 23:39:18 pynq bash[1206]: {"event": "BUFFER_FREED", "monotonic": 378.296276}
Oct 21 23:39:20 pynq systemd[1]: ees331-camera-test.service: Deactivated successfully.
Oct 21 23:39:20 pynq systemd[1]: ees331-camera-test.service: Consumed 1min 16.945s CPU time.
-- Boot 4f7fd9cdbbaa48be9a4cb3f591f8a099 --
Oct 21 23:41:49 pynq systemd[1]: Started EES-331 OV5640 HDMI and UDP camera on PYNQ.
Oct 21 23:41:51 pynq bash[593]: {"event": "EVIDENCE_DIRECTORY", "monotonic": 29.06994, "path": "/home/xilinx/ees331_camera/evidence/4f7fd9cd_29048"}
Oct 21 23:42:16 pynq bash[593]: {"event": "PL_LOADED", "monotonic": 54.328677, "bit_sha256": "0518c46b4dca4dca83b1e94ae5c1e8cbc8bb68fbf4537e5a90c025a10b76db87", "state": "operating", "base": "0x43000000"}
Oct 21 23:42:16 pynq bash[593]: {"event": "VDMA_RESET_OK", "monotonic": 54.353856}
Oct 21 23:42:17 pynq bash[593]: {"event": "BUFFER_ALLOCATED", "monotonic": 54.380847, "address": "0x10100000", "size": 3145728, "coherent": false}
Oct 21 23:42:22 pynq bash[593]: {"event": "FAIL", "monotonic": 59.38406, "error": "No real frame transition: [True, False]"}
Oct 21 23:42:22 pynq bash[593]: {"event": "VDMA_HALTED", "monotonic": 59.384798}
Oct 21 23:42:22 pynq bash[593]: {"event": "BUFFER_FREED", "monotonic": 59.38674}
Oct 21 23:42:22 pynq bash[593]: Traceback (most recent call last):
Oct 21 23:42:22 pynq bash[593]:   File "/home/xilinx/ees331_camera/camera.py", line 292, in <module>
Oct 21 23:42:22 pynq bash[593]:     main()
Oct 21 23:42:22 pynq bash[593]:   File "/home/xilinx/ees331_camera/camera.py", line 231, in main
Oct 21 23:42:22 pynq bash[593]:     camera.start()
Oct 21 23:42:22 pynq bash[593]:   File "/home/xilinx/ees331_camera/camera.py", line 157, in start
Oct 21 23:42:22 pynq bash[593]:     raise RuntimeError(f'No real frame transition: {seen}')
Oct 21 23:42:22 pynq bash[593]: RuntimeError: No real frame transition: [True, False]
Oct 21 23:42:24 pynq systemd[1]: ees331-camera.service: Main process exited, code=exited, status=1/FAILURE
Oct 21 23:42:24 pynq systemd[1]: ees331-camera.service: Failed with result 'exit-code'.
Oct 21 23:42:24 pynq systemd[1]: ees331-camera.service: Consumed 15.140s CPU time.
-- Boot 0ec96106b8654b21aa7b7543f6929184 --
Oct 21 23:44:16 pynq systemd[1]: Started EES-331 OV5640 HDMI and UDP camera on PYNQ.
Oct 21 23:44:18 pynq bash[600]: {"event": "EVIDENCE_DIRECTORY", "monotonic": 28.801104, "path": "/home/xilinx/ees331_camera/evidence/0ec96106_28786"}
Oct 21 23:44:44 pynq bash[600]: {"event": "PL_LOADED", "monotonic": 54.82646, "bit_sha256": "0518c46b4dca4dca83b1e94ae5c1e8cbc8bb68fbf4537e5a90c025a10b76db87", "state": "operating", "base": "0x43000000"}
Oct 21 23:44:45 pynq bash[600]: {"event": "SENSOR_SETTLE_COMPLETE", "monotonic": 55.831624, "seconds": 1.0}
Oct 21 23:44:45 pynq bash[600]: {"event": "VDMA_RESET_OK", "monotonic": 55.832374}
Oct 21 23:44:45 pynq bash[600]: {"event": "BUFFER_ALLOCATED", "monotonic": 55.867523, "address": "0x10100000", "size": 3145728, "coherent": false}
Oct 21 23:44:50 pynq bash[600]: {"event": "FIRST_FRAME_TIMEOUT", "monotonic": 60.869332, "seen": [true, false], "mm2s_sr": "0x11000", "s2mm_sr": "0x15810", "mm2s_cr": "0x1008b", "s2mm_cr": "0x180cb"}
Oct 21 23:44:50 pynq bash[600]: {"event": "FAIL", "monotonic": 60.869877, "error": "No real frame transition: [True, False]"}
Oct 21 23:44:50 pynq bash[600]: {"event": "VDMA_HALTED", "monotonic": 60.870775}
Oct 21 23:44:50 pynq bash[600]: {"event": "BUFFER_FREED", "monotonic": 60.872423}
Oct 21 23:44:50 pynq bash[600]: Traceback (most recent call last):
Oct 21 23:44:50 pynq bash[600]:   File "/home/xilinx/ees331_camera/camera.py", line 298, in <module>
Oct 21 23:44:50 pynq bash[600]:     main()
Oct 21 23:44:50 pynq bash[600]:   File "/home/xilinx/ees331_camera/camera.py", line 237, in main
Oct 21 23:44:50 pynq bash[600]:     camera.start()
Oct 21 23:44:50 pynq bash[600]:   File "/home/xilinx/ees331_camera/camera.py", line 163, in start
Oct 21 23:44:50 pynq bash[600]:     raise RuntimeError(f'No real frame transition: {seen}')
Oct 21 23:44:50 pynq bash[600]: RuntimeError: No real frame transition: [True, False]
Oct 21 23:44:52 pynq systemd[1]: ees331-camera.service: Main process exited, code=exited, status=1/FAILURE
Oct 21 23:44:52 pynq systemd[1]: ees331-camera.service: Failed with result 'exit-code'.
Oct 21 23:44:52 pynq systemd[1]: ees331-camera.service: Consumed 16.315s CPU time.
-- Boot 337766aa06a64e7b96f75d632de1be4d --
Oct 21 23:47:18 pynq systemd[1]: Started EES-331 OV5640 HDMI and UDP camera on PYNQ.
Oct 21 23:47:20 pynq bash[599]: {"event": "EVIDENCE_DIRECTORY", "monotonic": 27.976341, "path": "/home/xilinx/ees331_camera/evidence/337766aa_27948"}
Oct 21 23:47:46 pynq bash[599]: {"event": "PL_LOADED", "monotonic": 54.198951, "bit_sha256": "0518c46b4dca4dca83b1e94ae5c1e8cbc8bb68fbf4537e5a90c025a10b76db87", "state": "operating", "base": "0x43000000"}
Oct 21 23:47:47 pynq bash[599]: {"event": "SENSOR_SETTLE_COMPLETE", "monotonic": 55.207012, "seconds": 1.0}
Oct 21 23:47:47 pynq bash[599]: {"event": "VDMA_RESET_OK", "monotonic": 55.20775}
Oct 21 23:47:47 pynq bash[599]: {"event": "BUFFER_ALLOCATED", "monotonic": 55.236968, "address": "0x10100000", "size": 3145728, "coherent": false}
Oct 21 23:47:48 pynq bash[599]: {"event": "STARTUP_STATUS", "monotonic": 55.422795, "mm2s_sr": "0x11000", "s2mm_sr": "0x15810"}
Oct 21 23:47:48 pynq bash[599]: {"event": "VDMA_STREAM_STARTED", "monotonic": 55.456503, "mm2s_cr": "0x1008b", "mm2s_sr": "0x11000", "s2mm_cr": "0x180cb", "s2mm_sr": "0x11000", "slots": [2, 0], "observed_transitions": [1, 1]}
Oct 21 23:47:50 pynq bash[599]: {"event": "HEARTBEAT", "monotonic": 57.782498, "frames": 9, "udp_packets": 5760, "snapshot_rejected": 4, "changes_from_first": 8, "mm2s_cr": "0x1008b", "mm2s_sr": "0x11000", "s2mm_cr": "0x180cb", "s2mm_sr": "0x11000", "slots": [0, 1], "observed_transitions": [12, 13]}
Oct 21 23:47:52 pynq bash[599]: {"event": "HEARTBEAT", "monotonic": 59.830255, "frames": 17, "udp_packets": 10880, "snapshot_rejected": 6, "changes_from_first": 16, "mm2s_cr": "0x1008b", "mm2s_sr": "0x11000", "s2mm_cr": "0x180cb", "s2mm_sr": "0x11000", "slots": [2, 0], "observed_transitions": [20, 22]}
Oct 21 23:47:54 pynq bash[599]: {"event": "HEARTBEAT", "monotonic": 61.989902, "frames": 25, "udp_packets": 16000, "snapshot_rejected": 9, "changes_from_first": 24, "mm2s_cr": "0x1008b", "mm2s_sr": "0x11000", "s2mm_cr": "0x180cb", "s2mm_sr": "0x11000", "slots": [0, 1], "observed_transitions": [29, 32]}
Oct 21 23:47:56 pynq bash[599]: {"event": "HEARTBEAT", "monotonic": 63.779926, "frames": 32, "udp_packets": 20480, "snapshot_rejected": 13, "changes_from_first": 31, "mm2s_cr": "0x1008b", "mm2s_sr": "0x11000", "s2mm_cr": "0x180cb", "s2mm_sr": "0x11000", "slots": [2, 0], "observed_transitions": [37, 41]}
Oct 21 23:47:58 pynq bash[599]: {"event": "HEARTBEAT", "monotonic": 65.836498, "frames": 39, "udp_packets": 24960, "snapshot_rejected": 24, "changes_from_first": 38, "mm2s_cr": "0x1008b", "mm2s_sr": "0x11000", "s2mm_cr": "0x180cb", "s2mm_sr": "0x11000", "slots": [0, 1], "observed_transitions": [51, 54]}
Oct 21 23:48:00 pynq bash[599]: {"event": "HEARTBEAT", "monotonic": 68.333744, "frames": 49, "udp_packets": 31360, "snapshot_rejected": 28, "changes_from_first": 48, "mm2s_cr": "0x1008b", "mm2s_sr": "0x11000", "s2mm_cr": "0x180cb", "s2mm_sr": "0x11000", "slots": [0, 2], "observed_transitions": [63, 66]}
Oct 21 23:48:02 pynq bash[599]: {"event": "HEARTBEAT", "monotonic": 70.149815, "frames": 57, "udp_packets": 36480, "snapshot_rejected": 29, "changes_from_first": 56, "mm2s_cr": "0x1008b", "mm2s_sr": "0x11000", "s2mm_cr": "0x180cb", "s2mm_sr": "0x11000", "slots": [2, 0], "observed_transitions": [75, 76]}
Oct 21 23:48:04 pynq bash[599]: {"event": "HEARTBEAT", "monotonic": 72.174142, "frames": 67, "udp_packets": 42880, "snapshot_rejected": 32, "changes_from_first": 66, "mm2s_cr": "0x1008b", "mm2s_sr": "0x11000", "s2mm_cr": "0x180cb", "s2mm_sr": "0x11000", "slots": [2, 1], "observed_transitions": [100, 101]}
Oct 21 23:48:06 pynq bash[599]: {"event": "HEARTBEAT", "monotonic": 74.189157, "frames": 77, "udp_packets": 49280, "snapshot_rejected": 34, "changes_from_first": 76, "mm2s_cr": "0x1008b", "mm2s_sr": "0x11000", "s2mm_cr": "0x180cb", "s2mm_sr": "0x11000", "slots": [2, 0], "observed_transitions": [123, 129]}
Oct 21 23:48:08 pynq bash[599]: {"event": "HEARTBEAT", "monotonic": 76.227627, "frames": 87, "udp_packets": 55680, "snapshot_rejected": 38, "changes_from_first": 86, "mm2s_cr": "0x1008b", "mm2s_sr": "0x11000", "s2mm_cr": "0x180cb", "s2mm_sr": "0x11000", "slots": [2, 1], "observed_transitions": [148, 153]}
Oct 21 23:48:10 pynq bash[599]: {"event": "HEARTBEAT", "monotonic": 78.244979, "frames": 97, "udp_packets": 62080, "snapshot_rejected": 42, "changes_from_first": 96, "mm2s_cr": "0x1008b", "mm2s_sr": "0x11000", "s2mm_cr": "0x180cb", "s2mm_sr": "0x11000", "slots": [2, 0], "observed_transitions": [170, 182]}
Oct 21 23:48:12 pynq bash[599]: {"event": "HEARTBEAT", "monotonic": 80.246213, "frames": 107, "udp_packets": 68480, "snapshot_rejected": 42, "changes_from_first": 106, "mm2s_cr": "0x1008b", "mm2s_sr": "0x11000", "s2mm_cr": "0x180cb", "s2mm_sr": "0x11000", "slots": [1, 0], "observed_transitions": [195, 207]}
Oct 21 23:48:14 pynq bash[599]: {"event": "HEARTBEAT", "monotonic": 82.247368, "frames": 117, "udp_packets": 74880, "snapshot_rejected": 46, "changes_from_first": 116, "mm2s_cr": "0x1008b", "mm2s_sr": "0x11000", "s2mm_cr": "0x180cb", "s2mm_sr": "0x11000", "slots": [1, 2], "observed_transitions": [219, 233]}
Oct 21 23:48:16 pynq bash[599]: {"event": "HEARTBEAT", "monotonic": 84.247926, "frames": 127, "udp_packets": 81280, "snapshot_rejected": 50, "changes_from_first": 126, "mm2s_cr": "0x1008b", "mm2s_sr": "0x11000", "s2mm_cr": "0x180cb", "s2mm_sr": "0x11000", "slots": [0, 1], "observed_transitions": [245, 260]}
Oct 21 23:48:18 pynq bash[599]: {"event": "HEARTBEAT", "monotonic": 86.248137, "frames": 137, "udp_packets": 87680, "snapshot_rejected": 51, "changes_from_first": 136, "mm2s_cr": "0x1008b", "mm2s_sr": "0x11000", "s2mm_cr": "0x180cb", "s2mm_sr": "0x11000", "slots": [2, 1], "observed_transitions": [273, 288]}
Oct 21 23:48:20 pynq bash[599]: {"event": "HEARTBEAT", "monotonic": 88.248469, "frames": 147, "udp_packets": 94080, "snapshot_rejected": 54, "changes_from_first": 146, "mm2s_cr": "0x1008b", "mm2s_sr": "0x11000", "s2mm_cr": "0x180cb", "s2mm_sr": "0x11000", "slots": [2, 0], "observed_transitions": [302, 317]}
Oct 21 23:48:22 pynq bash[599]: {"event": "HEARTBEAT", "monotonic": 90.24957, "frames": 157, "udp_packets": 100480, "snapshot_rejected": 56, "changes_from_first": 156, "mm2s_cr": "0x1008b", "mm2s_sr": "0x11000", "s2mm_cr": "0x180cb", "s2mm_sr": "0x11000", "slots": [1, 2], "observed_transitions": [331, 345]}
Oct 21 23:48:24 pynq bash[599]: {"event": "HEARTBEAT", "monotonic": 92.249702, "frames": 167, "udp_packets": 106880, "snapshot_rejected": 58, "changes_from_first": 166, "mm2s_cr": "0x1008b", "mm2s_sr": "0x11000", "s2mm_cr": "0x180cb", "s2mm_sr": "0x11000", "slots": [1, 2], "observed_transitions": [360, 375]}
Oct 21 23:48:26 pynq bash[599]: {"event": "HEARTBEAT", "monotonic": 94.250644, "frames": 177, "udp_packets": 113280, "snapshot_rejected": 59, "changes_from_first": 176, "mm2s_cr": "0x1008b", "mm2s_sr": "0x11000", "s2mm_cr": "0x180cb", "s2mm_sr": "0x11000", "slots": [0, 1], "observed_transitions": [387, 404]}
Oct 21 23:48:28 pynq bash[599]: {"event": "HEARTBEAT", "monotonic": 96.250975, "frames": 187, "udp_packets": 119680, "snapshot_rejected": 62, "changes_from_first": 186, "mm2s_cr": "0x1008b", "mm2s_sr": "0x11000", "s2mm_cr": "0x180cb", "s2mm_sr": "0x11000", "slots": [2, 0], "observed_transitions": [416, 433]}
Oct 21 23:48:30 pynq bash[599]: {"event": "HEARTBEAT", "monotonic": 98.25224, "frames": 197, "udp_packets": 126080, "snapshot_rejected": 65, "changes_from_first": 196, "mm2s_cr": "0x1008b", "mm2s_sr": "0x11000", "s2mm_cr": "0x180cb", "s2mm_sr": "0x11000", "slots": [1, 0], "observed_transitions": [445, 463]}
Oct 21 23:48:32 pynq bash[599]: {"event": "HEARTBEAT", "monotonic": 100.253469, "frames": 207, "udp_packets": 132480, "snapshot_rejected": 65, "changes_from_first": 206, "mm2s_cr": "0x1008b", "mm2s_sr": "0x11000", "s2mm_cr": "0x180cb", "s2mm_sr": "0x11000", "slots": [1, 2], "observed_transitions": [472, 492]}
Oct 21 23:48:34 pynq bash[599]: {"event": "HEARTBEAT", "monotonic": 102.253737, "frames": 217, "udp_packets": 138880, "snapshot_rejected": 68, "changes_from_first": 216, "mm2s_cr": "0x1008b", "mm2s_sr": "0x11000", "s2mm_cr": "0x180cb", "s2mm_sr": "0x11000", "slots": [0, 1], "observed_transitions": [496, 518]}
Oct 21 23:48:36 pynq bash[599]: {"event": "HEARTBEAT", "monotonic": 104.253826, "frames": 227, "udp_packets": 145280, "snapshot_rejected": 72, "changes_from_first": 226, "mm2s_cr": "0x1008b", "mm2s_sr": "0x11000", "s2mm_cr": "0x180cb", "s2mm_sr": "0x11000", "slots": [2, 1], "observed_transitions": [517, 545]}
Oct 21 23:48:38 pynq bash[599]: {"event": "HEARTBEAT", "monotonic": 106.254327, "frames": 237, "udp_packets": 151680, "snapshot_rejected": 74, "changes_from_first": 236, "mm2s_cr": "0x1008b", "mm2s_sr": "0x11000", "s2mm_cr": "0x180cb", "s2mm_sr": "0x11000", "slots": [1, 0], "observed_transitions": [542, 572]}
Oct 21 23:48:40 pynq bash[599]: {"event": "HEARTBEAT", "monotonic": 108.254611, "frames": 247, "udp_packets": 158080, "snapshot_rejected": 76, "changes_from_first": 246, "mm2s_cr": "0x1008b", "mm2s_sr": "0x11000", "s2mm_cr": "0x180cb", "s2mm_sr": "0x11000", "slots": [1, 2], "observed_transitions": [569, 599]}
Oct 21 23:48:42 pynq bash[599]: {"event": "HEARTBEAT", "monotonic": 110.255413, "frames": 257, "udp_packets": 164480, "snapshot_rejected": 80, "changes_from_first": 256, "mm2s_cr": "0x1008b", "mm2s_sr": "0x11000", "s2mm_cr": "0x180cb", "s2mm_sr": "0x11000", "slots": [0, 1], "observed_transitions": [595, 628]}
Oct 21 23:48:44 pynq bash[599]: {"event": "HEARTBEAT", "monotonic": 112.287116, "frames": 267, "udp_packets": 170880, "snapshot_rejected": 83, "changes_from_first": 266, "mm2s_cr": "0x1008b", "mm2s_sr": "0x11000", "s2mm_cr": "0x180cb", "s2mm_sr": "0x11000", "slots": [0, 2], "observed_transitions": [616, 653]}
Oct 21 23:48:46 pynq bash[599]: {"event": "HEARTBEAT", "monotonic": 114.287983, "frames": 277, "udp_packets": 177280, "snapshot_rejected": 90, "changes_from_first": 276, "mm2s_cr": "0x1008b", "mm2s_sr": "0x11000", "s2mm_cr": "0x180cb", "s2mm_sr": "0x11000", "slots": [0, 1], "observed_transitions": [642, 680]}
Oct 21 23:48:48 pynq bash[599]: {"event": "HEARTBEAT", "monotonic": 116.289131, "frames": 287, "udp_packets": 183680, "snapshot_rejected": 91, "changes_from_first": 286, "mm2s_cr": "0x1008b", "mm2s_sr": "0x11000", "s2mm_cr": "0x180cb", "s2mm_sr": "0x11000", "slots": [2, 0], "observed_transitions": [671, 705]}
Oct 21 23:48:50 pynq bash[599]: {"event": "HEARTBEAT", "monotonic": 118.289926, "frames": 297, "udp_packets": 190080, "snapshot_rejected": 94, "changes_from_first": 296, "mm2s_cr": "0x1008b", "mm2s_sr": "0x11000", "s2mm_cr": "0x180cb", "s2mm_sr": "0x11000", "slots": [2, 0], "observed_transitions": [701, 735]}
Oct 21 23:48:52 pynq bash[599]: {"event": "HEARTBEAT", "monotonic": 120.290074, "frames": 307, "udp_packets": 196480, "snapshot_rejected": 97, "changes_from_first": 306, "mm2s_cr": "0x1008b", "mm2s_sr": "0x11000", "s2mm_cr": "0x180cb", "s2mm_sr": "0x11000", "slots": [1, 2], "observed_transitions": [730, 764]}
Oct 21 23:48:54 pynq bash[599]: {"event": "HEARTBEAT", "monotonic": 122.290301, "frames": 317, "udp_packets": 202880, "snapshot_rejected": 97, "changes_from_first": 316, "mm2s_cr": "0x1008b", "mm2s_sr": "0x11000", "s2mm_cr": "0x180cb", "s2mm_sr": "0x11000", "slots": [0, 1], "observed_transitions": [758, 793]}
Oct 21 23:48:56 pynq bash[599]: {"event": "HEARTBEAT", "monotonic": 124.291229, "frames": 327, "udp_packets": 209280, "snapshot_rejected": 105, "changes_from_first": 326, "mm2s_cr": "0x1008b", "mm2s_sr": "0x11000", "s2mm_cr": "0x180cb", "s2mm_sr": "0x11000", "slots": [2, 1], "observed_transitions": [785, 822]}
Oct 21 23:48:58 pynq bash[599]: {"event": "HEARTBEAT", "monotonic": 126.291876, "frames": 337, "udp_packets": 215680, "snapshot_rejected": 108, "changes_from_first": 336, "mm2s_cr": "0x1008b", "mm2s_sr": "0x11000", "s2mm_cr": "0x180cb", "s2mm_sr": "0x11000", "slots": [2, 0], "observed_transitions": [812, 851]}
Oct 21 23:49:00 pynq bash[599]: {"event": "HEARTBEAT", "monotonic": 128.292503, "frames": 347, "udp_packets": 222080, "snapshot_rejected": 109, "changes_from_first": 346, "mm2s_cr": "0x1008b", "mm2s_sr": "0x11000", "s2mm_cr": "0x180cb", "s2mm_sr": "0x11000", "slots": [1, 2], "observed_transitions": [841, 879]}
Oct 21 23:49:02 pynq bash[599]: {"event": "HEARTBEAT", "monotonic": 130.293094, "frames": 357, "udp_packets": 228480, "snapshot_rejected": 110, "changes_from_first": 356, "mm2s_cr": "0x1008b", "mm2s_sr": "0x11000", "s2mm_cr": "0x180cb", "s2mm_sr": "0x11000", "slots": [0, 2], "observed_transitions": [870, 909]}
Oct 21 23:49:04 pynq bash[599]: {"event": "HEARTBEAT", "monotonic": 132.294006, "frames": 367, "udp_packets": 234880, "snapshot_rejected": 113, "changes_from_first": 366, "mm2s_cr": "0x1008b", "mm2s_sr": "0x11000", "s2mm_cr": "0x180cb", "s2mm_sr": "0x11000", "slots": [2, 1], "observed_transitions": [899, 938]}
Oct 21 23:49:06 pynq bash[599]: {"event": "HEARTBEAT", "monotonic": 134.294363, "frames": 377, "udp_packets": 241280, "snapshot_rejected": 116, "changes_from_first": 376, "mm2s_cr": "0x1008b", "mm2s_sr": "0x11000", "s2mm_cr": "0x180cb", "s2mm_sr": "0x11000", "slots": [2, 0], "observed_transitions": [927, 967]}
Oct 21 23:49:08 pynq bash[599]: {"event": "HEARTBEAT", "monotonic": 136.294498, "frames": 387, "udp_packets": 247680, "snapshot_rejected": 116, "changes_from_first": 386, "mm2s_cr": "0x1008b", "mm2s_sr": "0x11000", "s2mm_cr": "0x180cb", "s2mm_sr": "0x11000", "slots": [1, 2], "observed_transitions": [955, 996]}
Oct 21 23:49:10 pynq bash[599]: {"event": "HEARTBEAT", "monotonic": 138.294619, "frames": 397, "udp_packets": 254080, "snapshot_rejected": 119, "changes_from_first": 396, "mm2s_cr": "0x1008b", "mm2s_sr": "0x11000", "s2mm_cr": "0x180cb", "s2mm_sr": "0x11000", "slots": [1, 2], "observed_transitions": [985, 1026]}
Oct 21 23:49:12 pynq bash[599]: {"event": "HEARTBEAT", "monotonic": 140.294723, "frames": 407, "udp_packets": 260480, "snapshot_rejected": 122, "changes_from_first": 406, "mm2s_cr": "0x1008b", "mm2s_sr": "0x11000", "s2mm_cr": "0x180cb", "s2mm_sr": "0x11000", "slots": [0, 1], "observed_transitions": [1014, 1055]}
Oct 21 23:49:14 pynq bash[599]: {"event": "HEARTBEAT", "monotonic": 142.295467, "frames": 417, "udp_packets": 266880, "snapshot_rejected": 123, "changes_from_first": 416, "mm2s_cr": "0x1008b", "mm2s_sr": "0x11000", "s2mm_cr": "0x180cb", "s2mm_sr": "0x11000", "slots": [2, 0], "observed_transitions": [1041, 1084]}
Oct 21 23:49:16 pynq bash[599]: {"event": "HEARTBEAT", "monotonic": 144.295608, "frames": 427, "udp_packets": 273280, "snapshot_rejected": 125, "changes_from_first": 426, "mm2s_cr": "0x1008b", "mm2s_sr": "0x11000", "s2mm_cr": "0x180cb", "s2mm_sr": "0x11000", "slots": [2, 0], "observed_transitions": [1069, 1114]}
Oct 21 23:49:18 pynq bash[599]: {"event": "HEARTBEAT", "monotonic": 146.296446, "frames": 437, "udp_packets": 279680, "snapshot_rejected": 128, "changes_from_first": 436, "mm2s_cr": "0x1008b", "mm2s_sr": "0x11000", "s2mm_cr": "0x180cb", "s2mm_sr": "0x11000", "slots": [1, 2], "observed_transitions": [1098, 1143]}
Oct 21 23:49:20 pynq bash[599]: {"event": "HEARTBEAT", "monotonic": 148.296735, "frames": 447, "udp_packets": 286080, "snapshot_rejected": 130, "changes_from_first": 446, "mm2s_cr": "0x1008b", "mm2s_sr": "0x11000", "s2mm_cr": "0x180cb", "s2mm_sr": "0x11000", "slots": [0, 1], "observed_transitions": [1125, 1172]}
Oct 21 23:49:22 pynq bash[599]: {"event": "HEARTBEAT", "monotonic": 150.29674, "frames": 457, "udp_packets": 292480, "snapshot_rejected": 131, "changes_from_first": 456, "mm2s_cr": "0x1008b", "mm2s_sr": "0x11000", "s2mm_cr": "0x180cb", "s2mm_sr": "0x11000", "slots": [2, 1], "observed_transitions": [1151, 1202]}
Oct 21 23:49:24 pynq bash[599]: {"event": "HEARTBEAT", "monotonic": 152.296918, "frames": 467, "udp_packets": 298880, "snapshot_rejected": 134, "changes_from_first": 466, "mm2s_cr": "0x1008b", "mm2s_sr": "0x11000", "s2mm_cr": "0x180cb", "s2mm_sr": "0x11000", "slots": [2, 0], "observed_transitions": [1181, 1231]}
Oct 21 23:49:26 pynq bash[599]: {"event": "HEARTBEAT", "monotonic": 154.297862, "frames": 477, "udp_packets": 305280, "snapshot_rejected": 137, "changes_from_first": 476, "mm2s_cr": "0x1008b", "mm2s_sr": "0x11000", "s2mm_cr": "0x180cb", "s2mm_sr": "0x11000", "slots": [1, 2], "observed_transitions": [1210, 1260]}
Oct 21 23:49:28 pynq bash[599]: {"event": "HEARTBEAT", "monotonic": 156.298454, "frames": 487, "udp_packets": 311680, "snapshot_rejected": 137, "changes_from_first": 486, "mm2s_cr": "0x1008b", "mm2s_sr": "0x11000", "s2mm_cr": "0x180cb", "s2mm_sr": "0x11000", "slots": [0, 1], "observed_transitions": [1237, 1289]}
Oct 21 23:49:30 pynq bash[599]: {"event": "HEARTBEAT", "monotonic": 158.298932, "frames": 497, "udp_packets": 318080, "snapshot_rejected": 140, "changes_from_first": 496, "mm2s_cr": "0x1008b", "mm2s_sr": "0x11000", "s2mm_cr": "0x180cb", "s2mm_sr": "0x11000", "slots": [2, 1], "observed_transitions": [1264, 1319]}
Oct 21 23:49:32 pynq bash[599]: {"event": "HEARTBEAT", "monotonic": 160.299209, "frames": 507, "udp_packets": 324480, "snapshot_rejected": 143, "changes_from_first": 506, "mm2s_cr": "0x1008b", "mm2s_sr": "0x11000", "s2mm_cr": "0x180cb", "s2mm_sr": "0x11000", "slots": [2, 0], "observed_transitions": [1293, 1348]}
Oct 21 23:49:34 pynq bash[599]: {"event": "HEARTBEAT", "monotonic": 162.300358, "frames": 517, "udp_packets": 330880, "snapshot_rejected": 145, "changes_from_first": 516, "mm2s_cr": "0x1008b", "mm2s_sr": "0x11000", "s2mm_cr": "0x180cb", "s2mm_sr": "0x11000", "slots": [1, 2], "observed_transitions": [1321, 1376]}
Oct 21 23:49:36 pynq bash[599]: {"event": "HEARTBEAT", "monotonic": 164.300884, "frames": 527, "udp_packets": 337280, "snapshot_rejected": 146, "changes_from_first": 526, "mm2s_cr": "0x1008b", "mm2s_sr": "0x11000", "s2mm_cr": "0x180cb", "s2mm_sr": "0x11000", "slots": [1, 2], "observed_transitions": [1351, 1406]}
Oct 21 23:49:38 pynq bash[599]: {"event": "HEARTBEAT", "monotonic": 166.301203, "frames": 537, "udp_packets": 343680, "snapshot_rejected": 149, "changes_from_first": 536, "mm2s_cr": "0x1008b", "mm2s_sr": "0x11000", "s2mm_cr": "0x180cb", "s2mm_sr": "0x11000", "slots": [0, 1], "observed_transitions": [1379, 1435]}
Oct 21 23:49:40 pynq bash[599]: {"event": "HEARTBEAT", "monotonic": 168.302173, "frames": 547, "udp_packets": 350080, "snapshot_rejected": 151, "changes_from_first": 546, "mm2s_cr": "0x1008b", "mm2s_sr": "0x11000", "s2mm_cr": "0x180cb", "s2mm_sr": "0x11000", "slots": [2, 0], "observed_transitions": [1408, 1464]}
Oct 21 23:49:42 pynq bash[599]: {"event": "HEARTBEAT", "monotonic": 170.30298, "frames": 557, "udp_packets": 356480, "snapshot_rejected": 151, "changes_from_first": 556, "mm2s_cr": "0x1008b", "mm2s_sr": "0x11000", "s2mm_cr": "0x180cb", "s2mm_sr": "0x11000", "slots": [1, 0], "observed_transitions": [1437, 1494]}
Oct 21 23:49:44 pynq bash[599]: {"event": "HEARTBEAT", "monotonic": 172.30306, "frames": 567, "udp_packets": 362880, "snapshot_rejected": 154, "changes_from_first": 566, "mm2s_cr": "0x1008b", "mm2s_sr": "0x11000", "s2mm_cr": "0x180cb", "s2mm_sr": "0x11000", "slots": [1, 2], "observed_transitions": [1467, 1523]}
Oct 21 23:49:46 pynq bash[599]: {"event": "HEARTBEAT", "monotonic": 174.303856, "frames": 577, "udp_packets": 369280, "snapshot_rejected": 158, "changes_from_first": 576, "mm2s_cr": "0x1008b", "mm2s_sr": "0x11000", "s2mm_cr": "0x180cb", "s2mm_sr": "0x11000", "slots": [0, 1], "observed_transitions": [1492, 1551]}
Oct 21 23:49:48 pynq bash[599]: {"event": "HEARTBEAT", "monotonic": 176.305058, "frames": 587, "udp_packets": 375680, "snapshot_rejected": 159, "changes_from_first": 586, "mm2s_cr": "0x1008b", "mm2s_sr": "0x11000", "s2mm_cr": "0x180cb", "s2mm_sr": "0x11000", "slots": [2, 1], "observed_transitions": [1518, 1581]}
Oct 21 23:49:50 pynq bash[599]: {"event": "HEARTBEAT", "monotonic": 178.306219, "frames": 597, "udp_packets": 382080, "snapshot_rejected": 166, "changes_from_first": 596, "mm2s_cr": "0x1008b", "mm2s_sr": "0x11000", "s2mm_cr": "0x180cb", "s2mm_sr": "0x11000", "slots": [2, 0], "observed_transitions": [1548, 1610]}
ba4d76d2e4250309fb4599948bc7b3634a1ae170f3e5aeb9516c915f14c3b819  /boot/BOOT.BIN
1b12529978876dfe73187e66f924827e675446cfc6d67a524dc1d053022cc004  /boot/IMAGE.UB
7013e14923fbe461c4ecd745214fcafcb0ffaddb10865f9135cd8624637359f4  /boot/BOOT.SCR
Failed to search journal ACL: Operation not supported

EXIT: 0
