Copyright 1986-2022 Xilinx, Inc. All Rights Reserved. Copyright 2022-2025 Advanced Micro Devices, Inc. All Rights Reserved.
---------------------------------------------------------------------------------------------------------------------------------------------
| Tool Version : Vivado v.2025.2 (win64) Build 6299465 Fri Nov 14 19:35:11 GMT 2025
| Date         : Fri Sep 18 18:51:05 2026
| Host         : HC-202510241838 running 64-bit major release  (build 9200)
| Command      : report_timing_summary -file E:/competition/4_metrics/logs/2026-09-18_yolo_csr_bd_run01/timing_summary.rpt
| Design       : display_test_wrapper
| Device       : 7z020-clg484
| Speed File   : -1  PRODUCTION 1.12 2019-11-22
| Design State : Routed
---------------------------------------------------------------------------------------------------------------------------------------------

Timing Summary Report

------------------------------------------------------------------------------------------------
| Timer Settings
| --------------
------------------------------------------------------------------------------------------------

  Enable Multi Corner Analysis               :  Yes
  Enable Pessimism Removal                   :  Yes
  Pessimism Removal Resolution               :  Nearest Common Node
  Enable Input Delay Default Clock           :  No
  Enable Preset / Clear Arcs                 :  No
  Disable Flight Delays                      :  No
  Ignore I/O Paths                           :  No
  Timing Early Launch at Borrowing Latches   :  No
  Borrow Time for Max Delay Exceptions       :  Yes
  Merge Timing Exceptions                    :  Yes
  Inter-SLR Compensation                     :  Conservative

  Corner  Analyze    Analyze    
  Name    Max Paths  Min Paths  
  ------  ---------  ---------  
  Slow    Yes        Yes        
  Fast    Yes        Yes        


------------------------------------------------------------------------------------------------
| Report Methodology
| ------------------
------------------------------------------------------------------------------------------------

No report available as report_methodology has not been run prior. Run report_methodology on the current design for the summary of methodology violations.



check_timing report

Table of Contents
-----------------
1. checking no_clock (0)
2. checking constant_clock (0)
3. checking pulse_width_clock (0)
4. checking unconstrained_internal_endpoints (0)
5. checking no_input_delay (0)
6. checking no_output_delay (0)
7. checking multiple_clock (0)
8. checking generated_clocks (0)
9. checking loops (0)
10. checking partial_input_delay (0)
11. checking partial_output_delay (0)
12. checking latch_loops (0)

1. checking no_clock (0)
------------------------
 There are 0 register/latch pins with no clock.


2. checking constant_clock (0)
------------------------------
 There are 0 register/latch pins with constant_clock.


3. checking pulse_width_clock (0)
---------------------------------
 There are 0 register/latch pins which need pulse_width check


4. checking unconstrained_internal_endpoints (0)
------------------------------------------------
 There are 0 pins that are not constrained for maximum delay.

 There are 0 pins that are not constrained for maximum delay due to constant clock.


5. checking no_input_delay (0)
------------------------------
 There are 0 input ports with no input delay specified.

 There are 0 input ports with no input delay but user has a false path constraint.


6. checking no_output_delay (0)
-------------------------------
 There are 0 ports with no output delay specified.

 There are 0 ports with no output delay but user has a false path constraint

 There are 0 ports with no output delay but with a timing clock defined on it or propagating through it


7. checking multiple_clock (0)
------------------------------
 There are 0 register/latch pins with multiple clocks.


8. checking generated_clocks (0)
--------------------------------
 There are 0 generated clocks that are not connected to a clock source.


9. checking loops (0)
---------------------
 There are 0 combinational loops in the design.


10. checking partial_input_delay (0)
------------------------------------
 There are 0 input ports with partial input delay specified.


11. checking partial_output_delay (0)
-------------------------------------
 There are 0 ports with partial output delay specified.


12. checking latch_loops (0)
----------------------------
 There are 0 combinational latch loops in the design through latch input



------------------------------------------------------------------------------------------------
| Design Timing Summary
| ---------------------
------------------------------------------------------------------------------------------------

    WNS(ns)      TNS(ns)  TNS Failing Endpoints  TNS Total Endpoints      WHS(ns)      THS(ns)  THS Failing Endpoints  THS Total Endpoints     WPWS(ns)     TPWS(ns)  TPWS Failing Endpoints  TPWS Total Endpoints  
    -------      -------  ---------------------  -------------------      -------      -------  ---------------------  -------------------     --------     --------  ----------------------  --------------------  
     11.168        0.000                      0                 5075        0.027        0.000                      0                 5075        9.020        0.000                       0                  1847  


All user specified timing constraints are met.


------------------------------------------------------------------------------------------------
| Clock Summary
| -------------
------------------------------------------------------------------------------------------------

Clock       Waveform(ns)       Period(ns)      Frequency(MHz)
-----       ------------       ----------      --------------
clk_fpga_0  {0.000 10.000}     20.000          50.000          


------------------------------------------------------------------------------------------------
| Intra Clock Table
| -----------------
------------------------------------------------------------------------------------------------

Clock             WNS(ns)      TNS(ns)  TNS Failing Endpoints  TNS Total Endpoints      WHS(ns)      THS(ns)  THS Failing Endpoints  THS Total Endpoints     WPWS(ns)     TPWS(ns)  TPWS Failing Endpoints  TPWS Total Endpoints  
-----             -------      -------  ---------------------  -------------------      -------      -------  ---------------------  -------------------     --------     --------  ----------------------  --------------------  
clk_fpga_0         11.168        0.000                      0                 4631        0.027        0.000                      0                 4631        9.020        0.000                       0                  1847  


------------------------------------------------------------------------------------------------
| Inter Clock Table
| -----------------
------------------------------------------------------------------------------------------------

From Clock    To Clock          WNS(ns)      TNS(ns)  TNS Failing Endpoints  TNS Total Endpoints      WHS(ns)      THS(ns)  THS Failing Endpoints  THS Total Endpoints  
----------    --------          -------      -------  ---------------------  -------------------      -------      -------  ---------------------  -------------------  


------------------------------------------------------------------------------------------------
| Other Path Groups Table
| -----------------------
------------------------------------------------------------------------------------------------

Path Group         From Clock         To Clock               WNS(ns)      TNS(ns)  TNS Failing Endpoints  TNS Total Endpoints      WHS(ns)      THS(ns)  THS Failing Endpoints  THS Total Endpoints  
----------         ----------         --------               -------      -------  ---------------------  -------------------      -------      -------  ---------------------  -------------------  
**async_default**  clk_fpga_0         clk_fpga_0              13.388        0.000                      0                  444        0.757        0.000                      0                  444  


------------------------------------------------------------------------------------------------
| Timing Details
| --------------
------------------------------------------------------------------------------------------------


---------------------------------------------------------------------------------------------------
From Clock:  clk_fpga_0
  To Clock:  clk_fpga_0

Setup :            0  Failing Endpoints,  Worst Slack       11.168ns,  Total Violation        0.000ns
Hold  :            0  Failing Endpoints,  Worst Slack        0.027ns,  Total Violation        0.000ns
PW    :            0  Failing Endpoints,  Worst Slack        9.020ns,  Total Violation        0.000ns
---------------------------------------------------------------------------------------------------


Max Delay Paths
--------------------------------------------------------------------------------------
Slack (MET) :             11.168ns  (required time - arrival time)
  Source:                 display_test_i/u_yolo_csr/inst/u_slave/aw_addr_q_reg[13]/C
                            (rising edge-triggered cell FDRE clocked by clk_fpga_0  {rise@0.000ns fall@10.000ns period=20.000ns})
  Destination:            display_test_i/u_yolo_csr/inst/u_desc_tbl/u_bram/U0/inst_blk_mem_gen/gnbram.gnativebmg.native_blk_mem_gen/valid.cstr/ramloop[3].ram.r/prim_noinit.ram/DEVICE_7SERIES.NO_BMM_INFO.TRUE_DP.SIMPLE_PRIM36.ram/ADDRARDADDR[12]
                            (rising edge-triggered cell RAMB36E1 clocked by clk_fpga_0  {rise@0.000ns fall@10.000ns period=20.000ns})
  Path Group:             clk_fpga_0
  Path Type:              Setup (Max at Slow Process Corner)
  Requirement:            20.000ns  (clk_fpga_0 rise@20.000ns - clk_fpga_0 rise@0.000ns)
  Data Path Delay:        7.725ns  (logic 2.547ns (32.970%)  route 5.178ns (67.030%))
  Logic Levels:           8  (CARRY4=3 LUT2=1 LUT4=1 LUT5=2 LUT6=1)
  Clock Path Skew:        -0.060ns (DCD - SCD + CPR)
    Destination Clock Delay (DCD):    2.757ns = ( 22.757 - 20.000 ) 
    Source Clock Delay      (SCD):    2.946ns
    Clock Pessimism Removal (CPR):    0.129ns
  Clock Uncertainty:      0.302ns  ((TSJ^2 + TIJ^2)^1/2 + DJ) / 2 + PE
    Total System Jitter     (TSJ):    0.071ns
    Total Input Jitter      (TIJ):    0.600ns
    Discrete Jitter          (DJ):    0.000ns
    Phase Error              (PE):    0.000ns

    Location             Delay type                Incr(ns)  Path(ns)    Netlist Resource(s)
  -------------------------------------------------------------------    -------------------
                         (clock clk_fpga_0 rise edge)
                                                      0.000     0.000 r  
    PS7_X0Y0             PS7                          0.000     0.000 r  display_test_i/processing_system7_0/inst/PS7_i/FCLKCLK[0]
                         net (fo=1, routed)           1.193     1.193    display_test_i/processing_system7_0/inst/FCLK_CLK0
    BUFGCTRL_X0Y16       BUFG (Prop_bufg_I_O)         0.101     1.294 r  display_test_i/processing_system7_0/inst/FCLK_CLK0_BUFG_inst/O
                         net (fo=1847, routed)        1.652     2.946    display_test_i/u_yolo_csr/inst/u_slave/s_axi_aclk
    SLICE_X34Y95         FDRE                                         r  display_test_i/u_yolo_csr/inst/u_slave/aw_addr_q_reg[13]/C
  -------------------------------------------------------------------    -------------------
    SLICE_X34Y95         FDRE (Prop_fdre_C_Q)         0.518     3.464 r  display_test_i/u_yolo_csr/inst/u_slave/aw_addr_q_reg[13]/Q
                         net (fo=12, routed)          1.167     4.631    display_test_i/u_yolo_csr/inst/u_slave/wr_addr_w[13]
    SLICE_X33Y92         LUT2 (Prop_lut2_I0_O)        0.154     4.785 f  display_test_i/u_yolo_csr/inst/u_slave/ctrl_clr_pulse_i_11/O
                         net (fo=1, routed)           0.296     5.080    display_test_i/u_yolo_csr/inst/u_slave/ctrl_clr_pulse_i_11_n_0
    SLICE_X33Y92         LUT6 (Prop_lut6_I1_O)        0.327     5.407 f  display_test_i/u_yolo_csr/inst/u_slave/ctrl_clr_pulse_i_9/O
                         net (fo=5, routed)           0.710     6.117    display_test_i/u_yolo_csr/inst/u_slave/ctrl_clr_pulse_i_9_n_0
    SLICE_X35Y95         LUT5 (Prop_lut5_I0_O)        0.118     6.235 r  display_test_i/u_yolo_csr/inst/u_slave/u_bram_i_20/O
                         net (fo=1, routed)           0.433     6.669    display_test_i/u_yolo_csr/inst/u_slave/u_bram_i_20_n_0
    SLICE_X35Y95         LUT5 (Prop_lut5_I0_O)        0.326     6.995 r  display_test_i/u_yolo_csr/inst/u_slave/u_bram_i_8__2/O
                         net (fo=15, routed)          1.003     7.998    display_test_i/u_yolo_csr/inst/u_slave/u_bram_i_8__2_n_0
    SLICE_X41Y92         LUT4 (Prop_lut4_I2_O)        0.124     8.122 r  display_test_i/u_yolo_csr/inst/u_slave/u_bram_i_19/O
                         net (fo=1, routed)           0.000     8.122    display_test_i/u_yolo_csr/inst/u_regf/u_bram[0]
    SLICE_X41Y92         CARRY4 (Prop_carry4_S[0]_CO[3])
                                                      0.532     8.654 r  display_test_i/u_yolo_csr/inst/u_regf/u_bram_i_7__2/CO[3]
                         net (fo=1, routed)           0.000     8.654    display_test_i/u_yolo_csr/inst/u_regf/u_bram_i_7__2_n_0
    SLICE_X41Y93         CARRY4 (Prop_carry4_CI_CO[3])
                                                      0.114     8.768 r  display_test_i/u_yolo_csr/inst/u_regf/u_bram_i_6__2/CO[3]
                         net (fo=1, routed)           0.000     8.768    display_test_i/u_yolo_csr/inst/u_regf/u_bram_i_6__2_n_0
    SLICE_X41Y94         CARRY4 (Prop_carry4_CI_O[1])
                                                      0.334     9.102 r  display_test_i/u_yolo_csr/inst/u_regf/u_bram_i_5__2/O[1]
                         net (fo=4, routed)           1.569    10.671    display_test_i/u_yolo_csr/inst/u_desc_tbl/u_bram/U0/inst_blk_mem_gen/gnbram.gnativebmg.native_blk_mem_gen/valid.cstr/ramloop[3].ram.r/prim_noinit.ram/addra[9]
    RAMB36_X3Y18         RAMB36E1                                     r  display_test_i/u_yolo_csr/inst/u_desc_tbl/u_bram/U0/inst_blk_mem_gen/gnbram.gnativebmg.native_blk_mem_gen/valid.cstr/ramloop[3].ram.r/prim_noinit.ram/DEVICE_7SERIES.NO_BMM_INFO.TRUE_DP.SIMPLE_PRIM36.ram/ADDRARDADDR[12]
  -------------------------------------------------------------------    -------------------

                         (clock clk_fpga_0 rise edge)
                                                     20.000    20.000 r  
    PS7_X0Y0             PS7                          0.000    20.000 r  display_test_i/processing_system7_0/inst/PS7_i/FCLKCLK[0]
                         net (fo=1, routed)           1.088    21.088    display_test_i/processing_system7_0/inst/FCLK_CLK0
    BUFGCTRL_X0Y16       BUFG (Prop_bufg_I_O)         0.091    21.179 r  display_test_i/processing_system7_0/inst/FCLK_CLK0_BUFG_inst/O
                         net (fo=1847, routed)        1.578    22.757    display_test_i/u_yolo_csr/inst/u_desc_tbl/u_bram/U0/inst_blk_mem_gen/gnbram.gnativebmg.native_blk_mem_gen/valid.cstr/ramloop[3].ram.r/prim_noinit.ram/clka
    RAMB36_X3Y18         RAMB36E1                                     r  display_test_i/u_yolo_csr/inst/u_desc_tbl/u_bram/U0/inst_blk_mem_gen/gnbram.gnativebmg.native_blk_mem_gen/valid.cstr/ramloop[3].ram.r/prim_noinit.ram/DEVICE_7SERIES.NO_BMM_INFO.TRUE_DP.SIMPLE_PRIM36.ram/CLKARDCLK
                         clock pessimism              0.129    22.886    
                         clock uncertainty           -0.302    22.584    
    RAMB36_X3Y18         RAMB36E1 (Setup_ramb36e1_CLKARDCLK_ADDRARDADDR[12])
                                                     -0.745    21.839    display_test_i/u_yolo_csr/inst/u_desc_tbl/u_bram/U0/inst_blk_mem_gen/gnbram.gnativebmg.native_blk_mem_gen/valid.cstr/ramloop[3].ram.r/prim_noinit.ram/DEVICE_7SERIES.NO_BMM_INFO.TRUE_DP.SIMPLE_PRIM36.ram
  -------------------------------------------------------------------
                         required time                         21.839    
                         arrival time                         -10.671    
  -------------------------------------------------------------------
                         slack                                 11.168    





Min Delay Paths
--------------------------------------------------------------------------------------
Slack (MET) :             0.027ns  (arrival time - required time)
  Source:                 display_test_i/u_yolo_csr/inst/u_slave/s_axi_rdata_reg[18]/C
                            (rising edge-triggered cell FDRE clocked by clk_fpga_0  {rise@0.000ns fall@10.000ns period=20.000ns})
  Destination:            display_test_i/axi_ic0/s00_couplers/auto_pc/inst/gen_axilite.gen_b2s_conv.axilite_b2s/RD.r_channel_0/rd_data_fifo_0/memory_reg[31][18]_srl32/D
                            (rising edge-triggered cell SRLC32E clocked by clk_fpga_0  {rise@0.000ns fall@10.000ns period=20.000ns})
  Path Group:             clk_fpga_0
  Path Type:              Hold (Min at Fast Process Corner)
  Requirement:            0.000ns  (clk_fpga_0 rise@0.000ns - clk_fpga_0 rise@0.000ns)
  Data Path Delay:        0.321ns  (logic 0.141ns (43.983%)  route 0.180ns (56.017%))
  Logic Levels:           0  
  Clock Path Skew:        0.179ns (DCD - SCD - CPR)
    Destination Clock Delay (DCD):    1.191ns
    Source Clock Delay      (SCD):    0.977ns
    Clock Pessimism Removal (CPR):    0.035ns

    Location             Delay type                Incr(ns)  Path(ns)    Netlist Resource(s)
  -------------------------------------------------------------------    -------------------
                         (clock clk_fpga_0 rise edge)
                                                      0.000     0.000 r  
    PS7_X0Y0             PS7                          0.000     0.000 r  display_test_i/processing_system7_0/inst/PS7_i/FCLKCLK[0]
                         net (fo=1, routed)           0.310     0.310    display_test_i/processing_system7_0/inst/FCLK_CLK0
    BUFGCTRL_X0Y16       BUFG (Prop_bufg_I_O)         0.026     0.336 r  display_test_i/processing_system7_0/inst/FCLK_CLK0_BUFG_inst/O
                         net (fo=1847, routed)        0.641     0.977    display_test_i/u_yolo_csr/inst/u_slave/s_axi_aclk
    SLICE_X33Y101        FDRE                                         r  display_test_i/u_yolo_csr/inst/u_slave/s_axi_rdata_reg[18]/C
  -------------------------------------------------------------------    -------------------
    SLICE_X33Y101        FDRE (Prop_fdre_C_Q)         0.141     1.118 r  display_test_i/u_yolo_csr/inst/u_slave/s_axi_rdata_reg[18]/Q
                         net (fo=1, routed)           0.180     1.298    display_test_i/axi_ic0/s00_couplers/auto_pc/inst/gen_axilite.gen_b2s_conv.axilite_b2s/RD.r_channel_0/rd_data_fifo_0/in[18]
    SLICE_X34Y96         SRLC32E                                      r  display_test_i/axi_ic0/s00_couplers/auto_pc/inst/gen_axilite.gen_b2s_conv.axilite_b2s/RD.r_channel_0/rd_data_fifo_0/memory_reg[31][18]_srl32/D
  -------------------------------------------------------------------    -------------------

                         (clock clk_fpga_0 rise edge)
                                                      0.000     0.000 r  
    PS7_X0Y0             PS7                          0.000     0.000 r  display_test_i/processing_system7_0/inst/PS7_i/FCLKCLK[0]
                         net (fo=1, routed)           0.337     0.337    display_test_i/processing_system7_0/inst/FCLK_CLK0
    BUFGCTRL_X0Y16       BUFG (Prop_bufg_I_O)         0.029     0.366 r  display_test_i/processing_system7_0/inst/FCLK_CLK0_BUFG_inst/O
                         net (fo=1847, routed)        0.825     1.191    display_test_i/axi_ic0/s00_couplers/auto_pc/inst/gen_axilite.gen_b2s_conv.axilite_b2s/RD.r_channel_0/rd_data_fifo_0/aclk
    SLICE_X34Y96         SRLC32E                                      r  display_test_i/axi_ic0/s00_couplers/auto_pc/inst/gen_axilite.gen_b2s_conv.axilite_b2s/RD.r_channel_0/rd_data_fifo_0/memory_reg[31][18]_srl32/CLK
                         clock pessimism             -0.035     1.156    
    SLICE_X34Y96         SRLC32E (Hold_srlc32e_CLK_D)
                                                      0.115     1.271    display_test_i/axi_ic0/s00_couplers/auto_pc/inst/gen_axilite.gen_b2s_conv.axilite_b2s/RD.r_channel_0/rd_data_fifo_0/memory_reg[31][18]_srl32
  -------------------------------------------------------------------
                         required time                         -1.271    
                         arrival time                           1.298    
  -------------------------------------------------------------------
                         slack                                  0.027    





Pulse Width Checks
--------------------------------------------------------------------------------------
Clock Name:         clk_fpga_0
Waveform(ns):       { 0.000 10.000 }
Period(ns):         20.000
Sources:            { display_test_i/processing_system7_0/inst/PS7_i/FCLKCLK[0] }

Check Type        Corner  Lib Pin             Reference Pin  Required(ns)  Actual(ns)  Slack(ns)  Location      Pin
Min Period        n/a     RAMB36E1/CLKARDCLK  n/a            2.576         20.000      17.424     RAMB36_X3Y20  display_test_i/u_yolo_csr/inst/u_buf_tbl/u_bram/U0/inst_blk_mem_gen/gnbram.gnativebmg.native_blk_mem_gen/valid.cstr/ramloop[0].ram.r/prim_noinit.ram/DEVICE_7SERIES.NO_BMM_INFO.TRUE_DP.SIMPLE_PRIM36.ram/CLKARDCLK
Low Pulse Width   Slow    SRLC32E/CLK         n/a            0.980         10.000      9.020      SLICE_X34Y93  display_test_i/axi_ic0/s00_couplers/auto_pc/inst/gen_axilite.gen_b2s_conv.axilite_b2s/RD.r_channel_0/rd_data_fifo_0/memory_reg[31][0]_srl32/CLK
High Pulse Width  Slow    SRLC32E/CLK         n/a            0.980         10.000      9.020      SLICE_X34Y93  display_test_i/axi_ic0/s00_couplers/auto_pc/inst/gen_axilite.gen_b2s_conv.axilite_b2s/RD.r_channel_0/rd_data_fifo_0/memory_reg[31][0]_srl32/CLK



---------------------------------------------------------------------------------------------------
Path Group:  **async_default**
From Clock:  clk_fpga_0
  To Clock:  clk_fpga_0

Setup :            0  Failing Endpoints,  Worst Slack       13.388ns,  Total Violation        0.000ns
Hold  :            0  Failing Endpoints,  Worst Slack        0.757ns,  Total Violation        0.000ns
---------------------------------------------------------------------------------------------------


Max Delay Paths
--------------------------------------------------------------------------------------
Slack (MET) :             13.388ns  (required time - arrival time)
  Source:                 display_test_i/rst_sys/U0/ACTIVE_LOW_PR_OUT_DFF[0].FDRE_PER_N/C
                            (rising edge-triggered cell FDRE clocked by clk_fpga_0  {rise@0.000ns fall@10.000ns period=20.000ns})
  Destination:            display_test_i/u_yolo_csr/inst/u_walker/walker_done_o_reg[1]/CLR
                            (recovery check against rising-edge clock clk_fpga_0  {rise@0.000ns fall@10.000ns period=20.000ns})
  Path Group:             **async_default**
  Path Type:              Recovery (Max at Slow Process Corner)
  Requirement:            20.000ns  (clk_fpga_0 rise@20.000ns - clk_fpga_0 rise@0.000ns)
  Data Path Delay:        5.555ns  (logic 0.580ns (10.441%)  route 4.975ns (89.559%))
  Logic Levels:           1  (LUT1=1)
  Clock Path Skew:        -0.350ns (DCD - SCD + CPR)
    Destination Clock Delay (DCD):    2.646ns = ( 22.646 - 20.000 ) 
    Source Clock Delay      (SCD):    3.125ns
    Clock Pessimism Removal (CPR):    0.129ns
  Clock Uncertainty:      0.302ns  ((TSJ^2 + TIJ^2)^1/2 + DJ) / 2 + PE
    Total System Jitter     (TSJ):    0.071ns
    Total Input Jitter      (TIJ):    0.600ns
    Discrete Jitter          (DJ):    0.000ns
    Phase Error              (PE):    0.000ns

    Location             Delay type                Incr(ns)  Path(ns)    Netlist Resource(s)
  -------------------------------------------------------------------    -------------------
                         (clock clk_fpga_0 rise edge)
                                                      0.000     0.000 r  
    PS7_X0Y0             PS7                          0.000     0.000 r  display_test_i/processing_system7_0/inst/PS7_i/FCLKCLK[0]
                         net (fo=1, routed)           1.193     1.193    display_test_i/processing_system7_0/inst/FCLK_CLK0
    BUFGCTRL_X0Y16       BUFG (Prop_bufg_I_O)         0.101     1.294 r  display_test_i/processing_system7_0/inst/FCLK_CLK0_BUFG_inst/O
                         net (fo=1847, routed)        1.831     3.125    display_test_i/rst_sys/U0/slowest_sync_clk
    SLICE_X51Y106        FDRE                                         r  display_test_i/rst_sys/U0/ACTIVE_LOW_PR_OUT_DFF[0].FDRE_PER_N/C
  -------------------------------------------------------------------    -------------------
    SLICE_X51Y106        FDRE (Prop_fdre_C_Q)         0.456     3.581 r  display_test_i/rst_sys/U0/ACTIVE_LOW_PR_OUT_DFF[0].FDRE_PER_N/Q
                         net (fo=17, routed)          1.394     4.975    display_test_i/u_yolo_csr/inst/u_ring/s_axi_aresetn
    SLICE_X33Y102        LUT1 (Prop_lut1_I0_O)        0.124     5.099 f  display_test_i/u_yolo_csr/inst/u_ring/s_axi_rdata[31]_i_1/O
                         net (fo=579, routed)         3.581     8.680    display_test_i/u_yolo_csr/inst/u_walker/SR[0]
    SLICE_X53Y99         FDCE                                         f  display_test_i/u_yolo_csr/inst/u_walker/walker_done_o_reg[1]/CLR
  -------------------------------------------------------------------    -------------------

                         (clock clk_fpga_0 rise edge)
                                                     20.000    20.000 r  
    PS7_X0Y0             PS7                          0.000    20.000 r  display_test_i/processing_system7_0/inst/PS7_i/FCLKCLK[0]
                         net (fo=1, routed)           1.088    21.088    display_test_i/processing_system7_0/inst/FCLK_CLK0
    BUFGCTRL_X0Y16       BUFG (Prop_bufg_I_O)         0.091    21.179 r  display_test_i/processing_system7_0/inst/FCLK_CLK0_BUFG_inst/O
                         net (fo=1847, routed)        1.467    22.646    display_test_i/u_yolo_csr/inst/u_walker/s_axi_aclk
    SLICE_X53Y99         FDCE                                         r  display_test_i/u_yolo_csr/inst/u_walker/walker_done_o_reg[1]/C
                         clock pessimism              0.129    22.775    
                         clock uncertainty           -0.302    22.473    
    SLICE_X53Y99         FDCE (Recov_fdce_C_CLR)     -0.405    22.068    display_test_i/u_yolo_csr/inst/u_walker/walker_done_o_reg[1]
  -------------------------------------------------------------------
                         required time                         22.068    
                         arrival time                          -8.680    
  -------------------------------------------------------------------
                         slack                                 13.388    





Min Delay Paths
--------------------------------------------------------------------------------------
Slack (MET) :             0.757ns  (arrival time - required time)
  Source:                 display_test_i/rst_sys/U0/ACTIVE_LOW_PR_OUT_DFF[0].FDRE_PER_N/C
                            (rising edge-triggered cell FDRE clocked by clk_fpga_0  {rise@0.000ns fall@10.000ns period=20.000ns})
  Destination:            display_test_i/u_yolo_csr/inst/u_walker/pub_valid_o_reg/CLR
                            (removal check against rising-edge clock clk_fpga_0  {rise@0.000ns fall@10.000ns period=20.000ns})
  Path Group:             **async_default**
  Path Type:              Removal (Min at Fast Process Corner)
  Requirement:            0.000ns  (clk_fpga_0 rise@0.000ns - clk_fpga_0 rise@0.000ns)
  Data Path Delay:        0.960ns  (logic 0.186ns (19.385%)  route 0.774ns (80.615%))
  Logic Levels:           1  (LUT1=1)
  Clock Path Skew:        0.269ns (DCD - SCD - CPR)
    Destination Clock Delay (DCD):    1.278ns
    Source Clock Delay      (SCD):    0.970ns
    Clock Pessimism Removal (CPR):    0.039ns

    Location             Delay type                Incr(ns)  Path(ns)    Netlist Resource(s)
  -------------------------------------------------------------------    -------------------
                         (clock clk_fpga_0 rise edge)
                                                      0.000     0.000 r  
    PS7_X0Y0             PS7                          0.000     0.000 r  display_test_i/processing_system7_0/inst/PS7_i/FCLKCLK[0]
                         net (fo=1, routed)           0.310     0.310    display_test_i/processing_system7_0/inst/FCLK_CLK0
    BUFGCTRL_X0Y16       BUFG (Prop_bufg_I_O)         0.026     0.336 r  display_test_i/processing_system7_0/inst/FCLK_CLK0_BUFG_inst/O
                         net (fo=1847, routed)        0.634     0.970    display_test_i/rst_sys/U0/slowest_sync_clk
    SLICE_X51Y106        FDRE                                         r  display_test_i/rst_sys/U0/ACTIVE_LOW_PR_OUT_DFF[0].FDRE_PER_N/C
  -------------------------------------------------------------------    -------------------
    SLICE_X51Y106        FDRE (Prop_fdre_C_Q)         0.141     1.111 r  display_test_i/rst_sys/U0/ACTIVE_LOW_PR_OUT_DFF[0].FDRE_PER_N/Q
                         net (fo=17, routed)          0.536     1.647    display_test_i/u_yolo_csr/inst/u_ring/s_axi_aresetn
    SLICE_X33Y102        LUT1 (Prop_lut1_I0_O)        0.045     1.692 f  display_test_i/u_yolo_csr/inst/u_ring/s_axi_rdata[31]_i_1/O
                         net (fo=579, routed)         0.238     1.930    display_test_i/u_yolo_csr/inst/u_walker/SR[0]
    SLICE_X34Y102        FDCE                                         f  display_test_i/u_yolo_csr/inst/u_walker/pub_valid_o_reg/CLR
  -------------------------------------------------------------------    -------------------

                         (clock clk_fpga_0 rise edge)
                                                      0.000     0.000 r  
    PS7_X0Y0             PS7                          0.000     0.000 r  display_test_i/processing_system7_0/inst/PS7_i/FCLKCLK[0]
                         net (fo=1, routed)           0.337     0.337    display_test_i/processing_system7_0/inst/FCLK_CLK0
    BUFGCTRL_X0Y16       BUFG (Prop_bufg_I_O)         0.029     0.366 r  display_test_i/processing_system7_0/inst/FCLK_CLK0_BUFG_inst/O
                         net (fo=1847, routed)        0.912     1.278    display_test_i/u_yolo_csr/inst/u_walker/s_axi_aclk
    SLICE_X34Y102        FDCE                                         r  display_test_i/u_yolo_csr/inst/u_walker/pub_valid_o_reg/C
                         clock pessimism             -0.039     1.239    
    SLICE_X34Y102        FDCE (Remov_fdce_C_CLR)     -0.067     1.172    display_test_i/u_yolo_csr/inst/u_walker/pub_valid_o_reg
  -------------------------------------------------------------------
                         required time                         -1.172    
                         arrival time                           1.930    
  -------------------------------------------------------------------
                         slack                                  0.757    





