# vsim +STIM=../stim/m11 +WDT_MS=3600000 -do {run -all; quit -f} -l v27_m11_run.log -c -novopt work_v27.tb_yolo_fullnet work_v27.glbl 
# //  ModelSim SE-64 10.1c Jul 28 2012 
# //
# //  Copyright 1991-2012 Mentor Graphics Corporation
# //  All Rights Reserved.
# //
# //  THIS WORK CONTAINS TRADE SECRET AND PROPRIETARY INFORMATION
# //  WHICH IS THE PROPERTY OF MENTOR GRAPHICS CORPORATION OR ITS
# //  LICENSORS AND IS SUBJECT TO LICENSE TERMS.
# //
# Refreshing E:/competition/2_fpga/3_yolo_zynq/sim/msim_v19/work_v27.tb_yolo_fullnet
# Loading work_v27.tb_yolo_fullnet
# Refreshing E:/competition/2_fpga/3_yolo_zynq/sim/msim_v19/work_v27.yolo_gemm_array
# Loading work_v27.yolo_gemm_array
# Refreshing E:/competition/2_fpga/3_yolo_zynq/sim/msim_v19/work_v27.yolo_ctrl
# Loading work_v27.yolo_ctrl
# Refreshing E:/competition/2_fpga/3_yolo_zynq/sim/msim_v19/work_v27.yolo_dma
# Loading work_v27.yolo_dma
# Refreshing E:/competition/2_fpga/3_yolo_zynq/sim/msim_v19/work_v27.yolo_addrgen
# Loading work_v27.yolo_addrgen
# Refreshing E:/competition/2_fpga/3_yolo_zynq/sim/msim_v19/work_v27.yolo_wbuf
# Loading work_v27.yolo_wbuf
# Refreshing E:/competition/2_fpga/3_yolo_zynq/sim/msim_v19/work_v27.yolo_xbuf
# Loading work_v27.yolo_xbuf
# Refreshing E:/competition/2_fpga/3_yolo_zynq/sim/msim_v19/work_v27.yolo_xbuf_bmg
# Loading work_v27.yolo_xbuf_bmg
# Refreshing E:/competition/2_fpga/3_yolo_zynq/sim/msim_v19/work_v27.blk_mem_gen_v8_4_12
# Loading work_v27.blk_mem_gen_v8_4_12
# Refreshing E:/competition/2_fpga/3_yolo_zynq/sim/msim_v19/work_v27.yolo_requant
# Loading work_v27.yolo_requant
# Refreshing E:/competition/2_fpga/3_yolo_zynq/sim/msim_v19/work_v27.yolo_silu_lut
# Loading work_v27.yolo_silu_lut
# Refreshing E:/competition/2_fpga/3_yolo_zynq/sim/msim_v19/work_v27.yolo_dma_wr
# Loading work_v27.yolo_dma_wr
# Refreshing E:/competition/2_fpga/3_yolo_zynq/sim/msim_v19/work_v27.glbl
# Loading work_v27.glbl
# Refreshing E:/competition/2_fpga/3_yolo_zynq/sim/msim_v19/work_v27.blk_mem_gen_v8_4_12_mem_module
# Loading work_v27.blk_mem_gen_v8_4_12_mem_module
# Refreshing E:/competition/2_fpga/3_yolo_zynq/sim/msim_v19/work_v27.blk_mem_gen_v8_4_12_output_stage
# Loading work_v27.blk_mem_gen_v8_4_12_output_stage
# Refreshing E:/competition/2_fpga/3_yolo_zynq/sim/msim_v19/work_v27.blk_mem_gen_v8_4_12_softecc_output_reg_stage
# Loading work_v27.blk_mem_gen_v8_4_12_softecc_output_reg_stage
# Refreshing E:/competition/2_fpga/3_yolo_zynq/sim/msim_v19/work_v27.blk_mem_axi_regs_fwd_v8_4
# Loading work_v27.blk_mem_axi_regs_fwd_v8_4
# Refreshing E:/competition/2_fpga/3_yolo_zynq/sim/msim_v19/work_v27.yolo_pe_pack
# Loading work_v27.yolo_pe_pack
# Refreshing E:/competition/2_fpga/3_yolo_zynq/sim/msim_v19/work_v27.DSP48E1
# Loading work_v27.DSP48E1
# Refreshing E:/competition/2_fpga/3_yolo_zynq/sim/msim_v19/work_v27.yolo_acc
# Loading work_v27.yolo_acc
# ** Warning: (vsim-3015) ../../rtl/yolo_xbuf.v(144): [PCDPC] - Port size (16 or 16) does not match connection size (8) for port 'wea'. The port definition is at: ../../ip/yolo_xbuf_bmg/sim/yolo_xbuf_bmg.v(58).
# 
#         Region: /tb_yolo_fullnet/dut/u_xbuf/u_bank0
# ** Warning: (vsim-3015) ../../rtl/yolo_xbuf.v(144): [PCDPC] - Port size (128 or 128) does not match connection size (64) for port 'dina'. The port definition is at: ../../ip/yolo_xbuf_bmg/sim/yolo_xbuf_bmg.v(60).
# 
#         Region: /tb_yolo_fullnet/dut/u_xbuf/u_bank0
# ** Warning: (vsim-3015) ../../rtl/yolo_xbuf.v(144): [PCDPC] - Port size (128 or 128) does not match connection size (64) for port 'doutb'. The port definition is at: ../../ip/yolo_xbuf_bmg/sim/yolo_xbuf_bmg.v(64).
# 
#         Region: /tb_yolo_fullnet/dut/u_xbuf/u_bank0
# ** Warning: (vsim-3015) ../../rtl/yolo_xbuf.v(155): [PCDPC] - Port size (16 or 16) does not match connection size (8) for port 'wea'. The port definition is at: ../../ip/yolo_xbuf_bmg/sim/yolo_xbuf_bmg.v(58).
# 
#         Region: /tb_yolo_fullnet/dut/u_xbuf/u_bank1
# ** Warning: (vsim-3015) ../../rtl/yolo_xbuf.v(155): [PCDPC] - Port size (128 or 128) does not match connection size (64) for port 'dina'. The port definition is at: ../../ip/yolo_xbuf_bmg/sim/yolo_xbuf_bmg.v(60).
# 
#         Region: /tb_yolo_fullnet/dut/u_xbuf/u_bank1
# ** Warning: (vsim-3015) ../../rtl/yolo_xbuf.v(155): [PCDPC] - Port size (128 or 128) does not match connection size (64) for port 'doutb'. The port definition is at: ../../ip/yolo_xbuf_bmg/sim/yolo_xbuf_bmg.v(64).
# 
#         Region: /tb_yolo_fullnet/dut/u_xbuf/u_bank1
# run -all 
# Block Memory Generator module tb_yolo_fullnet.dut.u_xbuf.u_bank0.inst.native_mem_module.blk_mem_gen_v8_4_12_inst is using a behavioral model for simulation which will not precisely model memory collision behavior.
# Block Memory Generator module tb_yolo_fullnet.dut.u_xbuf.u_bank1.inst.native_mem_module.blk_mem_gen_v8_4_12_inst is using a behavioral model for simulation which will not precisely model memory collision behavior.
# [tb] m11 stim=../stim/m11 img_words=1665001 prog_words=2178 maxconv=63
# [tb] heartbeat t=10000000000 conv=0 ywr=175936 ps=0 err=0
# [tb] heartbeat t=20000000000 conv=0 ywr=351952 ps=0 err=0
# [tb] conv 0/63 task=0 done @t=23273350000 oc=16 n=25600 k=27 acc_err=0
# [tb] heartbeat t=30000000000 conv=1 ywr=442680 ps=0 err=0
# [tb] heartbeat t=40000000000 conv=1 ywr=491904 ps=0 err=0
# [tb] heartbeat t=50000000000 conv=1 ywr=541120 ps=0 err=0
# [tb] heartbeat t=60000000000 conv=1 ywr=590368 ps=0 err=0
# [tb] conv 1/63 task=1 done @t=64875990000 oc=32 n=6400 k=144 acc_err=0
# [tb] heartbeat t=70000000000 conv=2 ywr=695600 ps=0 err=0
# [tb] conv 2/63 task=2 done @t=77788110000 oc=32 n=6400 k=32 acc_err=0
# [tb] heartbeat t=80000000000 conv=3 ywr=830016 ps=2 err=0
# [tb] heartbeat t=90000000000 conv=3 ywr=879280 ps=2 err=0
# [tb] conv 3/63 task=5 done @t=98592870000 oc=16 n=6400 k=144 acc_err=0
# [tb] heartbeat t=100000000000 conv=4 ywr=928448 ps=2 err=0
# [tb] heartbeat t=110000000000 conv=4 ywr=977712 ps=2 err=0
# [tb] conv 4/63 task=6 done @t=119399120000 oc=16 n=6400 k=144 acc_err=0
# [tb] heartbeat t=120000000000 conv=5 ywr=1031168 ps=6 err=0
# [tb] heartbeat t=130000000000 conv=5 ywr=1151552 ps=6 err=0
# [tb] conv 5/63 task=9 done @t=136413040000 oc=32 n=6400 k=48 acc_err=0
# [tb] heartbeat t=140000000000 conv=6 ywr=1238096 ps=6 err=0
# [tb] heartbeat t=150000000000 conv=6 ywr=1264192 ps=6 err=0
# [tb] heartbeat t=160000000000 conv=6 ywr=1290304 ps=6 err=0
# [tb] heartbeat t=170000000000 conv=6 ywr=1316416 ps=6 err=0
# [tb] conv 6/63 task=10 done @t=175650960000 oc=64 n=1600 k=288 acc_err=0
# [tb] heartbeat t=180000000000 conv=7 ywr=1373312 ps=6 err=0
# [tb] conv 7/63 task=11 done @t=186207310000 oc=64 n=1600 k=64 acc_err=0
# [tb] heartbeat t=190000000000 conv=8 ywr=1443456 ps=8 err=0
# [tb] heartbeat t=200000000000 conv=8 ywr=1469568 ps=8 err=0
# [tb] conv 8/63 task=14 done @t=205829560000 oc=32 n=1600 k=288 acc_err=0
# [tb] heartbeat t=210000000000 conv=9 ywr=1495616 ps=8 err=0
# [tb] heartbeat t=220000000000 conv=9 ywr=1521728 ps=8 err=0
# [tb] conv 9/63 task=15 done @t=225452620000 oc=32 n=1600 k=288 acc_err=0
# [tb] heartbeat t=230000000000 conv=10 ywr=1547840 ps=9 err=0
# [tb] heartbeat t=240000000000 conv=10 ywr=1573944 ps=9 err=0
# [tb] conv 10/63 task=17 done @t=245075090000 oc=32 n=1600 k=288 acc_err=0
# [tb] heartbeat t=250000000000 conv=11 ywr=1600000 ps=9 err=0
# [tb] heartbeat t=260000000000 conv=11 ywr=1626112 ps=9 err=0
# [tb] conv 11/63 task=18 done @t=264697650000 oc=32 n=1600 k=288 acc_err=0
# [tb] heartbeat t=270000000000 conv=12 ywr=1667328 ps=14 err=0
# [tb] heartbeat t=280000000000 conv=12 ywr=1721920 ps=14 err=0
# [tb] conv 12/63 task=21 done @t=283449710000 oc=64 n=1600 k=128 acc_err=0
# [tb] heartbeat t=290000000000 conv=13 ywr=1749568 ps=14 err=0
# [tb] heartbeat t=300000000000 conv=13 ywr=1763008 ps=14 err=0
# [tb] heartbeat t=310000000000 conv=13 ywr=1776512 ps=14 err=0
# [tb] heartbeat t=320000000000 conv=13 ywr=1789952 ps=14 err=0
# [tb] conv 13/63 task=22 done @t=321506820000 oc=128 n=400 k=576 acc_err=0
# [tb] heartbeat t=330000000000 conv=14 ywr=1838336 ps=14 err=0
# [tb] conv 14/63 task=23 done @t=330886960000 oc=128 n=400 k=128 acc_err=0
# [tb] heartbeat t=340000000000 conv=15 ywr=1855424 ps=16 err=0
# [tb] conv 15/63 task=26 done @t=349920990000 oc=64 n=400 k=576 acc_err=0
# [tb] heartbeat t=350000000000 conv=16 ywr=1868864 ps=16 err=0
# [tb] heartbeat t=360000000000 conv=16 ywr=1882304 ps=16 err=0
# [tb] conv 16/63 task=27 done @t=368955450000 oc=64 n=400 k=576 acc_err=0
# [tb] heartbeat t=370000000000 conv=17 ywr=1895744 ps=17 err=0
# [tb] heartbeat t=380000000000 conv=17 ywr=1909248 ps=17 err=0
# [tb] conv 17/63 task=29 done @t=387989370000 oc=64 n=400 k=576 acc_err=0
# [tb] heartbeat t=390000000000 conv=18 ywr=1922688 ps=17 err=0
# [tb] heartbeat t=400000000000 conv=18 ywr=1936128 ps=17 err=0
# [tb] conv 18/63 task=30 done @t=407023220000 oc=64 n=400 k=576 acc_err=0
# [tb] heartbeat t=410000000000 conv=19 ywr=1954240 ps=22 err=0
# [tb] heartbeat t=420000000000 conv=19 ywr=1983360 ps=22 err=0
# [tb] conv 19/63 task=33 done @t=424595910000 oc=128 n=400 k=256 acc_err=0
# [tb] heartbeat t=430000000000 conv=20 ywr=2000448 ps=22 err=0
# [tb] heartbeat t=440000000000 conv=20 ywr=2007296 ps=22 err=0
# [tb] heartbeat t=450000000000 conv=20 ywr=2014144 ps=22 err=0
# [tb] heartbeat t=460000000000 conv=20 ywr=2020928 ps=22 err=0
# [tb] conv 20/63 task=34 done @t=463559800000 oc=256 n=100 k=1152 acc_err=0
# [tb] heartbeat t=470000000000 conv=21 ywr=2041152 ps=22 err=0
# [tb] conv 21/63 task=35 done @t=472700760000 oc=256 n=100 k=256 acc_err=0
# [tb] heartbeat t=480000000000 conv=22 ywr=2052928 ps=24 err=0
# [tb] heartbeat t=490000000000 conv=22 ywr=2059776 ps=24 err=0
# [tb] conv 22/63 task=38 done @t=492195310000 oc=128 n=100 k=1152 acc_err=0
# [tb] heartbeat t=500000000000 conv=23 ywr=2066112 ps=24 err=0
# [tb] heartbeat t=510000000000 conv=23 ywr=2072896 ps=24 err=0
# [tb] conv 23/63 task=39 done @t=511688110000 oc=128 n=100 k=1152 acc_err=0
# [tb] heartbeat t=520000000000 conv=24 ywr=2090048 ps=28 err=0
# [tb] conv 24/63 task=42 done @t=525090390000 oc=256 n=100 k=384 acc_err=0
# [tb] conv 25/63 task=43 done @t=529664030000 oc=128 n=100 k=256 acc_err=0
# [tb] heartbeat t=530000000000 conv=26 ywr=2112448 ps=35 err=0
# [tb] heartbeat t=540000000000 conv=26 ywr=2127552 ps=35 err=0
# [tb] conv 26/63 task=48 done @t=547328340000 oc=256 n=100 k=512 acc_err=0
# [tb] heartbeat t=550000000000 conv=27 ywr=2142848 ps=38 err=0
# [tb] heartbeat t=560000000000 conv=27 ywr=2162752 ps=38 err=0
# [tb] heartbeat t=570000000000 conv=27 ywr=2182600 ps=38 err=0
# [tb] conv 27/63 task=51 done @t=573093440000 oc=128 n=400 k=384 acc_err=0
# [tb] heartbeat t=580000000000 conv=28 ywr=2198056 ps=40 err=0
# [tb] heartbeat t=590000000000 conv=28 ywr=2211520 ps=40 err=0
# [tb] conv 28/63 task=54 done @t=592127680000 oc=64 n=400 k=576 acc_err=0
# [tb] heartbeat t=600000000000 conv=29 ywr=2224960 ps=40 err=0
# [tb] heartbeat t=610000000000 conv=29 ywr=2238400 ps=40 err=0
# [tb] conv 29/63 task=55 done @t=611162230000 oc=64 n=400 k=576 acc_err=0
# [tb] heartbeat t=620000000000 conv=30 ywr=2273536 ps=43 err=0
# [tb] conv 30/63 task=57 done @t=624637300000 oc=128 n=400 k=192 acc_err=0
# [tb] heartbeat t=630000000000 conv=31 ywr=2311552 ps=46 err=0
# [tb] heartbeat t=640000000000 conv=31 ywr=2349568 ps=46 err=0
# [tb] heartbeat t=650000000000 conv=31 ywr=2387584 ps=46 err=0
# [tb] conv 31/63 task=60 done @t=651581070000 oc=64 n=1600 k=192 acc_err=0
# [tb] heartbeat t=660000000000 conv=32 ywr=2415552 ps=48 err=0
# [tb] heartbeat t=670000000000 conv=32 ywr=2441600 ps=48 err=0
# [tb] conv 32/63 task=63 done @t=671204690000 oc=32 n=1600 k=288 acc_err=0
# [tb] heartbeat t=680000000000 conv=33 ywr=2467712 ps=48 err=0
# [tb] heartbeat t=690000000000 conv=33 ywr=2493824 ps=48 err=0
# [tb] conv 33/63 task=64 done @t=690828290000 oc=32 n=1600 k=288 acc_err=0
# [tb] heartbeat t=700000000000 conv=34 ywr=2560064 ps=51 err=0
# [tb] conv 34/63 task=66 done @t=705483310000 oc=64 n=1600 k=96 acc_err=0
# [tb] heartbeat t=710000000000 conv=35 ywr=2604416 ps=51 err=0
# [tb] heartbeat t=720000000000 conv=35 ywr=2617920 ps=51 err=0
# [tb] conv 35/63 task=67 done @t=724516900000 oc=64 n=400 k=576 acc_err=0
# [tb] heartbeat t=730000000000 conv=36 ywr=2644800 ps=53 err=0
# [tb] conv 36/63 task=69 done @t=737991910000 oc=128 n=400 k=192 acc_err=0
# [tb] heartbeat t=740000000000 conv=37 ywr=2677880 ps=55 err=0
# [tb] heartbeat t=750000000000 conv=37 ywr=2691328 ps=55 err=0
# [tb] conv 37/63 task=72 done @t=757025070000 oc=64 n=400 k=576 acc_err=0
# [tb] heartbeat t=760000000000 conv=38 ywr=2704768 ps=55 err=0
# [tb] heartbeat t=770000000000 conv=38 ywr=2718208 ps=55 err=0
# [tb] conv 38/63 task=73 done @t=776059450000 oc=64 n=400 k=576 acc_err=0
# [tb] heartbeat t=780000000000 conv=39 ywr=2741312 ps=58 err=0
# [tb] conv 39/63 task=75 done @t=789534250000 oc=128 n=400 k=192 acc_err=0
# [tb] heartbeat t=790000000000 conv=40 ywr=2777856 ps=58 err=0
# [tb] heartbeat t=800000000000 conv=40 ywr=2784704 ps=58 err=0
# [tb] conv 40/63 task=76 done @t=809024550000 oc=128 n=100 k=1152 acc_err=0
# [tb] heartbeat t=810000000000 conv=41 ywr=2792320 ps=60 err=0
# [tb] heartbeat t=820000000000 conv=41 ywr=2812160 ps=60 err=0
# [tb] conv 41/63 task=78 done @t=822427110000 oc=256 n=100 k=384 acc_err=0
# [tb] heartbeat t=830000000000 conv=42 ywr=2821120 ps=62 err=0
# [tb] heartbeat t=840000000000 conv=42 ywr=2827968 ps=62 err=0
# [tb] conv 42/63 task=81 done @t=841917100000 oc=128 n=100 k=1152 acc_err=0
# [tb] heartbeat t=850000000000 conv=43 ywr=2834304 ps=62 err=0
# [tb] heartbeat t=860000000000 conv=43 ywr=2841088 ps=62 err=0
# [tb] conv 43/63 task=82 done @t=861407350000 oc=128 n=100 k=1152 acc_err=0
# [tb] heartbeat t=870000000000 conv=44 ywr=2858624 ps=65 err=0
# [tb] conv 44/63 task=84 done @t=874810020000 oc=256 n=100 k=384 acc_err=0
# [tb] heartbeat t=880000000000 conv=45 ywr=2874112 ps=65 err=0
# [tb] heartbeat t=890000000000 conv=45 ywr=2887616 ps=65 err=0
# [tb] heartbeat t=900000000000 conv=45 ywr=2901056 ps=65 err=0
# [tb] heartbeat t=910000000000 conv=45 ywr=2914496 ps=65 err=0
# [tb] heartbeat t=920000000000 conv=45 ywr=2928000 ps=65 err=0
# [tb] heartbeat t=930000000000 conv=45 ywr=2941440 ps=65 err=0
# [tb] heartbeat t=940000000000 conv=45 ywr=2954880 ps=65 err=0
# [tb] heartbeat t=950000000000 conv=45 ywr=2968320 ps=65 err=0
# [tb] conv 45/63 task=85 done @t=950912000000 oc=64 n=1600 k=576 acc_err=0
# [tb] heartbeat t=960000000000 conv=46 ywr=2981760 ps=65 err=0
# [tb] heartbeat t=970000000000 conv=46 ywr=2995264 ps=65 err=0
# [tb] heartbeat t=980000000000 conv=46 ywr=3008704 ps=65 err=0
# [tb] heartbeat t=990000000000 conv=46 ywr=3022144 ps=65 err=0
# [tb] heartbeat t=1000000000000 conv=46 ywr=3035584 ps=65 err=0
# [tb] heartbeat t=1010000000000 conv=46 ywr=3049088 ps=65 err=0
# [tb] heartbeat t=1020000000000 conv=46 ywr=3062528 ps=65 err=0
# [tb] conv 46/63 task=86 done @t=1027015740000 oc=64 n=1600 k=576 acc_err=0
# [tb] heartbeat t=1030000000000 conv=47 ywr=3100880 ps=65 err=0
# [tb] conv 47/63 task=87 done @t=1037571110000 oc=64 n=1600 k=64 acc_err=0
# [tb] heartbeat t=1040000000000 conv=48 ywr=3177600 ps=65 err=0
# [tb] heartbeat t=1050000000000 conv=48 ywr=3191104 ps=65 err=0
# [tb] heartbeat t=1060000000000 conv=48 ywr=3204544 ps=65 err=0
# [tb] heartbeat t=1070000000000 conv=48 ywr=3217984 ps=65 err=0
# [tb] heartbeat t=1080000000000 conv=48 ywr=3231440 ps=65 err=0
# [tb] heartbeat t=1090000000000 conv=48 ywr=3244928 ps=65 err=0
# [tb] heartbeat t=1100000000000 conv=48 ywr=3258368 ps=65 err=0
# [tb] heartbeat t=1110000000000 conv=48 ywr=3271808 ps=65 err=0
# [tb] conv 48/63 task=88 done @t=1113672040000 oc=64 n=1600 k=576 acc_err=0
# [tb] heartbeat t=1120000000000 conv=49 ywr=3285248 ps=65 err=0
# [tb] heartbeat t=1130000000000 conv=49 ywr=3298752 ps=65 err=0
# [tb] heartbeat t=1140000000000 conv=49 ywr=3312192 ps=65 err=0
# [tb] heartbeat t=1150000000000 conv=49 ywr=3325632 ps=65 err=0
# [tb] heartbeat t=1160000000000 conv=49 ywr=3339072 ps=65 err=0
# [tb] heartbeat t=1170000000000 conv=49 ywr=3352576 ps=65 err=0
# [tb] heartbeat t=1180000000000 conv=49 ywr=3366016 ps=65 err=0
# [tb] conv 49/63 task=89 done @t=1189775310000 oc=64 n=1600 k=576 acc_err=0
# [tb] heartbeat t=1190000000000 conv=50 ywr=3381048 ps=65 err=0
# [tb] conv 50/63 task=90 done @t=1191100230000 oc=7 n=1600 k=64 acc_err=0
# [tb] heartbeat t=1200000000000 conv=51 ywr=3396416 ps=65 err=0
# [tb] heartbeat t=1210000000000 conv=51 ywr=3403264 ps=65 err=0
# [tb] heartbeat t=1220000000000 conv=51 ywr=3410112 ps=65 err=0
# [tb] conv 51/63 task=91 done @t=1228568780000 oc=64 n=400 k=1152 acc_err=0
# [tb] heartbeat t=1230000000000 conv=52 ywr=3417856 ps=65 err=0
# [tb] heartbeat t=1240000000000 conv=52 ywr=3431360 ps=65 err=0
# [tb] conv 52/63 task=92 done @t=1247602380000 oc=64 n=400 k=576 acc_err=0
# [tb] heartbeat t=1250000000000 conv=53 ywr=3464768 ps=65 err=0
# [tb] conv 53/63 task=93 done @t=1250246640000 oc=64 n=400 k=64 acc_err=0
# [tb] heartbeat t=1260000000000 conv=54 ywr=3473792 ps=65 err=0
# [tb] heartbeat t=1270000000000 conv=54 ywr=3480640 ps=65 err=0
# [tb] heartbeat t=1280000000000 conv=54 ywr=3487488 ps=65 err=0
# [tb] conv 54/63 task=94 done @t=1287718460000 oc=64 n=400 k=1152 acc_err=0
# [tb] heartbeat t=1290000000000 conv=55 ywr=3495808 ps=65 err=0
# [tb] heartbeat t=1300000000000 conv=55 ywr=3509312 ps=65 err=0
# [tb] conv 55/63 task=95 done @t=1306752430000 oc=64 n=400 k=576 acc_err=0
# [tb] conv 56/63 task=96 done @t=1307087780000 oc=7 n=400 k=64 acc_err=0
# blk_mem_gen_v8_4_12 WARNING: Address 900 is outside range for B Read
# blk_mem_gen_v8_4_12 WARNING: Address 900 is outside range for B Read
# blk_mem_gen_v8_4_12 WARNING: Address 900 is outside range for B Read
# blk_mem_gen_v8_4_12 WARNING: Address 900 is outside range for B Read
# blk_mem_gen_v8_4_12 WARNING: Address 900 is outside range for B Read
# blk_mem_gen_v8_4_12 WARNING: Address 900 is outside range for B Read
# blk_mem_gen_v8_4_12 WARNING: Address 900 is outside range for B Read
# blk_mem_gen_v8_4_12 WARNING: Address 900 is outside range for B Read
# blk_mem_gen_v8_4_12 WARNING: Address 900 is outside range for B Read
# blk_mem_gen_v8_4_12 WARNING: Address 900 is outside range for B Read
# blk_mem_gen_v8_4_12 WARNING: Address 900 is outside range for B Read
# blk_mem_gen_v8_4_12 WARNING: Address 900 is outside range for B Read
# blk_mem_gen_v8_4_12 WARNING: Address 900 is outside range for B Read
# blk_mem_gen_v8_4_12 WARNING: Address 900 is outside range for B Read
# blk_mem_gen_v8_4_12 WARNING: Address 900 is outside range for B Read
# blk_mem_gen_v8_4_12 WARNING: Address 900 is outside range for B Read
# blk_mem_gen_v8_4_12 WARNING: Address 900 is outside range for B Read
# blk_mem_gen_v8_4_12 WARNING: Address 900 is outside range for B Read
# blk_mem_gen_v8_4_12 WARNING: Address 900 is outside range for B Read
# blk_mem_gen_v8_4_12 WARNING: Address 900 is outside range for B Read
# blk_mem_gen_v8_4_12 WARNING: Address 900 is outside range for B Read
# blk_mem_gen_v8_4_12 WARNING: Address 900 is outside range for B Read
# blk_mem_gen_v8_4_12 WARNING: Address 900 is outside range for B Read
# blk_mem_gen_v8_4_12 WARNING: Address 900 is outside range for B Read
# blk_mem_gen_v8_4_12 WARNING: Address 900 is outside range for B Read
# blk_mem_gen_v8_4_12 WARNING: Address 900 is outside range for B Read
# blk_mem_gen_v8_4_12 WARNING: Address 900 is outside range for B Read
# blk_mem_gen_v8_4_12 WARNING: Address 900 is outside range for B Read
# blk_mem_gen_v8_4_12 WARNING: Address 900 is outside range for B Read
# blk_mem_gen_v8_4_12 WARNING: Address 900 is outside range for B Read
# [tb] heartbeat t=1310000000000 conv=57 ywr=3522160 ps=65 err=0
# blk_mem_gen_v8_4_12 WARNING: Address 900 is outside range for B Read
# blk_mem_gen_v8_4_12 WARNING: Address 900 is outside range for B Read
# blk_mem_gen_v8_4_12 WARNING: Address 900 is outside range for B Read
# blk_mem_gen_v8_4_12 WARNING: Address 900 is outside range for B Read
# blk_mem_gen_v8_4_12 WARNING: Address 900 is outside range for B Read
# blk_mem_gen_v8_4_12 WARNING: Address 900 is outside range for B Read
# blk_mem_gen_v8_4_12 WARNING: Address 900 is outside range for B Read
# blk_mem_gen_v8_4_12 WARNING: Address 900 is outside range for B Read
# blk_mem_gen_v8_4_12 WARNING: Address 900 is outside range for B Read
# blk_mem_gen_v8_4_12 WARNING: Address 900 is outside range for B Read
# blk_mem_gen_v8_4_12 WARNING: Address 900 is outside range for B Read
# blk_mem_gen_v8_4_12 WARNING: Address 900 is outside range for B Read
# blk_mem_gen_v8_4_12 WARNING: Address 900 is outside range for B Read
# blk_mem_gen_v8_4_12 WARNING: Address 900 is outside range for B Read
# blk_mem_gen_v8_4_12 WARNING: Address 900 is outside range for B Read
# blk_mem_gen_v8_4_12 WARNING: Address 900 is outside range for B Read
# blk_mem_gen_v8_4_12 WARNING: Address 900 is outside range for B Read
# blk_mem_gen_v8_4_12 WARNING: Address 900 is outside range for B Read
# blk_mem_gen_v8_4_12 WARNING: Address 900 is outside range for B Read
# blk_mem_gen_v8_4_12 WARNING: Address 900 is outside range for B Read
# blk_mem_gen_v8_4_12 WARNING: Address 900 is outside range for B Read
# blk_mem_gen_v8_4_12 WARNING: Address 900 is outside range for B Read
# blk_mem_gen_v8_4_12 WARNING: Address 900 is outside range for B Read
# blk_mem_gen_v8_4_12 WARNING: Address 900 is outside range for B Read
# blk_mem_gen_v8_4_12 WARNING: Address 900 is outside range for B Read
# blk_mem_gen_v8_4_12 WARNING: Address 900 is outside range for B Read
# blk_mem_gen_v8_4_12 WARNING: Address 900 is outside range for B Read
# blk_mem_gen_v8_4_12 WARNING: Address 900 is outside range for B Read
# blk_mem_gen_v8_4_12 WARNING: Address 900 is outside range for B Read
# blk_mem_gen_v8_4_12 WARNING: Address 900 is outside range for B Read
# blk_mem_gen_v8_4_12 WARNING: Address 900 is outside range for B Read
# blk_mem_gen_v8_4_12 WARNING: Address 900 is outside range for B Read
# blk_mem_gen_v8_4_12 WARNING: Address 900 is outside range for B Read
# blk_mem_gen_v8_4_12 WARNING: Address 900 is outside range for B Read
# blk_mem_gen_v8_4_12 WARNING: Address 900 is outside range for B Read
# blk_mem_gen_v8_4_12 WARNING: Address 900 is outside range for B Read
# blk_mem_gen_v8_4_12 WARNING: Address 900 is outside range for B Read
# blk_mem_gen_v8_4_12 WARNING: Address 900 is outside range for B Read
# blk_mem_gen_v8_4_12 WARNING: Address 900 is outside range for B Read
# blk_mem_gen_v8_4_12 WARNING: Address 900 is outside range for B Read
# blk_mem_gen_v8_4_12 WARNING: Address 900 is outside range for B Read
# blk_mem_gen_v8_4_12 WARNING: Address 900 is outside range for B Read
# blk_mem_gen_v8_4_12 WARNING: Address 900 is outside range for B Read
# blk_mem_gen_v8_4_12 WARNING: Address 900 is outside range for B Read
# blk_mem_gen_v8_4_12 WARNING: Address 900 is outside range for B Read
# blk_mem_gen_v8_4_12 WARNING: Address 900 is outside range for B Read
# blk_mem_gen_v8_4_12 WARNING: Address 900 is outside range for B Read
# blk_mem_gen_v8_4_12 WARNING: Address 900 is outside range for B Read
# blk_mem_gen_v8_4_12 WARNING: Address 900 is outside range for B Read
# blk_mem_gen_v8_4_12 WARNING: Address 900 is outside range for B Read
# blk_mem_gen_v8_4_12 WARNING: Address 900 is outside range for B Read
# blk_mem_gen_v8_4_12 WARNING: Address 900 is outside range for B Read
# blk_mem_gen_v8_4_12 WARNING: Address 900 is outside range for B Read
# blk_mem_gen_v8_4_12 WARNING: Address 900 is outside range for B Read
# blk_mem_gen_v8_4_12 WARNING: Address 900 is outside range for B Read
# blk_mem_gen_v8_4_12 WARNING: Address 900 is outside range for B Read
# blk_mem_gen_v8_4_12 WARNING: Address 900 is outside range for B Read
# blk_mem_gen_v8_4_12 WARNING: Address 900 is outside range for B Read
# blk_mem_gen_v8_4_12 WARNING: Address 900 is outside range for B Read
# blk_mem_gen_v8_4_12 WARNING: Address 900 is outside range for B Read
# blk_mem_gen_v8_4_12 WARNING: Address 900 is outside range for B Read
# blk_mem_gen_v8_4_12 WARNING: Address 900 is outside range for B Read
# blk_mem_gen_v8_4_12 WARNING: Address 900 is outside range for B Read
# blk_mem_gen_v8_4_12 WARNING: Address 900 is outside range for B Read
# blk_mem_gen_v8_4_12 WARNING: Address 900 is outside range for B Read
# blk_mem_gen_v8_4_12 WARNING: Address 900 is outside range for B Read
# blk_mem_gen_v8_4_12 WARNING: Address 900 is outside range for B Read
# blk_mem_gen_v8_4_12 WARNING: Address 900 is outside range for B Read
# blk_mem_gen_v8_4_12 WARNING: Address 900 is outside range for B Read
# blk_mem_gen_v8_4_12 WARNING: Address 900 is outside range for B Read
# blk_mem_gen_v8_4_12 WARNING: Address 900 is outside range for B Read
# blk_mem_gen_v8_4_12 WARNING: Address 900 is outside range for B Read
# blk_mem_gen_v8_4_12 WARNING: Address 900 is outside range for B Read
# blk_mem_gen_v8_4_12 WARNING: Address 900 is outside range for B Read
# blk_mem_gen_v8_4_12 WARNING: Address 900 is outside range for B Read
# blk_mem_gen_v8_4_12 WARNING: Address 900 is outside range for B Read
# blk_mem_gen_v8_4_12 WARNING: Address 900 is outside range for B Read
# blk_mem_gen_v8_4_12 WARNING: Address 900 is outside range for B Read
# blk_mem_gen_v8_4_12 WARNING: Address 900 is outside range for B Read
# blk_mem_gen_v8_4_12 WARNING: Address 900 is outside range for B Read
# blk_mem_gen_v8_4_12 WARNING: Address 900 is outside range for B Read
# blk_mem_gen_v8_4_12 WARNING: Address 900 is outside range for B Read
# blk_mem_gen_v8_4_12 WARNING: Address 900 is outside range for B Read
# blk_mem_gen_v8_4_12 WARNING: Address 900 is outside range for B Read
# blk_mem_gen_v8_4_12 WARNING: Address 900 is outside range for B Read
# blk_mem_gen_v8_4_12 WARNING: Address 900 is outside range for B Read
# blk_mem_gen_v8_4_12 WARNING: Address 900 is outside range for B Read
# blk_mem_gen_v8_4_12 WARNING: Address 900 is outside range for B Read
# blk_mem_gen_v8_4_12 WARNING: Address 900 is outside range for B Read
# blk_mem_gen_v8_4_12 WARNING: Address 900 is outside range for B Read
# blk_mem_gen_v8_4_12 WARNING: Address 900 is outside range for B Read
# blk_mem_gen_v8_4_12 WARNING: Address 900 is outside range for B Read
# blk_mem_gen_v8_4_12 WARNING: Address 900 is outside range for B Read
# blk_mem_gen_v8_4_12 WARNING: Address 900 is outside range for B Read
# blk_mem_gen_v8_4_12 WARNING: Address 900 is outside range for B Read
# blk_mem_gen_v8_4_12 WARNING: Address 900 is outside range for B Read
# blk_mem_gen_v8_4_12 WARNING: Address 900 is outside range for B Read
# blk_mem_gen_v8_4_12 WARNING: Address 900 is outside range for B Read
# blk_mem_gen_v8_4_12 WARNING: Address 900 is outside range for B Read
# blk_mem_gen_v8_4_12 WARNING: Address 900 is outside range for B Read
# blk_mem_gen_v8_4_12 WARNING: Address 900 is outside range for B Read
# blk_mem_gen_v8_4_12 WARNING: Address 900 is outside range for B Read
# blk_mem_gen_v8_4_12 WARNING: Address 900 is outside range for B Read
# blk_mem_gen_v8_4_12 WARNING: Address 900 is outside range for B Read
# blk_mem_gen_v8_4_12 WARNING: Address 900 is outside range for B Read
# blk_mem_gen_v8_4_12 WARNING: Address 900 is outside range for B Read
# blk_mem_gen_v8_4_12 WARNING: Address 900 is outside range for B Read
# blk_mem_gen_v8_4_12 WARNING: Address 900 is outside range for B Read
# [tb] heartbeat t=1320000000000 conv=57 ywr=3525616 ps=65 err=0
# blk_mem_gen_v8_4_12 WARNING: Address 900 is outside range for B Read
# blk_mem_gen_v8_4_12 WARNING: Address 900 is outside range for B Read
# blk_mem_gen_v8_4_12 WARNING: Address 900 is outside range for B Read
# blk_mem_gen_v8_4_12 WARNING: Address 900 is outside range for B Read
# blk_mem_gen_v8_4_12 WARNING: Address 900 is outside range for B Read
# blk_mem_gen_v8_4_12 WARNING: Address 900 is outside range for B Read
# blk_mem_gen_v8_4_12 WARNING: Address 900 is outside range for B Read
# blk_mem_gen_v8_4_12 WARNING: Address 900 is outside range for B Read
# blk_mem_gen_v8_4_12 WARNING: Address 900 is outside range for B Read
# blk_mem_gen_v8_4_12 WARNING: Address 900 is outside range for B Read
# blk_mem_gen_v8_4_12 WARNING: Address 900 is outside range for B Read
# blk_mem_gen_v8_4_12 WARNING: Address 900 is outside range for B Read
# blk_mem_gen_v8_4_12 WARNING: Address 900 is outside range for B Read
# blk_mem_gen_v8_4_12 WARNING: Address 900 is outside range for B Read
# blk_mem_gen_v8_4_12 WARNING: Address 900 is outside range for B Read
# blk_mem_gen_v8_4_12 WARNING: Address 900 is outside range for B Read
# blk_mem_gen_v8_4_12 WARNING: Address 900 is outside range for B Read
# blk_mem_gen_v8_4_12 WARNING: Address 900 is outside range for B Read
# blk_mem_gen_v8_4_12 WARNING: Address 900 is outside range for B Read
# blk_mem_gen_v8_4_12 WARNING: Address 900 is outside range for B Read
# blk_mem_gen_v8_4_12 WARNING: Address 900 is outside range for B Read
# blk_mem_gen_v8_4_12 WARNING: Address 900 is outside range for B Read
# blk_mem_gen_v8_4_12 WARNING: Address 900 is outside range for B Read
# blk_mem_gen_v8_4_12 WARNING: Address 900 is outside range for B Read
# blk_mem_gen_v8_4_12 WARNING: Address 900 is outside range for B Read
# blk_mem_gen_v8_4_12 WARNING: Address 900 is outside range for B Read
# blk_mem_gen_v8_4_12 WARNING: Address 900 is outside range for B Read
# blk_mem_gen_v8_4_12 WARNING: Address 900 is outside range for B Read
# blk_mem_gen_v8_4_12 WARNING: Address 900 is outside range for B Read
# blk_mem_gen_v8_4_12 WARNING: Address 900 is outside range for B Read
# blk_mem_gen_v8_4_12 WARNING: Address 900 is outside range for B Read
# blk_mem_gen_v8_4_12 WARNING: Address 900 is outside range for B Read
# blk_mem_gen_v8_4_12 WARNING: Address 900 is outside range for B Read
# blk_mem_gen_v8_4_12 WARNING: Address 900 is outside range for B Read
# blk_mem_gen_v8_4_12 WARNING: Address 900 is outside range for B Read
# blk_mem_gen_v8_4_12 WARNING: Address 900 is outside range for B Read
# blk_mem_gen_v8_4_12 WARNING: Address 900 is outside range for B Read
# blk_mem_gen_v8_4_12 WARNING: Address 900 is outside range for B Read
# blk_mem_gen_v8_4_12 WARNING: Address 900 is outside range for B Read
# blk_mem_gen_v8_4_12 WARNING: Address 900 is outside range for B Read
# blk_mem_gen_v8_4_12 WARNING: Address 900 is outside range for B Read
# blk_mem_gen_v8_4_12 WARNING: Address 900 is outside range for B Read
# blk_mem_gen_v8_4_12 WARNING: Address 900 is outside range for B Read
# blk_mem_gen_v8_4_12 WARNING: Address 900 is outside range for B Read
# blk_mem_gen_v8_4_12 WARNING: Address 900 is outside range for B Read
# blk_mem_gen_v8_4_12 WARNING: Address 900 is outside range for B Read
# blk_mem_gen_v8_4_12 WARNING: Address 900 is outside range for B Read
# blk_mem_gen_v8_4_12 WARNING: Address 900 is outside range for B Read
# blk_mem_gen_v8_4_12 WARNING: Address 900 is outside range for B Read
# blk_mem_gen_v8_4_12 WARNING: Address 900 is outside range for B Read
# blk_mem_gen_v8_4_12 WARNING: Address 900 is outside range for B Read
# blk_mem_gen_v8_4_12 WARNING: Address 900 is outside range for B Read
# blk_mem_gen_v8_4_12 WARNING: Address 900 is outside range for B Read
# blk_mem_gen_v8_4_12 WARNING: Address 900 is outside range for B Read
# blk_mem_gen_v8_4_12 WARNING: Address 900 is outside range for B Read
# blk_mem_gen_v8_4_12 WARNING: Address 900 is outside range for B Read
# blk_mem_gen_v8_4_12 WARNING: Address 900 is outside range for B Read
# blk_mem_gen_v8_4_12 WARNING: Address 900 is outside range for B Read
# blk_mem_gen_v8_4_12 WARNING: Address 900 is outside range for B Read
# blk_mem_gen_v8_4_12 WARNING: Address 900 is outside range for B Read
# blk_mem_gen_v8_4_12 WARNING: Address 900 is outside range for B Read
# blk_mem_gen_v8_4_12 WARNING: Address 900 is outside range for B Read
# blk_mem_gen_v8_4_12 WARNING: Address 900 is outside range for B Read
# blk_mem_gen_v8_4_12 WARNING: Address 900 is outside range for B Read
# blk_mem_gen_v8_4_12 WARNING: Address 900 is outside range for B Read
# blk_mem_gen_v8_4_12 WARNING: Address 900 is outside range for B Read
# blk_mem_gen_v8_4_12 WARNING: Address 900 is outside range for B Read
# blk_mem_gen_v8_4_12 WARNING: Address 900 is outside range for B Read
# blk_mem_gen_v8_4_12 WARNING: Address 900 is outside range for B Read
# blk_mem_gen_v8_4_12 WARNING: Address 900 is outside range for B Read
# [tb] conv 57/63 task=97 done @t=1326439610000 oc=64 n=100 k=2304 acc_err=0
# [tb] heartbeat t=1330000000000 conv=58 ywr=3532336 ps=65 err=0
# [tb] conv 58/63 task=98 done @t=1331395920000 oc=64 n=100 k=576 acc_err=0
# [tb] conv 59/63 task=99 done @t=1332087130000 oc=64 n=100 k=64 acc_err=0
# blk_mem_gen_v8_4_12 WARNING: Address 900 is outside range for B Read
# blk_mem_gen_v8_4_12 WARNING: Address 900 is outside range for B Read
# blk_mem_gen_v8_4_12 WARNING: Address 900 is outside range for B Read
# blk_mem_gen_v8_4_12 WARNING: Address 900 is outside range for B Read
# blk_mem_gen_v8_4_12 WARNING: Address 900 is outside range for B Read
# blk_mem_gen_v8_4_12 WARNING: Address 900 is outside range for B Read
# blk_mem_gen_v8_4_12 WARNING: Address 900 is outside range for B Read
# blk_mem_gen_v8_4_12 WARNING: Address 900 is outside range for B Read
# blk_mem_gen_v8_4_12 WARNING: Address 900 is outside range for B Read
# blk_mem_gen_v8_4_12 WARNING: Address 900 is outside range for B Read
# blk_mem_gen_v8_4_12 WARNING: Address 900 is outside range for B Read
# blk_mem_gen_v8_4_12 WARNING: Address 900 is outside range for B Read
# blk_mem_gen_v8_4_12 WARNING: Address 900 is outside range for B Read
# blk_mem_gen_v8_4_12 WARNING: Address 900 is outside range for B Read
# blk_mem_gen_v8_4_12 WARNING: Address 900 is outside range for B Read
# blk_mem_gen_v8_4_12 WARNING: Address 900 is outside range for B Read
# blk_mem_gen_v8_4_12 WARNING: Address 900 is outside range for B Read
# blk_mem_gen_v8_4_12 WARNING: Address 900 is outside range for B Read
# blk_mem_gen_v8_4_12 WARNING: Address 900 is outside range for B Read
# blk_mem_gen_v8_4_12 WARNING: Address 900 is outside range for B Read
# blk_mem_gen_v8_4_12 WARNING: Address 900 is outside range for B Read
# blk_mem_gen_v8_4_12 WARNING: Address 900 is outside range for B Read
# blk_mem_gen_v8_4_12 WARNING: Address 900 is outside range for B Read
# blk_mem_gen_v8_4_12 WARNING: Address 900 is outside range for B Read
# blk_mem_gen_v8_4_12 WARNING: Address 900 is outside range for B Read
# blk_mem_gen_v8_4_12 WARNING: Address 900 is outside range for B Read
# blk_mem_gen_v8_4_12 WARNING: Address 900 is outside range for B Read
# blk_mem_gen_v8_4_12 WARNING: Address 900 is outside range for B Read
# blk_mem_gen_v8_4_12 WARNING: Address 900 is outside range for B Read
# blk_mem_gen_v8_4_12 WARNING: Address 900 is outside range for B Read
# blk_mem_gen_v8_4_12 WARNING: Address 900 is outside range for B Read
# blk_mem_gen_v8_4_12 WARNING: Address 900 is outside range for B Read
# blk_mem_gen_v8_4_12 WARNING: Address 900 is outside range for B Read
# blk_mem_gen_v8_4_12 WARNING: Address 900 is outside range for B Read
# blk_mem_gen_v8_4_12 WARNING: Address 900 is outside range for B Read
# blk_mem_gen_v8_4_12 WARNING: Address 900 is outside range for B Read
# blk_mem_gen_v8_4_12 WARNING: Address 900 is outside range for B Read
# blk_mem_gen_v8_4_12 WARNING: Address 900 is outside range for B Read
# blk_mem_gen_v8_4_12 WARNING: Address 900 is outside range for B Read
# blk_mem_gen_v8_4_12 WARNING: Address 900 is outside range for B Read
# blk_mem_gen_v8_4_12 WARNING: Address 900 is outside range for B Read
# blk_mem_gen_v8_4_12 WARNING: Address 900 is outside range for B Read
# blk_mem_gen_v8_4_12 WARNING: Address 900 is outside range for B Read
# blk_mem_gen_v8_4_12 WARNING: Address 900 is outside range for B Read
# blk_mem_gen_v8_4_12 WARNING: Address 900 is outside range for B Read
# blk_mem_gen_v8_4_12 WARNING: Address 900 is outside range for B Read
# blk_mem_gen_v8_4_12 WARNING: Address 900 is outside range for B Read
# blk_mem_gen_v8_4_12 WARNING: Address 900 is outside range for B Read
# blk_mem_gen_v8_4_12 WARNING: Address 900 is outside range for B Read
# blk_mem_gen_v8_4_12 WARNING: Address 900 is outside range for B Read
# blk_mem_gen_v8_4_12 WARNING: Address 900 is outside range for B Read
# blk_mem_gen_v8_4_12 WARNING: Address 900 is outside range for B Read
# blk_mem_gen_v8_4_12 WARNING: Address 900 is outside range for B Read
# blk_mem_gen_v8_4_12 WARNING: Address 900 is outside range for B Read
# blk_mem_gen_v8_4_12 WARNING: Address 900 is outside range for B Read
# blk_mem_gen_v8_4_12 WARNING: Address 900 is outside range for B Read
# blk_mem_gen_v8_4_12 WARNING: Address 900 is outside range for B Read
# blk_mem_gen_v8_4_12 WARNING: Address 900 is outside range for B Read
# blk_mem_gen_v8_4_12 WARNING: Address 900 is outside range for B Read
# blk_mem_gen_v8_4_12 WARNING: Address 900 is outside range for B Read
# blk_mem_gen_v8_4_12 WARNING: Address 900 is outside range for B Read
# blk_mem_gen_v8_4_12 WARNING: Address 900 is outside range for B Read
# blk_mem_gen_v8_4_12 WARNING: Address 900 is outside range for B Read
# blk_mem_gen_v8_4_12 WARNING: Address 900 is outside range for B Read
# blk_mem_gen_v8_4_12 WARNING: Address 900 is outside range for B Read
# blk_mem_gen_v8_4_12 WARNING: Address 900 is outside range for B Read
# blk_mem_gen_v8_4_12 WARNING: Address 900 is outside range for B Read
# blk_mem_gen_v8_4_12 WARNING: Address 900 is outside range for B Read
# blk_mem_gen_v8_4_12 WARNING: Address 900 is outside range for B Read
# blk_mem_gen_v8_4_12 WARNING: Address 900 is outside range for B Read
# blk_mem_gen_v8_4_12 WARNING: Address 900 is outside range for B Read
# blk_mem_gen_v8_4_12 WARNING: Address 900 is outside range for B Read
# blk_mem_gen_v8_4_12 WARNING: Address 900 is outside range for B Read
# blk_mem_gen_v8_4_12 WARNING: Address 900 is outside range for B Read
# blk_mem_gen_v8_4_12 WARNING: Address 900 is outside range for B Read
# blk_mem_gen_v8_4_12 WARNING: Address 900 is outside range for B Read
# blk_mem_gen_v8_4_12 WARNING: Address 900 is outside range for B Read
# blk_mem_gen_v8_4_12 WARNING: Address 900 is outside range for B Read
# blk_mem_gen_v8_4_12 WARNING: Address 900 is outside range for B Read
# blk_mem_gen_v8_4_12 WARNING: Address 900 is outside range for B Read
# blk_mem_gen_v8_4_12 WARNING: Address 900 is outside range for B Read
# blk_mem_gen_v8_4_12 WARNING: Address 900 is outside range for B Read
# blk_mem_gen_v8_4_12 WARNING: Address 900 is outside range for B Read
# blk_mem_gen_v8_4_12 WARNING: Address 900 is outside range for B Read
# [tb] heartbeat t=1340000000000 conv=60 ywr=3543088 ps=65 err=0
# blk_mem_gen_v8_4_12 WARNING: Address 900 is outside range for B Read
# blk_mem_gen_v8_4_12 WARNING: Address 900 is outside range for B Read
# blk_mem_gen_v8_4_12 WARNING: Address 900 is outside range for B Read
# blk_mem_gen_v8_4_12 WARNING: Address 900 is outside range for B Read
# blk_mem_gen_v8_4_12 WARNING: Address 900 is outside range for B Read
# blk_mem_gen_v8_4_12 WARNING: Address 900 is outside range for B Read
# blk_mem_gen_v8_4_12 WARNING: Address 900 is outside range for B Read
# blk_mem_gen_v8_4_12 WARNING: Address 900 is outside range for B Read
# blk_mem_gen_v8_4_12 WARNING: Address 900 is outside range for B Read
# blk_mem_gen_v8_4_12 WARNING: Address 900 is outside range for B Read
# blk_mem_gen_v8_4_12 WARNING: Address 900 is outside range for B Read
# blk_mem_gen_v8_4_12 WARNING: Address 900 is outside range for B Read
# blk_mem_gen_v8_4_12 WARNING: Address 900 is outside range for B Read
# blk_mem_gen_v8_4_12 WARNING: Address 900 is outside range for B Read
# blk_mem_gen_v8_4_12 WARNING: Address 900 is outside range for B Read
# blk_mem_gen_v8_4_12 WARNING: Address 900 is outside range for B Read
# blk_mem_gen_v8_4_12 WARNING: Address 900 is outside range for B Read
# blk_mem_gen_v8_4_12 WARNING: Address 900 is outside range for B Read
# blk_mem_gen_v8_4_12 WARNING: Address 900 is outside range for B Read
# blk_mem_gen_v8_4_12 WARNING: Address 900 is outside range for B Read
# blk_mem_gen_v8_4_12 WARNING: Address 900 is outside range for B Read
# blk_mem_gen_v8_4_12 WARNING: Address 900 is outside range for B Read
# blk_mem_gen_v8_4_12 WARNING: Address 900 is outside range for B Read
# blk_mem_gen_v8_4_12 WARNING: Address 900 is outside range for B Read
# blk_mem_gen_v8_4_12 WARNING: Address 900 is outside range for B Read
# blk_mem_gen_v8_4_12 WARNING: Address 900 is outside range for B Read
# blk_mem_gen_v8_4_12 WARNING: Address 900 is outside range for B Read
# blk_mem_gen_v8_4_12 WARNING: Address 900 is outside range for B Read
# blk_mem_gen_v8_4_12 WARNING: Address 900 is outside range for B Read
# blk_mem_gen_v8_4_12 WARNING: Address 900 is outside range for B Read
# blk_mem_gen_v8_4_12 WARNING: Address 900 is outside range for B Read
# blk_mem_gen_v8_4_12 WARNING: Address 900 is outside range for B Read
# blk_mem_gen_v8_4_12 WARNING: Address 900 is outside range for B Read
# blk_mem_gen_v8_4_12 WARNING: Address 900 is outside range for B Read
# blk_mem_gen_v8_4_12 WARNING: Address 900 is outside range for B Read
# blk_mem_gen_v8_4_12 WARNING: Address 900 is outside range for B Read
# blk_mem_gen_v8_4_12 WARNING: Address 900 is outside range for B Read
# blk_mem_gen_v8_4_12 WARNING: Address 900 is outside range for B Read
# blk_mem_gen_v8_4_12 WARNING: Address 900 is outside range for B Read
# blk_mem_gen_v8_4_12 WARNING: Address 900 is outside range for B Read
# blk_mem_gen_v8_4_12 WARNING: Address 900 is outside range for B Read
# blk_mem_gen_v8_4_12 WARNING: Address 900 is outside range for B Read
# blk_mem_gen_v8_4_12 WARNING: Address 900 is outside range for B Read
# blk_mem_gen_v8_4_12 WARNING: Address 900 is outside range for B Read
# blk_mem_gen_v8_4_12 WARNING: Address 900 is outside range for B Read
# blk_mem_gen_v8_4_12 WARNING: Address 900 is outside range for B Read
# blk_mem_gen_v8_4_12 WARNING: Address 900 is outside range for B Read
# blk_mem_gen_v8_4_12 WARNING: Address 900 is outside range for B Read
# blk_mem_gen_v8_4_12 WARNING: Address 900 is outside range for B Read
# blk_mem_gen_v8_4_12 WARNING: Address 900 is outside range for B Read
# blk_mem_gen_v8_4_12 WARNING: Address 900 is outside range for B Read
# blk_mem_gen_v8_4_12 WARNING: Address 900 is outside range for B Read
# blk_mem_gen_v8_4_12 WARNING: Address 900 is outside range for B Read
# blk_mem_gen_v8_4_12 WARNING: Address 900 is outside range for B Read
# blk_mem_gen_v8_4_12 WARNING: Address 900 is outside range for B Read
# blk_mem_gen_v8_4_12 WARNING: Address 900 is outside range for B Read
# blk_mem_gen_v8_4_12 WARNING: Address 900 is outside range for B Read
# blk_mem_gen_v8_4_12 WARNING: Address 900 is outside range for B Read
# blk_mem_gen_v8_4_12 WARNING: Address 900 is outside range for B Read
# blk_mem_gen_v8_4_12 WARNING: Address 900 is outside range for B Read
# blk_mem_gen_v8_4_12 WARNING: Address 900 is outside range for B Read
# blk_mem_gen_v8_4_12 WARNING: Address 900 is outside range for B Read
# blk_mem_gen_v8_4_12 WARNING: Address 900 is outside range for B Read
# blk_mem_gen_v8_4_12 WARNING: Address 900 is outside range for B Read
# blk_mem_gen_v8_4_12 WARNING: Address 900 is outside range for B Read
# blk_mem_gen_v8_4_12 WARNING: Address 900 is outside range for B Read
# blk_mem_gen_v8_4_12 WARNING: Address 900 is outside range for B Read
# blk_mem_gen_v8_4_12 WARNING: Address 900 is outside range for B Read
# blk_mem_gen_v8_4_12 WARNING: Address 900 is outside range for B Read
# blk_mem_gen_v8_4_12 WARNING: Address 900 is outside range for B Read
# blk_mem_gen_v8_4_12 WARNING: Address 900 is outside range for B Read
# blk_mem_gen_v8_4_12 WARNING: Address 900 is outside range for B Read
# blk_mem_gen_v8_4_12 WARNING: Address 900 is outside range for B Read
# blk_mem_gen_v8_4_12 WARNING: Address 900 is outside range for B Read
# blk_mem_gen_v8_4_12 WARNING: Address 900 is outside range for B Read
# blk_mem_gen_v8_4_12 WARNING: Address 900 is outside range for B Read
# blk_mem_gen_v8_4_12 WARNING: Address 900 is outside range for B Read
# blk_mem_gen_v8_4_12 WARNING: Address 900 is outside range for B Read
# blk_mem_gen_v8_4_12 WARNING: Address 900 is outside range for B Read
# blk_mem_gen_v8_4_12 WARNING: Address 900 is outside range for B Read
# blk_mem_gen_v8_4_12 WARNING: Address 900 is outside range for B Read
# blk_mem_gen_v8_4_12 WARNING: Address 900 is outside range for B Read
# blk_mem_gen_v8_4_12 WARNING: Address 900 is outside range for B Read
# blk_mem_gen_v8_4_12 WARNING: Address 900 is outside range for B Read
# blk_mem_gen_v8_4_12 WARNING: Address 900 is outside range for B Read
# blk_mem_gen_v8_4_12 WARNING: Address 900 is outside range for B Read
# blk_mem_gen_v8_4_12 WARNING: Address 900 is outside range for B Read
# blk_mem_gen_v8_4_12 WARNING: Address 900 is outside range for B Read
# blk_mem_gen_v8_4_12 WARNING: Address 900 is outside range for B Read
# blk_mem_gen_v8_4_12 WARNING: Address 900 is outside range for B Read
# blk_mem_gen_v8_4_12 WARNING: Address 900 is outside range for B Read
# blk_mem_gen_v8_4_12 WARNING: Address 900 is outside range for B Read
# blk_mem_gen_v8_4_12 WARNING: Address 900 is outside range for B Read
# blk_mem_gen_v8_4_12 WARNING: Address 900 is outside range for B Read
# blk_mem_gen_v8_4_12 WARNING: Address 900 is outside range for B Read
# blk_mem_gen_v8_4_12 WARNING: Address 900 is outside range for B Read
# blk_mem_gen_v8_4_12 WARNING: Address 900 is outside range for B Read
# blk_mem_gen_v8_4_12 WARNING: Address 900 is outside range for B Read
# blk_mem_gen_v8_4_12 WARNING: Address 900 is outside range for B Read
# blk_mem_gen_v8_4_12 WARNING: Address 900 is outside range for B Read
# blk_mem_gen_v8_4_12 WARNING: Address 900 is outside range for B Read
# blk_mem_gen_v8_4_12 WARNING: Address 900 is outside range for B Read
# blk_mem_gen_v8_4_12 WARNING: Address 900 is outside range for B Read
# blk_mem_gen_v8_4_12 WARNING: Address 900 is outside range for B Read
# blk_mem_gen_v8_4_12 WARNING: Address 900 is outside range for B Read
# blk_mem_gen_v8_4_12 WARNING: Address 900 is outside range for B Read
# blk_mem_gen_v8_4_12 WARNING: Address 900 is outside range for B Read
# blk_mem_gen_v8_4_12 WARNING: Address 900 is outside range for B Read
# [tb] heartbeat t=1350000000000 conv=60 ywr=3546544 ps=65 err=0
# blk_mem_gen_v8_4_12 WARNING: Address 900 is outside range for B Read
# blk_mem_gen_v8_4_12 WARNING: Address 900 is outside range for B Read
# blk_mem_gen_v8_4_12 WARNING: Address 900 is outside range for B Read
# blk_mem_gen_v8_4_12 WARNING: Address 900 is outside range for B Read
# blk_mem_gen_v8_4_12 WARNING: Address 900 is outside range for B Read
# blk_mem_gen_v8_4_12 WARNING: Address 900 is outside range for B Read
# blk_mem_gen_v8_4_12 WARNING: Address 900 is outside range for B Read
# blk_mem_gen_v8_4_12 WARNING: Address 900 is outside range for B Read
# blk_mem_gen_v8_4_12 WARNING: Address 900 is outside range for B Read
# blk_mem_gen_v8_4_12 WARNING: Address 900 is outside range for B Read
# blk_mem_gen_v8_4_12 WARNING: Address 900 is outside range for B Read
# blk_mem_gen_v8_4_12 WARNING: Address 900 is outside range for B Read
# blk_mem_gen_v8_4_12 WARNING: Address 900 is outside range for B Read
# blk_mem_gen_v8_4_12 WARNING: Address 900 is outside range for B Read
# blk_mem_gen_v8_4_12 WARNING: Address 900 is outside range for B Read
# blk_mem_gen_v8_4_12 WARNING: Address 900 is outside range for B Read
# [tb] conv 60/63 task=100 done @t=1351439060000 oc=64 n=100 k=2304 acc_err=0
# [tb] conv 61/63 task=101 done @t=1356395680000 oc=64 n=100 k=576 acc_err=0
# [tb] conv 62/63 task=102 done @t=1356486600000 oc=7 n=100 k=64 acc_err=0
# [tb] heads dumped 149100 bytes -> head_dump.bin
# TB_FULLNET_PASS convs=63 psops=65 compared=3553900 dut_wr=3553900 head_bytes=149100 ldone=63 adone=1
# ** Note: $finish    : ../tb_yolo_fullnet.v(824)
#    Time: 1356486770 ns  Iteration: 1  Instance: /tb_yolo_fullnet
