Copyright 1986-2022 Xilinx, Inc. All Rights Reserved. Copyright 2022-2025 Advanced Micro Devices, Inc. All Rights Reserved.
---------------------------------------------------------------------------------------------------------------------------------------------
| Tool Version : Vivado v.2025.2 (win64) Build 6299465 Fri Nov 14 19:35:11 GMT 2025
| Date         : Wed Sep 16 22:24:46 2026
| Host         : HC-202510241838 running 64-bit major release  (build 9200)
| Command      : report_timing_summary -file E:/competition/2_fpga/3_yolo_zynq/proj/ooc_gate/ooc_v14_timing.rpt
| Design       : yolo_engine_top
| Device       : 7z020-clg484
| Speed File   : -1  PRODUCTION 1.12 2019-11-22
| Design State : Routed
---------------------------------------------------------------------------------------------------------------------------------------------

Timing Summary Report

------------------------------------------------------------------------------------------------
| Timer Settings
| --------------
------------------------------------------------------------------------------------------------

  Enable Multi Corner Analysis               :  Yes
  Enable Pessimism Removal                   :  Yes
  Pessimism Removal Resolution               :  Nearest Common Node
  Enable Input Delay Default Clock           :  No
  Enable Preset / Clear Arcs                 :  No
  Disable Flight Delays                      :  No
  Ignore I/O Paths                           :  No
  Timing Early Launch at Borrowing Latches   :  No
  Borrow Time for Max Delay Exceptions       :  Yes
  Merge Timing Exceptions                    :  Yes
  Inter-SLR Compensation                     :  Conservative

  Corner  Analyze    Analyze    
  Name    Max Paths  Min Paths  
  ------  ---------  ---------  
  Slow    Yes        Yes        
  Fast    Yes        Yes        


------------------------------------------------------------------------------------------------
| Report Methodology
| ------------------
------------------------------------------------------------------------------------------------

No report available as report_methodology has not been run prior. Run report_methodology on the current design for the summary of methodology violations.



check_timing report

Table of Contents
-----------------
1. checking no_clock (0)
2. checking constant_clock (0)
3. checking pulse_width_clock (0)
4. checking unconstrained_internal_endpoints (0)
5. checking no_input_delay (147)
6. checking no_output_delay (224)
7. checking multiple_clock (0)
8. checking generated_clocks (0)
9. checking loops (0)
10. checking partial_input_delay (0)
11. checking partial_output_delay (0)
12. checking latch_loops (0)

1. checking no_clock (0)
------------------------
 There are 0 register/latch pins with no clock.


2. checking constant_clock (0)
------------------------------
 There are 0 register/latch pins with constant_clock.


3. checking pulse_width_clock (0)
---------------------------------
 There are 0 register/latch pins which need pulse_width check


4. checking unconstrained_internal_endpoints (0)
------------------------------------------------
 There are 0 pins that are not constrained for maximum delay.

 There are 0 pins that are not constrained for maximum delay due to constant clock.


5. checking no_input_delay (147)
--------------------------------
 There are 147 input ports with no input delay specified. (HIGH)

 There are 0 input ports with no input delay but user has a false path constraint.


6. checking no_output_delay (224)
---------------------------------
 There are 224 ports with no output delay specified. (HIGH)

 There are 0 ports with no output delay but user has a false path constraint

 There are 0 ports with no output delay but with a timing clock defined on it or propagating through it


7. checking multiple_clock (0)
------------------------------
 There are 0 register/latch pins with multiple clocks.


8. checking generated_clocks (0)
--------------------------------
 There are 0 generated clocks that are not connected to a clock source.


9. checking loops (0)
---------------------
 There are 0 combinational loops in the design.


10. checking partial_input_delay (0)
------------------------------------
 There are 0 input ports with partial input delay specified.


11. checking partial_output_delay (0)
-------------------------------------
 There are 0 ports with partial output delay specified.


12. checking latch_loops (0)
----------------------------
 There are 0 combinational latch loops in the design through latch input



------------------------------------------------------------------------------------------------
| Design Timing Summary
| ---------------------
------------------------------------------------------------------------------------------------

    WNS(ns)      TNS(ns)  TNS Failing Endpoints  TNS Total Endpoints      WHS(ns)      THS(ns)  THS Failing Endpoints  THS Total Endpoints     WPWS(ns)     TPWS(ns)  TPWS Failing Endpoints  TPWS Total Endpoints  
    -------      -------  ---------------------  -------------------      -------      -------  ---------------------  -------------------     --------     --------  ----------------------  --------------------  
     -6.507   -32590.291                  17854                29956        0.108        0.000                      0                29956        2.083        0.000                       0                 14455  


Timing constraints are not met.


------------------------------------------------------------------------------------------------
| Clock Summary
| -------------
------------------------------------------------------------------------------------------------

Clock  Waveform(ns)         Period(ns)      Frequency(MHz)
-----  ------------         ----------      --------------
clk_i  {0.000 3.333}        6.667           149.993         


------------------------------------------------------------------------------------------------
| Intra Clock Table
| -----------------
------------------------------------------------------------------------------------------------

Clock             WNS(ns)      TNS(ns)  TNS Failing Endpoints  TNS Total Endpoints      WHS(ns)      THS(ns)  THS Failing Endpoints  THS Total Endpoints     WPWS(ns)     TPWS(ns)  TPWS Failing Endpoints  TPWS Total Endpoints  
-----             -------      -------  ---------------------  -------------------      -------      -------  ---------------------  -------------------     --------     --------  ----------------------  --------------------  
clk_i              -6.507   -32590.291                  17854                29956        0.108        0.000                      0                29956        2.083        0.000                       0                 14455  


------------------------------------------------------------------------------------------------
| Inter Clock Table
| -----------------
------------------------------------------------------------------------------------------------

From Clock    To Clock          WNS(ns)      TNS(ns)  TNS Failing Endpoints  TNS Total Endpoints      WHS(ns)      THS(ns)  THS Failing Endpoints  THS Total Endpoints  
----------    --------          -------      -------  ---------------------  -------------------      -------      -------  ---------------------  -------------------  


------------------------------------------------------------------------------------------------
| Other Path Groups Table
| -----------------------
------------------------------------------------------------------------------------------------

Path Group    From Clock    To Clock          WNS(ns)      TNS(ns)  TNS Failing Endpoints  TNS Total Endpoints      WHS(ns)      THS(ns)  THS Failing Endpoints  THS Total Endpoints  
----------    ----------    --------          -------      -------  ---------------------  -------------------      -------      -------  ---------------------  -------------------  


------------------------------------------------------------------------------------------------
| Timing Details
| --------------
------------------------------------------------------------------------------------------------


---------------------------------------------------------------------------------------------------
From Clock:  clk_i
  To Clock:  clk_i

Setup :        17854  Failing Endpoints,  Worst Slack       -6.507ns,  Total Violation   -32590.291ns
Hold  :            0  Failing Endpoints,  Worst Slack        0.108ns,  Total Violation        0.000ns
PW    :            0  Failing Endpoints,  Worst Slack        2.083ns,  Total Violation        0.000ns
---------------------------------------------------------------------------------------------------


Max Delay Paths
--------------------------------------------------------------------------------------
Slack (VIOLATED) :        -6.507ns  (required time - arrival time)
  Source:                 u_array/u_ctrl/n_tail_r_reg[0]_replica_2/C
                            (rising edge-triggered cell FDCE clocked by clk_i  {rise@0.000ns fall@3.333ns period=6.667ns})
  Destination:            u_array/row_addr_d1_r_reg[29]/D
                            (rising edge-triggered cell FDCE clocked by clk_i  {rise@0.000ns fall@3.333ns period=6.667ns})
  Path Group:             clk_i
  Path Type:              Setup (Max at Slow Process Corner)
  Requirement:            6.667ns  (clk_i rise@6.667ns - clk_i rise@0.000ns)
  Data Path Delay:        13.199ns  (logic 7.968ns (60.370%)  route 5.231ns (39.630%))
  Logic Levels:           17  (CARRY4=12 DSP48E1=1 LUT2=1 LUT4=1 LUT6=2)
  Clock Path Skew:        -0.049ns (DCD - SCD + CPR)
    Destination Clock Delay (DCD):    0.924ns = ( 7.591 - 6.667 ) 
    Source Clock Delay      (SCD):    0.973ns
    Clock Pessimism Removal (CPR):    0.000ns
  Clock Uncertainty:      0.035ns  ((TSJ^2 + TIJ^2)^1/2 + DJ) / 2 + PE
    Total System Jitter     (TSJ):    0.071ns
    Total Input Jitter      (TIJ):    0.000ns
    Discrete Jitter          (DJ):    0.000ns
    Phase Error              (PE):    0.000ns

    Location             Delay type                Incr(ns)  Path(ns)    Netlist Resource(s)
  -------------------------------------------------------------------    -------------------
                         (clock clk_i rise edge)      0.000     0.000 r  
                                                      0.000     0.000 r  clk_i (IN)
                         net (fo=14454, unset)        0.973     0.973    u_array/u_ctrl/clk_i
    SLICE_X38Y37         FDCE                                         r  u_array/u_ctrl/n_tail_r_reg[0]_replica_2/C
  -------------------------------------------------------------------    -------------------
    SLICE_X38Y37         FDCE (Prop_fdce_C_Q)         0.518     1.491 r  u_array/u_ctrl/n_tail_r_reg[0]_replica_2/Q
                         net (fo=36, routed)          0.982     2.473    u_array/u_ctrl/n_tail_r_reg[11]_0[0]_repN_2
    SLICE_X40Y33         CARRY4 (Prop_carry4_DI[2]_CO[3])
                                                      0.398     2.871 r  u_array/u_ctrl/row_addr_d0_w_i_356/CO[3]
                         net (fo=1, routed)           0.000     2.871    u_array/u_ctrl/row_addr_d0_w_i_356_n_0
    SLICE_X40Y34         CARRY4 (Prop_carry4_CI_CO[3])
                                                      0.114     2.985 r  u_array/u_ctrl/row_addr_d0_w_i_235/CO[3]
                         net (fo=1, routed)           0.000     2.985    u_array/u_ctrl/row_addr_d0_w_i_235_n_0
    SLICE_X40Y35         CARRY4 (Prop_carry4_CI_O[1])
                                                      0.334     3.319 r  u_array/u_ctrl/row_addr_d0_w_i_234/O[1]
                         net (fo=2, routed)           0.852     4.172    u_array/u_ctrl/row_addr_d0_w_i_234_n_6
    SLICE_X41Y35         LUT4 (Prop_lut4_I0_O)        0.303     4.475 r  u_array/u_ctrl/row_addr_d0_w_i_110/O
                         net (fo=1, routed)           0.000     4.475    u_array/u_ctrl/row_addr_d0_w_i_110_n_0
    SLICE_X41Y35         CARRY4 (Prop_carry4_S[1]_CO[3])
                                                      0.550     5.025 f  u_array/u_ctrl/row_addr_d0_w_i_20/CO[3]
                         net (fo=7, routed)           1.634     6.659    u_array/u_ctrl/row_addr_d0_w_i_20_n_0
    SLICE_X38Y37         LUT6 (Prop_lut6_I3_O)        0.124     6.783 f  u_array/u_ctrl/row_addr_d0_w_i_79/O
                         net (fo=1, routed)           0.593     7.376    u_array/u_ctrl/row_addr_d0_w_i_79_n_0
    SLICE_X39Y35         LUT6 (Prop_lut6_I0_O)        0.124     7.500 r  u_array/u_ctrl/row_addr_d0_w_i_16_replica/O
                         net (fo=1, routed)           0.412     7.911    u_array/row_addr_d0_w_i_16_0_repN_alias
    DSP48_X2Y15          DSP48E1 (Prop_dsp48e1_A[0]_P[0])
                                                      3.841    11.752 r  u_array/row_addr_d0_w/P[0]
                         net (fo=1, routed)           0.757    12.510    u_array/row_addr_d0_w__0[0]
    SLICE_X34Y34         LUT2 (Prop_lut2_I1_O)        0.124    12.634 r  u_array/row_addr_d1_r[3]_i_5/O
                         net (fo=1, routed)           0.000    12.634    u_array/row_addr_d1_r[3]_i_5_n_0
    SLICE_X34Y34         CARRY4 (Prop_carry4_S[0]_CO[3])
                                                      0.513    13.147 r  u_array/row_addr_d1_r_reg[3]_i_1/CO[3]
                         net (fo=1, routed)           0.000    13.147    u_array/row_addr_d1_r_reg[3]_i_1_n_0
    SLICE_X34Y35         CARRY4 (Prop_carry4_CI_CO[3])
                                                      0.117    13.264 r  u_array/row_addr_d1_r_reg[7]_i_1/CO[3]
                         net (fo=1, routed)           0.000    13.264    u_array/row_addr_d1_r_reg[7]_i_1_n_0
    SLICE_X34Y36         CARRY4 (Prop_carry4_CI_CO[3])
                                                      0.117    13.381 r  u_array/row_addr_d1_r_reg[11]_i_1/CO[3]
                         net (fo=1, routed)           0.000    13.381    u_array/row_addr_d1_r_reg[11]_i_1_n_0
    SLICE_X34Y37         CARRY4 (Prop_carry4_CI_CO[3])
                                                      0.117    13.498 r  u_array/row_addr_d1_r_reg[15]_i_1/CO[3]
                         net (fo=1, routed)           0.000    13.498    u_array/row_addr_d1_r_reg[15]_i_1_n_0
    SLICE_X34Y38         CARRY4 (Prop_carry4_CI_CO[3])
                                                      0.117    13.615 r  u_array/row_addr_d1_r_reg[19]_i_1/CO[3]
                         net (fo=1, routed)           0.000    13.615    u_array/row_addr_d1_r_reg[19]_i_1_n_0
    SLICE_X34Y39         CARRY4 (Prop_carry4_CI_CO[3])
                                                      0.117    13.732 r  u_array/row_addr_d1_r_reg[23]_i_1/CO[3]
                         net (fo=1, routed)           0.000    13.732    u_array/row_addr_d1_r_reg[23]_i_1_n_0
    SLICE_X34Y40         CARRY4 (Prop_carry4_CI_CO[3])
                                                      0.117    13.849 r  u_array/row_addr_d1_r_reg[27]_i_1/CO[3]
                         net (fo=1, routed)           0.000    13.849    u_array/row_addr_d1_r_reg[27]_i_1_n_0
    SLICE_X34Y41         CARRY4 (Prop_carry4_CI_O[1])
                                                      0.323    14.172 r  u_array/row_addr_d1_r_reg[31]_i_1/O[1]
                         net (fo=1, routed)           0.000    14.172    u_array/row_addr_d1_r_reg[31]_i_1_n_6
    SLICE_X34Y41         FDCE                                         r  u_array/row_addr_d1_r_reg[29]/D
  -------------------------------------------------------------------    -------------------

                         (clock clk_i rise edge)      6.667     6.667 r  
                                                      0.000     6.667 r  clk_i (IN)
                         net (fo=14454, unset)        0.924     7.591    u_array/clk_i
    SLICE_X34Y41         FDCE                                         r  u_array/row_addr_d1_r_reg[29]/C
                         clock pessimism              0.000     7.591    
                         clock uncertainty           -0.035     7.556    
    SLICE_X34Y41         FDCE (Setup_fdce_C_D)        0.109     7.665    u_array/row_addr_d1_r_reg[29]
  -------------------------------------------------------------------
                         required time                          7.665    
                         arrival time                         -14.172    
  -------------------------------------------------------------------
                         slack                                 -6.507    





Min Delay Paths
--------------------------------------------------------------------------------------
Slack (MET) :             0.108ns  (arrival time - required time)
  Source:                 u_csr/bbase_r_reg[25]/C
                            (rising edge-triggered cell FDCE clocked by clk_i  {rise@0.000ns fall@3.333ns period=6.667ns})
  Destination:            u_array/cfg_bbase_r_reg[25]/D
                            (rising edge-triggered cell FDCE clocked by clk_i  {rise@0.000ns fall@3.333ns period=6.667ns})
  Path Group:             clk_i
  Path Type:              Hold (Min at Fast Process Corner)
  Requirement:            0.000ns  (clk_i rise@0.000ns - clk_i rise@0.000ns)
  Data Path Delay:        0.205ns  (logic 0.141ns (68.701%)  route 0.064ns (31.299%))
  Logic Levels:           0  
  Clock Path Skew:        0.022ns (DCD - SCD - CPR)
    Destination Clock Delay (DCD):    0.432ns
    Source Clock Delay      (SCD):    0.410ns
    Clock Pessimism Removal (CPR):    -0.000ns

    Location             Delay type                Incr(ns)  Path(ns)    Netlist Resource(s)
  -------------------------------------------------------------------    -------------------
                         (clock clk_i rise edge)      0.000     0.000 r  
                                                      0.000     0.000 r  clk_i (IN)
                         net (fo=14454, unset)        0.410     0.410    u_csr/clk_i
    SLICE_X9Y22          FDCE                                         r  u_csr/bbase_r_reg[25]/C
  -------------------------------------------------------------------    -------------------
    SLICE_X9Y22          FDCE (Prop_fdce_C_Q)         0.141     0.551 r  u_csr/bbase_r_reg[25]/Q
                         net (fo=2, routed)           0.064     0.615    u_array/cfg_bbase_r_reg[31]_0[25]
    SLICE_X8Y22          FDCE                                         r  u_array/cfg_bbase_r_reg[25]/D
  -------------------------------------------------------------------    -------------------

                         (clock clk_i rise edge)      0.000     0.000 r  
                                                      0.000     0.000 r  clk_i (IN)
                         net (fo=14454, unset)        0.432     0.432    u_array/clk_i
    SLICE_X8Y22          FDCE                                         r  u_array/cfg_bbase_r_reg[25]/C
                         clock pessimism              0.000     0.432    
    SLICE_X8Y22          FDCE (Hold_fdce_C_D)         0.076     0.508    u_array/cfg_bbase_r_reg[25]
  -------------------------------------------------------------------
                         required time                         -0.508    
                         arrival time                           0.615    
  -------------------------------------------------------------------
                         slack                                  0.108    





Pulse Width Checks
--------------------------------------------------------------------------------------
Clock Name:         clk_i
Waveform(ns):       { 0.000 3.333 }
Period(ns):         6.667
Sources:            { clk_i }

Check Type        Corner  Lib Pin             Reference Pin  Required(ns)  Actual(ns)  Slack(ns)  Location      Pin
Min Period        n/a     RAMB36E1/CLKARDCLK  n/a            2.944         6.667       3.723      RAMB36_X2Y4   u_array/u_xbuf/u_bank0/U0/inst_blk_mem_gen/gnbram.gnativebmg.native_blk_mem_gen/valid.cstr/ramloop[0].ram.r/prim_noinit.ram/DEVICE_7SERIES.NO_BMM_INFO.SDP.SIMPLE_PRIM36.ram/CLKARDCLK
Low Pulse Width   Slow    RAMD32/CLK          n/a            1.250         3.333       2.083      SLICE_X38Y73  u_array/u_wbuf/par_b0_reg_0_15_0_5/RAMA/CLK
High Pulse Width  Slow    RAMD32/CLK          n/a            1.250         3.334       2.084      SLICE_X38Y73  u_array/u_wbuf/par_b0_reg_0_15_0_5/RAMA/CLK



