#-----------------------------------------------------------
# Vivado v2025.2 (64-bit)
# SW Build 6299465 on Fri Nov 14 19:35:11 GMT 2025
# IP Build 6300035 on Fri Nov 14 10:48:45 MST 2025
# SharedData Build 6298862 on Thu Nov 13 04:50:51 MST 2025
# Start of session at: Wed Sep 16 22:57:58 2026
# Process ID         : 50312
# Current directory  : E:/competition/2_fpga/3_yolo_zynq/proj/ooc_gate
# Command line       : vivado.exe -mode batch -source ooc_dbg8e.tcl -nojournal -log ooc_dbg8e_vivado.log
# Log file           : E:/competition/2_fpga/3_yolo_zynq/proj/ooc_gate/ooc_dbg8e_vivado.log
# Journal file       : 
# Running On         : HC-202510241838
# Platform           : Windows Server 2016 or Windows 10
# Operating System   : 26200
# Processor Detail   : AMD Ryzen 5 9600X 6-Core Processor             
# CPU Frequency      : 3893 MHz
# CPU Physical cores : 6
# CPU Logical cores  : 12
# Host memory        : 33410 MB
# Swap memory        : 21474 MB
# Total Virtual      : 54884 MB
# Available Virtual  : 19580 MB
#-----------------------------------------------------------
source ooc_dbg8e.tcl
# open_checkpoint E:/competition/2_fpga/3_yolo_zynq/proj/ooc_gate/ooc_v15_routed.dcp
Command: open_checkpoint E:/competition/2_fpga/3_yolo_zynq/proj/ooc_gate/ooc_v15_routed.dcp

Starting open_checkpoint Task

Time (s): cpu = 00:00:00 ; elapsed = 00:00:00.027 . Memory (MB): peak = 339.250 ; gain = 3.230
INFO: [Device 21-403] Loading part xc7z020clg484-1
Netlist sorting complete. Time (s): cpu = 00:00:00 ; elapsed = 00:00:00.237 . Memory (MB): peak = 854.496 ; gain = 0.000
INFO: [Netlist 29-17] Analyzing 5963 Unisim elements for replacement
INFO: [Netlist 29-28] Unisim Transformation completed in 0 CPU seconds
INFO: [Project 1-479] Netlist was created with Vivado 2025.2
INFO: [Project 1-570] Preparing netlist for logic optimization
Read ShapeDB Complete: Time (s): cpu = 00:00:00 ; elapsed = 00:00:00.051 . Memory (MB): peak = 993.238 ; gain = 10.363
INFO: [Timing 38-478] Restoring timing data from binary archive.
INFO: [Timing 38-479] Binary timing data restore complete.
INFO: [Project 1-856] Restoring constraints from binary archive.
INFO: [Project 1-853] Binary constraint restore complete.
INFO: [Designutils 20-5722] Start Reading Physical Databases.
Reading placement.
Read Netlist Cache: Time (s): cpu = 00:00:00 ; elapsed = 00:00:00.029 . Memory (MB): peak = 1644.121 ; gain = 0.000
Reading placer database...
Read Device Cache: Time (s): cpu = 00:00:00 ; elapsed = 00:00:00.008 . Memory (MB): peak = 1644.121 ; gain = 0.000
Read PlaceDB: Time (s): cpu = 00:00:00 ; elapsed = 00:00:00 . Memory (MB): peak = 1644.121 ; gain = 0.000
Read placeStorage: Time (s): cpu = 00:00:00 ; elapsed = 00:00:00.581 . Memory (MB): peak = 1657.992 ; gain = 13.871
Read PulsedLatchDB: Time (s): cpu = 00:00:00 ; elapsed = 00:00:00 . Memory (MB): peak = 1657.992 ; gain = 0.000
Reading routing.
Read RouteStorage: Time (s): cpu = 00:00:01 ; elapsed = 00:00:00.245 . Memory (MB): peak = 1683.734 ; gain = 25.742
Read Physdb Files: Time (s): cpu = 00:00:01 ; elapsed = 00:00:00.880 . Memory (MB): peak = 1683.734 ; gain = 39.613
Restored from archive | CPU: 1.000000 secs | Memory: 0.000000 MB |
Finished XDEF File Restore: Time (s): cpu = 00:00:01 ; elapsed = 00:00:00.911 . Memory (MB): peak = 1683.734 ; gain = 39.637
Netlist sorting complete. Time (s): cpu = 00:00:00 ; elapsed = 00:00:00.009 . Memory (MB): peak = 1724.672 ; gain = 0.000
INFO: [Project 1-111] Unisim Transformation Summary:
  A total of 130 instances were transformed.
  RAM32M => RAM32M (RAMD32(x6), RAMS32(x2)): 22 instances
  RAM32X1D => RAM32X1D (RAMD32(x2)): 12 instances
  RAM64M => RAM64M (RAMD64E(x4)): 96 instances

INFO: [Project 1-604] Checkpoint was created with Vivado v2025.2 (64-bit) build 6299465
open_checkpoint: Time (s): cpu = 00:00:14 ; elapsed = 00:00:13 . Memory (MB): peak = 1732.738 ; gain = 1405.762
# foreach {tag filt} [list \
#     rq_addr {NAME =~ *u_array/row_addr*} \
#     addrgen {NAME =~ */u_addrgen/*} \
#     PE      {NAME =~ *u_pe*} \
#     acc     {NAME =~ *u_acc*} \
#     requant {NAME =~ */u_requant/*} \
#     xbuf    {NAME =~ */u_xbuf/*} \
#     wbuf    {NAME =~ */u_wbuf/*} \
#     dma_rd  {NAME =~ */u_dma/*} \
#     dma_wr  {NAME =~ */u_dma_wr/*} \
#     ctrl    {NAME =~ */u_ctrl/*} \
# ] {
#     set p [lindex [get_timing_paths -max_paths 1 -to [get_cells -hier -filter $filt]] 0]
#     if {$p ne ""} {
#         puts [format "==== %s worst_slack=%s levels=%s" $tag \
#             [get_property SLACK $p] [get_property LOGIC_LEVELS $p]]
#         puts "        from [get_property STARTPOINT_PIN $p]"
#         puts "        to   [get_property ENDPOINT_PIN $p]"
#     } else {
#         puts "==== $tag (no paths)"
#     }
# }
WARNING: [Timing 38-242] The property HD.CLK_SRC of clock port "clk_i" is not set. In out-of-context mode, this prevents timing estimation for clock delay/skew
Resolution: Set the HD.CLK_SRC property of the out-of-context port to the location of the clock buffer instance in the top-level design
==== rq_addr worst_slack=-0.787 levels=1
        from u_array/oc_loc_d1_r_reg[3]/C
        to   u_array/row_addr_d2_r0/PCIN[0]
==== addrgen worst_slack=-1.537 levels=8
        from u_array/u_addrgen/oy_sh_r_reg[3]/C
        to   u_array/u_addrgen/row_off_r_reg[29]/D
==== PE worst_slack=-1.151 levels=2
        from u_array/u_xbuf/u_bank1/U0/inst_blk_mem_gen/gnbram.gnativebmg.native_blk_mem_gen/valid.cstr/ramloop[0].ram.r/prim_noinit.ram/DEVICE_7SERIES.NO_BMM_INFO.SDP.SIMPLE_PRIM36.ram/CLKBWRCLK
        to   u_array/g_pe_row[11].g_pe_pair[0].u_pe/u_dsp48/A[19]
==== acc worst_slack=-0.823 levels=12
        from u_array/g_pe_row[9].g_pe_pair[1].u_pe/u_dsp48/CLK
        to   u_array/g_acc[18].u_acc_g/acc_r_reg[127]/D
==== requant worst_slack=-1.746 levels=22
        from u_array/u_requant/lo_sh_r_reg[25]/C
        to   u_array/u_requant/y_pre_o_reg[6]/D
==== xbuf worst_slack=-1.982 levels=11
        from u_array/u_addrgen/ph_c_reg[0]/C
        to   u_array/u_xbuf/u_bank1/U0/inst_blk_mem_gen/gnbram.gnativebmg.native_blk_mem_gen/valid.cstr/ramloop[4].ram.r/prim_noinit.ram/DEVICE_7SERIES.NO_BMM_INFO.SDP.SIMPLE_PRIM36.ram/DIADI[3]
==== wbuf worst_slack=-1.036 levels=1
        from u_array/u_ctrl/rd_bank_r_reg_rep/C
        to   u_array/u_wbuf/g_row[14].dout_o_reg[112]/D
==== dma_rd worst_slack=-1.163 levels=14
        from u_array/u_dma/addr_r_reg[0]/C
        to   u_array/u_dma/words_r_reg[21]/D
==== dma_wr worst_slack=-1.248 levels=13
        from u_array/u_dma_wr/addr_r_reg[3]/C
        to   u_array/u_dma_wr/words_r_reg[21]/D
==== ctrl worst_slack=-1.856 levels=12
        from u_array/u_ctrl/oc_tiles_r_reg[3]/C
        to   u_array/u_ctrl/n_tail_r_reg[10]/D
# close_design
# puts "OOC_DBG8E_DONE"
OOC_DBG8E_DONE
INFO: [Common 17-206] Exiting Vivado at Wed Sep 16 22:58:19 2026...
