#-----------------------------------------------------------
# Vivado v2025.2 (64-bit)
# SW Build 6299465 on Fri Nov 14 19:35:11 GMT 2025
# IP Build 6300035 on Fri Nov 14 10:48:45 MST 2025
# SharedData Build 6298862 on Thu Nov 13 04:50:51 MST 2025
# Start of session at: Wed Sep 16 18:14:39 2026
# Process ID         : 40216
# Current directory  : E:/competition/2_fpga/3_yolo_zynq/proj/ooc_gate
# Command line       : vivado.exe -mode batch -source ooc_dbg7b.tcl -nojournal -log ooc_dbg7b_vivado.log
# Log file           : E:/competition/2_fpga/3_yolo_zynq/proj/ooc_gate/ooc_dbg7b_vivado.log
# Journal file       : 
# Running On         : HC-202510241838
# Platform           : Windows Server 2016 or Windows 10
# Operating System   : 26200
# Processor Detail   : AMD Ryzen 5 9600X 6-Core Processor             
# CPU Frequency      : 3893 MHz
# CPU Physical cores : 6
# CPU Logical cores  : 12
# Host memory        : 33410 MB
# Swap memory        : 21474 MB
# Total Virtual      : 54884 MB
# Available Virtual  : 13958 MB
#-----------------------------------------------------------
source ooc_dbg7b.tcl
# open_checkpoint E:/competition/2_fpga/3_yolo_zynq/proj/ooc_gate/ooc_v13_routed.dcp
Command: open_checkpoint E:/competition/2_fpga/3_yolo_zynq/proj/ooc_gate/ooc_v13_routed.dcp

Starting open_checkpoint Task

Time (s): cpu = 00:00:00 ; elapsed = 00:00:00.037 . Memory (MB): peak = 343.469 ; gain = 5.441
INFO: [Device 21-403] Loading part xc7z020clg484-1
Netlist sorting complete. Time (s): cpu = 00:00:00 ; elapsed = 00:00:00.303 . Memory (MB): peak = 853.250 ; gain = 0.000
INFO: [Netlist 29-17] Analyzing 5871 Unisim elements for replacement
INFO: [Netlist 29-28] Unisim Transformation completed in 0 CPU seconds
INFO: [Project 1-479] Netlist was created with Vivado 2025.2
INFO: [Project 1-570] Preparing netlist for logic optimization
Read ShapeDB Complete: Time (s): cpu = 00:00:00 ; elapsed = 00:00:00.082 . Memory (MB): peak = 980.801 ; gain = 8.262
INFO: [Timing 38-478] Restoring timing data from binary archive.
INFO: [Timing 38-479] Binary timing data restore complete.
INFO: [Project 1-856] Restoring constraints from binary archive.
INFO: [Project 1-853] Binary constraint restore complete.
INFO: [Designutils 20-5722] Start Reading Physical Databases.
Reading placement.
Read Netlist Cache: Time (s): cpu = 00:00:00 ; elapsed = 00:00:00.051 . Memory (MB): peak = 1627.844 ; gain = 0.000
Reading placer database...
Read Device Cache: Time (s): cpu = 00:00:00 ; elapsed = 00:00:00.015 . Memory (MB): peak = 1627.844 ; gain = 0.000
Read PlaceDB: Time (s): cpu = 00:00:00 ; elapsed = 00:00:00 . Memory (MB): peak = 1627.844 ; gain = 0.000
Read placeStorage: Time (s): cpu = 00:00:01 ; elapsed = 00:00:00.904 . Memory (MB): peak = 1645.039 ; gain = 17.195
Read PulsedLatchDB: Time (s): cpu = 00:00:00 ; elapsed = 00:00:00 . Memory (MB): peak = 1645.039 ; gain = 0.000
Reading routing.
Read RouteStorage: Time (s): cpu = 00:00:01 ; elapsed = 00:00:00.395 . Memory (MB): peak = 1667.766 ; gain = 22.727
Read Physdb Files: Time (s): cpu = 00:00:02 ; elapsed = 00:00:01 . Memory (MB): peak = 1667.766 ; gain = 39.922
Restored from archive | CPU: 2.000000 secs | Memory: 0.000000 MB |
Finished XDEF File Restore: Time (s): cpu = 00:00:02 ; elapsed = 00:00:01 . Memory (MB): peak = 1667.766 ; gain = 39.922
Netlist sorting complete. Time (s): cpu = 00:00:00 ; elapsed = 00:00:00.016 . Memory (MB): peak = 1701.383 ; gain = 0.000
INFO: [Project 1-111] Unisim Transformation Summary:
  A total of 34 instances were transformed.
  RAM32M => RAM32M (RAMD32(x6), RAMS32(x2)): 22 instances
  RAM32X1D => RAM32X1D (RAMD32(x2)): 12 instances

INFO: [Project 1-604] Checkpoint was created with Vivado v2025.2 (64-bit) build 6299465
open_checkpoint: Time (s): cpu = 00:00:19 ; elapsed = 00:00:20 . Memory (MB): peak = 1708.457 ; gain = 1380.418
# foreach {tag filt} [list \
#     addrgen {NAME =~ */u_addrgen} \
#     PE      {NAME =~ *u_pe} \
#     acc     {NAME =~ */u_acc} \
#     requant {NAME =~ */u_requant} \
#     xbuf    {NAME =~ */u_xbuf} \
#     wbuf    {NAME =~ */u_wbuf} \
#     dma_rd  {NAME =~ */u_dma} \
#     dma_wr  {NAME =~ */u_dma_wr} \
#     ctrl    {NAME =~ */u_ctrl} \
# ] {
#     set p [lindex [get_timing_paths -max_paths 1 -to [get_cells -hier -filter $filt]] 0]
#     if {$p ne ""} {
#         puts [format "==== %s worst_slack=%s levels=%s from=%s to=%s" $tag \
#             [get_property SLACK $p] [get_property LOGIC_LEVELS $p] \
#             [get_property STARTPOINT_PIN $p] [get_property ENDPOINT_PIN $p]]
#     } else {
#         puts "==== $tag (no paths)"
#     }
# }
WARNING: [Timing 38-242] The property HD.CLK_SRC of clock port "clk_i" is not set. In out-of-context mode, this prevents timing estimation for clock delay/skew
Resolution: Set the HD.CLK_SRC property of the out-of-context port to the location of the clock buffer instance in the top-level design
WARNING: [Vivado 12-975] No timing paths matched 'get_timing_paths -max_paths 1 -to [get_cells -hier -filter {NAME =~ */u_addrgen}]'.
get_timing_paths: Time (s): cpu = 00:00:12 ; elapsed = 00:00:07 . Memory (MB): peak = 1748.422 ; gain = 39.965
==== addrgen (no paths)
WARNING: [Vivado 12-975] No timing paths matched 'get_timing_paths -max_paths 1 -to [get_cells -hier -filter {NAME =~ *u_pe}]'.
==== PE (no paths)
WARNING: [Vivado 12-975] No timing paths matched 'get_timing_paths -max_paths 1 -to [get_cells -hier -filter {NAME =~ */u_acc}]'.
==== acc (no paths)
WARNING: [Vivado 12-975] No timing paths matched 'get_timing_paths -max_paths 1 -to [get_cells -hier -filter {NAME =~ */u_requant}]'.
==== requant (no paths)
WARNING: [Vivado 12-975] No timing paths matched 'get_timing_paths -max_paths 1 -to [get_cells -hier -filter {NAME =~ */u_xbuf}]'.
==== xbuf (no paths)
WARNING: [Vivado 12-975] No timing paths matched 'get_timing_paths -max_paths 1 -to [get_cells -hier -filter {NAME =~ */u_wbuf}]'.
==== wbuf (no paths)
WARNING: [Vivado 12-975] No timing paths matched 'get_timing_paths -max_paths 1 -to [get_cells -hier -filter {NAME =~ */u_dma}]'.
==== dma_rd (no paths)
WARNING: [Vivado 12-975] No timing paths matched 'get_timing_paths -max_paths 1 -to [get_cells -hier -filter {NAME =~ */u_dma_wr}]'.
==== dma_wr (no paths)
WARNING: [Vivado 12-975] No timing paths matched 'get_timing_paths -max_paths 1 -to [get_cells -hier -filter {NAME =~ */u_ctrl}]'.
==== ctrl (no paths)
# report_timing -to [get_cells -hier -filter {NAME =~ */u_addrgen/ox_r_reg*}] \
#               -max_paths 1 \
#               -file E:/competition/2_fpga/3_yolo_zynq/proj/ooc_gate/ooc_dbg7b_addrgen.rpt
INFO: [Timing 38-78] ReportTimingParams: -to_pins  -max_paths 1 -nworst 1 -delay_type max -sort_by slack.
# close_design
# puts "OOC_DBG7B_DONE"
OOC_DBG7B_DONE
INFO: [Common 17-206] Exiting Vivado at Wed Sep 16 18:15:10 2026...
