Copyright 1986-2022 Xilinx, Inc. All Rights Reserved. Copyright 2022-2025 Advanced Micro Devices, Inc. All Rights Reserved.
---------------------------------------------------------------------------------------------------------------------------------------------
| Tool Version : Vivado v.2025.2 (win64) Build 6299465 Fri Nov 14 19:35:11 GMT 2025
| Date         : Wed Sep 16 23:24:41 2026
| Host         : HC-202510241838 running 64-bit major release  (build 9200)
| Command      : report_timing -max_paths 10 -path_type summary -file E:/competition/2_fpga/3_yolo_zynq/proj/ooc_gate/ooc_v16_top10.rpt
| Design       : yolo_engine_top
| Device       : 7z020-clg484
| Speed File   : -1  PRODUCTION 1.12 2019-11-22
| Design State : Routed
---------------------------------------------------------------------------------------------------------------------------------------------

Timing Report

Startpoint                     Endpoint                       Slack(ns)     
----------------------------------------------------------------------------
u_array/u_addrgen/kh_c_reg[2]/C
                               u_array/u_addrgen/m_iw_r_reg[28]/D
                                                              -1.732        
u_array/u_addrgen/kh_c_reg[2]/C
                               u_array/u_addrgen/m_iw_r_reg[13]/D
                                                              -1.719        
u_array/u_addrgen/kh_c_reg[2]/C
                               u_array/u_addrgen/m_iw_r_reg[15]/D
                                                              -1.711        
u_array/u_requant/prod_r0__2/CLK
                               u_array/u_requant/sticky_r_reg/D
                                                              -1.654        
u_array/u_addrgen/oy_sh_r_reg[4]/C
                               u_array/u_addrgen/row_off_r_reg[25]/D
                                                              -1.640        
u_array/u_addrgen/kh_c_reg[2]/C
                               u_array/u_addrgen/m_iw_r_reg[14]/D
                                                              -1.635        
u_array/u_addrgen/oy_sh_r_reg[4]/C
                               u_array/u_addrgen/row_off_r_reg[28]/D
                                                              -1.625        
u_array/u_addrgen/oy_sh_r_reg[4]/C
                               u_array/u_addrgen/row_off_r_reg[7]/D
                                                              -1.625        
u_array/u_addrgen/oy_sh_r_reg[4]/C
                               u_array/u_addrgen/row_off_r_reg[8]/D
                                                              -1.624        
u_array/u_addrgen/oy_sh_r_reg[4]/C
                               u_array/u_addrgen/row_off_r_reg[6]/D
                                                              -1.623        



