Copyright 1986-2022 Xilinx, Inc. All Rights Reserved. Copyright 2022-2025 Advanced Micro Devices, Inc. All Rights Reserved.
---------------------------------------------------------------------------------------------------------------------------------------------
| Tool Version : Vivado v.2025.2 (win64) Build 6299465 Fri Nov 14 19:35:11 GMT 2025
| Date         : Thu Sep 17 02:32:59 2026
| Host         : HC-202510241838 running 64-bit major release  (build 9200)
| Command      : report_timing_summary -file E:/competition/2_fpga/3_yolo_zynq/proj/ooc_gate/ooc_v22_timing.rpt
| Design       : yolo_engine_top
| Device       : 7z020-clg484
| Speed File   : -1  PRODUCTION 1.12 2019-11-22
| Design State : Routed
---------------------------------------------------------------------------------------------------------------------------------------------

Timing Summary Report

------------------------------------------------------------------------------------------------
| Timer Settings
| --------------
------------------------------------------------------------------------------------------------

  Enable Multi Corner Analysis               :  Yes
  Enable Pessimism Removal                   :  Yes
  Pessimism Removal Resolution               :  Nearest Common Node
  Enable Input Delay Default Clock           :  No
  Enable Preset / Clear Arcs                 :  No
  Disable Flight Delays                      :  No
  Ignore I/O Paths                           :  No
  Timing Early Launch at Borrowing Latches   :  No
  Borrow Time for Max Delay Exceptions       :  Yes
  Merge Timing Exceptions                    :  Yes
  Inter-SLR Compensation                     :  Conservative

  Corner  Analyze    Analyze    
  Name    Max Paths  Min Paths  
  ------  ---------  ---------  
  Slow    Yes        Yes        
  Fast    Yes        Yes        


------------------------------------------------------------------------------------------------
| Report Methodology
| ------------------
------------------------------------------------------------------------------------------------

No report available as report_methodology has not been run prior. Run report_methodology on the current design for the summary of methodology violations.



check_timing report

Table of Contents
-----------------
1. checking no_clock (0)
2. checking constant_clock (0)
3. checking pulse_width_clock (0)
4. checking unconstrained_internal_endpoints (0)
5. checking no_input_delay (147)
6. checking no_output_delay (224)
7. checking multiple_clock (0)
8. checking generated_clocks (0)
9. checking loops (0)
10. checking partial_input_delay (0)
11. checking partial_output_delay (0)
12. checking latch_loops (0)

1. checking no_clock (0)
------------------------
 There are 0 register/latch pins with no clock.


2. checking constant_clock (0)
------------------------------
 There are 0 register/latch pins with constant_clock.


3. checking pulse_width_clock (0)
---------------------------------
 There are 0 register/latch pins which need pulse_width check


4. checking unconstrained_internal_endpoints (0)
------------------------------------------------
 There are 0 pins that are not constrained for maximum delay.

 There are 0 pins that are not constrained for maximum delay due to constant clock.


5. checking no_input_delay (147)
--------------------------------
 There are 147 input ports with no input delay specified. (HIGH)

 There are 0 input ports with no input delay but user has a false path constraint.


6. checking no_output_delay (224)
---------------------------------
 There are 224 ports with no output delay specified. (HIGH)

 There are 0 ports with no output delay but user has a false path constraint

 There are 0 ports with no output delay but with a timing clock defined on it or propagating through it


7. checking multiple_clock (0)
------------------------------
 There are 0 register/latch pins with multiple clocks.


8. checking generated_clocks (0)
--------------------------------
 There are 0 generated clocks that are not connected to a clock source.


9. checking loops (0)
---------------------
 There are 0 combinational loops in the design.


10. checking partial_input_delay (0)
------------------------------------
 There are 0 input ports with partial input delay specified.


11. checking partial_output_delay (0)
-------------------------------------
 There are 0 ports with partial output delay specified.


12. checking latch_loops (0)
----------------------------
 There are 0 combinational latch loops in the design through latch input



------------------------------------------------------------------------------------------------
| Design Timing Summary
| ---------------------
------------------------------------------------------------------------------------------------

    WNS(ns)      TNS(ns)  TNS Failing Endpoints  TNS Total Endpoints      WHS(ns)      THS(ns)  THS Failing Endpoints  THS Total Endpoints     WPWS(ns)     TPWS(ns)  TPWS Failing Endpoints  TPWS Total Endpoints  
    -------      -------  ---------------------  -------------------      -------      -------  ---------------------  -------------------     --------     --------  ----------------------  --------------------  
     -0.581      -21.765                    231                40634        0.096        0.000                      0                40634        2.083        0.000                       0                 19727  


Timing constraints are not met.


------------------------------------------------------------------------------------------------
| Clock Summary
| -------------
------------------------------------------------------------------------------------------------

Clock  Waveform(ns)         Period(ns)      Frequency(MHz)
-----  ------------         ----------      --------------
clk_i  {0.000 3.333}        6.667           149.993         


------------------------------------------------------------------------------------------------
| Intra Clock Table
| -----------------
------------------------------------------------------------------------------------------------

Clock             WNS(ns)      TNS(ns)  TNS Failing Endpoints  TNS Total Endpoints      WHS(ns)      THS(ns)  THS Failing Endpoints  THS Total Endpoints     WPWS(ns)     TPWS(ns)  TPWS Failing Endpoints  TPWS Total Endpoints  
-----             -------      -------  ---------------------  -------------------      -------      -------  ---------------------  -------------------     --------     --------  ----------------------  --------------------  
clk_i              -0.581      -21.765                    231                40634        0.096        0.000                      0                40634        2.083        0.000                       0                 19727  


------------------------------------------------------------------------------------------------
| Inter Clock Table
| -----------------
------------------------------------------------------------------------------------------------

From Clock    To Clock          WNS(ns)      TNS(ns)  TNS Failing Endpoints  TNS Total Endpoints      WHS(ns)      THS(ns)  THS Failing Endpoints  THS Total Endpoints  
----------    --------          -------      -------  ---------------------  -------------------      -------      -------  ---------------------  -------------------  


------------------------------------------------------------------------------------------------
| Other Path Groups Table
| -----------------------
------------------------------------------------------------------------------------------------

Path Group    From Clock    To Clock          WNS(ns)      TNS(ns)  TNS Failing Endpoints  TNS Total Endpoints      WHS(ns)      THS(ns)  THS Failing Endpoints  THS Total Endpoints  
----------    ----------    --------          -------      -------  ---------------------  -------------------      -------      -------  ---------------------  -------------------  


------------------------------------------------------------------------------------------------
| Timing Details
| --------------
------------------------------------------------------------------------------------------------


---------------------------------------------------------------------------------------------------
From Clock:  clk_i
  To Clock:  clk_i

Setup :          231  Failing Endpoints,  Worst Slack       -0.581ns,  Total Violation      -21.765ns
Hold  :            0  Failing Endpoints,  Worst Slack        0.096ns,  Total Violation        0.000ns
PW    :            0  Failing Endpoints,  Worst Slack        2.083ns,  Total Violation        0.000ns
---------------------------------------------------------------------------------------------------


Max Delay Paths
--------------------------------------------------------------------------------------
Slack (VIOLATED) :        -0.581ns  (required time - arrival time)
  Source:                 u_array/u_dma_wr/words_r_reg[23]/C
                            (rising edge-triggered cell FDCE clocked by clk_i  {rise@0.000ns fall@3.333ns period=6.667ns})
  Destination:            u_array/u_dma_wr/addr_r_reg[31]/D
                            (rising edge-triggered cell FDCE clocked by clk_i  {rise@0.000ns fall@3.333ns period=6.667ns})
  Path Group:             clk_i
  Path Type:              Setup (Max at Slow Process Corner)
  Requirement:            6.667ns  (clk_i rise@6.667ns - clk_i rise@0.000ns)
  Data Path Delay:        7.226ns  (logic 3.682ns (50.956%)  route 3.544ns (49.044%))
  Logic Levels:           15  (CARRY4=9 LUT2=1 LUT3=1 LUT5=2 LUT6=2)
  Clock Path Skew:        -0.049ns (DCD - SCD + CPR)
    Destination Clock Delay (DCD):    0.924ns = ( 7.591 - 6.667 ) 
    Source Clock Delay      (SCD):    0.973ns
    Clock Pessimism Removal (CPR):    0.000ns
  Clock Uncertainty:      0.035ns  ((TSJ^2 + TIJ^2)^1/2 + DJ) / 2 + PE
    Total System Jitter     (TSJ):    0.071ns
    Total Input Jitter      (TIJ):    0.000ns
    Discrete Jitter          (DJ):    0.000ns
    Phase Error              (PE):    0.000ns

    Location             Delay type                Incr(ns)  Path(ns)    Netlist Resource(s)
  -------------------------------------------------------------------    -------------------
                         (clock clk_i rise edge)      0.000     0.000 r  
                                                      0.000     0.000 r  clk_i (IN)
                         net (fo=19726, unset)        0.973     0.973    u_array/u_dma_wr/clk_i
    SLICE_X29Y75         FDCE                                         r  u_array/u_dma_wr/words_r_reg[23]/C
  -------------------------------------------------------------------    -------------------
    SLICE_X29Y75         FDCE (Prop_fdce_C_Q)         0.456     1.429 r  u_array/u_dma_wr/words_r_reg[23]/Q
                         net (fo=2, routed)           0.607     2.036    u_array/u_dma_wr/words_r[23]
    SLICE_X29Y76         LUT3 (Prop_lut3_I1_O)        0.124     2.160 r  u_array/u_dma_wr/m_axi_awlen[0]_INST_0_i_4_rewire/O
                         net (fo=1, routed)           0.335     2.495    u_array/u_dma_wr/m_axi_awlen[0]_INST_0_i_4_n_0
    SLICE_X28Y74         LUT6 (Prop_lut6_I5_O)        0.124     2.619 r  u_array/u_dma_wr/m_axi_awlen[0]_INST_0_i_2_rewire/O
                         net (fo=1, routed)           0.416     3.035    u_array/u_dma_wr/m_axi_awlen[0]_INST_0_i_2_n_0
    SLICE_X28Y73         LUT6 (Prop_lut6_I4_O)        0.124     3.159 r  u_array/u_dma_wr/m_axi_awlen[0]_INST_0_i_1/O
                         net (fo=13, routed)          0.601     3.760    u_array/u_dma_wr/m_axi_awlen[0]_INST_0_i_1_n_0
    SLICE_X28Y71         LUT5 (Prop_lut5_I0_O)        0.124     3.884 r  u_array/u_dma_wr/m_axi_awlen[7]_INST_0_i_12/O
                         net (fo=1, routed)           0.000     3.884    u_array/u_dma_wr/m_axi_awlen[7]_INST_0_i_12_n_0
    SLICE_X28Y71         CARRY4 (Prop_carry4_S[0]_CO[3])
                                                      0.532     4.416 r  u_array/u_dma_wr/m_axi_awlen[7]_INST_0_i_4/CO[3]
                         net (fo=1, routed)           0.000     4.416    u_array/u_dma_wr/m_axi_awlen[7]_INST_0_i_4_n_0
    SLICE_X28Y72         CARRY4 (Prop_carry4_CI_CO[0])
                                                      0.271     4.687 f  u_array/u_dma_wr/m_axi_awlen[7]_INST_0_i_3/CO[0]
                         net (fo=61, routed)          0.663     5.350    u_array/u_dma_wr/m_axi_awlen[7]_INST_0_i_3_n_3
    SLICE_X28Y69         LUT2 (Prop_lut2_I1_O)        0.373     5.723 r  u_array/u_dma_wr/m_axi_awlen[4]_INST_0_i_4/O
                         net (fo=28, routed)          0.723     6.446    u_array/u_dma_wr/m_axi_awlen[4]_INST_0_i_4_n_0
    SLICE_X26Y72         LUT5 (Prop_lut5_I1_O)        0.124     6.570 r  u_array/u_dma_wr/addr_r[9]_i_5/O
                         net (fo=1, routed)           0.190     6.760    u_array/u_dma_wr/addr_r[9]_i_5_n_0
    SLICE_X27Y72         CARRY4 (Prop_carry4_DI[0]_CO[3])
                                                      0.526     7.286 r  u_array/u_dma_wr/addr_r_reg[9]_i_1/CO[3]
                         net (fo=1, routed)           0.000     7.286    u_array/u_dma_wr/addr_r_reg[9]_i_1_n_0
    SLICE_X27Y73         CARRY4 (Prop_carry4_CI_CO[3])
                                                      0.114     7.400 r  u_array/u_dma_wr/addr_r_reg[13]_i_1/CO[3]
                         net (fo=1, routed)           0.000     7.400    u_array/u_dma_wr/addr_r_reg[13]_i_1_n_0
    SLICE_X27Y74         CARRY4 (Prop_carry4_CI_CO[3])
                                                      0.114     7.514 r  u_array/u_dma_wr/addr_r_reg[17]_i_1/CO[3]
                         net (fo=1, routed)           0.009     7.523    u_array/u_dma_wr/addr_r_reg[17]_i_1_n_0
    SLICE_X27Y75         CARRY4 (Prop_carry4_CI_CO[3])
                                                      0.114     7.637 r  u_array/u_dma_wr/addr_r_reg[21]_i_1/CO[3]
                         net (fo=1, routed)           0.000     7.637    u_array/u_dma_wr/addr_r_reg[21]_i_1_n_0
    SLICE_X27Y76         CARRY4 (Prop_carry4_CI_CO[3])
                                                      0.114     7.751 r  u_array/u_dma_wr/addr_r_reg[25]_i_1/CO[3]
                         net (fo=1, routed)           0.000     7.751    u_array/u_dma_wr/addr_r_reg[25]_i_1_n_0
    SLICE_X27Y77         CARRY4 (Prop_carry4_CI_CO[3])
                                                      0.114     7.865 r  u_array/u_dma_wr/addr_r_reg[29]_i_1/CO[3]
                         net (fo=1, routed)           0.000     7.865    u_array/u_dma_wr/addr_r_reg[29]_i_1_n_0
    SLICE_X27Y78         CARRY4 (Prop_carry4_CI_O[1])
                                                      0.334     8.199 r  u_array/u_dma_wr/addr_r_reg[31]_i_2/O[1]
                         net (fo=1, routed)           0.000     8.199    u_array/u_dma_wr/addr_r_reg[31]_i_2_n_6
    SLICE_X27Y78         FDCE                                         r  u_array/u_dma_wr/addr_r_reg[31]/D
  -------------------------------------------------------------------    -------------------

                         (clock clk_i rise edge)      6.667     6.667 r  
                                                      0.000     6.667 r  clk_i (IN)
                         net (fo=19726, unset)        0.924     7.591    u_array/u_dma_wr/clk_i
    SLICE_X27Y78         FDCE                                         r  u_array/u_dma_wr/addr_r_reg[31]/C
                         clock pessimism              0.000     7.591    
                         clock uncertainty           -0.035     7.556    
    SLICE_X27Y78         FDCE (Setup_fdce_C_D)        0.062     7.618    u_array/u_dma_wr/addr_r_reg[31]
  -------------------------------------------------------------------
                         required time                          7.618    
                         arrival time                          -8.199    
  -------------------------------------------------------------------
                         slack                                 -0.581    





Min Delay Paths
--------------------------------------------------------------------------------------
Slack (MET) :             0.096ns  (arrival time - required time)
  Source:                 u_array/wpipe_data_q_reg[8]/C
                            (rising edge-triggered cell FDCE clocked by clk_i  {rise@0.000ns fall@3.333ns period=6.667ns})
  Destination:            u_array/u_wbuf/par_m0_reg_0_15_6_11/RAMB/I
                            (rising edge-triggered cell RAMD32 clocked by clk_i  {rise@0.000ns fall@3.333ns period=6.667ns})
  Path Group:             clk_i
  Path Type:              Hold (Min at Fast Process Corner)
  Requirement:            0.000ns  (clk_i rise@0.000ns - clk_i rise@0.000ns)
  Data Path Delay:        0.263ns  (logic 0.141ns (53.571%)  route 0.122ns (46.429%))
  Logic Levels:           0  
  Clock Path Skew:        0.022ns (DCD - SCD - CPR)
    Destination Clock Delay (DCD):    0.432ns
    Source Clock Delay      (SCD):    0.410ns
    Clock Pessimism Removal (CPR):    -0.000ns

    Location             Delay type                Incr(ns)  Path(ns)    Netlist Resource(s)
  -------------------------------------------------------------------    -------------------
                         (clock clk_i rise edge)      0.000     0.000 r  
                                                      0.000     0.000 r  clk_i (IN)
                         net (fo=19726, unset)        0.410     0.410    u_array/clk_i
    SLICE_X51Y88         FDCE                                         r  u_array/wpipe_data_q_reg[8]/C
  -------------------------------------------------------------------    -------------------
    SLICE_X51Y88         FDCE (Prop_fdce_C_Q)         0.141     0.551 r  u_array/wpipe_data_q_reg[8]/Q
                         net (fo=4, routed)           0.122     0.673    u_array/u_wbuf/par_m0_reg_0_15_6_11/DIB0
    SLICE_X50Y89         RAMD32                                       r  u_array/u_wbuf/par_m0_reg_0_15_6_11/RAMB/I
  -------------------------------------------------------------------    -------------------

                         (clock clk_i rise edge)      0.000     0.000 r  
                                                      0.000     0.000 r  clk_i (IN)
                         net (fo=19726, unset)        0.432     0.432    u_array/u_wbuf/par_m0_reg_0_15_6_11/WCLK
    SLICE_X50Y89         RAMD32                                       r  u_array/u_wbuf/par_m0_reg_0_15_6_11/RAMB/CLK
                         clock pessimism              0.000     0.432    
    SLICE_X50Y89         RAMD32 (Hold_ramd32_CLK_I)
                                                      0.146     0.578    u_array/u_wbuf/par_m0_reg_0_15_6_11/RAMB
  -------------------------------------------------------------------
                         required time                         -0.578    
                         arrival time                           0.673    
  -------------------------------------------------------------------
                         slack                                  0.096    





Pulse Width Checks
--------------------------------------------------------------------------------------
Clock Name:         clk_i
Waveform(ns):       { 0.000 3.333 }
Period(ns):         6.667
Sources:            { clk_i }

Check Type        Corner  Lib Pin             Reference Pin  Required(ns)  Actual(ns)  Slack(ns)  Location      Pin
Min Period        n/a     RAMB36E1/CLKARDCLK  n/a            2.944         6.667       3.723      RAMB36_X2Y6   u_array/u_xbuf/u_bank0/U0/inst_blk_mem_gen/gnbram.gnativebmg.native_blk_mem_gen/valid.cstr/ramloop[0].ram.r/prim_noinit.ram/DEVICE_7SERIES.NO_BMM_INFO.SDP.SIMPLE_PRIM36.ram/CLKARDCLK
Low Pulse Width   Slow    RAMD64E/CLK         n/a            1.250         3.333       2.083      SLICE_X86Y49  u_array/u_wbuf/g_row[0].mem0_reg_0_63_0_2/RAMA/CLK
High Pulse Width  Slow    RAMD64E/CLK         n/a            1.250         3.334       2.084      SLICE_X86Y49  u_array/u_wbuf/g_row[0].mem0_reg_0_63_0_2/RAMA/CLK



