Copyright 1986-2022 Xilinx, Inc. All Rights Reserved. Copyright 2022-2025 Advanced Micro Devices, Inc. All Rights Reserved.
---------------------------------------------------------------------------------------------------------------------------------------------
| Tool Version : Vivado v.2025.2 (win64) Build 6299465 Fri Nov 14 19:35:11 GMT 2025
| Date         : Thu Sep 17 04:26:14 2026
| Host         : HC-202510241838 running 64-bit major release  (build 9200)
| Command      : report_timing -max_paths 10 -path_type summary -file E:/competition/2_fpga/3_yolo_zynq/proj/ooc_gate/ooc_v26_top10.rpt
| Design       : yolo_engine_top
| Device       : 7z020-clg484
| Speed File   : -1  PRODUCTION 1.12 2019-11-22
| Design State : Routed
---------------------------------------------------------------------------------------------------------------------------------------------

Timing Report

Startpoint                     Endpoint                       Slack(ns)     
----------------------------------------------------------------------------
u_array/oc_g_d1_r_reg[13]/C    u_array/row_addr_d2_r0/PCIN[0] -0.031        
u_array/oc_g_d1_r_reg[13]/C    u_array/row_addr_d2_r0/PCIN[10]
                                                              -0.031        
u_array/oc_g_d1_r_reg[13]/C    u_array/row_addr_d2_r0/PCIN[11]
                                                              -0.031        
u_array/oc_g_d1_r_reg[13]/C    u_array/row_addr_d2_r0/PCIN[12]
                                                              -0.031        
u_array/oc_g_d1_r_reg[13]/C    u_array/row_addr_d2_r0/PCIN[13]
                                                              -0.031        
u_array/oc_g_d1_r_reg[13]/C    u_array/row_addr_d2_r0/PCIN[14]
                                                              -0.031        
u_array/oc_g_d1_r_reg[13]/C    u_array/row_addr_d2_r0/PCIN[15]
                                                              -0.031        
u_array/oc_g_d1_r_reg[13]/C    u_array/row_addr_d2_r0/PCIN[16]
                                                              -0.031        
u_array/oc_g_d1_r_reg[13]/C    u_array/row_addr_d2_r0/PCIN[17]
                                                              -0.031        
u_array/oc_g_d1_r_reg[13]/C    u_array/row_addr_d2_r0/PCIN[18]
                                                              -0.031        



