Copyright 1986-2022 Xilinx, Inc. All Rights Reserved. Copyright 2022-2025 Advanced Micro Devices, Inc. All Rights Reserved.
---------------------------------------------------------------------------------------------------------------------------------------------
| Tool Version : Vivado v.2025.2 (win64) Build 6299465 Fri Nov 14 19:35:11 GMT 2025
| Date         : Thu Sep 17 04:26:08 2026
| Host         : HC-202510241838 running 64-bit major release  (build 9200)
| Command      : report_timing_summary -file E:/competition/2_fpga/3_yolo_zynq/proj/ooc_gate/ooc_v26_timing.rpt
| Design       : yolo_engine_top
| Device       : 7z020-clg484
| Speed File   : -1  PRODUCTION 1.12 2019-11-22
| Design State : Routed
---------------------------------------------------------------------------------------------------------------------------------------------

Timing Summary Report

------------------------------------------------------------------------------------------------
| Timer Settings
| --------------
------------------------------------------------------------------------------------------------

  Enable Multi Corner Analysis               :  Yes
  Enable Pessimism Removal                   :  Yes
  Pessimism Removal Resolution               :  Nearest Common Node
  Enable Input Delay Default Clock           :  No
  Enable Preset / Clear Arcs                 :  No
  Disable Flight Delays                      :  No
  Ignore I/O Paths                           :  No
  Timing Early Launch at Borrowing Latches   :  No
  Borrow Time for Max Delay Exceptions       :  Yes
  Merge Timing Exceptions                    :  Yes
  Inter-SLR Compensation                     :  Conservative

  Corner  Analyze    Analyze    
  Name    Max Paths  Min Paths  
  ------  ---------  ---------  
  Slow    Yes        Yes        
  Fast    Yes        Yes        


------------------------------------------------------------------------------------------------
| Report Methodology
| ------------------
------------------------------------------------------------------------------------------------

No report available as report_methodology has not been run prior. Run report_methodology on the current design for the summary of methodology violations.



check_timing report

Table of Contents
-----------------
1. checking no_clock (0)
2. checking constant_clock (0)
3. checking pulse_width_clock (0)
4. checking unconstrained_internal_endpoints (0)
5. checking no_input_delay (147)
6. checking no_output_delay (224)
7. checking multiple_clock (0)
8. checking generated_clocks (0)
9. checking loops (0)
10. checking partial_input_delay (0)
11. checking partial_output_delay (0)
12. checking latch_loops (0)

1. checking no_clock (0)
------------------------
 There are 0 register/latch pins with no clock.


2. checking constant_clock (0)
------------------------------
 There are 0 register/latch pins with constant_clock.


3. checking pulse_width_clock (0)
---------------------------------
 There are 0 register/latch pins which need pulse_width check


4. checking unconstrained_internal_endpoints (0)
------------------------------------------------
 There are 0 pins that are not constrained for maximum delay.

 There are 0 pins that are not constrained for maximum delay due to constant clock.


5. checking no_input_delay (147)
--------------------------------
 There are 147 input ports with no input delay specified. (HIGH)

 There are 0 input ports with no input delay but user has a false path constraint.


6. checking no_output_delay (224)
---------------------------------
 There are 224 ports with no output delay specified. (HIGH)

 There are 0 ports with no output delay but user has a false path constraint

 There are 0 ports with no output delay but with a timing clock defined on it or propagating through it


7. checking multiple_clock (0)
------------------------------
 There are 0 register/latch pins with multiple clocks.


8. checking generated_clocks (0)
--------------------------------
 There are 0 generated clocks that are not connected to a clock source.


9. checking loops (0)
---------------------
 There are 0 combinational loops in the design.


10. checking partial_input_delay (0)
------------------------------------
 There are 0 input ports with partial input delay specified.


11. checking partial_output_delay (0)
-------------------------------------
 There are 0 ports with partial output delay specified.


12. checking latch_loops (0)
----------------------------
 There are 0 combinational latch loops in the design through latch input



------------------------------------------------------------------------------------------------
| Design Timing Summary
| ---------------------
------------------------------------------------------------------------------------------------

    WNS(ns)      TNS(ns)  TNS Failing Endpoints  TNS Total Endpoints      WHS(ns)      THS(ns)  THS Failing Endpoints  THS Total Endpoints     WPWS(ns)     TPWS(ns)  TPWS Failing Endpoints  TPWS Total Endpoints  
    -------      -------  ---------------------  -------------------      -------      -------  ---------------------  -------------------     --------     --------  ----------------------  --------------------  
     -0.031       -3.121                    144                40347        0.075        0.000                      0                40347        2.083        0.000                       0                 19597  


Timing constraints are not met.


------------------------------------------------------------------------------------------------
| Clock Summary
| -------------
------------------------------------------------------------------------------------------------

Clock  Waveform(ns)         Period(ns)      Frequency(MHz)
-----  ------------         ----------      --------------
clk_i  {0.000 3.333}        6.667           149.993         


------------------------------------------------------------------------------------------------
| Intra Clock Table
| -----------------
------------------------------------------------------------------------------------------------

Clock             WNS(ns)      TNS(ns)  TNS Failing Endpoints  TNS Total Endpoints      WHS(ns)      THS(ns)  THS Failing Endpoints  THS Total Endpoints     WPWS(ns)     TPWS(ns)  TPWS Failing Endpoints  TPWS Total Endpoints  
-----             -------      -------  ---------------------  -------------------      -------      -------  ---------------------  -------------------     --------     --------  ----------------------  --------------------  
clk_i              -0.031       -3.121                    144                40347        0.075        0.000                      0                40347        2.083        0.000                       0                 19597  


------------------------------------------------------------------------------------------------
| Inter Clock Table
| -----------------
------------------------------------------------------------------------------------------------

From Clock    To Clock          WNS(ns)      TNS(ns)  TNS Failing Endpoints  TNS Total Endpoints      WHS(ns)      THS(ns)  THS Failing Endpoints  THS Total Endpoints  
----------    --------          -------      -------  ---------------------  -------------------      -------      -------  ---------------------  -------------------  


------------------------------------------------------------------------------------------------
| Other Path Groups Table
| -----------------------
------------------------------------------------------------------------------------------------

Path Group    From Clock    To Clock          WNS(ns)      TNS(ns)  TNS Failing Endpoints  TNS Total Endpoints      WHS(ns)      THS(ns)  THS Failing Endpoints  THS Total Endpoints  
----------    ----------    --------          -------      -------  ---------------------  -------------------      -------      -------  ---------------------  -------------------  


------------------------------------------------------------------------------------------------
| Timing Details
| --------------
------------------------------------------------------------------------------------------------


---------------------------------------------------------------------------------------------------
From Clock:  clk_i
  To Clock:  clk_i

Setup :          144  Failing Endpoints,  Worst Slack       -0.031ns,  Total Violation       -3.121ns
Hold  :            0  Failing Endpoints,  Worst Slack        0.075ns,  Total Violation        0.000ns
PW    :            0  Failing Endpoints,  Worst Slack        2.083ns,  Total Violation        0.000ns
---------------------------------------------------------------------------------------------------


Max Delay Paths
--------------------------------------------------------------------------------------
Slack (VIOLATED) :        -0.031ns  (required time - arrival time)
  Source:                 u_array/oc_g_d1_r_reg[13]/C
                            (rising edge-triggered cell FDCE clocked by clk_i  {rise@0.000ns fall@3.333ns period=6.667ns})
  Destination:            u_array/row_addr_d2_r0/PCIN[0]
                            (rising edge-triggered cell DSP48E1 clocked by clk_i  {rise@0.000ns fall@3.333ns period=6.667ns})
  Path Group:             clk_i
  Path Type:              Setup (Max at Slow Process Corner)
  Requirement:            6.667ns  (clk_i rise@6.667ns - clk_i rise@0.000ns)
  Data Path Delay:        5.214ns  (logic 4.554ns (87.334%)  route 0.660ns (12.666%))
  Logic Levels:           1  (DSP48E1=1)
  Clock Path Skew:        -0.049ns (DCD - SCD + CPR)
    Destination Clock Delay (DCD):    0.924ns = ( 7.591 - 6.667 ) 
    Source Clock Delay      (SCD):    0.973ns
    Clock Pessimism Removal (CPR):    0.000ns
  Clock Uncertainty:      0.035ns  ((TSJ^2 + TIJ^2)^1/2 + DJ) / 2 + PE
    Total System Jitter     (TSJ):    0.071ns
    Total Input Jitter      (TIJ):    0.000ns
    Discrete Jitter          (DJ):    0.000ns
    Phase Error              (PE):    0.000ns

    Location             Delay type                Incr(ns)  Path(ns)    Netlist Resource(s)
  -------------------------------------------------------------------    -------------------
                         (clock clk_i rise edge)      0.000     0.000 r  
                                                      0.000     0.000 r  clk_i (IN)
                         net (fo=19596, unset)        0.973     0.973    u_array/clk_i
    SLICE_X34Y83         FDCE                                         r  u_array/oc_g_d1_r_reg[13]/C
  -------------------------------------------------------------------    -------------------
    SLICE_X34Y83         FDCE (Prop_fdce_C_Q)         0.518     1.491 r  u_array/oc_g_d1_r_reg[13]/Q
                         net (fo=1, routed)           0.658     2.149    u_array/oc_g_d1_r[13]
    DSP48_X2Y33          DSP48E1 (Prop_dsp48e1_A[13]_PCOUT[0])
                                                      4.036     6.185 r  u_array/row_addr_d2_r2/PCOUT[0]
                         net (fo=1, routed)           0.002     6.187    u_array/row_addr_d2_r2_n_153
    DSP48_X2Y34          DSP48E1                                      r  u_array/row_addr_d2_r0/PCIN[0]
  -------------------------------------------------------------------    -------------------

                         (clock clk_i rise edge)      6.667     6.667 r  
                                                      0.000     6.667 r  clk_i (IN)
                         net (fo=19596, unset)        0.924     7.591    u_array/clk_i
    DSP48_X2Y34          DSP48E1                                      r  u_array/row_addr_d2_r0/CLK
                         clock pessimism              0.000     7.591    
                         clock uncertainty           -0.035     7.556    
    DSP48_X2Y34          DSP48E1 (Setup_dsp48e1_CLK_PCIN[0])
                                                     -1.400     6.156    u_array/row_addr_d2_r0
  -------------------------------------------------------------------
                         required time                          6.156    
                         arrival time                          -6.187    
  -------------------------------------------------------------------
                         slack                                 -0.031    





Min Delay Paths
--------------------------------------------------------------------------------------
Slack (MET) :             0.075ns  (arrival time - required time)
  Source:                 u_array/row_len_d1_r_reg[7]/C
                            (rising edge-triggered cell FDCE clocked by clk_i  {rise@0.000ns fall@3.333ns period=6.667ns})
  Destination:            u_array/row_len_d7_r_reg[7]_srl6_u_array_row_len_d7_r_reg_c/D
                            (rising edge-triggered cell SRL16E clocked by clk_i  {rise@0.000ns fall@3.333ns period=6.667ns})
  Path Group:             clk_i
  Path Type:              Hold (Min at Fast Process Corner)
  Requirement:            0.000ns  (clk_i rise@0.000ns - clk_i rise@0.000ns)
  Data Path Delay:        0.279ns  (logic 0.164ns (58.730%)  route 0.115ns (41.270%))
  Logic Levels:           0  
  Clock Path Skew:        0.022ns (DCD - SCD - CPR)
    Destination Clock Delay (DCD):    0.432ns
    Source Clock Delay      (SCD):    0.410ns
    Clock Pessimism Removal (CPR):    -0.000ns

    Location             Delay type                Incr(ns)  Path(ns)    Netlist Resource(s)
  -------------------------------------------------------------------    -------------------
                         (clock clk_i rise edge)      0.000     0.000 r  
                                                      0.000     0.000 r  clk_i (IN)
                         net (fo=19596, unset)        0.410     0.410    u_array/clk_i
    SLICE_X38Y72         FDCE                                         r  u_array/row_len_d1_r_reg[7]/C
  -------------------------------------------------------------------    -------------------
    SLICE_X38Y72         FDCE (Prop_fdce_C_Q)         0.164     0.574 r  u_array/row_len_d1_r_reg[7]/Q
                         net (fo=1, routed)           0.115     0.689    u_array/row_len_d1_r[7]
    SLICE_X38Y70         SRL16E                                       r  u_array/row_len_d7_r_reg[7]_srl6_u_array_row_len_d7_r_reg_c/D
  -------------------------------------------------------------------    -------------------

                         (clock clk_i rise edge)      0.000     0.000 r  
                                                      0.000     0.000 r  clk_i (IN)
                         net (fo=19596, unset)        0.432     0.432    u_array/clk_i
    SLICE_X38Y70         SRL16E                                       r  u_array/row_len_d7_r_reg[7]_srl6_u_array_row_len_d7_r_reg_c/CLK
                         clock pessimism              0.000     0.432    
    SLICE_X38Y70         SRL16E (Hold_srl16e_CLK_D)
                                                      0.183     0.615    u_array/row_len_d7_r_reg[7]_srl6_u_array_row_len_d7_r_reg_c
  -------------------------------------------------------------------
                         required time                         -0.615    
                         arrival time                           0.689    
  -------------------------------------------------------------------
                         slack                                  0.075    





Pulse Width Checks
--------------------------------------------------------------------------------------
Clock Name:         clk_i
Waveform(ns):       { 0.000 3.333 }
Period(ns):         6.667
Sources:            { clk_i }

Check Type        Corner  Lib Pin             Reference Pin  Required(ns)  Actual(ns)  Slack(ns)  Location      Pin
Min Period        n/a     RAMB36E1/CLKARDCLK  n/a            2.944         6.667       3.723      RAMB36_X3Y8   u_array/u_xbuf/u_bank0/U0/inst_blk_mem_gen/gnbram.gnativebmg.native_blk_mem_gen/valid.cstr/ramloop[0].ram.r/prim_noinit.ram/DEVICE_7SERIES.NO_BMM_INFO.SDP.SIMPLE_PRIM36.ram/CLKARDCLK
Low Pulse Width   Slow    RAMD64E/CLK         n/a            1.250         3.333       2.083      SLICE_X66Y49  u_array/u_wbuf/g_row[0].mem0_reg_0_63_0_2/RAMA/CLK
High Pulse Width  Slow    RAMD64E/CLK         n/a            1.250         3.334       2.084      SLICE_X66Y49  u_array/u_wbuf/g_row[0].mem0_reg_0_63_0_2/RAMA/CLK



