#-----------------------------------------------------------
# Vivado v2025.2 (64-bit)
# SW Build 6299465 on Fri Nov 14 19:35:11 GMT 2025
# IP Build 6300035 on Fri Nov 14 10:48:45 MST 2025
# SharedData Build 6298862 on Thu Nov 13 04:50:51 MST 2025
# Start of session at: Wed Sep 16 22:28:05 2026
# Process ID         : 37508
# Current directory  : E:/competition/2_fpga/3_yolo_zynq/proj/ooc_gate
# Command line       : vivado.exe -mode batch -source ooc_dbg8d.tcl -nojournal -log ooc_dbg8d_vivado.log
# Log file           : E:/competition/2_fpga/3_yolo_zynq/proj/ooc_gate/ooc_dbg8d_vivado.log
# Journal file       : 
# Running On         : HC-202510241838
# Platform           : Windows Server 2016 or Windows 10
# Operating System   : 26200
# Processor Detail   : AMD Ryzen 5 9600X 6-Core Processor             
# CPU Frequency      : 3893 MHz
# CPU Physical cores : 6
# CPU Logical cores  : 12
# Host memory        : 33410 MB
# Swap memory        : 21474 MB
# Total Virtual      : 54884 MB
# Available Virtual  : 13594 MB
#-----------------------------------------------------------
source ooc_dbg8d.tcl
# open_checkpoint E:/competition/2_fpga/3_yolo_zynq/proj/ooc_gate/ooc_v14_routed.dcp
Command: open_checkpoint E:/competition/2_fpga/3_yolo_zynq/proj/ooc_gate/ooc_v14_routed.dcp

Starting open_checkpoint Task

Time (s): cpu = 00:00:00 ; elapsed = 00:00:00.035 . Memory (MB): peak = 339.918 ; gain = 2.844
INFO: [Device 21-403] Loading part xc7z020clg484-1
Netlist sorting complete. Time (s): cpu = 00:00:00 ; elapsed = 00:00:00.269 . Memory (MB): peak = 851.219 ; gain = 0.000
INFO: [Netlist 29-17] Analyzing 5945 Unisim elements for replacement
INFO: [Netlist 29-28] Unisim Transformation completed in 1 CPU seconds
INFO: [Project 1-479] Netlist was created with Vivado 2025.2
INFO: [Project 1-570] Preparing netlist for logic optimization
Read ShapeDB Complete: Time (s): cpu = 00:00:00 ; elapsed = 00:00:00.091 . Memory (MB): peak = 983.266 ; gain = 10.277
INFO: [Timing 38-478] Restoring timing data from binary archive.
INFO: [Timing 38-479] Binary timing data restore complete.
INFO: [Project 1-856] Restoring constraints from binary archive.
INFO: [Project 1-853] Binary constraint restore complete.
INFO: [Designutils 20-5722] Start Reading Physical Databases.
Reading placement.
Read Netlist Cache: Time (s): cpu = 00:00:00 ; elapsed = 00:00:00.037 . Memory (MB): peak = 1630.949 ; gain = 0.000
Reading placer database...
Read Device Cache: Time (s): cpu = 00:00:00 ; elapsed = 00:00:00.010 . Memory (MB): peak = 1630.949 ; gain = 0.000
Read PlaceDB: Time (s): cpu = 00:00:00 ; elapsed = 00:00:00 . Memory (MB): peak = 1630.949 ; gain = 0.000
Read placeStorage: Time (s): cpu = 00:00:01 ; elapsed = 00:00:00.757 . Memory (MB): peak = 1644.434 ; gain = 13.484
Read PulsedLatchDB: Time (s): cpu = 00:00:00 ; elapsed = 00:00:00 . Memory (MB): peak = 1644.434 ; gain = 0.000
Reading routing.
Read RouteStorage: Time (s): cpu = 00:00:00 ; elapsed = 00:00:00.332 . Memory (MB): peak = 1666.895 ; gain = 22.461
Read Physdb Files: Time (s): cpu = 00:00:01 ; elapsed = 00:00:01 . Memory (MB): peak = 1666.895 ; gain = 35.945
Restored from archive | CPU: 1.000000 secs | Memory: 0.000000 MB |
Finished XDEF File Restore: Time (s): cpu = 00:00:01 ; elapsed = 00:00:01 . Memory (MB): peak = 1666.895 ; gain = 35.945
Netlist sorting complete. Time (s): cpu = 00:00:00 ; elapsed = 00:00:00.012 . Memory (MB): peak = 1704.652 ; gain = 0.000
INFO: [Project 1-111] Unisim Transformation Summary:
  A total of 34 instances were transformed.
  RAM32M => RAM32M (RAMD32(x6), RAMS32(x2)): 22 instances
  RAM32X1D => RAM32X1D (RAMD32(x2)): 12 instances

INFO: [Project 1-604] Checkpoint was created with Vivado v2025.2 (64-bit) build 6299465
open_checkpoint: Time (s): cpu = 00:00:18 ; elapsed = 00:00:17 . Memory (MB): peak = 1712.688 ; gain = 1385.531
# foreach {tag filt} [list \
#     rq_addr {NAME =~ *u_array/row_addr_d1_r_reg*} \
#     addrgen {NAME =~ */u_addrgen/*} \
#     PE      {NAME =~ *u_pe*} \
#     acc     {NAME =~ *u_acc*} \
#     requant {NAME =~ */u_requant/*} \
#     xbuf    {NAME =~ */u_xbuf/*} \
#     wbuf    {NAME =~ */u_wbuf/*} \
#     dma_rd  {NAME =~ */u_dma/*} \
#     dma_wr  {NAME =~ */u_dma_wr/*} \
#     ctrl    {NAME =~ */u_ctrl/*} \
# ] {
#     set p [lindex [get_timing_paths -max_paths 1 -to [get_cells -hier -filter $filt]] 0]
#     if {$p ne ""} {
#         puts [format "==== %s worst_slack=%s levels=%s" $tag \
#             [get_property SLACK $p] [get_property LOGIC_LEVELS $p]]
#         puts "        from [get_property STARTPOINT_PIN $p]"
#         puts "        to   [get_property ENDPOINT_PIN $p]"
#     } else {
#         puts "==== $tag (no paths)"
#     }
# }
WARNING: [Timing 38-242] The property HD.CLK_SRC of clock port "clk_i" is not set. In out-of-context mode, this prevents timing estimation for clock delay/skew
Resolution: Set the HD.CLK_SRC property of the out-of-context port to the location of the clock buffer instance in the top-level design
get_timing_paths: Time (s): cpu = 00:00:10 ; elapsed = 00:00:06 . Memory (MB): peak = 1756.949 ; gain = 44.262
==== rq_addr worst_slack=-6.507 levels=17
        from u_array/u_ctrl/n_tail_r_reg[0]_replica_2/C
        to   u_array/row_addr_d1_r_reg[29]/D
==== addrgen worst_slack=-2.774 levels=9
        from u_array/u_addrgen/oy_sh_r_reg[2]/C
        to   u_array/u_addrgen/row_off_r_reg[29]/D
==== PE worst_slack=-3.390 levels=2
        from u_array/u_xbuf/u_bank1/U0/inst_blk_mem_gen/gnbram.gnativebmg.native_blk_mem_gen/valid.cstr/has_mux_b.B/no_softecc_sel_reg.ce_pri.sel_pipe_reg[0]/C
        to   u_array/g_pe_row[6].g_pe_pair[7].u_pe/u_dsp48/A[23]
==== acc worst_slack=-4.153 levels=1
        from u_array/g_acc[0].acc_clr_d1_g_r_reg_replica/C
        to   u_array/g_acc[25].u_acc_g/acc_r_reg[128]/CE
==== requant worst_slack=-4.153 levels=0
        from u_array/rq_en_d1_r_reg/C
        to   u_array/u_requant/m_r0_reg[26]/CE
==== xbuf worst_slack=-2.929 levels=11
        from u_array/u_addrgen/kw_r_reg[3]/C
        to   u_array/u_xbuf/u_bank1/U0/inst_blk_mem_gen/gnbram.gnativebmg.native_blk_mem_gen/valid.cstr/ramloop[6].ram.r/prim_noinit.ram/DEVICE_7SERIES.NO_BMM_INFO.SDP.WIDE_PRIM36_NO_ECC.ram/DIADI[29]
==== wbuf worst_slack=-1.380 levels=3
        from u_array/FSM_sequential_ldr_state_r_reg[1]/C
        to   u_array/u_wbuf/par_s0_reg_0_15_6_7/DP/WE
==== dma_rd worst_slack=-2.172 levels=11
        from u_array/cmd_idx_r_reg[1]/C
        to   u_array/u_dma/addr_r_reg[31]/D
==== dma_wr worst_slack=-1.871 levels=14
        from u_array/u_dma_wr/addr_r_reg[3]/C
        to   u_array/u_dma_wr/words_r_reg[21]/D
==== ctrl worst_slack=-5.571 levels=11
        from u_array/u_ctrl/oc_tiles_r_reg[0]/C
        to   u_array/u_ctrl/rq_limit_r0/A[6]
# close_design
# puts "OOC_DBG8D_DONE"
OOC_DBG8D_DONE
INFO: [Common 17-206] Exiting Vivado at Wed Sep 16 22:28:34 2026...
