Copyright 1986-2022 Xilinx, Inc. All Rights Reserved. Copyright 2022-2025 Advanced Micro Devices, Inc. All Rights Reserved.
---------------------------------------------------------------------------------------------------------------------------------------------
| Tool Version : Vivado v.2025.2 (win64) Build 6299465 Fri Nov 14 19:35:11 GMT 2025
| Date         : Thu Sep 17 01:41:39 2026
| Host         : HC-202510241838 running 64-bit major release  (build 9200)
| Command      : report_timing_summary -file E:/competition/2_fpga/3_yolo_zynq/proj/ooc_gate/ooc_v19_timing.rpt
| Design       : yolo_engine_top
| Device       : 7z020-clg484
| Speed File   : -1  PRODUCTION 1.12 2019-11-22
| Design State : Routed
---------------------------------------------------------------------------------------------------------------------------------------------

Timing Summary Report

------------------------------------------------------------------------------------------------
| Timer Settings
| --------------
------------------------------------------------------------------------------------------------

  Enable Multi Corner Analysis               :  Yes
  Enable Pessimism Removal                   :  Yes
  Pessimism Removal Resolution               :  Nearest Common Node
  Enable Input Delay Default Clock           :  No
  Enable Preset / Clear Arcs                 :  No
  Disable Flight Delays                      :  No
  Ignore I/O Paths                           :  No
  Timing Early Launch at Borrowing Latches   :  No
  Borrow Time for Max Delay Exceptions       :  Yes
  Merge Timing Exceptions                    :  Yes
  Inter-SLR Compensation                     :  Conservative

  Corner  Analyze    Analyze    
  Name    Max Paths  Min Paths  
  ------  ---------  ---------  
  Slow    Yes        Yes        
  Fast    Yes        Yes        


------------------------------------------------------------------------------------------------
| Report Methodology
| ------------------
------------------------------------------------------------------------------------------------

No report available as report_methodology has not been run prior. Run report_methodology on the current design for the summary of methodology violations.



check_timing report

Table of Contents
-----------------
1. checking no_clock (0)
2. checking constant_clock (0)
3. checking pulse_width_clock (0)
4. checking unconstrained_internal_endpoints (0)
5. checking no_input_delay (147)
6. checking no_output_delay (224)
7. checking multiple_clock (0)
8. checking generated_clocks (0)
9. checking loops (0)
10. checking partial_input_delay (0)
11. checking partial_output_delay (0)
12. checking latch_loops (0)

1. checking no_clock (0)
------------------------
 There are 0 register/latch pins with no clock.


2. checking constant_clock (0)
------------------------------
 There are 0 register/latch pins with constant_clock.


3. checking pulse_width_clock (0)
---------------------------------
 There are 0 register/latch pins which need pulse_width check


4. checking unconstrained_internal_endpoints (0)
------------------------------------------------
 There are 0 pins that are not constrained for maximum delay.

 There are 0 pins that are not constrained for maximum delay due to constant clock.


5. checking no_input_delay (147)
--------------------------------
 There are 147 input ports with no input delay specified. (HIGH)

 There are 0 input ports with no input delay but user has a false path constraint.


6. checking no_output_delay (224)
---------------------------------
 There are 224 ports with no output delay specified. (HIGH)

 There are 0 ports with no output delay but user has a false path constraint

 There are 0 ports with no output delay but with a timing clock defined on it or propagating through it


7. checking multiple_clock (0)
------------------------------
 There are 0 register/latch pins with multiple clocks.


8. checking generated_clocks (0)
--------------------------------
 There are 0 generated clocks that are not connected to a clock source.


9. checking loops (0)
---------------------
 There are 0 combinational loops in the design.


10. checking partial_input_delay (0)
------------------------------------
 There are 0 input ports with partial input delay specified.


11. checking partial_output_delay (0)
-------------------------------------
 There are 0 ports with partial output delay specified.


12. checking latch_loops (0)
----------------------------
 There are 0 combinational latch loops in the design through latch input



------------------------------------------------------------------------------------------------
| Design Timing Summary
| ---------------------
------------------------------------------------------------------------------------------------

    WNS(ns)      TNS(ns)  TNS Failing Endpoints  TNS Total Endpoints      WHS(ns)      THS(ns)  THS Failing Endpoints  THS Total Endpoints     WPWS(ns)     TPWS(ns)  TPWS Failing Endpoints  TPWS Total Endpoints  
    -------      -------  ---------------------  -------------------      -------      -------  ---------------------  -------------------     --------     --------  ----------------------  --------------------  
     -4.853    -3076.392                   5508                34229        0.086        0.000                      0                34229        2.083        0.000                       0                 16068  


Timing constraints are not met.


------------------------------------------------------------------------------------------------
| Clock Summary
| -------------
------------------------------------------------------------------------------------------------

Clock  Waveform(ns)         Period(ns)      Frequency(MHz)
-----  ------------         ----------      --------------
clk_i  {0.000 3.333}        6.667           149.993         


------------------------------------------------------------------------------------------------
| Intra Clock Table
| -----------------
------------------------------------------------------------------------------------------------

Clock             WNS(ns)      TNS(ns)  TNS Failing Endpoints  TNS Total Endpoints      WHS(ns)      THS(ns)  THS Failing Endpoints  THS Total Endpoints     WPWS(ns)     TPWS(ns)  TPWS Failing Endpoints  TPWS Total Endpoints  
-----             -------      -------  ---------------------  -------------------      -------      -------  ---------------------  -------------------     --------     --------  ----------------------  --------------------  
clk_i              -4.853    -3076.392                   5508                34229        0.086        0.000                      0                34229        2.083        0.000                       0                 16068  


------------------------------------------------------------------------------------------------
| Inter Clock Table
| -----------------
------------------------------------------------------------------------------------------------

From Clock    To Clock          WNS(ns)      TNS(ns)  TNS Failing Endpoints  TNS Total Endpoints      WHS(ns)      THS(ns)  THS Failing Endpoints  THS Total Endpoints  
----------    --------          -------      -------  ---------------------  -------------------      -------      -------  ---------------------  -------------------  


------------------------------------------------------------------------------------------------
| Other Path Groups Table
| -----------------------
------------------------------------------------------------------------------------------------

Path Group    From Clock    To Clock          WNS(ns)      TNS(ns)  TNS Failing Endpoints  TNS Total Endpoints      WHS(ns)      THS(ns)  THS Failing Endpoints  THS Total Endpoints  
----------    ----------    --------          -------      -------  ---------------------  -------------------      -------      -------  ---------------------  -------------------  


------------------------------------------------------------------------------------------------
| Timing Details
| --------------
------------------------------------------------------------------------------------------------


---------------------------------------------------------------------------------------------------
From Clock:  clk_i
  To Clock:  clk_i

Setup :         5508  Failing Endpoints,  Worst Slack       -4.853ns,  Total Violation    -3076.392ns
Hold  :            0  Failing Endpoints,  Worst Slack        0.086ns,  Total Violation        0.000ns
PW    :            0  Failing Endpoints,  Worst Slack        2.083ns,  Total Violation        0.000ns
---------------------------------------------------------------------------------------------------


Max Delay Paths
--------------------------------------------------------------------------------------
Slack (VIOLATED) :        -4.853ns  (required time - arrival time)
  Source:                 u_array/u_requant/sum_r_reg[4]/C
                            (rising edge-triggered cell FDCE clocked by clk_i  {rise@0.000ns fall@3.333ns period=6.667ns})
  Destination:            u_array/u_requant/q_lsb_r_reg/D
                            (rising edge-triggered cell FDCE clocked by clk_i  {rise@0.000ns fall@3.333ns period=6.667ns})
  Path Group:             clk_i
  Path Type:              Setup (Max at Slow Process Corner)
  Requirement:            6.667ns  (clk_i rise@6.667ns - clk_i rise@0.000ns)
  Data Path Delay:        11.467ns  (logic 8.913ns (77.727%)  route 2.554ns (22.273%))
  Logic Levels:           18  (CARRY4=12 DSP48E1=2 LUT6=2 MUXF7=1 MUXF8=1)
  Clock Path Skew:        -0.049ns (DCD - SCD + CPR)
    Destination Clock Delay (DCD):    0.924ns = ( 7.591 - 6.667 ) 
    Source Clock Delay      (SCD):    0.973ns
    Clock Pessimism Removal (CPR):    0.000ns
  Clock Uncertainty:      0.035ns  ((TSJ^2 + TIJ^2)^1/2 + DJ) / 2 + PE
    Total System Jitter     (TSJ):    0.071ns
    Total Input Jitter      (TIJ):    0.000ns
    Discrete Jitter          (DJ):    0.000ns
    Phase Error              (PE):    0.000ns

    Location             Delay type                Incr(ns)  Path(ns)    Netlist Resource(s)
  -------------------------------------------------------------------    -------------------
                         (clock clk_i rise edge)      0.000     0.000 r  
                                                      0.000     0.000 r  clk_i (IN)
                         net (fo=16067, unset)        0.973     0.973    u_array/u_requant/clk_i
    SLICE_X35Y117        FDCE                                         r  u_array/u_requant/sum_r_reg[4]/C
  -------------------------------------------------------------------    -------------------
    SLICE_X35Y117        FDCE (Prop_fdce_C_Q)         0.456     1.429 r  u_array/u_requant/sum_r_reg[4]/Q
                         net (fo=1, routed)           0.567     1.996    u_array/u_requant/sum_r[4]
    DSP48_X2Y47          DSP48E1 (Prop_dsp48e1_A[4]_PCOUT[47])
                                                      4.036     6.032 r  u_array/u_requant/prod_c_w__1/PCOUT[47]
                         net (fo=1, routed)           0.002     6.034    u_array/u_requant/prod_c_w__1_n_106
    DSP48_X2Y48          DSP48E1 (Prop_dsp48e1_PCIN[47]_P[0])
                                                      1.518     7.552 r  u_array/u_requant/prod_c_w__2/P[0]
                         net (fo=2, routed)           0.919     8.471    u_array/u_requant/p_1_in[17]
    SLICE_X33Y117        CARRY4 (Prop_carry4_DI[1]_CO[3])
                                                      0.507     8.978 r  u_array/u_requant/prod_r_reg[19]_i_1/CO[3]
                         net (fo=1, routed)           0.000     8.978    u_array/u_requant/prod_r_reg[19]_i_1_n_0
    SLICE_X33Y118        CARRY4 (Prop_carry4_CI_CO[3])
                                                      0.114     9.092 r  u_array/u_requant/prod_r_reg[23]_i_1/CO[3]
                         net (fo=1, routed)           0.000     9.092    u_array/u_requant/prod_r_reg[23]_i_1_n_0
    SLICE_X33Y119        CARRY4 (Prop_carry4_CI_CO[3])
                                                      0.114     9.206 r  u_array/u_requant/prod_r_reg[27]_i_1/CO[3]
                         net (fo=1, routed)           0.000     9.206    u_array/u_requant/prod_r_reg[27]_i_1_n_0
    SLICE_X33Y120        CARRY4 (Prop_carry4_CI_CO[3])
                                                      0.114     9.320 r  u_array/u_requant/prod_r_reg[31]_i_1/CO[3]
                         net (fo=1, routed)           0.000     9.320    u_array/u_requant/prod_r_reg[31]_i_1_n_0
    SLICE_X33Y121        CARRY4 (Prop_carry4_CI_CO[3])
                                                      0.114     9.434 r  u_array/u_requant/prod_r_reg[35]_i_1/CO[3]
                         net (fo=1, routed)           0.000     9.434    u_array/u_requant/prod_r_reg[35]_i_1_n_0
    SLICE_X33Y122        CARRY4 (Prop_carry4_CI_CO[3])
                                                      0.114     9.548 r  u_array/u_requant/prod_r_reg[39]_i_1/CO[3]
                         net (fo=1, routed)           0.000     9.548    u_array/u_requant/prod_r_reg[39]_i_1_n_0
    SLICE_X33Y123        CARRY4 (Prop_carry4_CI_CO[3])
                                                      0.114     9.662 r  u_array/u_requant/prod_r_reg[43]_i_1/CO[3]
                         net (fo=1, routed)           0.000     9.662    u_array/u_requant/prod_r_reg[43]_i_1_n_0
    SLICE_X33Y124        CARRY4 (Prop_carry4_CI_CO[3])
                                                      0.114     9.776 r  u_array/u_requant/prod_r_reg[47]_i_1/CO[3]
                         net (fo=1, routed)           0.009     9.785    u_array/u_requant/prod_r_reg[47]_i_1_n_0
    SLICE_X33Y125        CARRY4 (Prop_carry4_CI_CO[3])
                                                      0.114     9.899 r  u_array/u_requant/prod_r_reg[51]_i_1/CO[3]
                         net (fo=1, routed)           0.000     9.899    u_array/u_requant/prod_r_reg[51]_i_1_n_0
    SLICE_X33Y126        CARRY4 (Prop_carry4_CI_CO[3])
                                                      0.114    10.013 r  u_array/u_requant/prod_r_reg[55]_i_1/CO[3]
                         net (fo=1, routed)           0.000    10.013    u_array/u_requant/prod_r_reg[55]_i_1_n_0
    SLICE_X33Y127        CARRY4 (Prop_carry4_CI_CO[3])
                                                      0.114    10.127 r  u_array/u_requant/prod_r_reg[59]_i_1/CO[3]
                         net (fo=1, routed)           0.000    10.127    u_array/u_requant/prod_r_reg[59]_i_1_n_0
    SLICE_X33Y128        CARRY4 (Prop_carry4_CI_O[3])
                                                      0.329    10.456 r  u_array/u_requant/prod_r_reg[63]_i_1/O[3]
                         net (fo=2, routed)           0.762    11.218    u_array/u_requant/prod_c_w__3[63]
    SLICE_X34Y125        LUT6 (Prop_lut6_I0_O)        0.306    11.524 r  u_array/u_requant/q_lsb_r_i_17/O
                         net (fo=1, routed)           0.000    11.524    u_array/u_requant/q_lsb_r_i_17_n_0
    SLICE_X34Y125        MUXF7 (Prop_muxf7_I1_O)      0.214    11.738 r  u_array/u_requant/q_lsb_r_reg_i_7/O
                         net (fo=1, routed)           0.000    11.738    u_array/u_requant/q_lsb_r_reg_i_7_n_0
    SLICE_X34Y125        MUXF8 (Prop_muxf8_I1_O)      0.088    11.826 r  u_array/u_requant/q_lsb_r_reg_i_2/O
                         net (fo=1, routed)           0.295    12.121    u_array/u_requant/q_lsb_r_reg_i_2_n_0
    SLICE_X35Y125        LUT6 (Prop_lut6_I0_O)        0.319    12.440 r  u_array/u_requant/q_lsb_r_i_1/O
                         net (fo=1, routed)           0.000    12.440    u_array/u_requant/q_lsb_r_i_1_n_0
    SLICE_X35Y125        FDCE                                         r  u_array/u_requant/q_lsb_r_reg/D
  -------------------------------------------------------------------    -------------------

                         (clock clk_i rise edge)      6.667     6.667 r  
                                                      0.000     6.667 r  clk_i (IN)
                         net (fo=16067, unset)        0.924     7.591    u_array/u_requant/clk_i
    SLICE_X35Y125        FDCE                                         r  u_array/u_requant/q_lsb_r_reg/C
                         clock pessimism              0.000     7.591    
                         clock uncertainty           -0.035     7.556    
    SLICE_X35Y125        FDCE (Setup_fdce_C_D)        0.031     7.587    u_array/u_requant/q_lsb_r_reg
  -------------------------------------------------------------------
                         required time                          7.587    
                         arrival time                         -12.440    
  -------------------------------------------------------------------
                         slack                                 -4.853    





Min Delay Paths
--------------------------------------------------------------------------------------
Slack (MET) :             0.086ns  (arrival time - required time)
  Source:                 u_array/wpipe_data_q_reg[31]/C
                            (rising edge-triggered cell FDCE clocked by clk_i  {rise@0.000ns fall@3.333ns period=6.667ns})
  Destination:            u_array/u_wbuf/par_m1_reg_0_15_30_31__0/SP/I
                            (rising edge-triggered cell RAMD32 clocked by clk_i  {rise@0.000ns fall@3.333ns period=6.667ns})
  Path Group:             clk_i
  Path Type:              Hold (Min at Fast Process Corner)
  Requirement:            0.000ns  (clk_i rise@0.000ns - clk_i rise@0.000ns)
  Data Path Delay:        0.252ns  (logic 0.141ns (55.979%)  route 0.111ns (44.021%))
  Logic Levels:           0  
  Clock Path Skew:        0.022ns (DCD - SCD - CPR)
    Destination Clock Delay (DCD):    0.432ns
    Source Clock Delay      (SCD):    0.410ns
    Clock Pessimism Removal (CPR):    -0.000ns

    Location             Delay type                Incr(ns)  Path(ns)    Netlist Resource(s)
  -------------------------------------------------------------------    -------------------
                         (clock clk_i rise edge)      0.000     0.000 r  
                                                      0.000     0.000 r  clk_i (IN)
                         net (fo=16067, unset)        0.410     0.410    u_array/clk_i
    SLICE_X45Y101        FDCE                                         r  u_array/wpipe_data_q_reg[31]/C
  -------------------------------------------------------------------    -------------------
    SLICE_X45Y101        FDCE (Prop_fdce_C_Q)         0.141     0.551 r  u_array/wpipe_data_q_reg[31]/Q
                         net (fo=8, routed)           0.111     0.662    u_array/u_wbuf/par_m1_reg_0_15_30_31__0/D
    SLICE_X46Y100        RAMD32                                       r  u_array/u_wbuf/par_m1_reg_0_15_30_31__0/SP/I
  -------------------------------------------------------------------    -------------------

                         (clock clk_i rise edge)      0.000     0.000 r  
                                                      0.000     0.000 r  clk_i (IN)
                         net (fo=16067, unset)        0.432     0.432    u_array/u_wbuf/par_m1_reg_0_15_30_31__0/WCLK
    SLICE_X46Y100        RAMD32                                       r  u_array/u_wbuf/par_m1_reg_0_15_30_31__0/SP/CLK
                         clock pessimism              0.000     0.432    
    SLICE_X46Y100        RAMD32 (Hold_ramd32_CLK_I)
                                                      0.144     0.576    u_array/u_wbuf/par_m1_reg_0_15_30_31__0/SP
  -------------------------------------------------------------------
                         required time                         -0.576    
                         arrival time                           0.662    
  -------------------------------------------------------------------
                         slack                                  0.086    





Pulse Width Checks
--------------------------------------------------------------------------------------
Clock Name:         clk_i
Waveform(ns):       { 0.000 3.333 }
Period(ns):         6.667
Sources:            { clk_i }

Check Type        Corner  Lib Pin             Reference Pin  Required(ns)  Actual(ns)  Slack(ns)  Location      Pin
Min Period        n/a     RAMB36E1/CLKARDCLK  n/a            2.944         6.667       3.723      RAMB36_X2Y9   u_array/u_xbuf/u_bank0/U0/inst_blk_mem_gen/gnbram.gnativebmg.native_blk_mem_gen/valid.cstr/ramloop[0].ram.r/prim_noinit.ram/DEVICE_7SERIES.NO_BMM_INFO.SDP.SIMPLE_PRIM36.ram/CLKARDCLK
Low Pulse Width   Slow    RAMD64E/CLK         n/a            1.250         3.333       2.083      SLICE_X50Y27  u_array/u_wbuf/g_row[0].mem0_reg_0_63_0_2/RAMA/CLK
High Pulse Width  Slow    RAMD64E/CLK         n/a            1.250         3.334       2.084      SLICE_X50Y27  u_array/u_wbuf/g_row[0].mem0_reg_0_63_0_2/RAMA/CLK



