Copyright 1986-2022 Xilinx, Inc. All Rights Reserved. Copyright 2022-2025 Advanced Micro Devices, Inc. All Rights Reserved.
---------------------------------------------------------------------------------------------------------------------------------------------
| Tool Version : Vivado v.2025.2 (win64) Build 6299465 Fri Nov 14 19:35:11 GMT 2025
| Date         : Thu Sep 17 02:50:43 2026
| Host         : HC-202510241838 running 64-bit major release  (build 9200)
| Command      : report_timing_summary -file E:/competition/2_fpga/3_yolo_zynq/proj/ooc_gate/ooc_v23_timing.rpt
| Design       : yolo_engine_top
| Device       : 7z020-clg484
| Speed File   : -1  PRODUCTION 1.12 2019-11-22
| Design State : Routed
---------------------------------------------------------------------------------------------------------------------------------------------

Timing Summary Report

------------------------------------------------------------------------------------------------
| Timer Settings
| --------------
------------------------------------------------------------------------------------------------

  Enable Multi Corner Analysis               :  Yes
  Enable Pessimism Removal                   :  Yes
  Pessimism Removal Resolution               :  Nearest Common Node
  Enable Input Delay Default Clock           :  No
  Enable Preset / Clear Arcs                 :  No
  Disable Flight Delays                      :  No
  Ignore I/O Paths                           :  No
  Timing Early Launch at Borrowing Latches   :  No
  Borrow Time for Max Delay Exceptions       :  Yes
  Merge Timing Exceptions                    :  Yes
  Inter-SLR Compensation                     :  Conservative

  Corner  Analyze    Analyze    
  Name    Max Paths  Min Paths  
  ------  ---------  ---------  
  Slow    Yes        Yes        
  Fast    Yes        Yes        


------------------------------------------------------------------------------------------------
| Report Methodology
| ------------------
------------------------------------------------------------------------------------------------

No report available as report_methodology has not been run prior. Run report_methodology on the current design for the summary of methodology violations.



check_timing report

Table of Contents
-----------------
1. checking no_clock (0)
2. checking constant_clock (0)
3. checking pulse_width_clock (0)
4. checking unconstrained_internal_endpoints (0)
5. checking no_input_delay (147)
6. checking no_output_delay (224)
7. checking multiple_clock (0)
8. checking generated_clocks (0)
9. checking loops (0)
10. checking partial_input_delay (0)
11. checking partial_output_delay (0)
12. checking latch_loops (0)

1. checking no_clock (0)
------------------------
 There are 0 register/latch pins with no clock.


2. checking constant_clock (0)
------------------------------
 There are 0 register/latch pins with constant_clock.


3. checking pulse_width_clock (0)
---------------------------------
 There are 0 register/latch pins which need pulse_width check


4. checking unconstrained_internal_endpoints (0)
------------------------------------------------
 There are 0 pins that are not constrained for maximum delay.

 There are 0 pins that are not constrained for maximum delay due to constant clock.


5. checking no_input_delay (147)
--------------------------------
 There are 147 input ports with no input delay specified. (HIGH)

 There are 0 input ports with no input delay but user has a false path constraint.


6. checking no_output_delay (224)
---------------------------------
 There are 224 ports with no output delay specified. (HIGH)

 There are 0 ports with no output delay but user has a false path constraint

 There are 0 ports with no output delay but with a timing clock defined on it or propagating through it


7. checking multiple_clock (0)
------------------------------
 There are 0 register/latch pins with multiple clocks.


8. checking generated_clocks (0)
--------------------------------
 There are 0 generated clocks that are not connected to a clock source.


9. checking loops (0)
---------------------
 There are 0 combinational loops in the design.


10. checking partial_input_delay (0)
------------------------------------
 There are 0 input ports with partial input delay specified.


11. checking partial_output_delay (0)
-------------------------------------
 There are 0 ports with partial output delay specified.


12. checking latch_loops (0)
----------------------------
 There are 0 combinational latch loops in the design through latch input



------------------------------------------------------------------------------------------------
| Design Timing Summary
| ---------------------
------------------------------------------------------------------------------------------------

    WNS(ns)      TNS(ns)  TNS Failing Endpoints  TNS Total Endpoints      WHS(ns)      THS(ns)  THS Failing Endpoints  THS Total Endpoints     WPWS(ns)     TPWS(ns)  TPWS Failing Endpoints  TPWS Total Endpoints  
    -------      -------  ---------------------  -------------------      -------      -------  ---------------------  -------------------     --------     --------  ----------------------  --------------------  
     -0.457      -28.489                    208                40333        0.076        0.000                      0                40333        2.083        0.000                       0                 19593  


Timing constraints are not met.


------------------------------------------------------------------------------------------------
| Clock Summary
| -------------
------------------------------------------------------------------------------------------------

Clock  Waveform(ns)         Period(ns)      Frequency(MHz)
-----  ------------         ----------      --------------
clk_i  {0.000 3.333}        6.667           149.993         


------------------------------------------------------------------------------------------------
| Intra Clock Table
| -----------------
------------------------------------------------------------------------------------------------

Clock             WNS(ns)      TNS(ns)  TNS Failing Endpoints  TNS Total Endpoints      WHS(ns)      THS(ns)  THS Failing Endpoints  THS Total Endpoints     WPWS(ns)     TPWS(ns)  TPWS Failing Endpoints  TPWS Total Endpoints  
-----             -------      -------  ---------------------  -------------------      -------      -------  ---------------------  -------------------     --------     --------  ----------------------  --------------------  
clk_i              -0.457      -28.489                    208                40333        0.076        0.000                      0                40333        2.083        0.000                       0                 19593  


------------------------------------------------------------------------------------------------
| Inter Clock Table
| -----------------
------------------------------------------------------------------------------------------------

From Clock    To Clock          WNS(ns)      TNS(ns)  TNS Failing Endpoints  TNS Total Endpoints      WHS(ns)      THS(ns)  THS Failing Endpoints  THS Total Endpoints  
----------    --------          -------      -------  ---------------------  -------------------      -------      -------  ---------------------  -------------------  


------------------------------------------------------------------------------------------------
| Other Path Groups Table
| -----------------------
------------------------------------------------------------------------------------------------

Path Group    From Clock    To Clock          WNS(ns)      TNS(ns)  TNS Failing Endpoints  TNS Total Endpoints      WHS(ns)      THS(ns)  THS Failing Endpoints  THS Total Endpoints  
----------    ----------    --------          -------      -------  ---------------------  -------------------      -------      -------  ---------------------  -------------------  


------------------------------------------------------------------------------------------------
| Timing Details
| --------------
------------------------------------------------------------------------------------------------


---------------------------------------------------------------------------------------------------
From Clock:  clk_i
  To Clock:  clk_i

Setup :          208  Failing Endpoints,  Worst Slack       -0.457ns,  Total Violation      -28.489ns
Hold  :            0  Failing Endpoints,  Worst Slack        0.076ns,  Total Violation        0.000ns
PW    :            0  Failing Endpoints,  Worst Slack        2.083ns,  Total Violation        0.000ns
---------------------------------------------------------------------------------------------------


Max Delay Paths
--------------------------------------------------------------------------------------
Slack (VIOLATED) :        -0.457ns  (required time - arrival time)
  Source:                 u_array/u_requant/prod_c_w__2/CLK
                            (rising edge-triggered cell DSP48E1 clocked by clk_i  {rise@0.000ns fall@3.333ns period=6.667ns})
  Destination:            u_array/u_requant/q_r_reg[36]/D
                            (rising edge-triggered cell FDCE clocked by clk_i  {rise@0.000ns fall@3.333ns period=6.667ns})
  Path Group:             clk_i
  Path Type:              Setup (Max at Slow Process Corner)
  Requirement:            6.667ns  (clk_i rise@6.667ns - clk_i rise@0.000ns)
  Data Path Delay:        7.069ns  (logic 3.271ns (46.276%)  route 3.798ns (53.724%))
  Logic Levels:           17  (CARRY4=12 LUT3=2 LUT4=1 LUT6=2)
  Clock Path Skew:        -0.049ns (DCD - SCD + CPR)
    Destination Clock Delay (DCD):    0.924ns = ( 7.591 - 6.667 ) 
    Source Clock Delay      (SCD):    0.973ns
    Clock Pessimism Removal (CPR):    0.000ns
  Clock Uncertainty:      0.035ns  ((TSJ^2 + TIJ^2)^1/2 + DJ) / 2 + PE
    Total System Jitter     (TSJ):    0.071ns
    Total Input Jitter      (TIJ):    0.000ns
    Discrete Jitter          (DJ):    0.000ns
    Phase Error              (PE):    0.000ns

    Location             Delay type                Incr(ns)  Path(ns)    Netlist Resource(s)
  -------------------------------------------------------------------    -------------------
                         (clock clk_i rise edge)      0.000     0.000 r  
                                                      0.000     0.000 r  clk_i (IN)
                         net (fo=19592, unset)        0.973     0.973    u_array/u_requant/clk_i
    DSP48_X2Y26          DSP48E1                                      r  u_array/u_requant/prod_c_w__2/CLK
  -------------------------------------------------------------------    -------------------
    DSP48_X2Y26          DSP48E1 (Prop_dsp48e1_CLK_P[0])
                                                      0.434     1.407 r  u_array/u_requant/prod_c_w__2/P[0]
                         net (fo=2, routed)           0.900     2.307    u_array/u_requant/prod_c_w__2_n_105
    SLICE_X34Y63         LUT3 (Prop_lut3_I1_O)        0.124     2.431 r  u_array/u_requant/sticky_r_i_135/O
                         net (fo=1, routed)           0.000     2.431    u_array/u_requant/sticky_r_i_135_n_0
    SLICE_X34Y63         CARRY4 (Prop_carry4_S[1]_CO[3])
                                                      0.533     2.964 r  u_array/u_requant/sticky_r_reg_i_51/CO[3]
                         net (fo=1, routed)           0.000     2.964    u_array/u_requant/sticky_r_reg_i_51_n_0
    SLICE_X34Y64         CARRY4 (Prop_carry4_CI_CO[3])
                                                      0.117     3.081 r  u_array/u_requant/sticky_r_reg_i_50/CO[3]
                         net (fo=1, routed)           0.000     3.081    u_array/u_requant/sticky_r_reg_i_50_n_0
    SLICE_X34Y65         CARRY4 (Prop_carry4_CI_CO[3])
                                                      0.117     3.198 r  u_array/u_requant/sticky_r_reg_i_13/CO[3]
                         net (fo=1, routed)           0.000     3.198    u_array/u_requant/sticky_r_reg_i_13_n_0
    SLICE_X34Y66         CARRY4 (Prop_carry4_CI_CO[3])
                                                      0.117     3.315 r  u_array/u_requant/sticky_r_reg_i_49/CO[3]
                         net (fo=1, routed)           0.000     3.315    u_array/u_requant/sticky_r_reg_i_49_n_0
    SLICE_X34Y67         CARRY4 (Prop_carry4_CI_CO[3])
                                                      0.117     3.432 r  u_array/u_requant/sticky_r_reg_i_78/CO[3]
                         net (fo=1, routed)           0.000     3.432    u_array/u_requant/sticky_r_reg_i_78_n_0
    SLICE_X34Y68         CARRY4 (Prop_carry4_CI_CO[3])
                                                      0.117     3.549 r  u_array/u_requant/sticky_r_reg_i_20/CO[3]
                         net (fo=1, routed)           0.000     3.549    u_array/u_requant/sticky_r_reg_i_20_n_0
    SLICE_X34Y69         CARRY4 (Prop_carry4_CI_CO[3])
                                                      0.117     3.666 r  u_array/u_requant/sticky_r_reg_i_14/CO[3]
                         net (fo=1, routed)           0.000     3.666    u_array/u_requant/sticky_r_reg_i_14_n_0
    SLICE_X34Y70         CARRY4 (Prop_carry4_CI_CO[3])
                                                      0.117     3.783 r  u_array/u_requant/sticky_r_reg_i_17/CO[3]
                         net (fo=1, routed)           0.000     3.783    u_array/u_requant/sticky_r_reg_i_17_n_0
    SLICE_X34Y71         CARRY4 (Prop_carry4_CI_CO[3])
                                                      0.117     3.900 r  u_array/u_requant/sticky_r_reg_i_9/CO[3]
                         net (fo=1, routed)           0.000     3.900    u_array/u_requant/sticky_r_reg_i_9_n_0
    SLICE_X34Y72         CARRY4 (Prop_carry4_CI_CO[3])
                                                      0.117     4.017 r  u_array/u_requant/sticky_r_reg_i_10/CO[3]
                         net (fo=1, routed)           0.000     4.017    u_array/u_requant/sticky_r_reg_i_10_n_0
    SLICE_X34Y73         CARRY4 (Prop_carry4_CI_CO[3])
                                                      0.117     4.134 r  u_array/u_requant/q_r_reg[63]_i_2/CO[3]
                         net (fo=1, routed)           0.000     4.134    u_array/u_requant/q_r_reg[63]_i_2_n_0
    SLICE_X34Y74         CARRY4 (Prop_carry4_CI_O[3])
                                                      0.331     4.465 r  u_array/u_requant/q_r_reg[63]_i_1/O[3]
                         net (fo=131, routed)         0.874     5.339    u_array/u_requant/prod_r[63]
    SLICE_X34Y76         LUT4 (Prop_lut4_I1_O)        0.307     5.646 r  u_array/u_requant/q_r[40]_i_4/O
                         net (fo=2, routed)           0.983     6.628    u_array/u_requant/q_r[40]_i_4_n_0
    SLICE_X31Y77         LUT6 (Prop_lut6_I0_O)        0.124     6.752 r  u_array/u_requant/q_r[36]_i_3/O
                         net (fo=3, routed)           0.579     7.331    u_array/u_requant/q_r[36]_i_3_n_0
    SLICE_X30Y78         LUT3 (Prop_lut3_I2_O)        0.124     7.455 r  u_array/u_requant/q_r[36]_i_2/O
                         net (fo=2, routed)           0.462     7.918    u_array/u_requant/q_r[36]_i_2_n_0
    SLICE_X31Y79         LUT6 (Prop_lut6_I2_O)        0.124     8.042 r  u_array/u_requant/q_r[36]_i_1_comp/O
                         net (fo=1, routed)           0.000     8.042    u_array/u_requant/q_r[36]_i_1_n_0
    SLICE_X31Y79         FDCE                                         r  u_array/u_requant/q_r_reg[36]/D
  -------------------------------------------------------------------    -------------------

                         (clock clk_i rise edge)      6.667     6.667 r  
                                                      0.000     6.667 r  clk_i (IN)
                         net (fo=19592, unset)        0.924     7.591    u_array/u_requant/clk_i
    SLICE_X31Y79         FDCE                                         r  u_array/u_requant/q_r_reg[36]/C
                         clock pessimism              0.000     7.591    
                         clock uncertainty           -0.035     7.556    
    SLICE_X31Y79         FDCE (Setup_fdce_C_D)        0.029     7.585    u_array/u_requant/q_r_reg[36]
  -------------------------------------------------------------------
                         required time                          7.585    
                         arrival time                          -8.042    
  -------------------------------------------------------------------
                         slack                                 -0.457    





Min Delay Paths
--------------------------------------------------------------------------------------
Slack (MET) :             0.076ns  (arrival time - required time)
  Source:                 u_array/wpipe_row_q_reg[2]/C
                            (rising edge-triggered cell FDCE clocked by clk_i  {rise@0.000ns fall@3.333ns period=6.667ns})
  Destination:            u_array/u_wbuf/par_b0_reg_0_15_24_29/RAMA/WADR2
                            (rising edge-triggered cell RAMD32 clocked by clk_i  {rise@0.000ns fall@3.333ns period=6.667ns})
  Path Group:             clk_i
  Path Type:              Hold (Min at Fast Process Corner)
  Requirement:            0.000ns  (clk_i rise@0.000ns - clk_i rise@0.000ns)
  Data Path Delay:        0.352ns  (logic 0.141ns (40.065%)  route 0.211ns (59.935%))
  Logic Levels:           0  
  Clock Path Skew:        0.022ns (DCD - SCD - CPR)
    Destination Clock Delay (DCD):    0.432ns
    Source Clock Delay      (SCD):    0.410ns
    Clock Pessimism Removal (CPR):    -0.000ns

    Location             Delay type                Incr(ns)  Path(ns)    Netlist Resource(s)
  -------------------------------------------------------------------    -------------------
                         (clock clk_i rise edge)      0.000     0.000 r  
                                                      0.000     0.000 r  clk_i (IN)
                         net (fo=19592, unset)        0.410     0.410    u_array/clk_i
    SLICE_X59Y107        FDCE                                         r  u_array/wpipe_row_q_reg[2]/C
  -------------------------------------------------------------------    -------------------
    SLICE_X59Y107        FDCE (Prop_fdce_C_Q)         0.141     0.551 r  u_array/wpipe_row_q_reg[2]/Q
                         net (fo=230, routed)         0.211     0.762    u_array/u_wbuf/par_b0_reg_0_15_24_29/ADDRD2
    SLICE_X58Y106        RAMD32                                       r  u_array/u_wbuf/par_b0_reg_0_15_24_29/RAMA/WADR2
  -------------------------------------------------------------------    -------------------

                         (clock clk_i rise edge)      0.000     0.000 r  
                                                      0.000     0.000 r  clk_i (IN)
                         net (fo=19592, unset)        0.432     0.432    u_array/u_wbuf/par_b0_reg_0_15_24_29/WCLK
    SLICE_X58Y106        RAMD32                                       r  u_array/u_wbuf/par_b0_reg_0_15_24_29/RAMA/CLK
                         clock pessimism              0.000     0.432    
    SLICE_X58Y106        RAMD32 (Hold_ramd32_CLK_WADR2)
                                                      0.254     0.686    u_array/u_wbuf/par_b0_reg_0_15_24_29/RAMA
  -------------------------------------------------------------------
                         required time                         -0.686    
                         arrival time                           0.762    
  -------------------------------------------------------------------
                         slack                                  0.076    





Pulse Width Checks
--------------------------------------------------------------------------------------
Clock Name:         clk_i
Waveform(ns):       { 0.000 3.333 }
Period(ns):         6.667
Sources:            { clk_i }

Check Type        Corner  Lib Pin             Reference Pin  Required(ns)  Actual(ns)  Slack(ns)  Location      Pin
Min Period        n/a     RAMB36E1/CLKARDCLK  n/a            2.944         6.667       3.723      RAMB36_X3Y3   u_array/u_xbuf/u_bank0/U0/inst_blk_mem_gen/gnbram.gnativebmg.native_blk_mem_gen/valid.cstr/ramloop[0].ram.r/prim_noinit.ram/DEVICE_7SERIES.NO_BMM_INFO.SDP.SIMPLE_PRIM36.ram/CLKARDCLK
Low Pulse Width   Slow    RAMD64E/CLK         n/a            1.250         3.333       2.083      SLICE_X58Y32  u_array/u_wbuf/g_row[0].mem0_reg_0_63_0_2/RAMA/CLK
High Pulse Width  Slow    RAMD64E/CLK         n/a            1.250         3.334       2.084      SLICE_X58Y32  u_array/u_wbuf/g_row[0].mem0_reg_0_63_0_2/RAMA/CLK



