Copyright 1986-2022 Xilinx, Inc. All Rights Reserved. Copyright 2022-2025 Advanced Micro Devices, Inc. All Rights Reserved.
---------------------------------------------------------------------------------------------------------------------------------------------
| Tool Version : Vivado v.2025.2 (win64) Build 6299465 Fri Nov 14 19:35:11 GMT 2025
| Date         : Thu Sep 17 01:56:48 2026
| Host         : HC-202510241838 running 64-bit major release  (build 9200)
| Command      : report_timing_summary -file E:/competition/2_fpga/3_yolo_zynq/proj/ooc_gate/ooc_v20_timing.rpt
| Design       : yolo_engine_top
| Device       : 7z020-clg484
| Speed File   : -1  PRODUCTION 1.12 2019-11-22
| Design State : Routed
---------------------------------------------------------------------------------------------------------------------------------------------

Timing Summary Report

------------------------------------------------------------------------------------------------
| Timer Settings
| --------------
------------------------------------------------------------------------------------------------

  Enable Multi Corner Analysis               :  Yes
  Enable Pessimism Removal                   :  Yes
  Pessimism Removal Resolution               :  Nearest Common Node
  Enable Input Delay Default Clock           :  No
  Enable Preset / Clear Arcs                 :  No
  Disable Flight Delays                      :  No
  Ignore I/O Paths                           :  No
  Timing Early Launch at Borrowing Latches   :  No
  Borrow Time for Max Delay Exceptions       :  Yes
  Merge Timing Exceptions                    :  Yes
  Inter-SLR Compensation                     :  Conservative

  Corner  Analyze    Analyze    
  Name    Max Paths  Min Paths  
  ------  ---------  ---------  
  Slow    Yes        Yes        
  Fast    Yes        Yes        


------------------------------------------------------------------------------------------------
| Report Methodology
| ------------------
------------------------------------------------------------------------------------------------

No report available as report_methodology has not been run prior. Run report_methodology on the current design for the summary of methodology violations.



check_timing report

Table of Contents
-----------------
1. checking no_clock (0)
2. checking constant_clock (0)
3. checking pulse_width_clock (0)
4. checking unconstrained_internal_endpoints (0)
5. checking no_input_delay (147)
6. checking no_output_delay (224)
7. checking multiple_clock (0)
8. checking generated_clocks (0)
9. checking loops (0)
10. checking partial_input_delay (0)
11. checking partial_output_delay (0)
12. checking latch_loops (0)

1. checking no_clock (0)
------------------------
 There are 0 register/latch pins with no clock.


2. checking constant_clock (0)
------------------------------
 There are 0 register/latch pins with constant_clock.


3. checking pulse_width_clock (0)
---------------------------------
 There are 0 register/latch pins which need pulse_width check


4. checking unconstrained_internal_endpoints (0)
------------------------------------------------
 There are 0 pins that are not constrained for maximum delay.

 There are 0 pins that are not constrained for maximum delay due to constant clock.


5. checking no_input_delay (147)
--------------------------------
 There are 147 input ports with no input delay specified. (HIGH)

 There are 0 input ports with no input delay but user has a false path constraint.


6. checking no_output_delay (224)
---------------------------------
 There are 224 ports with no output delay specified. (HIGH)

 There are 0 ports with no output delay but user has a false path constraint

 There are 0 ports with no output delay but with a timing clock defined on it or propagating through it


7. checking multiple_clock (0)
------------------------------
 There are 0 register/latch pins with multiple clocks.


8. checking generated_clocks (0)
--------------------------------
 There are 0 generated clocks that are not connected to a clock source.


9. checking loops (0)
---------------------
 There are 0 combinational loops in the design.


10. checking partial_input_delay (0)
------------------------------------
 There are 0 input ports with partial input delay specified.


11. checking partial_output_delay (0)
-------------------------------------
 There are 0 ports with partial output delay specified.


12. checking latch_loops (0)
----------------------------
 There are 0 combinational latch loops in the design through latch input



------------------------------------------------------------------------------------------------
| Design Timing Summary
| ---------------------
------------------------------------------------------------------------------------------------

    WNS(ns)      TNS(ns)  TNS Failing Endpoints  TNS Total Endpoints      WHS(ns)      THS(ns)  THS Failing Endpoints  THS Total Endpoints     WPWS(ns)     TPWS(ns)  TPWS Failing Endpoints  TPWS Total Endpoints  
    -------      -------  ---------------------  -------------------      -------      -------  ---------------------  -------------------     --------     --------  ----------------------  --------------------  
     -1.187     -301.565                   1278                37272        0.071        0.000                      0                37272        2.083        0.000                       0                 18804  


Timing constraints are not met.


------------------------------------------------------------------------------------------------
| Clock Summary
| -------------
------------------------------------------------------------------------------------------------

Clock  Waveform(ns)         Period(ns)      Frequency(MHz)
-----  ------------         ----------      --------------
clk_i  {0.000 3.333}        6.667           149.993         


------------------------------------------------------------------------------------------------
| Intra Clock Table
| -----------------
------------------------------------------------------------------------------------------------

Clock             WNS(ns)      TNS(ns)  TNS Failing Endpoints  TNS Total Endpoints      WHS(ns)      THS(ns)  THS Failing Endpoints  THS Total Endpoints     WPWS(ns)     TPWS(ns)  TPWS Failing Endpoints  TPWS Total Endpoints  
-----             -------      -------  ---------------------  -------------------      -------      -------  ---------------------  -------------------     --------     --------  ----------------------  --------------------  
clk_i              -1.187     -301.565                   1278                37272        0.071        0.000                      0                37272        2.083        0.000                       0                 18804  


------------------------------------------------------------------------------------------------
| Inter Clock Table
| -----------------
------------------------------------------------------------------------------------------------

From Clock    To Clock          WNS(ns)      TNS(ns)  TNS Failing Endpoints  TNS Total Endpoints      WHS(ns)      THS(ns)  THS Failing Endpoints  THS Total Endpoints  
----------    --------          -------      -------  ---------------------  -------------------      -------      -------  ---------------------  -------------------  


------------------------------------------------------------------------------------------------
| Other Path Groups Table
| -----------------------
------------------------------------------------------------------------------------------------

Path Group    From Clock    To Clock          WNS(ns)      TNS(ns)  TNS Failing Endpoints  TNS Total Endpoints      WHS(ns)      THS(ns)  THS Failing Endpoints  THS Total Endpoints  
----------    ----------    --------          -------      -------  ---------------------  -------------------      -------      -------  ---------------------  -------------------  


------------------------------------------------------------------------------------------------
| Timing Details
| --------------
------------------------------------------------------------------------------------------------


---------------------------------------------------------------------------------------------------
From Clock:  clk_i
  To Clock:  clk_i

Setup :         1278  Failing Endpoints,  Worst Slack       -1.187ns,  Total Violation     -301.565ns
Hold  :            0  Failing Endpoints,  Worst Slack        0.071ns,  Total Violation        0.000ns
PW    :            0  Failing Endpoints,  Worst Slack        2.083ns,  Total Violation        0.000ns
---------------------------------------------------------------------------------------------------


Max Delay Paths
--------------------------------------------------------------------------------------
Slack (VIOLATED) :        -1.187ns  (required time - arrival time)
  Source:                 u_array/u_requant/prod_r_reg[0]/C
                            (rising edge-triggered cell FDCE clocked by clk_i  {rise@0.000ns fall@3.333ns period=6.667ns})
  Destination:            u_array/u_requant/sticky_r_reg/D
                            (rising edge-triggered cell FDCE clocked by clk_i  {rise@0.000ns fall@3.333ns period=6.667ns})
  Path Group:             clk_i
  Path Type:              Setup (Max at Slow Process Corner)
  Requirement:            6.667ns  (clk_i rise@6.667ns - clk_i rise@0.000ns)
  Data Path Delay:        7.851ns  (logic 3.270ns (41.650%)  route 4.581ns (58.350%))
  Logic Levels:           15  (CARRY4=8 LUT2=1 LUT3=1 LUT5=1 LUT6=3 MUXF7=1)
  Clock Path Skew:        -0.049ns (DCD - SCD + CPR)
    Destination Clock Delay (DCD):    0.924ns = ( 7.591 - 6.667 ) 
    Source Clock Delay      (SCD):    0.973ns
    Clock Pessimism Removal (CPR):    0.000ns
  Clock Uncertainty:      0.035ns  ((TSJ^2 + TIJ^2)^1/2 + DJ) / 2 + PE
    Total System Jitter     (TSJ):    0.071ns
    Total Input Jitter      (TIJ):    0.000ns
    Discrete Jitter          (DJ):    0.000ns
    Phase Error              (PE):    0.000ns

    Location             Delay type                Incr(ns)  Path(ns)    Netlist Resource(s)
  -------------------------------------------------------------------    -------------------
                         (clock clk_i rise edge)      0.000     0.000 r  
                                                      0.000     0.000 r  clk_i (IN)
                         net (fo=18803, unset)        0.973     0.973    u_array/u_requant/clk_i
    SLICE_X35Y51         FDCE                                         r  u_array/u_requant/prod_r_reg[0]/C
  -------------------------------------------------------------------    -------------------
    SLICE_X35Y51         FDCE (Prop_fdce_C_Q)         0.456     1.429 r  u_array/u_requant/prod_r_reg[0]/Q
                         net (fo=1, routed)           0.849     2.278    u_array/u_requant/prod_r_reg_n_0_[0]
    SLICE_X34Y52         LUT3 (Prop_lut3_I2_O)        0.124     2.402 r  u_array/u_requant/sticky_r_i_196/O
                         net (fo=1, routed)           0.000     2.402    u_array/u_requant/sticky_r_i_196_n_0
    SLICE_X34Y52         CARRY4 (Prop_carry4_S[1]_CO[3])
                                                      0.533     2.935 r  u_array/u_requant/sticky_r_reg_i_133/CO[3]
                         net (fo=1, routed)           0.000     2.935    u_array/u_requant/sticky_r_reg_i_133_n_0
    SLICE_X34Y53         CARRY4 (Prop_carry4_CI_CO[3])
                                                      0.117     3.052 r  u_array/u_requant/sticky_r_reg_i_129/CO[3]
                         net (fo=1, routed)           0.000     3.052    u_array/u_requant/sticky_r_reg_i_129_n_0
    SLICE_X34Y54         CARRY4 (Prop_carry4_CI_CO[3])
                                                      0.117     3.169 r  u_array/u_requant/sticky_r_reg_i_142/CO[3]
                         net (fo=1, routed)           0.000     3.169    u_array/u_requant/sticky_r_reg_i_142_n_0
    SLICE_X34Y55         CARRY4 (Prop_carry4_CI_CO[3])
                                                      0.117     3.286 r  u_array/u_requant/sticky_r_reg_i_143/CO[3]
                         net (fo=1, routed)           0.000     3.286    u_array/u_requant/sticky_r_reg_i_143_n_0
    SLICE_X34Y56         CARRY4 (Prop_carry4_CI_CO[3])
                                                      0.117     3.403 r  u_array/u_requant/sticky_r_reg_i_181/CO[3]
                         net (fo=1, routed)           0.000     3.403    u_array/u_requant/sticky_r_reg_i_181_n_0
    SLICE_X34Y57         CARRY4 (Prop_carry4_CI_CO[3])
                                                      0.117     3.520 r  u_array/u_requant/q_r_reg[39]_i_5/CO[3]
                         net (fo=1, routed)           0.000     3.520    u_array/u_requant/q_r_reg[39]_i_5_n_0
    SLICE_X34Y58         CARRY4 (Prop_carry4_CI_CO[3])
                                                      0.117     3.637 r  u_array/u_requant/sticky_r_reg_i_180/CO[3]
                         net (fo=1, routed)           0.000     3.637    u_array/u_requant/sticky_r_reg_i_180_n_0
    SLICE_X34Y59         CARRY4 (Prop_carry4_CI_O[2])
                                                      0.239     3.876 r  u_array/u_requant/q_r_reg[47]_i_4/O[2]
                         net (fo=6, routed)           0.732     4.609    u_array/u_requant/data47
    SLICE_X33Y59         LUT5 (Prop_lut5_I1_O)        0.301     4.910 r  u_array/u_requant/sticky_r_i_118/O
                         net (fo=4, routed)           0.475     5.385    u_array/u_requant/sticky_r_i_118_n_0
    SLICE_X33Y55         LUT6 (Prop_lut6_I1_O)        0.124     5.509 r  u_array/u_requant/sticky_r_i_89/O
                         net (fo=2, routed)           0.561     6.069    u_array/u_requant/sticky_r_i_89_n_0
    SLICE_X35Y53         LUT2 (Prop_lut2_I1_O)        0.124     6.193 r  u_array/u_requant/sticky_r_i_39/O
                         net (fo=1, routed)           0.000     6.193    u_array/u_requant/sticky_r_i_39_n_0
    SLICE_X35Y53         MUXF7 (Prop_muxf7_I1_O)      0.245     6.438 r  u_array/u_requant/sticky_r_reg_i_9/O
                         net (fo=1, routed)           1.170     7.608    u_array/u_requant/sticky_r_reg_i_9_n_0
    SLICE_X36Y53         LUT6 (Prop_lut6_I1_O)        0.298     7.906 r  u_array/u_requant/sticky_r_i_2/O
                         net (fo=1, routed)           0.794     8.700    u_array/u_requant/sticky_r_i_2_n_0
    SLICE_X36Y52         LUT6 (Prop_lut6_I0_O)        0.124     8.824 r  u_array/u_requant/sticky_r_i_1/O
                         net (fo=1, routed)           0.000     8.824    u_array/u_requant/sticky_w
    SLICE_X36Y52         FDCE                                         r  u_array/u_requant/sticky_r_reg/D
  -------------------------------------------------------------------    -------------------

                         (clock clk_i rise edge)      6.667     6.667 r  
                                                      0.000     6.667 r  clk_i (IN)
                         net (fo=18803, unset)        0.924     7.591    u_array/u_requant/clk_i
    SLICE_X36Y52         FDCE                                         r  u_array/u_requant/sticky_r_reg/C
                         clock pessimism              0.000     7.591    
                         clock uncertainty           -0.035     7.556    
    SLICE_X36Y52         FDCE (Setup_fdce_C_D)        0.081     7.637    u_array/u_requant/sticky_r_reg
  -------------------------------------------------------------------
                         required time                          7.637    
                         arrival time                          -8.824    
  -------------------------------------------------------------------
                         slack                                 -1.187    





Min Delay Paths
--------------------------------------------------------------------------------------
Slack (MET) :             0.071ns  (arrival time - required time)
  Source:                 u_array/row_len_d1_r_reg[7]/C
                            (rising edge-triggered cell FDCE clocked by clk_i  {rise@0.000ns fall@3.333ns period=6.667ns})
  Destination:            u_array/row_len_d5_r_reg[7]_srl4_u_array_row_len_d5_r_reg_c/D
                            (rising edge-triggered cell SRL16E clocked by clk_i  {rise@0.000ns fall@3.333ns period=6.667ns})
  Path Group:             clk_i
  Path Type:              Hold (Min at Fast Process Corner)
  Requirement:            0.000ns  (clk_i rise@0.000ns - clk_i rise@0.000ns)
  Data Path Delay:        0.276ns  (logic 0.164ns (59.419%)  route 0.112ns (40.581%))
  Logic Levels:           0  
  Clock Path Skew:        0.022ns (DCD - SCD - CPR)
    Destination Clock Delay (DCD):    0.432ns
    Source Clock Delay      (SCD):    0.410ns
    Clock Pessimism Removal (CPR):    -0.000ns

    Location             Delay type                Incr(ns)  Path(ns)    Netlist Resource(s)
  -------------------------------------------------------------------    -------------------
                         (clock clk_i rise edge)      0.000     0.000 r  
                                                      0.000     0.000 r  clk_i (IN)
                         net (fo=18803, unset)        0.410     0.410    u_array/clk_i
    SLICE_X54Y72         FDCE                                         r  u_array/row_len_d1_r_reg[7]/C
  -------------------------------------------------------------------    -------------------
    SLICE_X54Y72         FDCE (Prop_fdce_C_Q)         0.164     0.574 r  u_array/row_len_d1_r_reg[7]/Q
                         net (fo=1, routed)           0.112     0.686    u_array/row_len_d1_r[7]
    SLICE_X54Y73         SRL16E                                       r  u_array/row_len_d5_r_reg[7]_srl4_u_array_row_len_d5_r_reg_c/D
  -------------------------------------------------------------------    -------------------

                         (clock clk_i rise edge)      0.000     0.000 r  
                                                      0.000     0.000 r  clk_i (IN)
                         net (fo=18803, unset)        0.432     0.432    u_array/clk_i
    SLICE_X54Y73         SRL16E                                       r  u_array/row_len_d5_r_reg[7]_srl4_u_array_row_len_d5_r_reg_c/CLK
                         clock pessimism              0.000     0.432    
    SLICE_X54Y73         SRL16E (Hold_srl16e_CLK_D)
                                                      0.183     0.615    u_array/row_len_d5_r_reg[7]_srl4_u_array_row_len_d5_r_reg_c
  -------------------------------------------------------------------
                         required time                         -0.615    
                         arrival time                           0.686    
  -------------------------------------------------------------------
                         slack                                  0.071    





Pulse Width Checks
--------------------------------------------------------------------------------------
Clock Name:         clk_i
Waveform(ns):       { 0.000 3.333 }
Period(ns):         6.667
Sources:            { clk_i }

Check Type        Corner  Lib Pin             Reference Pin  Required(ns)  Actual(ns)  Slack(ns)  Location      Pin
Min Period        n/a     RAMB36E1/CLKARDCLK  n/a            2.944         6.667       3.723      RAMB36_X3Y6   u_array/u_xbuf/u_bank0/U0/inst_blk_mem_gen/gnbram.gnativebmg.native_blk_mem_gen/valid.cstr/ramloop[0].ram.r/prim_noinit.ram/DEVICE_7SERIES.NO_BMM_INFO.SDP.SIMPLE_PRIM36.ram/CLKARDCLK
Low Pulse Width   Slow    RAMD64E/CLK         n/a            1.250         3.333       2.083      SLICE_X50Y86  u_array/u_wbuf/g_row[0].mem0_reg_0_63_0_2/RAMA/CLK
High Pulse Width  Slow    RAMD64E/CLK         n/a            1.250         3.334       2.084      SLICE_X50Y86  u_array/u_wbuf/g_row[0].mem0_reg_0_63_0_2/RAMA/CLK



