Copyright 1986-2022 Xilinx, Inc. All Rights Reserved. Copyright 2022-2025 Advanced Micro Devices, Inc. All Rights Reserved.
---------------------------------------------------------------------------------------------------------------------------------------------
| Tool Version : Vivado v.2025.2 (win64) Build 6299465 Fri Nov 14 19:35:11 GMT 2025
| Date         : Wed Sep 16 14:46:12 2026
| Host         : HC-202510241838 running 64-bit major release  (build 9200)
| Command      : report_timing_summary -file E:/competition/2_fpga/3_yolo_zynq/proj/ooc_gate/ooc_run02_timing.rpt
| Design       : yolo_engine_top
| Device       : 7z020-clg484
| Speed File   : -1  PRODUCTION 1.12 2019-11-22
| Design State : Routed
---------------------------------------------------------------------------------------------------------------------------------------------

Timing Summary Report

------------------------------------------------------------------------------------------------
| Timer Settings
| --------------
------------------------------------------------------------------------------------------------

  Enable Multi Corner Analysis               :  Yes
  Enable Pessimism Removal                   :  Yes
  Pessimism Removal Resolution               :  Nearest Common Node
  Enable Input Delay Default Clock           :  No
  Enable Preset / Clear Arcs                 :  No
  Disable Flight Delays                      :  No
  Ignore I/O Paths                           :  No
  Timing Early Launch at Borrowing Latches   :  No
  Borrow Time for Max Delay Exceptions       :  Yes
  Merge Timing Exceptions                    :  Yes
  Inter-SLR Compensation                     :  Conservative

  Corner  Analyze    Analyze    
  Name    Max Paths  Min Paths  
  ------  ---------  ---------  
  Slow    Yes        Yes        
  Fast    Yes        Yes        


------------------------------------------------------------------------------------------------
| Report Methodology
| ------------------
------------------------------------------------------------------------------------------------

No report available as report_methodology has not been run prior. Run report_methodology on the current design for the summary of methodology violations.



check_timing report

Table of Contents
-----------------
1. checking no_clock (0)
2. checking constant_clock (0)
3. checking pulse_width_clock (0)
4. checking unconstrained_internal_endpoints (0)
5. checking no_input_delay (147)
6. checking no_output_delay (224)
7. checking multiple_clock (0)
8. checking generated_clocks (0)
9. checking loops (0)
10. checking partial_input_delay (0)
11. checking partial_output_delay (0)
12. checking latch_loops (0)

1. checking no_clock (0)
------------------------
 There are 0 register/latch pins with no clock.


2. checking constant_clock (0)
------------------------------
 There are 0 register/latch pins with constant_clock.


3. checking pulse_width_clock (0)
---------------------------------
 There are 0 register/latch pins which need pulse_width check


4. checking unconstrained_internal_endpoints (0)
------------------------------------------------
 There are 0 pins that are not constrained for maximum delay.

 There are 0 pins that are not constrained for maximum delay due to constant clock.


5. checking no_input_delay (147)
--------------------------------
 There are 147 input ports with no input delay specified. (HIGH)

 There are 0 input ports with no input delay but user has a false path constraint.


6. checking no_output_delay (224)
---------------------------------
 There are 224 ports with no output delay specified. (HIGH)

 There are 0 ports with no output delay but user has a false path constraint

 There are 0 ports with no output delay but with a timing clock defined on it or propagating through it


7. checking multiple_clock (0)
------------------------------
 There are 0 register/latch pins with multiple clocks.


8. checking generated_clocks (0)
--------------------------------
 There are 0 generated clocks that are not connected to a clock source.


9. checking loops (0)
---------------------
 There are 0 combinational loops in the design.


10. checking partial_input_delay (0)
------------------------------------
 There are 0 input ports with partial input delay specified.


11. checking partial_output_delay (0)
-------------------------------------
 There are 0 ports with partial output delay specified.


12. checking latch_loops (0)
----------------------------
 There are 0 combinational latch loops in the design through latch input



------------------------------------------------------------------------------------------------
| Design Timing Summary
| ---------------------
------------------------------------------------------------------------------------------------

    WNS(ns)      TNS(ns)  TNS Failing Endpoints  TNS Total Endpoints      WHS(ns)      THS(ns)  THS Failing Endpoints  THS Total Endpoints     WPWS(ns)     TPWS(ns)  TPWS Failing Endpoints  TPWS Total Endpoints  
    -------      -------  ---------------------  -------------------      -------      -------  ---------------------  -------------------     --------     --------  ----------------------  --------------------  
    -31.140  -197901.266                  17610                26562        0.132        0.000                      0                26562        2.083        0.000                       0                 13714  


Timing constraints are not met.


------------------------------------------------------------------------------------------------
| Clock Summary
| -------------
------------------------------------------------------------------------------------------------

Clock  Waveform(ns)         Period(ns)      Frequency(MHz)
-----  ------------         ----------      --------------
clk_i  {0.000 3.333}        6.667           149.993         


------------------------------------------------------------------------------------------------
| Intra Clock Table
| -----------------
------------------------------------------------------------------------------------------------

Clock             WNS(ns)      TNS(ns)  TNS Failing Endpoints  TNS Total Endpoints      WHS(ns)      THS(ns)  THS Failing Endpoints  THS Total Endpoints     WPWS(ns)     TPWS(ns)  TPWS Failing Endpoints  TPWS Total Endpoints  
-----             -------      -------  ---------------------  -------------------      -------      -------  ---------------------  -------------------     --------     --------  ----------------------  --------------------  
clk_i             -31.140  -197901.266                  17610                26562        0.132        0.000                      0                26562        2.083        0.000                       0                 13714  


------------------------------------------------------------------------------------------------
| Inter Clock Table
| -----------------
------------------------------------------------------------------------------------------------

From Clock    To Clock          WNS(ns)      TNS(ns)  TNS Failing Endpoints  TNS Total Endpoints      WHS(ns)      THS(ns)  THS Failing Endpoints  THS Total Endpoints  
----------    --------          -------      -------  ---------------------  -------------------      -------      -------  ---------------------  -------------------  


------------------------------------------------------------------------------------------------
| Other Path Groups Table
| -----------------------
------------------------------------------------------------------------------------------------

Path Group    From Clock    To Clock          WNS(ns)      TNS(ns)  TNS Failing Endpoints  TNS Total Endpoints      WHS(ns)      THS(ns)  THS Failing Endpoints  THS Total Endpoints  
----------    ----------    --------          -------      -------  ---------------------  -------------------      -------      -------  ---------------------  -------------------  


------------------------------------------------------------------------------------------------
| Timing Details
| --------------
------------------------------------------------------------------------------------------------


---------------------------------------------------------------------------------------------------
From Clock:  clk_i
  To Clock:  clk_i

Setup :        17610  Failing Endpoints,  Worst Slack      -31.140ns,  Total Violation  -197901.260ns
Hold  :            0  Failing Endpoints,  Worst Slack        0.132ns,  Total Violation        0.000ns
PW    :            0  Failing Endpoints,  Worst Slack        2.083ns,  Total Violation        0.000ns
---------------------------------------------------------------------------------------------------


Max Delay Paths
--------------------------------------------------------------------------------------
Slack (VIOLATED) :        -31.140ns  (required time - arrival time)
  Source:                 u_array/cfg_ow_r_reg[0]_replica_3/C
                            (rising edge-triggered cell FDCE clocked by clk_i  {rise@0.000ns fall@3.333ns period=6.667ns})
  Destination:            u_array/u_addrgen/ox_r_reg[14]/D
                            (rising edge-triggered cell FDCE clocked by clk_i  {rise@0.000ns fall@3.333ns period=6.667ns})
  Path Group:             clk_i
  Path Type:              Setup (Max at Slow Process Corner)
  Requirement:            6.667ns  (clk_i rise@6.667ns - clk_i rise@0.000ns)
  Data Path Delay:        37.755ns  (logic 22.937ns (60.752%)  route 14.818ns (39.248%))
  Logic Levels:           98  (CARRY4=78 LUT2=5 LUT3=11 LUT5=2 LUT6=2)
  Clock Path Skew:        -0.049ns (DCD - SCD + CPR)
    Destination Clock Delay (DCD):    0.924ns = ( 7.591 - 6.667 ) 
    Source Clock Delay      (SCD):    0.973ns
    Clock Pessimism Removal (CPR):    0.000ns
  Clock Uncertainty:      0.035ns  ((TSJ^2 + TIJ^2)^1/2 + DJ) / 2 + PE
    Total System Jitter     (TSJ):    0.071ns
    Total Input Jitter      (TIJ):    0.000ns
    Discrete Jitter          (DJ):    0.000ns
    Phase Error              (PE):    0.000ns

    Location             Delay type                Incr(ns)  Path(ns)    Netlist Resource(s)
  -------------------------------------------------------------------    -------------------
                         (clock clk_i rise edge)      0.000     0.000 r  
                                                      0.000     0.000 r  clk_i (IN)
                         net (fo=13841, unset)        0.973     0.973    u_array/clk_i
    SLICE_X109Y116       FDCE                                         r  u_array/cfg_ow_r_reg[0]_replica_3/C
  -------------------------------------------------------------------    -------------------
    SLICE_X109Y116       FDCE (Prop_fdce_C_Q)         0.456     1.429 r  u_array/cfg_ow_r_reg[0]_replica_3/Q
                         net (fo=6, routed)           0.615     2.044    u_array/u_addrgen/cfg_ow_r[0]_repN_3_alias
    SLICE_X106Y116       LUT2 (Prop_lut2_I0_O)        0.124     2.168 r  u_array/u_addrgen/oy_r[8]_i_105/O
                         net (fo=1, routed)           0.000     2.168    u_array/u_addrgen/oy_r[8]_i_105_n_0
    SLICE_X106Y116       CARRY4 (Prop_carry4_S[0]_CO[3])
                                                      0.532     2.700 r  u_array/u_addrgen/oy_r_reg[8]_i_88/CO[3]
                         net (fo=1, routed)           0.000     2.700    u_array/u_addrgen/oy_r_reg[8]_i_88_n_0
    SLICE_X106Y117       CARRY4 (Prop_carry4_CI_CO[3])
                                                      0.114     2.814 r  u_array/u_addrgen/ox_r_reg[15]_i_309/CO[3]
                         net (fo=1, routed)           0.000     2.814    u_array/u_addrgen/ox_r_reg[15]_i_309_n_0
    SLICE_X106Y118       CARRY4 (Prop_carry4_CI_CO[3])
                                                      0.114     2.928 r  u_array/u_addrgen/ox_r_reg[15]_i_304/CO[3]
                         net (fo=1, routed)           0.000     2.928    u_array/u_addrgen/ox_r_reg[15]_i_304_n_0
    SLICE_X106Y119       CARRY4 (Prop_carry4_CI_CO[3])
                                                      0.114     3.042 r  u_array/u_addrgen/ox_r_reg[15]_i_301/CO[3]
                         net (fo=1, routed)           0.000     3.042    u_array/u_addrgen/ox_r_reg[15]_i_301_n_0
    SLICE_X106Y120       CARRY4 (Prop_carry4_CI_CO[0])
                                                      0.271     3.313 r  u_array/u_addrgen/ox_r_reg[15]_i_300/CO[0]
                         net (fo=19, routed)          0.810     4.123    u_array/u_addrgen/ox_r_reg[15]_i_300_n_3
    SLICE_X107Y117       LUT3 (Prop_lut3_I0_O)        0.373     4.496 r  u_array/u_addrgen/ox_r[15]_i_321/O
                         net (fo=1, routed)           0.000     4.496    u_array/u_addrgen/ox_r[15]_i_321_n_0
    SLICE_X107Y117       CARRY4 (Prop_carry4_S[1]_CO[3])
                                                      0.550     5.046 r  u_array/u_addrgen/ox_r_reg[15]_i_292/CO[3]
                         net (fo=1, routed)           0.000     5.046    u_array/u_addrgen/ox_r_reg[15]_i_292_n_0
    SLICE_X107Y118       CARRY4 (Prop_carry4_CI_CO[3])
                                                      0.114     5.160 r  u_array/u_addrgen/ox_r_reg[15]_i_287/CO[3]
                         net (fo=1, routed)           0.000     5.160    u_array/u_addrgen/ox_r_reg[15]_i_287_n_0
    SLICE_X107Y119       CARRY4 (Prop_carry4_CI_CO[3])
                                                      0.114     5.274 r  u_array/u_addrgen/ox_r_reg[15]_i_282/CO[3]
                         net (fo=1, routed)           0.000     5.274    u_array/u_addrgen/ox_r_reg[15]_i_282_n_0
    SLICE_X107Y120       CARRY4 (Prop_carry4_CI_CO[3])
                                                      0.114     5.388 r  u_array/u_addrgen/ox_r_reg[15]_i_279/CO[3]
                         net (fo=1, routed)           0.000     5.388    u_array/u_addrgen/ox_r_reg[15]_i_279_n_0
    SLICE_X107Y121       CARRY4 (Prop_carry4_CI_CO[1])
                                                      0.157     5.545 r  u_array/u_addrgen/ox_r_reg[15]_i_278/CO[1]
                         net (fo=19, routed)          0.922     6.467    u_array/u_addrgen/ox_r_reg[15]_i_278_n_2
    SLICE_X109Y117       LUT3 (Prop_lut3_I0_O)        0.329     6.796 r  u_array/u_addrgen/ox_r[15]_i_299/O
                         net (fo=1, routed)           0.000     6.796    u_array/u_addrgen/ox_r[15]_i_299_n_0
    SLICE_X109Y117       CARRY4 (Prop_carry4_S[1]_CO[3])
                                                      0.550     7.346 r  u_array/u_addrgen/ox_r_reg[15]_i_270/CO[3]
                         net (fo=1, routed)           0.000     7.346    u_array/u_addrgen/ox_r_reg[15]_i_270_n_0
    SLICE_X109Y118       CARRY4 (Prop_carry4_CI_CO[3])
                                                      0.114     7.460 r  u_array/u_addrgen/ox_r_reg[15]_i_265/CO[3]
                         net (fo=1, routed)           0.000     7.460    u_array/u_addrgen/ox_r_reg[15]_i_265_n_0
    SLICE_X109Y119       CARRY4 (Prop_carry4_CI_CO[3])
                                                      0.114     7.574 r  u_array/u_addrgen/ox_r_reg[15]_i_260/CO[3]
                         net (fo=1, routed)           0.000     7.574    u_array/u_addrgen/ox_r_reg[15]_i_260_n_0
    SLICE_X109Y120       CARRY4 (Prop_carry4_CI_CO[3])
                                                      0.114     7.688 r  u_array/u_addrgen/ox_r_reg[15]_i_257/CO[3]
                         net (fo=1, routed)           0.000     7.688    u_array/u_addrgen/ox_r_reg[15]_i_257_n_0
    SLICE_X109Y121       CARRY4 (Prop_carry4_CI_CO[1])
                                                      0.157     7.845 r  u_array/u_addrgen/ox_r_reg[15]_i_256/CO[1]
                         net (fo=19, routed)          0.804     8.649    u_array/u_addrgen/ox_r_reg[15]_i_256_n_2
    SLICE_X108Y117       LUT3 (Prop_lut3_I0_O)        0.329     8.978 r  u_array/u_addrgen/ox_r[15]_i_277/O
                         net (fo=1, routed)           0.000     8.978    u_array/u_addrgen/ox_r[15]_i_277_n_0
    SLICE_X108Y117       CARRY4 (Prop_carry4_S[1]_CO[3])
                                                      0.533     9.511 r  u_array/u_addrgen/ox_r_reg[15]_i_248/CO[3]
                         net (fo=1, routed)           0.000     9.511    u_array/u_addrgen/ox_r_reg[15]_i_248_n_0
    SLICE_X108Y118       CARRY4 (Prop_carry4_CI_CO[3])
                                                      0.117     9.628 r  u_array/u_addrgen/ox_r_reg[15]_i_243/CO[3]
                         net (fo=1, routed)           0.000     9.628    u_array/u_addrgen/ox_r_reg[15]_i_243_n_0
    SLICE_X108Y119       CARRY4 (Prop_carry4_CI_CO[3])
                                                      0.117     9.745 r  u_array/u_addrgen/ox_r_reg[15]_i_238/CO[3]
                         net (fo=1, routed)           0.000     9.745    u_array/u_addrgen/ox_r_reg[15]_i_238_n_0
    SLICE_X108Y120       CARRY4 (Prop_carry4_CI_CO[3])
                                                      0.117     9.862 r  u_array/u_addrgen/ox_r_reg[15]_i_235/CO[3]
                         net (fo=1, routed)           0.000     9.862    u_array/u_addrgen/ox_r_reg[15]_i_235_n_0
    SLICE_X108Y121       CARRY4 (Prop_carry4_CI_CO[1])
                                                      0.157    10.019 r  u_array/u_addrgen/ox_r_reg[15]_i_234/CO[1]
                         net (fo=19, routed)          0.626    10.645    u_array/u_addrgen/ox_r_reg[15]_i_234_n_2
    SLICE_X106Y121       LUT3 (Prop_lut3_I0_O)        0.332    10.977 r  u_array/u_addrgen/ox_r[15]_i_255/O
                         net (fo=1, routed)           0.000    10.977    u_array/u_addrgen/ox_r[15]_i_255_n_0
    SLICE_X106Y121       CARRY4 (Prop_carry4_S[1]_CO[3])
                                                      0.550    11.527 r  u_array/u_addrgen/ox_r_reg[15]_i_226/CO[3]
                         net (fo=1, routed)           0.000    11.527    u_array/u_addrgen/ox_r_reg[15]_i_226_n_0
    SLICE_X106Y122       CARRY4 (Prop_carry4_CI_CO[3])
                                                      0.114    11.641 r  u_array/u_addrgen/ox_r_reg[15]_i_221/CO[3]
                         net (fo=1, routed)           0.000    11.641    u_array/u_addrgen/ox_r_reg[15]_i_221_n_0
    SLICE_X106Y123       CARRY4 (Prop_carry4_CI_CO[3])
                                                      0.114    11.755 r  u_array/u_addrgen/ox_r_reg[15]_i_216/CO[3]
                         net (fo=1, routed)           0.000    11.755    u_array/u_addrgen/ox_r_reg[15]_i_216_n_0
    SLICE_X106Y124       CARRY4 (Prop_carry4_CI_CO[3])
                                                      0.114    11.869 r  u_array/u_addrgen/ox_r_reg[15]_i_213/CO[3]
                         net (fo=1, routed)           0.009    11.878    u_array/u_addrgen/ox_r_reg[15]_i_213_n_0
    SLICE_X106Y125       CARRY4 (Prop_carry4_CI_CO[1])
                                                      0.157    12.035 r  u_array/u_addrgen/ox_r_reg[15]_i_212/CO[1]
                         net (fo=19, routed)          0.719    12.754    u_array/u_addrgen/ox_r_reg[15]_i_212_n_2
    SLICE_X108Y122       LUT3 (Prop_lut3_I0_O)        0.329    13.083 r  u_array/u_addrgen/ox_r[15]_i_233/O
                         net (fo=1, routed)           0.000    13.083    u_array/u_addrgen/ox_r[15]_i_233_n_0
    SLICE_X108Y122       CARRY4 (Prop_carry4_S[1]_CO[3])
                                                      0.533    13.616 r  u_array/u_addrgen/ox_r_reg[15]_i_204/CO[3]
                         net (fo=1, routed)           0.000    13.616    u_array/u_addrgen/ox_r_reg[15]_i_204_n_0
    SLICE_X108Y123       CARRY4 (Prop_carry4_CI_CO[3])
                                                      0.117    13.733 r  u_array/u_addrgen/ox_r_reg[15]_i_199/CO[3]
                         net (fo=1, routed)           0.000    13.733    u_array/u_addrgen/ox_r_reg[15]_i_199_n_0
    SLICE_X108Y124       CARRY4 (Prop_carry4_CI_CO[3])
                                                      0.117    13.850 r  u_array/u_addrgen/ox_r_reg[15]_i_194/CO[3]
                         net (fo=1, routed)           0.009    13.859    u_array/u_addrgen/ox_r_reg[15]_i_194_n_0
    SLICE_X108Y125       CARRY4 (Prop_carry4_CI_CO[3])
                                                      0.117    13.976 r  u_array/u_addrgen/ox_r_reg[15]_i_191/CO[3]
                         net (fo=1, routed)           0.000    13.976    u_array/u_addrgen/ox_r_reg[15]_i_191_n_0
    SLICE_X108Y126       CARRY4 (Prop_carry4_CI_CO[1])
                                                      0.157    14.133 r  u_array/u_addrgen/ox_r_reg[15]_i_190/CO[1]
                         net (fo=19, routed)          0.727    14.860    u_array/u_addrgen/ox_r_reg[15]_i_190_n_2
    SLICE_X110Y123       LUT3 (Prop_lut3_I0_O)        0.332    15.192 r  u_array/u_addrgen/ox_r[15]_i_211/O
                         net (fo=1, routed)           0.000    15.192    u_array/u_addrgen/ox_r[15]_i_211_n_0
    SLICE_X110Y123       CARRY4 (Prop_carry4_S[1]_CO[3])
                                                      0.550    15.742 r  u_array/u_addrgen/ox_r_reg[15]_i_182/CO[3]
                         net (fo=1, routed)           0.000    15.742    u_array/u_addrgen/ox_r_reg[15]_i_182_n_0
    SLICE_X110Y124       CARRY4 (Prop_carry4_CI_CO[3])
                                                      0.114    15.856 r  u_array/u_addrgen/ox_r_reg[15]_i_177/CO[3]
                         net (fo=1, routed)           0.009    15.865    u_array/u_addrgen/ox_r_reg[15]_i_177_n_0
    SLICE_X110Y125       CARRY4 (Prop_carry4_CI_CO[3])
                                                      0.114    15.979 r  u_array/u_addrgen/ox_r_reg[15]_i_172/CO[3]
                         net (fo=1, routed)           0.000    15.979    u_array/u_addrgen/ox_r_reg[15]_i_172_n_0
    SLICE_X110Y126       CARRY4 (Prop_carry4_CI_CO[3])
                                                      0.114    16.093 r  u_array/u_addrgen/ox_r_reg[15]_i_169/CO[3]
                         net (fo=1, routed)           0.000    16.093    u_array/u_addrgen/ox_r_reg[15]_i_169_n_0
    SLICE_X110Y127       CARRY4 (Prop_carry4_CI_CO[1])
                                                      0.157    16.250 r  u_array/u_addrgen/ox_r_reg[15]_i_168/CO[1]
                         net (fo=19, routed)          0.769    17.019    u_array/u_addrgen/ox_r_reg[15]_i_168_n_2
    SLICE_X109Y124       LUT3 (Prop_lut3_I0_O)        0.329    17.348 r  u_array/u_addrgen/ox_r[15]_i_189/O
                         net (fo=1, routed)           0.000    17.348    u_array/u_addrgen/ox_r[15]_i_189_n_0
    SLICE_X109Y124       CARRY4 (Prop_carry4_S[1]_CO[3])
                                                      0.550    17.898 r  u_array/u_addrgen/ox_r_reg[15]_i_160/CO[3]
                         net (fo=1, routed)           0.009    17.907    u_array/u_addrgen/ox_r_reg[15]_i_160_n_0
    SLICE_X109Y125       CARRY4 (Prop_carry4_CI_CO[3])
                                                      0.114    18.021 r  u_array/u_addrgen/ox_r_reg[15]_i_155/CO[3]
                         net (fo=1, routed)           0.000    18.021    u_array/u_addrgen/ox_r_reg[15]_i_155_n_0
    SLICE_X109Y126       CARRY4 (Prop_carry4_CI_CO[3])
                                                      0.114    18.135 r  u_array/u_addrgen/ox_r_reg[15]_i_150/CO[3]
                         net (fo=1, routed)           0.000    18.135    u_array/u_addrgen/ox_r_reg[15]_i_150_n_0
    SLICE_X109Y127       CARRY4 (Prop_carry4_CI_CO[3])
                                                      0.114    18.249 r  u_array/u_addrgen/ox_r_reg[15]_i_147/CO[3]
                         net (fo=1, routed)           0.000    18.249    u_array/u_addrgen/ox_r_reg[15]_i_147_n_0
    SLICE_X109Y128       CARRY4 (Prop_carry4_CI_CO[1])
                                                      0.157    18.406 r  u_array/u_addrgen/ox_r_reg[15]_i_146/CO[1]
                         net (fo=19, routed)          0.660    19.066    u_array/u_addrgen/ox_r_reg[15]_i_146_n_2
    SLICE_X107Y125       LUT3 (Prop_lut3_I0_O)        0.329    19.395 r  u_array/u_addrgen/ox_r[15]_i_167/O
                         net (fo=1, routed)           0.000    19.395    u_array/u_addrgen/ox_r[15]_i_167_n_0
    SLICE_X107Y125       CARRY4 (Prop_carry4_S[1]_CO[3])
                                                      0.550    19.945 r  u_array/u_addrgen/ox_r_reg[15]_i_138/CO[3]
                         net (fo=1, routed)           0.000    19.945    u_array/u_addrgen/ox_r_reg[15]_i_138_n_0
    SLICE_X107Y126       CARRY4 (Prop_carry4_CI_CO[3])
                                                      0.114    20.059 r  u_array/u_addrgen/ox_r_reg[15]_i_133/CO[3]
                         net (fo=1, routed)           0.000    20.059    u_array/u_addrgen/ox_r_reg[15]_i_133_n_0
    SLICE_X107Y127       CARRY4 (Prop_carry4_CI_CO[3])
                                                      0.114    20.173 r  u_array/u_addrgen/ox_r_reg[15]_i_128/CO[3]
                         net (fo=1, routed)           0.000    20.173    u_array/u_addrgen/ox_r_reg[15]_i_128_n_0
    SLICE_X107Y128       CARRY4 (Prop_carry4_CI_CO[3])
                                                      0.114    20.287 r  u_array/u_addrgen/ox_r_reg[15]_i_125/CO[3]
                         net (fo=1, routed)           0.000    20.287    u_array/u_addrgen/ox_r_reg[15]_i_125_n_0
    SLICE_X107Y129       CARRY4 (Prop_carry4_CI_CO[1])
                                                      0.157    20.444 r  u_array/u_addrgen/ox_r_reg[15]_i_124/CO[1]
                         net (fo=19, routed)          0.829    21.274    u_array/u_addrgen/ox_r_reg[15]_i_124_n_2
    SLICE_X106Y126       LUT3 (Prop_lut3_I0_O)        0.329    21.603 r  u_array/u_addrgen/ox_r[15]_i_145/O
                         net (fo=1, routed)           0.000    21.603    u_array/u_addrgen/ox_r[15]_i_145_n_0
    SLICE_X106Y126       CARRY4 (Prop_carry4_S[1]_CO[3])
                                                      0.550    22.153 r  u_array/u_addrgen/ox_r_reg[15]_i_116/CO[3]
                         net (fo=1, routed)           0.000    22.153    u_array/u_addrgen/ox_r_reg[15]_i_116_n_0
    SLICE_X106Y127       CARRY4 (Prop_carry4_CI_CO[3])
                                                      0.114    22.267 r  u_array/u_addrgen/ox_r_reg[15]_i_111/CO[3]
                         net (fo=1, routed)           0.000    22.267    u_array/u_addrgen/ox_r_reg[15]_i_111_n_0
    SLICE_X106Y128       CARRY4 (Prop_carry4_CI_CO[3])
                                                      0.114    22.381 r  u_array/u_addrgen/ox_r_reg[15]_i_106/CO[3]
                         net (fo=1, routed)           0.000    22.381    u_array/u_addrgen/ox_r_reg[15]_i_106_n_0
    SLICE_X106Y129       CARRY4 (Prop_carry4_CI_CO[3])
                                                      0.114    22.495 r  u_array/u_addrgen/ox_r_reg[15]_i_103/CO[3]
                         net (fo=1, routed)           0.000    22.495    u_array/u_addrgen/ox_r_reg[15]_i_103_n_0
    SLICE_X106Y130       CARRY4 (Prop_carry4_CI_CO[1])
                                                      0.157    22.652 r  u_array/u_addrgen/ox_r_reg[15]_i_102/CO[1]
                         net (fo=19, routed)          0.824    23.475    u_array/u_addrgen/ox_r_reg[15]_i_102_n_2
    SLICE_X105Y126       LUT3 (Prop_lut3_I0_O)        0.329    23.804 r  u_array/u_addrgen/ox_r[15]_i_123/O
                         net (fo=1, routed)           0.000    23.804    u_array/u_addrgen/ox_r[15]_i_123_n_0
    SLICE_X105Y126       CARRY4 (Prop_carry4_S[1]_CO[3])
                                                      0.550    24.354 r  u_array/u_addrgen/ox_r_reg[15]_i_94/CO[3]
                         net (fo=1, routed)           0.000    24.354    u_array/u_addrgen/ox_r_reg[15]_i_94_n_0
    SLICE_X105Y127       CARRY4 (Prop_carry4_CI_CO[3])
                                                      0.114    24.468 r  u_array/u_addrgen/ox_r_reg[15]_i_89/CO[3]
                         net (fo=1, routed)           0.000    24.468    u_array/u_addrgen/ox_r_reg[15]_i_89_n_0
    SLICE_X105Y128       CARRY4 (Prop_carry4_CI_CO[3])
                                                      0.114    24.582 r  u_array/u_addrgen/ox_r_reg[15]_i_84/CO[3]
                         net (fo=1, routed)           0.000    24.582    u_array/u_addrgen/ox_r_reg[15]_i_84_n_0
    SLICE_X105Y129       CARRY4 (Prop_carry4_CI_CO[3])
                                                      0.114    24.696 r  u_array/u_addrgen/ox_r_reg[15]_i_81/CO[3]
                         net (fo=1, routed)           0.000    24.696    u_array/u_addrgen/ox_r_reg[15]_i_81_n_0
    SLICE_X105Y130       CARRY4 (Prop_carry4_CI_CO[1])
                                                      0.157    24.853 r  u_array/u_addrgen/ox_r_reg[15]_i_80/CO[1]
                         net (fo=19, routed)          0.690    25.543    u_array/u_addrgen/ox_r_reg[15]_i_80_n_2
    SLICE_X104Y129       LUT3 (Prop_lut3_I0_O)        0.329    25.872 r  u_array/u_addrgen/ox_r[15]_i_101/O
                         net (fo=1, routed)           0.000    25.872    u_array/u_addrgen/ox_r[15]_i_101_n_0
    SLICE_X104Y129       CARRY4 (Prop_carry4_S[1]_CO[3])
                                                      0.533    26.405 r  u_array/u_addrgen/ox_r_reg[15]_i_75/CO[3]
                         net (fo=1, routed)           0.000    26.405    u_array/u_addrgen/ox_r_reg[15]_i_75_n_0
    SLICE_X104Y130       CARRY4 (Prop_carry4_CI_CO[3])
                                                      0.117    26.522 r  u_array/u_addrgen/ox_r_reg[15]_i_70/CO[3]
                         net (fo=1, routed)           0.000    26.522    u_array/u_addrgen/ox_r_reg[15]_i_70_n_0
    SLICE_X104Y131       CARRY4 (Prop_carry4_CI_CO[3])
                                                      0.117    26.639 r  u_array/u_addrgen/ox_r_reg[15]_i_65/CO[3]
                         net (fo=1, routed)           0.000    26.639    u_array/u_addrgen/ox_r_reg[15]_i_65_n_0
    SLICE_X104Y132       CARRY4 (Prop_carry4_CI_CO[3])
                                                      0.117    26.756 r  u_array/u_addrgen/ox_r_reg[15]_i_62/CO[3]
                         net (fo=1, routed)           0.000    26.756    u_array/u_addrgen/ox_r_reg[15]_i_62_n_0
    SLICE_X104Y133       CARRY4 (Prop_carry4_CI_CO[1])
                                                      0.157    26.913 r  u_array/u_addrgen/ox_r_reg[15]_i_61/CO[1]
                         net (fo=20, routed)          0.652    27.564    u_array/u_addrgen/ox_r_reg[15]_i_61_n_2
    SLICE_X105Y131       LUT2 (Prop_lut2_I1_O)        0.332    27.896 r  u_array/u_addrgen/ox_r[14]_i_22/O
                         net (fo=1, routed)           0.000    27.896    u_array/u_addrgen/ox_r[14]_i_22_n_0
    SLICE_X105Y131       CARRY4 (Prop_carry4_S[1]_CO[3])
                                                      0.550    28.446 r  u_array/u_addrgen/ox_r_reg[14]_i_14/CO[3]
                         net (fo=1, routed)           0.000    28.446    u_array/u_addrgen/ox_r_reg[14]_i_14_n_0
    SLICE_X105Y132       CARRY4 (Prop_carry4_CI_CO[3])
                                                      0.114    28.560 r  u_array/u_addrgen/ox_r_reg[15]_i_48/CO[3]
                         net (fo=1, routed)           0.000    28.560    u_array/u_addrgen/ox_r_reg[15]_i_48_n_0
    SLICE_X105Y133       CARRY4 (Prop_carry4_CI_CO[3])
                                                      0.114    28.674 r  u_array/u_addrgen/ox_r_reg[15]_i_43/CO[3]
                         net (fo=1, routed)           0.000    28.674    u_array/u_addrgen/ox_r_reg[15]_i_43_n_0
    SLICE_X105Y134       CARRY4 (Prop_carry4_CI_CO[3])
                                                      0.114    28.788 r  u_array/u_addrgen/ox_r_reg[15]_i_40/CO[3]
                         net (fo=1, routed)           0.000    28.788    u_array/u_addrgen/ox_r_reg[15]_i_40_n_0
    SLICE_X105Y135       CARRY4 (Prop_carry4_CI_CO[1])
                                                      0.157    28.945 r  u_array/u_addrgen/ox_r_reg[15]_i_39/CO[1]
                         net (fo=20, routed)          0.929    29.875    u_array/u_addrgen/ox_r_reg[15]_i_39_n_2
    SLICE_X106Y131       LUT2 (Prop_lut2_I1_O)        0.329    30.204 r  u_array/u_addrgen/ox_r[10]_i_18/O
                         net (fo=1, routed)           0.000    30.204    u_array/u_addrgen/ox_r[10]_i_18_n_0
    SLICE_X106Y131       CARRY4 (Prop_carry4_S[1]_CO[3])
                                                      0.550    30.754 r  u_array/u_addrgen/ox_r_reg[10]_i_10/CO[3]
                         net (fo=1, routed)           0.000    30.754    u_array/u_addrgen/ox_r_reg[10]_i_10_n_0
    SLICE_X106Y132       CARRY4 (Prop_carry4_CI_CO[3])
                                                      0.114    30.868 r  u_array/u_addrgen/ox_r_reg[14]_i_9/CO[3]
                         net (fo=1, routed)           0.000    30.868    u_array/u_addrgen/ox_r_reg[14]_i_9_n_0
    SLICE_X106Y133       CARRY4 (Prop_carry4_CI_CO[3])
                                                      0.114    30.982 r  u_array/u_addrgen/ox_r_reg[15]_i_25/CO[3]
                         net (fo=1, routed)           0.000    30.982    u_array/u_addrgen/ox_r_reg[15]_i_25_n_0
    SLICE_X106Y134       CARRY4 (Prop_carry4_CI_CO[3])
                                                      0.114    31.096 r  u_array/u_addrgen/ox_r_reg[15]_i_22/CO[3]
                         net (fo=1, routed)           0.000    31.096    u_array/u_addrgen/ox_r_reg[15]_i_22_n_0
    SLICE_X106Y135       CARRY4 (Prop_carry4_CI_CO[1])
                                                      0.157    31.253 r  u_array/u_addrgen/ox_r_reg[15]_i_21/CO[1]
                         net (fo=20, routed)          0.942    32.195    u_array/u_addrgen/ox_r_reg[15]_i_21_n_2
    SLICE_X107Y130       LUT2 (Prop_lut2_I1_O)        0.329    32.524 r  u_array/u_addrgen/ox_r[6]_i_12/O
                         net (fo=1, routed)           0.000    32.524    u_array/u_addrgen/ox_r[6]_i_12_n_0
    SLICE_X107Y130       CARRY4 (Prop_carry4_S[1]_CO[3])
                                                      0.550    33.074 r  u_array/u_addrgen/ox_r_reg[6]_i_4/CO[3]
                         net (fo=1, routed)           0.000    33.074    u_array/u_addrgen/ox_r_reg[6]_i_4_n_0
    SLICE_X107Y131       CARRY4 (Prop_carry4_CI_CO[3])
                                                      0.114    33.188 r  u_array/u_addrgen/ox_r_reg[10]_i_5/CO[3]
                         net (fo=1, routed)           0.000    33.188    u_array/u_addrgen/ox_r_reg[10]_i_5_n_0
    SLICE_X107Y132       CARRY4 (Prop_carry4_CI_CO[3])
                                                      0.114    33.302 r  u_array/u_addrgen/ox_r_reg[14]_i_4/CO[3]
                         net (fo=1, routed)           0.000    33.302    u_array/u_addrgen/ox_r_reg[14]_i_4_n_0
    SLICE_X107Y133       CARRY4 (Prop_carry4_CI_CO[3])
                                                      0.114    33.416 r  u_array/u_addrgen/ox_r_reg[15]_i_12/CO[3]
                         net (fo=1, routed)           0.000    33.416    u_array/u_addrgen/ox_r_reg[15]_i_12_n_0
    SLICE_X107Y134       CARRY4 (Prop_carry4_CI_CO[1])
                                                      0.157    33.573 r  u_array/u_addrgen/ox_r_reg[15]_i_11/CO[1]
                         net (fo=20, routed)          0.914    34.487    u_array/u_addrgen/ox_r_reg[15]_i_11_n_2
    SLICE_X108Y130       LUT2 (Prop_lut2_I1_O)        0.329    34.816 r  u_array/u_addrgen/ox_r[2]_i_7/O
                         net (fo=1, routed)           0.000    34.816    u_array/u_addrgen/ox_r[2]_i_7_n_0
    SLICE_X108Y130       CARRY4 (Prop_carry4_S[1]_CO[3])
                                                      0.533    35.349 r  u_array/u_addrgen/ox_r_reg[2]_i_2/CO[3]
                         net (fo=1, routed)           0.000    35.349    u_array/u_addrgen/ox_r_reg[2]_i_2_n_0
    SLICE_X108Y131       CARRY4 (Prop_carry4_CI_CO[3])
                                                      0.117    35.466 r  u_array/u_addrgen/ox_r_reg[6]_i_2/CO[3]
                         net (fo=1, routed)           0.000    35.466    u_array/u_addrgen/ox_r_reg[6]_i_2_n_0
    SLICE_X108Y132       CARRY4 (Prop_carry4_CI_O[2])
                                                      0.239    35.705 r  u_array/u_addrgen/ox_r_reg[10]_i_3/O[2]
                         net (fo=7, routed)           0.656    36.361    u_array/u_addrgen/ox_r_reg[10]_i_3_n_5
    SLICE_X110Y132       LUT6 (Prop_lut6_I0_O)        0.301    36.662 r  u_array/u_addrgen/ox_r[13]_i_8/O
                         net (fo=3, routed)           0.578    37.240    u_array/u_addrgen/ox_r[13]_i_8_n_0
    SLICE_X109Y133       LUT6 (Prop_lut6_I1_O)        0.124    37.364 r  u_array/u_addrgen/ox_r[13]_i_7/O
                         net (fo=4, routed)           0.481    37.845    u_array/u_addrgen/ox_r[13]_i_7_n_0
    SLICE_X113Y132       LUT5 (Prop_lut5_I4_O)        0.124    37.969 r  u_array/u_addrgen/ox_r[14]_i_3_comp/O
                         net (fo=1, routed)           0.635    38.604    u_array/u_addrgen/ox_r[14]_i_3_n_0
    SLICE_X113Y132       LUT5 (Prop_lut5_I2_O)        0.124    38.728 r  u_array/u_addrgen/ox_r[14]_i_1_comp/O
                         net (fo=1, routed)           0.000    38.728    u_array/u_addrgen/ox_r[14]_i_1_n_0
    SLICE_X113Y132       FDCE                                         r  u_array/u_addrgen/ox_r_reg[14]/D
  -------------------------------------------------------------------    -------------------

                         (clock clk_i rise edge)      6.667     6.667 r  
                                                      0.000     6.667 r  clk_i (IN)
                         net (fo=13841, unset)        0.924     7.591    u_array/u_addrgen/clk_i
    SLICE_X113Y132       FDCE                                         r  u_array/u_addrgen/ox_r_reg[14]/C
                         clock pessimism              0.000     7.591    
                         clock uncertainty           -0.035     7.556    
    SLICE_X113Y132       FDCE (Setup_fdce_C_D)        0.032     7.588    u_array/u_addrgen/ox_r_reg[14]
  -------------------------------------------------------------------
                         required time                          7.588    
                         arrival time                         -38.728    
  -------------------------------------------------------------------
                         slack                                -31.140    





Min Delay Paths
--------------------------------------------------------------------------------------
Slack (MET) :             0.132ns  (arrival time - required time)
  Source:                 u_array/u_ctrl/oc_total_r_reg[0]/C
                            (rising edge-triggered cell FDCE clocked by clk_i  {rise@0.000ns fall@3.333ns period=6.667ns})
  Destination:            u_array/u_ctrl/oc_tail_r_reg[0]/D
                            (rising edge-triggered cell FDCE clocked by clk_i  {rise@0.000ns fall@3.333ns period=6.667ns})
  Path Group:             clk_i
  Path Type:              Hold (Min at Fast Process Corner)
  Requirement:            0.000ns  (clk_i rise@0.000ns - clk_i rise@0.000ns)
  Data Path Delay:        0.273ns  (logic 0.186ns (68.106%)  route 0.087ns (31.894%))
  Logic Levels:           1  (LUT6=1)
  Clock Path Skew:        0.022ns (DCD - SCD - CPR)
    Destination Clock Delay (DCD):    0.432ns
    Source Clock Delay      (SCD):    0.410ns
    Clock Pessimism Removal (CPR):    -0.000ns

    Location             Delay type                Incr(ns)  Path(ns)    Netlist Resource(s)
  -------------------------------------------------------------------    -------------------
                         (clock clk_i rise edge)      0.000     0.000 r  
                                                      0.000     0.000 r  clk_i (IN)
                         net (fo=13841, unset)        0.410     0.410    u_array/u_ctrl/clk_i
    SLICE_X105Y105       FDCE                                         r  u_array/u_ctrl/oc_total_r_reg[0]/C
  -------------------------------------------------------------------    -------------------
    SLICE_X105Y105       FDCE (Prop_fdce_C_Q)         0.141     0.551 r  u_array/u_ctrl/oc_total_r_reg[0]/Q
                         net (fo=1, routed)           0.087     0.638    u_array/u_ctrl/total[0]
    SLICE_X104Y105       LUT6 (Prop_lut6_I0_O)        0.045     0.683 r  u_array/u_ctrl/oc_tail_r[0]_i_1/O
                         net (fo=1, routed)           0.000     0.683    u_array/u_ctrl/oc_tail_r[0]_i_1_n_0
    SLICE_X104Y105       FDCE                                         r  u_array/u_ctrl/oc_tail_r_reg[0]/D
  -------------------------------------------------------------------    -------------------

                         (clock clk_i rise edge)      0.000     0.000 r  
                                                      0.000     0.000 r  clk_i (IN)
                         net (fo=13841, unset)        0.432     0.432    u_array/u_ctrl/clk_i
    SLICE_X104Y105       FDCE                                         r  u_array/u_ctrl/oc_tail_r_reg[0]/C
                         clock pessimism              0.000     0.432    
    SLICE_X104Y105       FDCE (Hold_fdce_C_D)         0.120     0.552    u_array/u_ctrl/oc_tail_r_reg[0]
  -------------------------------------------------------------------
                         required time                         -0.552    
                         arrival time                           0.683    
  -------------------------------------------------------------------
                         slack                                  0.132    





Pulse Width Checks
--------------------------------------------------------------------------------------
Clock Name:         clk_i
Waveform(ns):       { 0.000 3.333 }
Period(ns):         6.667
Sources:            { clk_i }

Check Type        Corner  Lib Pin             Reference Pin  Required(ns)  Actual(ns)  Slack(ns)  Location      Pin
Min Period        n/a     RAMB36E1/CLKARDCLK  n/a            2.944         6.667       3.723      RAMB36_X1Y3   u_array/u_xbuf/u_bank0/U0/inst_blk_mem_gen/gnbram.gnativebmg.native_blk_mem_gen/valid.cstr/ramloop[0].ram.r/prim_noinit.ram/DEVICE_7SERIES.NO_BMM_INFO.SDP.SIMPLE_PRIM36.ram/CLKARDCLK
Low Pulse Width   Slow    RAMD32/CLK          n/a            1.250         3.333       2.083      SLICE_X92Y57  u_array/u_wbuf/par_b0_reg_0_15_0_5/RAMA/CLK
High Pulse Width  Slow    RAMD32/CLK          n/a            1.250         3.334       2.084      SLICE_X92Y57  u_array/u_wbuf/par_b0_reg_0_15_0_5/RAMA/CLK



