Copyright 1986-2022 Xilinx, Inc. All Rights Reserved. Copyright 2022-2025 Advanced Micro Devices, Inc. All Rights Reserved.
---------------------------------------------------------------------------------------------------------------------------------------------
| Tool Version : Vivado v.2025.2 (win64) Build 6299465 Fri Nov 14 19:35:11 GMT 2025
| Date         : Wed Sep 16 23:24:35 2026
| Host         : HC-202510241838 running 64-bit major release  (build 9200)
| Command      : report_timing_summary -file E:/competition/2_fpga/3_yolo_zynq/proj/ooc_gate/ooc_v16_timing.rpt
| Design       : yolo_engine_top
| Device       : 7z020-clg484
| Speed File   : -1  PRODUCTION 1.12 2019-11-22
| Design State : Routed
---------------------------------------------------------------------------------------------------------------------------------------------

Timing Summary Report

------------------------------------------------------------------------------------------------
| Timer Settings
| --------------
------------------------------------------------------------------------------------------------

  Enable Multi Corner Analysis               :  Yes
  Enable Pessimism Removal                   :  Yes
  Pessimism Removal Resolution               :  Nearest Common Node
  Enable Input Delay Default Clock           :  No
  Enable Preset / Clear Arcs                 :  No
  Disable Flight Delays                      :  No
  Ignore I/O Paths                           :  No
  Timing Early Launch at Borrowing Latches   :  No
  Borrow Time for Max Delay Exceptions       :  Yes
  Merge Timing Exceptions                    :  Yes
  Inter-SLR Compensation                     :  Conservative

  Corner  Analyze    Analyze    
  Name    Max Paths  Min Paths  
  ------  ---------  ---------  
  Slow    Yes        Yes        
  Fast    Yes        Yes        


------------------------------------------------------------------------------------------------
| Report Methodology
| ------------------
------------------------------------------------------------------------------------------------

No report available as report_methodology has not been run prior. Run report_methodology on the current design for the summary of methodology violations.



check_timing report

Table of Contents
-----------------
1. checking no_clock (0)
2. checking constant_clock (0)
3. checking pulse_width_clock (0)
4. checking unconstrained_internal_endpoints (0)
5. checking no_input_delay (147)
6. checking no_output_delay (224)
7. checking multiple_clock (0)
8. checking generated_clocks (0)
9. checking loops (0)
10. checking partial_input_delay (0)
11. checking partial_output_delay (0)
12. checking latch_loops (0)

1. checking no_clock (0)
------------------------
 There are 0 register/latch pins with no clock.


2. checking constant_clock (0)
------------------------------
 There are 0 register/latch pins with constant_clock.


3. checking pulse_width_clock (0)
---------------------------------
 There are 0 register/latch pins which need pulse_width check


4. checking unconstrained_internal_endpoints (0)
------------------------------------------------
 There are 0 pins that are not constrained for maximum delay.

 There are 0 pins that are not constrained for maximum delay due to constant clock.


5. checking no_input_delay (147)
--------------------------------
 There are 147 input ports with no input delay specified. (HIGH)

 There are 0 input ports with no input delay but user has a false path constraint.


6. checking no_output_delay (224)
---------------------------------
 There are 224 ports with no output delay specified. (HIGH)

 There are 0 ports with no output delay but user has a false path constraint

 There are 0 ports with no output delay but with a timing clock defined on it or propagating through it


7. checking multiple_clock (0)
------------------------------
 There are 0 register/latch pins with multiple clocks.


8. checking generated_clocks (0)
--------------------------------
 There are 0 generated clocks that are not connected to a clock source.


9. checking loops (0)
---------------------
 There are 0 combinational loops in the design.


10. checking partial_input_delay (0)
------------------------------------
 There are 0 input ports with partial input delay specified.


11. checking partial_output_delay (0)
-------------------------------------
 There are 0 ports with partial output delay specified.


12. checking latch_loops (0)
----------------------------
 There are 0 combinational latch loops in the design through latch input



------------------------------------------------------------------------------------------------
| Design Timing Summary
| ---------------------
------------------------------------------------------------------------------------------------

    WNS(ns)      TNS(ns)  TNS Failing Endpoints  TNS Total Endpoints      WHS(ns)      THS(ns)  THS Failing Endpoints  THS Total Endpoints     WPWS(ns)     TPWS(ns)  TPWS Failing Endpoints  TPWS Total Endpoints  
    -------      -------  ---------------------  -------------------      -------      -------  ---------------------  -------------------     --------     --------  ----------------------  --------------------  
     -1.732    -1641.830                   4672                35822        0.117        0.000                      0                35822        2.083        0.000                       0                 17466  


Timing constraints are not met.


------------------------------------------------------------------------------------------------
| Clock Summary
| -------------
------------------------------------------------------------------------------------------------

Clock  Waveform(ns)         Period(ns)      Frequency(MHz)
-----  ------------         ----------      --------------
clk_i  {0.000 3.333}        6.667           149.993         


------------------------------------------------------------------------------------------------
| Intra Clock Table
| -----------------
------------------------------------------------------------------------------------------------

Clock             WNS(ns)      TNS(ns)  TNS Failing Endpoints  TNS Total Endpoints      WHS(ns)      THS(ns)  THS Failing Endpoints  THS Total Endpoints     WPWS(ns)     TPWS(ns)  TPWS Failing Endpoints  TPWS Total Endpoints  
-----             -------      -------  ---------------------  -------------------      -------      -------  ---------------------  -------------------     --------     --------  ----------------------  --------------------  
clk_i              -1.732    -1641.830                   4672                35822        0.117        0.000                      0                35822        2.083        0.000                       0                 17466  


------------------------------------------------------------------------------------------------
| Inter Clock Table
| -----------------
------------------------------------------------------------------------------------------------

From Clock    To Clock          WNS(ns)      TNS(ns)  TNS Failing Endpoints  TNS Total Endpoints      WHS(ns)      THS(ns)  THS Failing Endpoints  THS Total Endpoints  
----------    --------          -------      -------  ---------------------  -------------------      -------      -------  ---------------------  -------------------  


------------------------------------------------------------------------------------------------
| Other Path Groups Table
| -----------------------
------------------------------------------------------------------------------------------------

Path Group    From Clock    To Clock          WNS(ns)      TNS(ns)  TNS Failing Endpoints  TNS Total Endpoints      WHS(ns)      THS(ns)  THS Failing Endpoints  THS Total Endpoints  
----------    ----------    --------          -------      -------  ---------------------  -------------------      -------      -------  ---------------------  -------------------  


------------------------------------------------------------------------------------------------
| Timing Details
| --------------
------------------------------------------------------------------------------------------------


---------------------------------------------------------------------------------------------------
From Clock:  clk_i
  To Clock:  clk_i

Setup :         4672  Failing Endpoints,  Worst Slack       -1.732ns,  Total Violation    -1641.830ns
Hold  :            0  Failing Endpoints,  Worst Slack        0.117ns,  Total Violation        0.000ns
PW    :            0  Failing Endpoints,  Worst Slack        2.083ns,  Total Violation        0.000ns
---------------------------------------------------------------------------------------------------


Max Delay Paths
--------------------------------------------------------------------------------------
Slack (VIOLATED) :        -1.732ns  (required time - arrival time)
  Source:                 u_array/u_addrgen/kh_c_reg[2]/C
                            (rising edge-triggered cell FDCE clocked by clk_i  {rise@0.000ns fall@3.333ns period=6.667ns})
  Destination:            u_array/u_addrgen/m_iw_r_reg[28]/D
                            (rising edge-triggered cell FDCE clocked by clk_i  {rise@0.000ns fall@3.333ns period=6.667ns})
  Path Group:             clk_i
  Path Type:              Setup (Max at Slow Process Corner)
  Requirement:            6.667ns  (clk_i rise@6.667ns - clk_i rise@0.000ns)
  Data Path Delay:        8.424ns  (logic 5.814ns (69.019%)  route 2.610ns (30.981%))
  Logic Levels:           9  (CARRY4=5 DSP48E1=1 LUT2=1 LUT3=1 LUT6=1)
  Clock Path Skew:        -0.049ns (DCD - SCD + CPR)
    Destination Clock Delay (DCD):    0.924ns = ( 7.591 - 6.667 ) 
    Source Clock Delay      (SCD):    0.973ns
    Clock Pessimism Removal (CPR):    0.000ns
  Clock Uncertainty:      0.035ns  ((TSJ^2 + TIJ^2)^1/2 + DJ) / 2 + PE
    Total System Jitter     (TSJ):    0.071ns
    Total Input Jitter      (TIJ):    0.000ns
    Discrete Jitter          (DJ):    0.000ns
    Phase Error              (PE):    0.000ns

    Location             Delay type                Incr(ns)  Path(ns)    Netlist Resource(s)
  -------------------------------------------------------------------    -------------------
                         (clock clk_i rise edge)      0.000     0.000 r  
                                                      0.000     0.000 r  clk_i (IN)
                         net (fo=17466, unset)        0.973     0.973    u_array/u_addrgen/clk_i
    SLICE_X36Y98         FDCE                                         r  u_array/u_addrgen/kh_c_reg[2]/C
  -------------------------------------------------------------------    -------------------
    SLICE_X36Y98         FDCE (Prop_fdce_C_Q)         0.518     1.491 f  u_array/u_addrgen/kh_c_reg[2]/Q
                         net (fo=9, routed)           0.849     2.340    u_array/u_addrgen/kh_c[2]
    SLICE_X36Y98         LUT6 (Prop_lut6_I1_O)        0.124     2.464 f  u_array/u_addrgen/m_iw_r1_i_10/O
                         net (fo=5, routed)           0.338     2.802    u_array/u_addrgen/m_iw_r1_i_10_n_0
    SLICE_X36Y96         LUT3 (Prop_lut3_I1_O)        0.124     2.926 r  u_array/u_addrgen/m_iw_r1_i_1/O
                         net (fo=8, routed)           0.621     3.547    u_array/u_addrgen/m_iw_r2[15]
    DSP48_X2Y39          DSP48E1 (Prop_dsp48e1_A[15]_P[0])
                                                      3.841     7.388 r  u_array/u_addrgen/m_iw_r1/P[0]
                         net (fo=1, routed)           0.801     8.189    u_array/u_addrgen/m_iw_r1_n_105
    SLICE_X36Y99         LUT2 (Prop_lut2_I1_O)        0.124     8.313 r  u_array/u_addrgen/m_iw_r[3]_i_5/O
                         net (fo=1, routed)           0.000     8.313    u_array/u_addrgen/m_iw_r[3]_i_5_n_0
    SLICE_X36Y99         CARRY4 (Prop_carry4_S[0]_CO[3])
                                                      0.513     8.826 r  u_array/u_addrgen/m_iw_r_reg[3]_i_1/CO[3]
                         net (fo=1, routed)           0.001     8.827    u_array/u_addrgen/m_iw_r_reg[3]_i_1_n_0
    SLICE_X36Y100        CARRY4 (Prop_carry4_CI_CO[3])
                                                      0.117     8.944 r  u_array/u_addrgen/m_iw_r_reg[7]_i_1/CO[3]
                         net (fo=1, routed)           0.000     8.944    u_array/u_addrgen/m_iw_r_reg[7]_i_1_n_0
    SLICE_X36Y101        CARRY4 (Prop_carry4_CI_CO[3])
                                                      0.117     9.061 r  u_array/u_addrgen/m_iw_r_reg[11]_i_1/CO[3]
                         net (fo=1, routed)           0.000     9.061    u_array/u_addrgen/m_iw_r_reg[11]_i_1_n_0
    SLICE_X36Y102        CARRY4 (Prop_carry4_CI_CO[3])
                                                      0.117     9.178 r  u_array/u_addrgen/m_iw_r_reg[15]_i_1/CO[3]
                         net (fo=1, routed)           0.000     9.178    u_array/u_addrgen/m_iw_r_reg[15]_i_1_n_0
    SLICE_X36Y103        CARRY4 (Prop_carry4_CI_O[0])
                                                      0.219     9.397 r  u_array/u_addrgen/m_iw_r_reg[28]_i_1/O[0]
                         net (fo=1, routed)           0.000     9.397    u_array/u_addrgen/m_iw_r0[16]
    SLICE_X36Y103        FDCE                                         r  u_array/u_addrgen/m_iw_r_reg[28]/D
  -------------------------------------------------------------------    -------------------

                         (clock clk_i rise edge)      6.667     6.667 r  
                                                      0.000     6.667 r  clk_i (IN)
                         net (fo=17466, unset)        0.924     7.591    u_array/u_addrgen/clk_i
    SLICE_X36Y103        FDCE                                         r  u_array/u_addrgen/m_iw_r_reg[28]/C
                         clock pessimism              0.000     7.591    
                         clock uncertainty           -0.035     7.556    
    SLICE_X36Y103        FDCE (Setup_fdce_C_D)        0.109     7.665    u_array/u_addrgen/m_iw_r_reg[28]
  -------------------------------------------------------------------
                         required time                          7.665    
                         arrival time                          -9.397    
  -------------------------------------------------------------------
                         slack                                 -1.732    





Min Delay Paths
--------------------------------------------------------------------------------------
Slack (MET) :             0.117ns  (arrival time - required time)
  Source:                 u_array/pword_sr_reg[17]/C
                            (rising edge-triggered cell FDCE clocked by clk_i  {rise@0.000ns fall@3.333ns period=6.667ns})
  Destination:            u_array/pword_sr_reg[9]/D
                            (rising edge-triggered cell FDCE clocked by clk_i  {rise@0.000ns fall@3.333ns period=6.667ns})
  Path Group:             clk_i
  Path Type:              Hold (Min at Fast Process Corner)
  Requirement:            0.000ns  (clk_i rise@0.000ns - clk_i rise@0.000ns)
  Data Path Delay:        0.209ns  (logic 0.141ns (67.433%)  route 0.068ns (32.567%))
  Logic Levels:           0  
  Clock Path Skew:        0.022ns (DCD - SCD - CPR)
    Destination Clock Delay (DCD):    0.432ns
    Source Clock Delay      (SCD):    0.410ns
    Clock Pessimism Removal (CPR):    -0.000ns

    Location             Delay type                Incr(ns)  Path(ns)    Netlist Resource(s)
  -------------------------------------------------------------------    -------------------
                         (clock clk_i rise edge)      0.000     0.000 r  
                                                      0.000     0.000 r  clk_i (IN)
                         net (fo=17466, unset)        0.410     0.410    u_array/clk_i
    SLICE_X97Y100        FDCE                                         r  u_array/pword_sr_reg[17]/C
  -------------------------------------------------------------------    -------------------
    SLICE_X97Y100        FDCE (Prop_fdce_C_Q)         0.141     0.551 r  u_array/pword_sr_reg[17]/Q
                         net (fo=2, routed)           0.068     0.619    u_array/p_2_in[9]
    SLICE_X97Y100        FDCE                                         r  u_array/pword_sr_reg[9]/D
  -------------------------------------------------------------------    -------------------

                         (clock clk_i rise edge)      0.000     0.000 r  
                                                      0.000     0.000 r  clk_i (IN)
                         net (fo=17466, unset)        0.432     0.432    u_array/clk_i
    SLICE_X97Y100        FDCE                                         r  u_array/pword_sr_reg[9]/C
                         clock pessimism              0.000     0.432    
    SLICE_X97Y100        FDCE (Hold_fdce_C_D)         0.071     0.503    u_array/pword_sr_reg[9]
  -------------------------------------------------------------------
                         required time                         -0.503    
                         arrival time                           0.619    
  -------------------------------------------------------------------
                         slack                                  0.117    





Pulse Width Checks
--------------------------------------------------------------------------------------
Clock Name:         clk_i
Waveform(ns):       { 0.000 3.333 }
Period(ns):         6.667
Sources:            { clk_i }

Check Type        Corner  Lib Pin             Reference Pin  Required(ns)  Actual(ns)  Slack(ns)  Location      Pin
Min Period        n/a     RAMB36E1/CLKARDCLK  n/a            2.944         6.667       3.723      RAMB36_X4Y8   u_array/u_xbuf/u_bank0/U0/inst_blk_mem_gen/gnbram.gnativebmg.native_blk_mem_gen/valid.cstr/ramloop[0].ram.r/prim_noinit.ram/DEVICE_7SERIES.NO_BMM_INFO.SDP.SIMPLE_PRIM36.ram/CLKARDCLK
Low Pulse Width   Slow    RAMD64E/CLK         n/a            1.250         3.333       2.083      SLICE_X82Y39  u_array/u_wbuf/g_row[0].mem0_reg_0_63_0_2/RAMA/CLK
High Pulse Width  Slow    RAMD64E/CLK         n/a            1.250         3.334       2.084      SLICE_X82Y39  u_array/u_wbuf/g_row[0].mem0_reg_0_63_0_2/RAMA/CLK



