
****** Vivado v2025.2 (64-bit)
  **** SW Build 6299465 on Fri Nov 14 19:35:11 GMT 2025
  **** IP Build 6300035 on Fri Nov 14 10:48:45 MST 2025
  **** SharedData Build 6298862 on Thu Nov 13 04:50:51 MST 2025
  **** Start of session at: Fri Sep 18 02:33:56 2026
    ** Copyright 1986-2022 Xilinx, Inc. All Rights Reserved.
    ** Copyright 2022-2025 Advanced Micro Devices, Inc. All Rights Reserved.

source build_board.tcl
# set ROOT E:/competition/2_fpga/3_yolo_zynq
# set RTL $ROOT/rtl
# set IPD $ROOT/ip
# set OUT $ROOT/proj/board_sys
# source $OUT/ps7_ees331.tcl   
## set ps7_cfg {
## CONFIG.PCW_ACT_APU_PERIPHERAL_FREQMHZ {666.666687}
## CONFIG.PCW_ACT_CAN0_PERIPHERAL_FREQMHZ {23.8095}
## CONFIG.PCW_ACT_CAN1_PERIPHERAL_FREQMHZ {23.8095}
## CONFIG.PCW_ACT_CAN_PERIPHERAL_FREQMHZ {10.000000}
## CONFIG.PCW_ACT_DCI_PERIPHERAL_FREQMHZ {10.158730}
## CONFIG.PCW_ACT_ENET0_PERIPHERAL_FREQMHZ {125.000000}
## CONFIG.PCW_ACT_ENET1_PERIPHERAL_FREQMHZ {10.000000}
## CONFIG.PCW_ACT_FPGA0_PERIPHERAL_FREQMHZ {60.000000}
## CONFIG.PCW_ACT_FPGA1_PERIPHERAL_FREQMHZ {10.000000}
## CONFIG.PCW_ACT_FPGA2_PERIPHERAL_FREQMHZ {10.000000}
## CONFIG.PCW_ACT_FPGA3_PERIPHERAL_FREQMHZ {10.000000}
## CONFIG.PCW_ACT_I2C_PERIPHERAL_FREQMHZ {50}
## CONFIG.PCW_ACT_PCAP_PERIPHERAL_FREQMHZ {200.000000}
## CONFIG.PCW_ACT_QSPI_PERIPHERAL_FREQMHZ {10.000000}
## CONFIG.PCW_ACT_SDIO_PERIPHERAL_FREQMHZ {100.000000}
## CONFIG.PCW_ACT_SMC_PERIPHERAL_FREQMHZ {10.000000}
## CONFIG.PCW_ACT_SPI_PERIPHERAL_FREQMHZ {10.000000}
## CONFIG.PCW_ACT_TPIU_PERIPHERAL_FREQMHZ {200.000000}
## CONFIG.PCW_ACT_TTC0_CLK0_PERIPHERAL_FREQMHZ {111.111115}
## CONFIG.PCW_ACT_TTC0_CLK1_PERIPHERAL_FREQMHZ {111.111115}
## CONFIG.PCW_ACT_TTC0_CLK2_PERIPHERAL_FREQMHZ {111.111115}
## CONFIG.PCW_ACT_TTC1_CLK0_PERIPHERAL_FREQMHZ {111.111115}
## CONFIG.PCW_ACT_TTC1_CLK1_PERIPHERAL_FREQMHZ {111.111115}
## CONFIG.PCW_ACT_TTC1_CLK2_PERIPHERAL_FREQMHZ {111.111115}
## CONFIG.PCW_ACT_TTC_PERIPHERAL_FREQMHZ {50}
## CONFIG.PCW_ACT_UART_PERIPHERAL_FREQMHZ {100.000000}
## CONFIG.PCW_ACT_USB0_PERIPHERAL_FREQMHZ {60}
## CONFIG.PCW_ACT_USB1_PERIPHERAL_FREQMHZ {60}
## CONFIG.PCW_ACT_WDT_PERIPHERAL_FREQMHZ {111.111115}
## CONFIG.PCW_APU_CLK_RATIO_ENABLE {6:2:1}
## CONFIG.PCW_APU_PERIPHERAL_FREQMHZ {666.666666}
## CONFIG.PCW_CAN0_PERIPHERAL_CLKSRC {External}
## CONFIG.PCW_CAN0_PERIPHERAL_ENABLE {0}
## CONFIG.PCW_CAN1_PERIPHERAL_CLKSRC {External}
## CONFIG.PCW_CAN1_PERIPHERAL_ENABLE {0}
## CONFIG.PCW_CAN_PERIPHERAL_CLKSRC {IO PLL}
## CONFIG.PCW_CAN_PERIPHERAL_VALID {0}
## CONFIG.PCW_CLK0_FREQ {60000000}
## CONFIG.PCW_CLK1_FREQ {10000000}
## CONFIG.PCW_CLK2_FREQ {10000000}
## CONFIG.PCW_CLK3_FREQ {10000000}
## CONFIG.PCW_CPU_CPU_6X4X_MAX_RANGE {667}
## CONFIG.PCW_CPU_PERIPHERAL_CLKSRC {ARM PLL}
## CONFIG.PCW_CRYSTAL_PERIPHERAL_FREQMHZ {33.333333}
## CONFIG.PCW_DCI_PERIPHERAL_CLKSRC {DDR PLL}
## CONFIG.PCW_DCI_PERIPHERAL_FREQMHZ {10.159}
## CONFIG.PCW_DDR_PERIPHERAL_CLKSRC {DDR PLL}
## CONFIG.PCW_DDR_RAM_BASEADDR {0x00100000}
## CONFIG.PCW_DDR_RAM_HIGHADDR {0x3FFFFFFF}
## CONFIG.PCW_DM_WIDTH {4}
## CONFIG.PCW_DQS_WIDTH {4}
## CONFIG.PCW_DQ_WIDTH {32}
## CONFIG.PCW_ENET0_BASEADDR {0xE000B000}
## CONFIG.PCW_ENET0_ENET0_IO {MIO 16 .. 27}
## CONFIG.PCW_ENET0_GRP_MDIO_ENABLE {1}
## CONFIG.PCW_ENET0_GRP_MDIO_IO {MIO 52 .. 53}
## CONFIG.PCW_ENET0_HIGHADDR {0xE000BFFF}
## CONFIG.PCW_ENET0_PERIPHERAL_CLKSRC {IO PLL}
## CONFIG.PCW_ENET0_PERIPHERAL_ENABLE {1}
## CONFIG.PCW_ENET0_PERIPHERAL_FREQMHZ {1000 Mbps}
## CONFIG.PCW_ENET0_RESET_ENABLE {1}
## CONFIG.PCW_ENET0_RESET_IO {MIO 47}
## CONFIG.PCW_ENET1_PERIPHERAL_CLKSRC {IO PLL}
## CONFIG.PCW_ENET1_PERIPHERAL_ENABLE {0}
## CONFIG.PCW_ENET_RESET_ENABLE {1}
## CONFIG.PCW_ENET_RESET_POLARITY {Active Low}
## CONFIG.PCW_ENET_RESET_SELECT {Share reset pin}
## CONFIG.PCW_EN_4K_TIMER {0}
## CONFIG.PCW_EN_CAN0 {0}
## CONFIG.PCW_EN_CAN1 {0}
## CONFIG.PCW_EN_CLK0_PORT {1}
## CONFIG.PCW_EN_CLK1_PORT {0}
## CONFIG.PCW_EN_CLK2_PORT {0}
## CONFIG.PCW_EN_CLK3_PORT {0}
## CONFIG.PCW_EN_CLKTRIG0_PORT {0}
## CONFIG.PCW_EN_CLKTRIG1_PORT {0}
## CONFIG.PCW_EN_CLKTRIG2_PORT {0}
## CONFIG.PCW_EN_CLKTRIG3_PORT {0}
## CONFIG.PCW_EN_DDR {1}
## CONFIG.PCW_EN_EMIO_CAN0 {0}
## CONFIG.PCW_EN_EMIO_CAN1 {0}
## CONFIG.PCW_EN_EMIO_CD_SDIO0 {0}
## CONFIG.PCW_EN_EMIO_CD_SDIO1 {0}
## CONFIG.PCW_EN_EMIO_ENET0 {0}
## CONFIG.PCW_EN_EMIO_ENET1 {0}
## CONFIG.PCW_EN_EMIO_GPIO {1}
## CONFIG.PCW_EN_EMIO_I2C0 {0}
## CONFIG.PCW_EN_EMIO_I2C1 {0}
## CONFIG.PCW_EN_EMIO_MODEM_UART0 {0}
## CONFIG.PCW_EN_EMIO_MODEM_UART1 {0}
## CONFIG.PCW_EN_EMIO_PJTAG {0}
## CONFIG.PCW_EN_EMIO_SDIO0 {0}
## CONFIG.PCW_EN_EMIO_SDIO1 {0}
## CONFIG.PCW_EN_EMIO_SPI0 {0}
## CONFIG.PCW_EN_EMIO_SPI1 {0}
## CONFIG.PCW_EN_EMIO_SRAM_INT {0}
## CONFIG.PCW_EN_EMIO_TRACE {0}
## CONFIG.PCW_EN_EMIO_TTC0 {0}
## CONFIG.PCW_EN_EMIO_TTC1 {0}
## CONFIG.PCW_EN_EMIO_UART0 {0}
## CONFIG.PCW_EN_EMIO_UART1 {0}
## CONFIG.PCW_EN_EMIO_WDT {0}
## CONFIG.PCW_EN_EMIO_WP_SDIO0 {0}
## CONFIG.PCW_EN_EMIO_WP_SDIO1 {0}
## CONFIG.PCW_EN_ENET0 {1}
## CONFIG.PCW_EN_ENET1 {0}
## CONFIG.PCW_EN_GPIO {1}
## CONFIG.PCW_EN_I2C0 {0}
## CONFIG.PCW_EN_I2C1 {0}
## CONFIG.PCW_EN_MODEM_UART0 {0}
## CONFIG.PCW_EN_MODEM_UART1 {0}
## CONFIG.PCW_EN_PJTAG {0}
## CONFIG.PCW_EN_PTP_ENET0 {0}
## CONFIG.PCW_EN_PTP_ENET1 {0}
## CONFIG.PCW_EN_QSPI {0}
## CONFIG.PCW_EN_RST0_PORT {1}
## CONFIG.PCW_EN_RST1_PORT {0}
## CONFIG.PCW_EN_RST2_PORT {0}
## CONFIG.PCW_EN_RST3_PORT {0}
## CONFIG.PCW_EN_SDIO0 {1}
## CONFIG.PCW_EN_SDIO1 {0}
## CONFIG.PCW_EN_SMC {0}
## CONFIG.PCW_EN_SPI0 {0}
## CONFIG.PCW_EN_SPI1 {0}
## CONFIG.PCW_EN_TRACE {0}
## CONFIG.PCW_EN_TTC0 {0}
## CONFIG.PCW_EN_TTC1 {0}
## CONFIG.PCW_EN_UART0 {0}
## CONFIG.PCW_EN_UART1 {1}
## CONFIG.PCW_EN_USB0 {0}
## CONFIG.PCW_EN_USB1 {0}
## CONFIG.PCW_EN_WDT {0}
## CONFIG.PCW_FCLK0_PERIPHERAL_CLKSRC {IO PLL}
## CONFIG.PCW_FCLK1_PERIPHERAL_CLKSRC {IO PLL}
## CONFIG.PCW_FCLK2_PERIPHERAL_CLKSRC {IO PLL}
## CONFIG.PCW_FCLK3_PERIPHERAL_CLKSRC {IO PLL}
## CONFIG.PCW_FCLK_CLK0_BUF {TRUE}
## CONFIG.PCW_FPGA0_PERIPHERAL_FREQMHZ {60}
## CONFIG.PCW_FPGA1_PERIPHERAL_FREQMHZ {50}
## CONFIG.PCW_FPGA2_PERIPHERAL_FREQMHZ {50}
## CONFIG.PCW_FPGA3_PERIPHERAL_FREQMHZ {50}
## CONFIG.PCW_FPGA_FCLK0_ENABLE {1}
## CONFIG.PCW_GP0_EN_MODIFIABLE_TXN {1}
## CONFIG.PCW_GP0_NUM_READ_THREADS {4}
## CONFIG.PCW_GP0_NUM_WRITE_THREADS {4}
## CONFIG.PCW_GP1_EN_MODIFIABLE_TXN {1}
## CONFIG.PCW_GP1_NUM_READ_THREADS {4}
## CONFIG.PCW_GP1_NUM_WRITE_THREADS {4}
## CONFIG.PCW_GPIO_BASEADDR {0xE000A000}
## CONFIG.PCW_GPIO_EMIO_GPIO_ENABLE {1}
## CONFIG.PCW_GPIO_EMIO_GPIO_IO {2}
## CONFIG.PCW_GPIO_EMIO_GPIO_WIDTH {2}
## CONFIG.PCW_GPIO_HIGHADDR {0xE000AFFF}
## CONFIG.PCW_GPIO_MIO_GPIO_ENABLE {1}
## CONFIG.PCW_GPIO_MIO_GPIO_IO {MIO}
## CONFIG.PCW_GPIO_PERIPHERAL_ENABLE {0}
## CONFIG.PCW_I2C0_PERIPHERAL_ENABLE {0}
## CONFIG.PCW_I2C1_PERIPHERAL_ENABLE {0}
## CONFIG.PCW_I2C_RESET_ENABLE {1}
## CONFIG.PCW_I2C_RESET_POLARITY {Active Low}
## CONFIG.PCW_IMPORT_BOARD_PRESET {None}
## CONFIG.PCW_INCLUDE_ACP_TRANS_CHECK {0}
## CONFIG.PCW_MIO_0_IOTYPE {LVCMOS 3.3V}
## CONFIG.PCW_MIO_0_PULLUP {disabled}
## CONFIG.PCW_MIO_0_SLEW {slow}
## CONFIG.PCW_MIO_10_IOTYPE {LVCMOS 3.3V}
## CONFIG.PCW_MIO_10_PULLUP {enabled}
## CONFIG.PCW_MIO_10_SLEW {slow}
## CONFIG.PCW_MIO_11_IOTYPE {LVCMOS 3.3V}
## CONFIG.PCW_MIO_11_PULLUP {enabled}
## CONFIG.PCW_MIO_11_SLEW {slow}
## CONFIG.PCW_MIO_12_IOTYPE {LVCMOS 3.3V}
## CONFIG.PCW_MIO_12_PULLUP {enabled}
## CONFIG.PCW_MIO_12_SLEW {slow}
## CONFIG.PCW_MIO_13_IOTYPE {LVCMOS 3.3V}
## CONFIG.PCW_MIO_13_PULLUP {enabled}
## CONFIG.PCW_MIO_13_SLEW {slow}
## CONFIG.PCW_MIO_14_IOTYPE {LVCMOS 3.3V}
## CONFIG.PCW_MIO_14_PULLUP {enabled}
## CONFIG.PCW_MIO_14_SLEW {slow}
## CONFIG.PCW_MIO_15_IOTYPE {LVCMOS 3.3V}
## CONFIG.PCW_MIO_15_PULLUP {enabled}
## CONFIG.PCW_MIO_15_SLEW {slow}
## CONFIG.PCW_MIO_16_IOTYPE {LVCMOS 1.8V}
## CONFIG.PCW_MIO_16_PULLUP {disabled}
## CONFIG.PCW_MIO_16_SLEW {fast}
## CONFIG.PCW_MIO_17_IOTYPE {LVCMOS 1.8V}
## CONFIG.PCW_MIO_17_PULLUP {disabled}
## CONFIG.PCW_MIO_17_SLEW {fast}
## CONFIG.PCW_MIO_18_IOTYPE {LVCMOS 1.8V}
## CONFIG.PCW_MIO_18_PULLUP {disabled}
## CONFIG.PCW_MIO_18_SLEW {fast}
## CONFIG.PCW_MIO_19_IOTYPE {LVCMOS 1.8V}
## CONFIG.PCW_MIO_19_PULLUP {disabled}
## CONFIG.PCW_MIO_19_SLEW {fast}
## CONFIG.PCW_MIO_1_IOTYPE {LVCMOS 3.3V}
## CONFIG.PCW_MIO_1_PULLUP {enabled}
## CONFIG.PCW_MIO_1_SLEW {slow}
## CONFIG.PCW_MIO_20_IOTYPE {LVCMOS 1.8V}
## CONFIG.PCW_MIO_20_PULLUP {disabled}
## CONFIG.PCW_MIO_20_SLEW {fast}
## CONFIG.PCW_MIO_21_IOTYPE {LVCMOS 1.8V}
## CONFIG.PCW_MIO_21_PULLUP {disabled}
## CONFIG.PCW_MIO_21_SLEW {fast}
## CONFIG.PCW_MIO_22_IOTYPE {LVCMOS 1.8V}
## CONFIG.PCW_MIO_22_PULLUP {disabled}
## CONFIG.PCW_MIO_22_SLEW {fast}
## CONFIG.PCW_MIO_23_IOTYPE {LVCMOS 1.8V}
## CONFIG.PCW_MIO_23_PULLUP {disabled}
## CONFIG.PCW_MIO_23_SLEW {fast}
## CONFIG.PCW_MIO_24_IOTYPE {LVCMOS 1.8V}
## CONFIG.PCW_MIO_24_PULLUP {disabled}
## CONFIG.PCW_MIO_24_SLEW {fast}
## CONFIG.PCW_MIO_25_IOTYPE {LVCMOS 1.8V}
## CONFIG.PCW_MIO_25_PULLUP {disabled}
## CONFIG.PCW_MIO_25_SLEW {fast}
## CONFIG.PCW_MIO_26_IOTYPE {LVCMOS 1.8V}
## CONFIG.PCW_MIO_26_PULLUP {disabled}
## CONFIG.PCW_MIO_26_SLEW {fast}
## CONFIG.PCW_MIO_27_IOTYPE {LVCMOS 1.8V}
## CONFIG.PCW_MIO_27_PULLUP {disabled}
## CONFIG.PCW_MIO_27_SLEW {fast}
## CONFIG.PCW_MIO_28_IOTYPE {LVCMOS 1.8V}
## CONFIG.PCW_MIO_28_PULLUP {enabled}
## CONFIG.PCW_MIO_28_SLEW {slow}
## CONFIG.PCW_MIO_29_IOTYPE {LVCMOS 1.8V}
## CONFIG.PCW_MIO_29_PULLUP {enabled}
## CONFIG.PCW_MIO_29_SLEW {slow}
## CONFIG.PCW_MIO_2_IOTYPE {LVCMOS 3.3V}
## CONFIG.PCW_MIO_2_SLEW {slow}
## CONFIG.PCW_MIO_30_IOTYPE {LVCMOS 1.8V}
## CONFIG.PCW_MIO_30_PULLUP {enabled}
## CONFIG.PCW_MIO_30_SLEW {slow}
## CONFIG.PCW_MIO_31_IOTYPE {LVCMOS 1.8V}
## CONFIG.PCW_MIO_31_PULLUP {enabled}
## CONFIG.PCW_MIO_31_SLEW {slow}
## CONFIG.PCW_MIO_32_IOTYPE {LVCMOS 1.8V}
## CONFIG.PCW_MIO_32_PULLUP {enabled}
## CONFIG.PCW_MIO_32_SLEW {slow}
## CONFIG.PCW_MIO_33_IOTYPE {LVCMOS 1.8V}
## CONFIG.PCW_MIO_33_PULLUP {enabled}
## CONFIG.PCW_MIO_33_SLEW {slow}
## CONFIG.PCW_MIO_34_IOTYPE {LVCMOS 1.8V}
## CONFIG.PCW_MIO_34_PULLUP {enabled}
## CONFIG.PCW_MIO_34_SLEW {slow}
## CONFIG.PCW_MIO_35_IOTYPE {LVCMOS 1.8V}
## CONFIG.PCW_MIO_35_PULLUP {enabled}
## CONFIG.PCW_MIO_35_SLEW {slow}
## CONFIG.PCW_MIO_36_IOTYPE {LVCMOS 1.8V}
## CONFIG.PCW_MIO_36_PULLUP {enabled}
## CONFIG.PCW_MIO_36_SLEW {slow}
## CONFIG.PCW_MIO_37_IOTYPE {LVCMOS 1.8V}
## CONFIG.PCW_MIO_37_PULLUP {enabled}
## CONFIG.PCW_MIO_37_SLEW {slow}
## CONFIG.PCW_MIO_38_IOTYPE {LVCMOS 1.8V}
## CONFIG.PCW_MIO_38_PULLUP {enabled}
## CONFIG.PCW_MIO_38_SLEW {slow}
## CONFIG.PCW_MIO_39_IOTYPE {LVCMOS 1.8V}
## CONFIG.PCW_MIO_39_PULLUP {enabled}
## CONFIG.PCW_MIO_39_SLEW {slow}
## CONFIG.PCW_MIO_3_IOTYPE {LVCMOS 3.3V}
## CONFIG.PCW_MIO_3_SLEW {slow}
## CONFIG.PCW_MIO_40_IOTYPE {LVCMOS 1.8V}
## CONFIG.PCW_MIO_40_PULLUP {enabled}
## CONFIG.PCW_MIO_40_SLEW {slow}
## CONFIG.PCW_MIO_41_IOTYPE {LVCMOS 1.8V}
## CONFIG.PCW_MIO_41_PULLUP {enabled}
## CONFIG.PCW_MIO_41_SLEW {slow}
## CONFIG.PCW_MIO_42_IOTYPE {LVCMOS 1.8V}
## CONFIG.PCW_MIO_42_PULLUP {enabled}
## CONFIG.PCW_MIO_42_SLEW {slow}
## CONFIG.PCW_MIO_43_IOTYPE {LVCMOS 1.8V}
## CONFIG.PCW_MIO_43_PULLUP {enabled}
## CONFIG.PCW_MIO_43_SLEW {slow}
## CONFIG.PCW_MIO_44_IOTYPE {LVCMOS 1.8V}
## CONFIG.PCW_MIO_44_PULLUP {enabled}
## CONFIG.PCW_MIO_44_SLEW {slow}
## CONFIG.PCW_MIO_45_IOTYPE {LVCMOS 1.8V}
## CONFIG.PCW_MIO_45_PULLUP {enabled}
## CONFIG.PCW_MIO_45_SLEW {slow}
## CONFIG.PCW_MIO_46_IOTYPE {LVCMOS 1.8V}
## CONFIG.PCW_MIO_46_PULLUP {enabled}
## CONFIG.PCW_MIO_46_SLEW {slow}
## CONFIG.PCW_MIO_47_IOTYPE {LVCMOS 1.8V}
## CONFIG.PCW_MIO_47_PULLUP {disabled}
## CONFIG.PCW_MIO_47_SLEW {slow}
## CONFIG.PCW_MIO_48_IOTYPE {LVCMOS 1.8V}
## CONFIG.PCW_MIO_48_PULLUP {enabled}
## CONFIG.PCW_MIO_48_SLEW {slow}
## CONFIG.PCW_MIO_49_IOTYPE {LVCMOS 1.8V}
## CONFIG.PCW_MIO_49_PULLUP {enabled}
## CONFIG.PCW_MIO_49_SLEW {slow}
## CONFIG.PCW_MIO_4_IOTYPE {LVCMOS 3.3V}
## CONFIG.PCW_MIO_4_SLEW {slow}
## CONFIG.PCW_MIO_50_IOTYPE {LVCMOS 1.8V}
## CONFIG.PCW_MIO_50_PULLUP {enabled}
## CONFIG.PCW_MIO_50_SLEW {slow}
## CONFIG.PCW_MIO_51_IOTYPE {LVCMOS 1.8V}
## CONFIG.PCW_MIO_51_PULLUP {enabled}
## CONFIG.PCW_MIO_51_SLEW {slow}
## CONFIG.PCW_MIO_52_IOTYPE {LVCMOS 1.8V}
## CONFIG.PCW_MIO_52_PULLUP {disabled}
## CONFIG.PCW_MIO_52_SLEW {slow}
## CONFIG.PCW_MIO_53_IOTYPE {LVCMOS 1.8V}
## CONFIG.PCW_MIO_53_PULLUP {disabled}
## CONFIG.PCW_MIO_53_SLEW {slow}
## CONFIG.PCW_MIO_5_IOTYPE {LVCMOS 3.3V}
## CONFIG.PCW_MIO_5_SLEW {slow}
## CONFIG.PCW_MIO_6_IOTYPE {LVCMOS 3.3V}
## CONFIG.PCW_MIO_6_SLEW {slow}
## CONFIG.PCW_MIO_7_IOTYPE {LVCMOS 3.3V}
## CONFIG.PCW_MIO_7_SLEW {slow}
## CONFIG.PCW_MIO_8_IOTYPE {LVCMOS 3.3V}
## CONFIG.PCW_MIO_8_SLEW {slow}
## CONFIG.PCW_MIO_9_IOTYPE {LVCMOS 3.3V}
## CONFIG.PCW_MIO_9_PULLUP {enabled}
## CONFIG.PCW_MIO_9_SLEW {slow}
## CONFIG.PCW_MIO_PRIMITIVE {54}
## CONFIG.PCW_MIO_TREE_PERIPHERALS {{SD 0#GPIO#GPIO#GPIO#GPIO#GPIO#GPIO#GPIO#GPIO#GPIO#GPIO#GPIO#GPIO#GPIO#GPIO#GPIO#Enet 0#Enet 0#Enet 0#Enet 0#Enet 0#Enet 0#Enet 0#Enet 0#Enet 0#Enet 0#Enet 0#Enet} {0#GPIO#GPIO#GPIO#GPIO#GPIO#GPIO#GPIO#GPIO#GPIO#GPIO#GPIO#GPIO#SD 0#SD 0#SD 0#SD 0#SD 0#SD 0#GPIO#ENET Reset#UART 1#UART 1#GPIO#GPIO#Enet 0#Enet 0}}
## CONFIG.PCW_MIO_TREE_SIGNALS {cd#gpio[1]#gpio[2]#gpio[3]#gpio[4]#gpio[5]#gpio[6]#gpio[7]#gpio[8]#gpio[9]#gpio[10]#gpio[11]#gpio[12]#gpio[13]#gpio[14]#gpio[15]#tx_clk#txd[0]#txd[1]#txd[2]#txd[3]#tx_ctl#rx_clk#rxd[0]#rxd[1]#rxd[2]#rxd[3]#rx_ctl#gpio[28]#gpio[29]#gpio[30]#gpio[31]#gpio[32]#gpio[33]#gpio[34]#gpio[35]#gpio[36]#gpio[37]#gpio[38]#gpio[39]#clk#cmd#data[0]#data[1]#data[2]#data[3]#gpio[46]#reset#tx#rx#gpio[50]#gpio[51]#mdc#mdio}
## CONFIG.PCW_M_AXI_GP0_ENABLE_STATIC_REMAP {0}
## CONFIG.PCW_M_AXI_GP0_ID_WIDTH {12}
## CONFIG.PCW_M_AXI_GP0_SUPPORT_NARROW_BURST {0}
## CONFIG.PCW_M_AXI_GP0_THREAD_ID_WIDTH {12}
## CONFIG.PCW_NAND_CYCLES_T_AR {1}
## CONFIG.PCW_NAND_CYCLES_T_CLR {1}
## CONFIG.PCW_NAND_CYCLES_T_RC {11}
## CONFIG.PCW_NAND_CYCLES_T_REA {1}
## CONFIG.PCW_NAND_CYCLES_T_RR {1}
## CONFIG.PCW_NAND_CYCLES_T_WC {11}
## CONFIG.PCW_NAND_CYCLES_T_WP {1}
## CONFIG.PCW_NAND_PERIPHERAL_ENABLE {0}
## CONFIG.PCW_NOR_CS0_T_CEOE {1}
## CONFIG.PCW_NOR_CS0_T_PC {1}
## CONFIG.PCW_NOR_CS0_T_RC {11}
## CONFIG.PCW_NOR_CS0_T_TR {1}
## CONFIG.PCW_NOR_CS0_T_WC {11}
## CONFIG.PCW_NOR_CS0_T_WP {1}
## CONFIG.PCW_NOR_CS0_WE_TIME {0}
## CONFIG.PCW_NOR_CS1_T_CEOE {1}
## CONFIG.PCW_NOR_CS1_T_PC {1}
## CONFIG.PCW_NOR_CS1_T_RC {11}
## CONFIG.PCW_NOR_CS1_T_TR {1}
## CONFIG.PCW_NOR_CS1_T_WC {11}
## CONFIG.PCW_NOR_CS1_T_WP {1}
## CONFIG.PCW_NOR_CS1_WE_TIME {0}
## CONFIG.PCW_NOR_PERIPHERAL_ENABLE {0}
## CONFIG.PCW_NOR_SRAM_CS0_T_CEOE {1}
## CONFIG.PCW_NOR_SRAM_CS0_T_PC {1}
## CONFIG.PCW_NOR_SRAM_CS0_T_RC {11}
## CONFIG.PCW_NOR_SRAM_CS0_T_TR {1}
## CONFIG.PCW_NOR_SRAM_CS0_T_WC {11}
## CONFIG.PCW_NOR_SRAM_CS0_T_WP {1}
## CONFIG.PCW_NOR_SRAM_CS0_WE_TIME {0}
## CONFIG.PCW_NOR_SRAM_CS1_T_CEOE {1}
## CONFIG.PCW_NOR_SRAM_CS1_T_PC {1}
## CONFIG.PCW_NOR_SRAM_CS1_T_RC {11}
## CONFIG.PCW_NOR_SRAM_CS1_T_TR {1}
## CONFIG.PCW_NOR_SRAM_CS1_T_WC {11}
## CONFIG.PCW_NOR_SRAM_CS1_T_WP {1}
## CONFIG.PCW_NOR_SRAM_CS1_WE_TIME {0}
## CONFIG.PCW_OVERRIDE_BASIC_CLOCK {0}
## CONFIG.PCW_PACKAGE_DDR_BOARD_DELAY0 {0.063}
## CONFIG.PCW_PACKAGE_DDR_BOARD_DELAY1 {0.062}
## CONFIG.PCW_PACKAGE_DDR_BOARD_DELAY2 {0.065}
## CONFIG.PCW_PACKAGE_DDR_BOARD_DELAY3 {0.083}
## CONFIG.PCW_PACKAGE_DDR_DQS_TO_CLK_DELAY_0 {-0.007}
## CONFIG.PCW_PACKAGE_DDR_DQS_TO_CLK_DELAY_1 {-0.010}
## CONFIG.PCW_PACKAGE_DDR_DQS_TO_CLK_DELAY_2 {-0.006}
## CONFIG.PCW_PACKAGE_DDR_DQS_TO_CLK_DELAY_3 {-0.048}
## CONFIG.PCW_PACKAGE_NAME {clg484}
## CONFIG.PCW_PCAP_PERIPHERAL_CLKSRC {IO PLL}
## CONFIG.PCW_PCAP_PERIPHERAL_FREQMHZ {200}
## CONFIG.PCW_PERIPHERAL_BOARD_PRESET {None}
## CONFIG.PCW_PJTAG_PERIPHERAL_ENABLE {0}
## CONFIG.PCW_PLL_BYPASSMODE_ENABLE {0}
## CONFIG.PCW_PRESET_BANK0_VOLTAGE {LVCMOS 3.3V}
## CONFIG.PCW_PRESET_BANK1_VOLTAGE {LVCMOS 1.8V}
## CONFIG.PCW_PS7_SI_REV {PRODUCTION}
## CONFIG.PCW_QSPI_INTERNAL_HIGHADDRESS {0xFCFFFFFF}
## CONFIG.PCW_QSPI_PERIPHERAL_CLKSRC {IO PLL}
## CONFIG.PCW_QSPI_PERIPHERAL_ENABLE {0}
## CONFIG.PCW_SD0_GRP_CD_ENABLE {1}
## CONFIG.PCW_SD0_GRP_CD_IO {MIO 0}
## CONFIG.PCW_SD0_GRP_POW_ENABLE {0}
## CONFIG.PCW_SD0_GRP_WP_ENABLE {0}
## CONFIG.PCW_SD0_PERIPHERAL_ENABLE {1}
## CONFIG.PCW_SD0_SD0_IO {MIO 40 .. 45}
## CONFIG.PCW_SD1_PERIPHERAL_ENABLE {0}
## CONFIG.PCW_SDIO0_BASEADDR {0xE0100000}
## CONFIG.PCW_SDIO0_HIGHADDR {0xE0100FFF}
## CONFIG.PCW_SDIO_PERIPHERAL_CLKSRC {IO PLL}
## CONFIG.PCW_SDIO_PERIPHERAL_FREQMHZ {100}
## CONFIG.PCW_SDIO_PERIPHERAL_VALID {1}
## CONFIG.PCW_SMC_CYCLE_T0 {NA}
## CONFIG.PCW_SMC_CYCLE_T1 {NA}
## CONFIG.PCW_SMC_CYCLE_T2 {NA}
## CONFIG.PCW_SMC_CYCLE_T3 {NA}
## CONFIG.PCW_SMC_CYCLE_T4 {NA}
## CONFIG.PCW_SMC_CYCLE_T5 {NA}
## CONFIG.PCW_SMC_CYCLE_T6 {NA}
## CONFIG.PCW_SMC_PERIPHERAL_CLKSRC {IO PLL}
## CONFIG.PCW_SMC_PERIPHERAL_VALID {0}
## CONFIG.PCW_SPI0_PERIPHERAL_ENABLE {0}
## CONFIG.PCW_SPI1_PERIPHERAL_ENABLE {0}
## CONFIG.PCW_SPI_PERIPHERAL_CLKSRC {IO PLL}
## CONFIG.PCW_SPI_PERIPHERAL_VALID {0}
## CONFIG.PCW_S_AXI_HP0_DATA_WIDTH {64}
## CONFIG.PCW_S_AXI_HP0_ID_WIDTH {6}
## CONFIG.PCW_S_AXI_HP1_DATA_WIDTH {64}
## CONFIG.PCW_S_AXI_HP1_ID_WIDTH {6}
## CONFIG.PCW_TPIU_PERIPHERAL_CLKSRC {External}
## CONFIG.PCW_TRACE_INTERNAL_WIDTH {2}
## CONFIG.PCW_TRACE_PERIPHERAL_ENABLE {0}
## CONFIG.PCW_TTC0_CLK0_PERIPHERAL_CLKSRC {CPU_1X}
## CONFIG.PCW_TTC0_CLK0_PERIPHERAL_DIVISOR0 {1}
## CONFIG.PCW_TTC0_CLK1_PERIPHERAL_CLKSRC {CPU_1X}
## CONFIG.PCW_TTC0_CLK1_PERIPHERAL_DIVISOR0 {1}
## CONFIG.PCW_TTC0_CLK2_PERIPHERAL_CLKSRC {CPU_1X}
## CONFIG.PCW_TTC0_CLK2_PERIPHERAL_DIVISOR0 {1}
## CONFIG.PCW_TTC0_PERIPHERAL_ENABLE {0}
## CONFIG.PCW_TTC1_CLK0_PERIPHERAL_CLKSRC {CPU_1X}
## CONFIG.PCW_TTC1_CLK0_PERIPHERAL_DIVISOR0 {1}
## CONFIG.PCW_TTC1_CLK1_PERIPHERAL_CLKSRC {CPU_1X}
## CONFIG.PCW_TTC1_CLK1_PERIPHERAL_DIVISOR0 {1}
## CONFIG.PCW_TTC1_CLK2_PERIPHERAL_CLKSRC {CPU_1X}
## CONFIG.PCW_TTC1_CLK2_PERIPHERAL_DIVISOR0 {1}
## CONFIG.PCW_TTC1_PERIPHERAL_ENABLE {0}
## CONFIG.PCW_UART0_PERIPHERAL_ENABLE {0}
## CONFIG.PCW_UART1_BASEADDR {0xE0001000}
## CONFIG.PCW_UART1_BAUD_RATE {115200}
## CONFIG.PCW_UART1_GRP_FULL_ENABLE {0}
## CONFIG.PCW_UART1_HIGHADDR {0xE0001FFF}
## CONFIG.PCW_UART1_PERIPHERAL_ENABLE {1}
## CONFIG.PCW_UART1_UART1_IO {MIO 48 .. 49}
## CONFIG.PCW_UART_PERIPHERAL_CLKSRC {IO PLL}
## CONFIG.PCW_UART_PERIPHERAL_FREQMHZ {100}
## CONFIG.PCW_UART_PERIPHERAL_VALID {1}
## CONFIG.PCW_UIPARAM_ACT_DDR_FREQ_MHZ {533.333374}
## CONFIG.PCW_UIPARAM_DDR_ADV_ENABLE {0}
## CONFIG.PCW_UIPARAM_DDR_AL {0}
## CONFIG.PCW_UIPARAM_DDR_BL {8}
## CONFIG.PCW_UIPARAM_DDR_BOARD_DELAY0 {0.25}
## CONFIG.PCW_UIPARAM_DDR_BOARD_DELAY1 {0.25}
## CONFIG.PCW_UIPARAM_DDR_BOARD_DELAY2 {0.25}
## CONFIG.PCW_UIPARAM_DDR_BOARD_DELAY3 {0.25}
## CONFIG.PCW_UIPARAM_DDR_BUS_WIDTH {32 Bit}
## CONFIG.PCW_UIPARAM_DDR_CLOCK_0_LENGTH_MM {0}
## CONFIG.PCW_UIPARAM_DDR_CLOCK_0_PACKAGE_LENGTH {61.0905}
## CONFIG.PCW_UIPARAM_DDR_CLOCK_0_PROPOGATION_DELAY {160}
## CONFIG.PCW_UIPARAM_DDR_CLOCK_1_LENGTH_MM {0}
## CONFIG.PCW_UIPARAM_DDR_CLOCK_1_PACKAGE_LENGTH {61.0905}
## CONFIG.PCW_UIPARAM_DDR_CLOCK_1_PROPOGATION_DELAY {160}
## CONFIG.PCW_UIPARAM_DDR_CLOCK_2_LENGTH_MM {0}
## CONFIG.PCW_UIPARAM_DDR_CLOCK_2_PACKAGE_LENGTH {61.0905}
## CONFIG.PCW_UIPARAM_DDR_CLOCK_2_PROPOGATION_DELAY {160}
## CONFIG.PCW_UIPARAM_DDR_CLOCK_3_LENGTH_MM {0}
## CONFIG.PCW_UIPARAM_DDR_CLOCK_3_PACKAGE_LENGTH {61.0905}
## CONFIG.PCW_UIPARAM_DDR_CLOCK_3_PROPOGATION_DELAY {160}
## CONFIG.PCW_UIPARAM_DDR_CLOCK_STOP_EN {0}
## CONFIG.PCW_UIPARAM_DDR_DQS_0_LENGTH_MM {0}
## CONFIG.PCW_UIPARAM_DDR_DQS_0_PACKAGE_LENGTH {68.4725}
## CONFIG.PCW_UIPARAM_DDR_DQS_0_PROPOGATION_DELAY {160}
## CONFIG.PCW_UIPARAM_DDR_DQS_1_LENGTH_MM {0}
## CONFIG.PCW_UIPARAM_DDR_DQS_1_PACKAGE_LENGTH {71.086}
## CONFIG.PCW_UIPARAM_DDR_DQS_1_PROPOGATION_DELAY {160}
## CONFIG.PCW_UIPARAM_DDR_DQS_2_LENGTH_MM {0}
## CONFIG.PCW_UIPARAM_DDR_DQS_2_PACKAGE_LENGTH {66.794}
## CONFIG.PCW_UIPARAM_DDR_DQS_2_PROPOGATION_DELAY {160}
## CONFIG.PCW_UIPARAM_DDR_DQS_3_LENGTH_MM {0}
## CONFIG.PCW_UIPARAM_DDR_DQS_3_PACKAGE_LENGTH {108.7385}
## CONFIG.PCW_UIPARAM_DDR_DQS_3_PROPOGATION_DELAY {160}
## CONFIG.PCW_UIPARAM_DDR_DQS_TO_CLK_DELAY_0 {0.0}
## CONFIG.PCW_UIPARAM_DDR_DQS_TO_CLK_DELAY_1 {0.0}
## CONFIG.PCW_UIPARAM_DDR_DQS_TO_CLK_DELAY_2 {0.0}
## CONFIG.PCW_UIPARAM_DDR_DQS_TO_CLK_DELAY_3 {0.0}
## CONFIG.PCW_UIPARAM_DDR_DQ_0_LENGTH_MM {0}
## CONFIG.PCW_UIPARAM_DDR_DQ_0_PACKAGE_LENGTH {64.1705}
## CONFIG.PCW_UIPARAM_DDR_DQ_0_PROPOGATION_DELAY {160}
## CONFIG.PCW_UIPARAM_DDR_DQ_1_LENGTH_MM {0}
## CONFIG.PCW_UIPARAM_DDR_DQ_1_PACKAGE_LENGTH {63.686}
## CONFIG.PCW_UIPARAM_DDR_DQ_1_PROPOGATION_DELAY {160}
## CONFIG.PCW_UIPARAM_DDR_DQ_2_LENGTH_MM {0}
## CONFIG.PCW_UIPARAM_DDR_DQ_2_PACKAGE_LENGTH {68.46}
## CONFIG.PCW_UIPARAM_DDR_DQ_2_PROPOGATION_DELAY {160}
## CONFIG.PCW_UIPARAM_DDR_DQ_3_LENGTH_MM {0}
## CONFIG.PCW_UIPARAM_DDR_DQ_3_PACKAGE_LENGTH {105.4895}
## CONFIG.PCW_UIPARAM_DDR_DQ_3_PROPOGATION_DELAY {160}
## CONFIG.PCW_UIPARAM_DDR_ENABLE {1}
## CONFIG.PCW_UIPARAM_DDR_FREQ_MHZ {533.333333}
## CONFIG.PCW_UIPARAM_DDR_HIGH_TEMP {Normal (0-85)}
## CONFIG.PCW_UIPARAM_DDR_MEMORY_TYPE {DDR 3}
## CONFIG.PCW_UIPARAM_DDR_PARTNO {MT41K256M16 RE-15E}
## CONFIG.PCW_UIPARAM_DDR_TRAIN_DATA_EYE {1}
## CONFIG.PCW_UIPARAM_DDR_TRAIN_READ_GATE {1}
## CONFIG.PCW_UIPARAM_DDR_TRAIN_WRITE_LEVEL {1}
## CONFIG.PCW_UIPARAM_DDR_USE_INTERNAL_VREF {0}
## CONFIG.PCW_UIPARAM_GENERATE_SUMMARY {NA}
## CONFIG.PCW_USB0_PERIPHERAL_ENABLE {0}
## CONFIG.PCW_USB1_PERIPHERAL_ENABLE {0}
## CONFIG.PCW_USB_RESET_ENABLE {1}
## CONFIG.PCW_USB_RESET_POLARITY {Active Low}
## CONFIG.PCW_USE_AXI_FABRIC_IDLE {0}
## CONFIG.PCW_USE_AXI_NONSECURE {0}
## CONFIG.PCW_USE_CORESIGHT {0}
## CONFIG.PCW_USE_CROSS_TRIGGER {0}
## CONFIG.PCW_USE_CR_FABRIC {1}
## CONFIG.PCW_USE_DDR_BYPASS {0}
## CONFIG.PCW_USE_DEBUG {0}
## CONFIG.PCW_USE_DMA0 {0}
## CONFIG.PCW_USE_DMA1 {0}
## CONFIG.PCW_USE_DMA2 {0}
## CONFIG.PCW_USE_DMA3 {0}
## CONFIG.PCW_USE_EXPANDED_IOP {0}
## CONFIG.PCW_USE_FABRIC_INTERRUPT {0}
## CONFIG.PCW_USE_HIGH_OCM {0}
## CONFIG.PCW_USE_M_AXI_GP0 {1}
## CONFIG.PCW_USE_M_AXI_GP1 {0}
## CONFIG.PCW_USE_PROC_EVENT_BUS {0}
## CONFIG.PCW_USE_PS_SLCR_REGISTERS {0}
## CONFIG.PCW_USE_S_AXI_ACP {0}
## CONFIG.PCW_USE_S_AXI_GP0 {0}
## CONFIG.PCW_USE_S_AXI_GP1 {0}
## CONFIG.PCW_USE_S_AXI_HP0 {1}
## CONFIG.PCW_USE_S_AXI_HP1 {1}
## CONFIG.PCW_USE_S_AXI_HP2 {0}
## CONFIG.PCW_USE_S_AXI_HP3 {0}
## CONFIG.PCW_USE_TRACE {0}
## CONFIG.PCW_VALUE_SILVERSION {3}
## CONFIG.PCW_WDT_PERIPHERAL_CLKSRC {CPU_1X}
## CONFIG.PCW_WDT_PERIPHERAL_DIVISOR0 {1}
## CONFIG.PCW_WDT_PERIPHERAL_ENABLE {0}
## CONFIG.preset {None}
## }
# set SUFFIX ""
# if {$argc >= 1} { set SUFFIX "_[lindex $argv 0]" }
# create_project -force yolo_a2_board$SUFFIX $OUT/yolo_a2_board$SUFFIX -part xc7z020clg484-1
# add_files -norecurse [list \
#     $RTL/yolo_engine_top.v $RTL/yolo_gemm_array.v $RTL/yolo_csr.v \
#     $RTL/yolo_ctrl.v $RTL/yolo_dma.v $RTL/yolo_dma_wr.v \
#     $RTL/yolo_wbuf.v $RTL/yolo_xbuf.v $RTL/yolo_xrowgen.v \
#     $RTL/yolo_pe_pack.v $RTL/yolo_acc.v $RTL/yolo_requant.v \
#     $RTL/yolo_silu_lut.v \
#     $IPD/yolo_wbuf_bmg/yolo_wbuf_bmg.xci \
#     $IPD/yolo_xbuf_bmg/yolo_xbuf_bmg.xci]
INFO: [IP_Flow 19-234] Refreshing IP repositories
INFO: [IP_Flow 19-1704] No user IP repositories specified
INFO: [IP_Flow 19-2313] Loaded Vivado IP repository 'F:/vivado2025/2025.2/Vivado/data/ip'.
WARNING: [Vivado 12-13650] The IP file 'E:/competition/2_fpga/3_yolo_zynq/ip/yolo_wbuf_bmg/yolo_wbuf_bmg.xci' has been moved from its original location, as a result the outputs for this IP will now be generated in 'e:/competition/2_fpga/3_yolo_zynq/ip/yolo_wbuf_bmg'. Alternatively a copy of the IP can be imported into the project using one of the 'import_ip' or 'import_files' commands.
WARNING: [Vivado 12-13650] The IP file 'E:/competition/2_fpga/3_yolo_zynq/ip/yolo_xbuf_bmg/yolo_xbuf_bmg.xci' has been moved from its original location, as a result the outputs for this IP will now be generated in 'e:/competition/2_fpga/3_yolo_zynq/ip/yolo_xbuf_bmg'. Alternatively a copy of the IP can be imported into the project using one of the 'import_ip' or 'import_files' commands.
# add_files -fileset constrs_1 -norecurse $OUT/yolo_sys.xdc
# create_bd_design yolo_sys
Wrote  : <E:\competition\2_fpga\3_yolo_zynq\proj\board_sys\yolo_a2_board_r9\yolo_a2_board_r9.srcs\sources_1\bd\yolo_sys\yolo_sys.bd> 
# create_bd_cell -type ip -vlnv xilinx.com:ip:processing_system7:5.5 ps7
# foreach {pk pv} $ps7_cfg {
#     if {[string match {CONFIG.PCW_PRESET_BANK?_VOLTAGE} $pk]} {
#         set_property $pk $pv [get_bd_cells ps7]
#     }
# }
# foreach {pk pv} $ps7_cfg {
#     if {![string match {CONFIG.PCW_PRESET_BANK?_VOLTAGE} $pk]} {
#         set_property $pk $pv [get_bd_cells ps7]
#     }
# }
WARNING: [BD 41-721] Attempt to set value '0xE000B000' on disabled parameter 'PCW_ENET0_BASEADDR' of cell '/ps7' is ignored
WARNING: [BD 41-721] Attempt to set value 'MIO 16 .. 27' on disabled parameter 'PCW_ENET0_ENET0_IO' of cell '/ps7' is ignored
WARNING: [BD 41-721] Attempt to set value '1' on disabled parameter 'PCW_ENET0_GRP_MDIO_ENABLE' of cell '/ps7' is ignored
WARNING: [BD 41-721] Attempt to set value 'MIO 52 .. 53' on disabled parameter 'PCW_ENET0_GRP_MDIO_IO' of cell '/ps7' is ignored
WARNING: [BD 41-721] Attempt to set value '0xE000BFFF' on disabled parameter 'PCW_ENET0_HIGHADDR' of cell '/ps7' is ignored
WARNING: [BD 41-721] Attempt to set value '1' on disabled parameter 'PCW_ENET0_RESET_ENABLE' of cell '/ps7' is ignored
WARNING: [BD 41-721] Attempt to set value 'MIO 47' on disabled parameter 'PCW_ENET0_RESET_IO' of cell '/ps7' is ignored
WARNING: [BD 41-721] Attempt to set value '1' on disabled parameter 'PCW_ENET_RESET_ENABLE' of cell '/ps7' is ignored
WARNING: [BD 41-721] Attempt to set value 'Share reset pin' on disabled parameter 'PCW_ENET_RESET_SELECT' of cell '/ps7' is ignored
WARNING: [BD 41-721] Attempt to set value '1' on disabled parameter 'PCW_SD0_GRP_CD_ENABLE' of cell '/ps7' is ignored
WARNING: [BD 41-721] Attempt to set value 'MIO 0' on disabled parameter 'PCW_SD0_GRP_CD_IO' of cell '/ps7' is ignored
WARNING: [BD 41-721] Attempt to set value '0' on disabled parameter 'PCW_SD0_GRP_POW_ENABLE' of cell '/ps7' is ignored
WARNING: [BD 41-721] Attempt to set value '0' on disabled parameter 'PCW_SD0_GRP_WP_ENABLE' of cell '/ps7' is ignored
WARNING: [BD 41-721] Attempt to set value '6' on disabled parameter 'PCW_S_AXI_HP0_ID_WIDTH' of cell '/ps7' is ignored
WARNING: [BD 41-721] Attempt to set value '6' on disabled parameter 'PCW_S_AXI_HP1_ID_WIDTH' of cell '/ps7' is ignored
WARNING: [BD 41-721] Attempt to set value '0' on disabled parameter 'PCW_UART1_GRP_FULL_ENABLE' of cell '/ps7' is ignored
# create_bd_cell -type module -reference yolo_engine_top engine
INFO: [IP_Flow 19-5107] Inferred bus interface 'm_axi' of definition 'xilinx.com:interface:aximm:1.0' (from Xilinx Repository).
INFO: [IP_Flow 19-5107] Inferred bus interface 's_axi' of definition 'xilinx.com:interface:aximm:1.0' (from Xilinx Repository).
INFO: [IP_Flow 19-5107] Inferred bus interface 'x_m_axi' of definition 'xilinx.com:interface:aximm:1.0' (from Xilinx Repository).
INFO: [IP_Flow 19-5107] Inferred bus interface 'rst_n' of definition 'xilinx.com:signal:reset:1.0' (from Xilinx Repository).
INFO: [IP_Flow 19-4728] Bus Interface 'rst_n': Added interface parameter 'POLARITY' with value 'ACTIVE_LOW'.
WARNING: [IP_Flow 19-3158] Bus Interface 'm_axi': FREQ_HZ bus parameter missing from AXI interface when interface is not associated to a clock.
WARNING: [IP_Flow 19-3158] Bus Interface 's_axi': FREQ_HZ bus parameter missing from AXI interface when interface is not associated to a clock.
WARNING: [IP_Flow 19-3158] Bus Interface 'x_m_axi': FREQ_HZ bus parameter missing from AXI interface when interface is not associated to a clock.
# set_property CONFIG.FREQ_HZ 60000000 [get_bd_intf_pins engine/s_axi]
# set_property CONFIG.FREQ_HZ 60000000 [get_bd_intf_pins engine/m_axi]
# set_property CONFIG.FREQ_HZ 60000000 [get_bd_intf_pins engine/x_m_axi]
# make_bd_intf_pins_external [get_bd_intf_pins ps7/DDR]
# make_bd_intf_pins_external [get_bd_intf_pins ps7/FIXED_IO]
# create_bd_cell -type ip -vlnv xilinx.com:ip:proc_sys_reset:5.0 rst_150
# create_bd_cell -type ip -vlnv xilinx.com:ip:xlconstant:1.1 lock_1
INFO: [BD 5-1043] It is recommended to use inline hdl version xilinx.com:inline_hdl:ilconstant:1.0 for the IP type xilinx.com:ip:xlconstant:1.1 for improved performance and reduced disk space. IPs with VLNV xilinx.com:ip:xlconstant:1.1 will not be supported from release 2025.2. More information on inline hdl IP is available in UG994 
# set_property -dict {CONST_VAL {1} CONST_WIDTH {1}} [get_bd_cells lock_1]
WARNING: [BD 41-1642] Cannot set the parameter 'CONST_VAL' on '/lock_1' - Parameter does not exist. 
# connect_bd_net [get_bd_pins ps7/FCLK_CLK0] [get_bd_pins engine/clk_i]
# connect_bd_net [get_bd_pins ps7/FCLK_CLK0] [get_bd_pins rst_150/slowest_sync_clk]
# connect_bd_net [get_bd_pins ps7/FCLK_RESET0_N] [get_bd_pins rst_150/ext_reset_in]
# connect_bd_net [get_bd_pins lock_1/dout] [get_bd_pins rst_150/dcm_locked]
# connect_bd_net [get_bd_pins rst_150/peripheral_aresetn] [get_bd_pins engine/rst_n]
# apply_bd_automation -rule xilinx.com:bd_rule:axi4 \
#     -config { Master "/ps7/M_AXI_GP0" Clk "/ps7/FCLK_CLK0" } \
#     [get_bd_intf_pins engine/s_axi]
WARNING: [BD 41-1627] Requested range of <4G> for slave segments </engine/s_axi/reg0> exceeds the range of the largest address space in assignment request </ps7/Data>. Shrinking the initial requested range to <1G>
Slave segment '/engine/s_axi/reg0' is being assigned into address space '/ps7/Data' at <0x4000_0000 [ 1G ]>.
# apply_bd_automation -rule xilinx.com:bd_rule:axi4 \
#     -config { Master "/engine/m_axi" Clk "/ps7/FCLK_CLK0" } \
#     [get_bd_intf_pins ps7/S_AXI_HP0]
Slave segment '/ps7/S_AXI_HP0/HP0_DDR_LOWOCM' is being assigned into address space '/engine/m_axi' at <0x0000_0000 [ 1G ]>.
# apply_bd_automation -rule xilinx.com:bd_rule:axi4 \
#     -config { Master "/engine/x_m_axi" Clk "/ps7/FCLK_CLK0" } \
#     [get_bd_intf_pins ps7/S_AXI_HP1]
Slave segment '/ps7/S_AXI_HP1/HP1_DDR_LOWOCM' is being assigned into address space '/engine/x_m_axi' at <0x0000_0000 [ 1G ]>.
# foreach ip {s_axi m_axi x_m_axi} {
#     set_property CONFIG.CLK_DOMAIN yolo_sys_ps7_0_FCLK_CLK0 \
#         [get_bd_intf_pins engine/$ip]
# }
# delete_bd_objs [get_bd_addr_segs engine/s_axi/reg0]
# assign_bd_address -offset 0x43C10000 -range 0x10000 \
#     [get_bd_addr_segs engine/s_axi/reg0]
Slave segment '/engine/s_axi/reg0' is being assigned into address space '/ps7/Data' at <0x43C1_0000 [ 64K ]>.
# validate_bd_design
# save_bd_design
Wrote  : <E:\competition\2_fpga\3_yolo_zynq\proj\board_sys\yolo_a2_board_r9\yolo_a2_board_r9.srcs\sources_1\bd\yolo_sys\yolo_sys.bd> 
# make_wrapper -files [get_files yolo_sys.bd] -top -import
INFO: [BD 41-1662] The design 'yolo_sys.bd' is already validated. Therefore parameter propagation will not be re-run.
Verilog Output written to : E:/competition/2_fpga/3_yolo_zynq/proj/board_sys/yolo_a2_board_r9/yolo_a2_board_r9.gen/sources_1/bd/yolo_sys/synth/yolo_sys.v
Verilog Output written to : E:/competition/2_fpga/3_yolo_zynq/proj/board_sys/yolo_a2_board_r9/yolo_a2_board_r9.gen/sources_1/bd/yolo_sys/sim/yolo_sys.v
Verilog Output written to : E:/competition/2_fpga/3_yolo_zynq/proj/board_sys/yolo_a2_board_r9/yolo_a2_board_r9.gen/sources_1/bd/yolo_sys/hdl/yolo_sys_wrapper.v
# set_property top yolo_sys_wrapper [current_fileset]
# launch_runs synth_1 -jobs 8
INFO: [Vivado 12-4149] The synthesis checkpoint for IP 'E:/competition/2_fpga/3_yolo_zynq/ip/yolo_xbuf_bmg/yolo_xbuf_bmg.xci' is already up-to-date
INFO: [Vivado 12-4149] The synthesis checkpoint for IP 'E:/competition/2_fpga/3_yolo_zynq/ip/yolo_wbuf_bmg/yolo_wbuf_bmg.xci' is already up-to-date
INFO: [Vivado 12-4149] The synthesis checkpoint for IP 'E:/competition/2_fpga/3_yolo_zynq/ip/yolo_xbuf_bmg/yolo_xbuf_bmg.xci' is already up-to-date
INFO: [Vivado 12-4149] The synthesis checkpoint for IP 'E:/competition/2_fpga/3_yolo_zynq/ip/yolo_wbuf_bmg/yolo_wbuf_bmg.xci' is already up-to-date
INFO: [BD 41-1662] The design 'yolo_sys.bd' is already validated. Therefore parameter propagation will not be re-run.
Verilog Output written to : E:/competition/2_fpga/3_yolo_zynq/proj/board_sys/yolo_a2_board_r9/yolo_a2_board_r9.gen/sources_1/bd/yolo_sys/synth/yolo_sys.v
Verilog Output written to : E:/competition/2_fpga/3_yolo_zynq/proj/board_sys/yolo_a2_board_r9/yolo_a2_board_r9.gen/sources_1/bd/yolo_sys/sim/yolo_sys.v
Verilog Output written to : E:/competition/2_fpga/3_yolo_zynq/proj/board_sys/yolo_a2_board_r9/yolo_a2_board_r9.gen/sources_1/bd/yolo_sys/hdl/yolo_sys_wrapper.v
INFO: [IP_Flow 19-5611] Unable to find an associated reset port for the interface 'M_AXI_GP0'. A default connection has been created.
INFO: [IP_Flow 19-5611] Unable to find an associated reset port for the interface 'S_AXI_HP0'. A default connection has been created.
INFO: [IP_Flow 19-5611] Unable to find an associated reset port for the interface 'S_AXI_HP1'. A default connection has been created.
INFO: [BD 41-1029] Generation completed for the IP Integrator block ps7 .
INFO: [BD 41-1029] Generation completed for the IP Integrator block engine .
INFO: [BD 41-1029] Generation completed for the IP Integrator block rst_150 .
INFO: [BD 41-1029] Generation completed for the IP Integrator block lock_1 .
WARNING: [IP_Flow 19-4994] Overwriting existing constraint file 'e:/competition/2_fpga/3_yolo_zynq/proj/board_sys/yolo_a2_board_r9/yolo_a2_board_r9.gen/sources_1/bd/yolo_sys/ip/yolo_sys_ps7_axi_periph_imp_auto_pc_0/yolo_sys_ps7_axi_periph_imp_auto_pc_0_ooc.xdc'
INFO: [BD 41-1029] Generation completed for the IP Integrator block ps7_axi_periph/s00_couplers/auto_pc .
WARNING: [IP_Flow 19-4994] Overwriting existing constraint file 'e:/competition/2_fpga/3_yolo_zynq/proj/board_sys/yolo_a2_board_r9/yolo_a2_board_r9.gen/sources_1/bd/yolo_sys/ip/yolo_sys_axi_mem_intercon_imp_auto_pc_0/yolo_sys_axi_mem_intercon_imp_auto_pc_0_ooc.xdc'
INFO: [BD 41-1029] Generation completed for the IP Integrator block axi_mem_intercon/s00_couplers/auto_pc .
WARNING: [IP_Flow 19-4994] Overwriting existing constraint file 'e:/competition/2_fpga/3_yolo_zynq/proj/board_sys/yolo_a2_board_r9/yolo_a2_board_r9.gen/sources_1/bd/yolo_sys/ip/yolo_sys_axi_mem_intercon_1_imp_auto_pc_0/yolo_sys_axi_mem_intercon_1_imp_auto_pc_0_ooc.xdc'
INFO: [BD 41-1029] Generation completed for the IP Integrator block axi_mem_intercon_1/s00_couplers/auto_pc .
Exporting to file E:/competition/2_fpga/3_yolo_zynq/proj/board_sys/yolo_a2_board_r9/yolo_a2_board_r9.gen/sources_1/bd/yolo_sys/hw_handoff/yolo_sys.hwh
Generated Hardware Definition File E:/competition/2_fpga/3_yolo_zynq/proj/board_sys/yolo_a2_board_r9/yolo_a2_board_r9.gen/sources_1/bd/yolo_sys/synth/yolo_sys.hwdef
WARNING: [BD 41-2265] Clock pin for protocol instance pin m_axi could not be determined. Make sure that ASSOCIATED_BUSIF and ASSOCIATED_RESET properties are set or propagated on clock pins of block /engine
WARNING: [BD 41-2265] Clock pin for protocol instance pin s_axi could not be determined. Make sure that ASSOCIATED_BUSIF and ASSOCIATED_RESET properties are set or propagated on clock pins of block /engine
WARNING: [BD 41-2265] Clock pin for protocol instance pin x_m_axi could not be determined. Make sure that ASSOCIATED_BUSIF and ASSOCIATED_RESET properties are set or propagated on clock pins of block /engine
INFO: [BD 41-3262] Generated VHDL Instantiation Template file e:/competition/2_fpga/3_yolo_zynq/proj/board_sys/yolo_a2_board_r9/yolo_a2_board_r9.gen/sources_1/bd/yolo_sys/yolo_sys.vho
INFO: [BD 41-3262] Generated Verilog Instantiation Template file e:/competition/2_fpga/3_yolo_zynq/proj/board_sys/yolo_a2_board_r9/yolo_a2_board_r9.gen/sources_1/bd/yolo_sys/yolo_sys.veo
INFO: [BD 41-3262] Generated System Verilog Instantiation Template file e:/competition/2_fpga/3_yolo_zynq/proj/board_sys/yolo_a2_board_r9/yolo_a2_board_r9.gen/sources_1/bd/yolo_sys/yolo_sys_sv.sveo
WARNING: [Vivado 12-7122] Auto Incremental Compile:: No reference checkpoint was found in run synth_1. Auto-incremental flow will not be run, the standard flow will be run instead.
[Fri Sep 18 02:34:27 2026] Launched yolo_sys_engine_0_synth_1, yolo_sys_rst_150_0_synth_1, yolo_sys_axi_mem_intercon_imp_auto_pc_0_synth_1, yolo_sys_axi_mem_intercon_1_imp_auto_pc_0_synth_1, yolo_sys_ps7_0_synth_1, yolo_sys_ps7_axi_periph_imp_auto_pc_0_synth_1...
Run output will be captured here:
yolo_sys_engine_0_synth_1: E:/competition/2_fpga/3_yolo_zynq/proj/board_sys/yolo_a2_board_r9/yolo_a2_board_r9.runs/yolo_sys_engine_0_synth_1/runme.log
yolo_sys_rst_150_0_synth_1: E:/competition/2_fpga/3_yolo_zynq/proj/board_sys/yolo_a2_board_r9/yolo_a2_board_r9.runs/yolo_sys_rst_150_0_synth_1/runme.log
yolo_sys_axi_mem_intercon_imp_auto_pc_0_synth_1: E:/competition/2_fpga/3_yolo_zynq/proj/board_sys/yolo_a2_board_r9/yolo_a2_board_r9.runs/yolo_sys_axi_mem_intercon_imp_auto_pc_0_synth_1/runme.log
yolo_sys_axi_mem_intercon_1_imp_auto_pc_0_synth_1: E:/competition/2_fpga/3_yolo_zynq/proj/board_sys/yolo_a2_board_r9/yolo_a2_board_r9.runs/yolo_sys_axi_mem_intercon_1_imp_auto_pc_0_synth_1/runme.log
yolo_sys_ps7_0_synth_1: E:/competition/2_fpga/3_yolo_zynq/proj/board_sys/yolo_a2_board_r9/yolo_a2_board_r9.runs/yolo_sys_ps7_0_synth_1/runme.log
yolo_sys_ps7_axi_periph_imp_auto_pc_0_synth_1: E:/competition/2_fpga/3_yolo_zynq/proj/board_sys/yolo_a2_board_r9/yolo_a2_board_r9.runs/yolo_sys_ps7_axi_periph_imp_auto_pc_0_synth_1/runme.log
[Fri Sep 18 02:34:27 2026] Launched synth_1...
Run output will be captured here: E:/competition/2_fpga/3_yolo_zynq/proj/board_sys/yolo_a2_board_r9/yolo_a2_board_r9.runs/synth_1/runme.log
launch_runs: Time (s): cpu = 00:00:09 ; elapsed = 00:00:12 . Memory (MB): peak = 729.781 ; gain = 27.723
# wait_on_run synth_1
[Fri Sep 18 02:34:27 2026] Waiting for synth_1 to finish...

