Copyright 1986-2022 Xilinx, Inc. All Rights Reserved. Copyright 2022-2025 Advanced Micro Devices, Inc. All Rights Reserved.
---------------------------------------------------------------------------------------------------------------------------------------------
| Tool Version : Vivado v.2025.2 (win64) Build 6299465 Fri Nov 14 19:35:11 GMT 2025
| Date         : Fri Sep 18 19:43:48 2026
| Host         : HC-202510241838 running 64-bit major release  (build 9200)
| Command      : report_timing_summary -file E:/competition/4_metrics/logs/2026-09-18_yolo_csr_bd_run02_ackfix/timing_summary.rpt
| Design       : display_test_wrapper
| Device       : 7z020-clg484
| Speed File   : -1  PRODUCTION 1.12 2019-11-22
| Design State : Routed
---------------------------------------------------------------------------------------------------------------------------------------------

Timing Summary Report

------------------------------------------------------------------------------------------------
| Timer Settings
| --------------
------------------------------------------------------------------------------------------------

  Enable Multi Corner Analysis               :  Yes
  Enable Pessimism Removal                   :  Yes
  Pessimism Removal Resolution               :  Nearest Common Node
  Enable Input Delay Default Clock           :  No
  Enable Preset / Clear Arcs                 :  No
  Disable Flight Delays                      :  No
  Ignore I/O Paths                           :  No
  Timing Early Launch at Borrowing Latches   :  No
  Borrow Time for Max Delay Exceptions       :  Yes
  Merge Timing Exceptions                    :  Yes
  Inter-SLR Compensation                     :  Conservative

  Corner  Analyze    Analyze    
  Name    Max Paths  Min Paths  
  ------  ---------  ---------  
  Slow    Yes        Yes        
  Fast    Yes        Yes        


------------------------------------------------------------------------------------------------
| Report Methodology
| ------------------
------------------------------------------------------------------------------------------------

No report available as report_methodology has not been run prior. Run report_methodology on the current design for the summary of methodology violations.



check_timing report

Table of Contents
-----------------
1. checking no_clock (0)
2. checking constant_clock (0)
3. checking pulse_width_clock (0)
4. checking unconstrained_internal_endpoints (0)
5. checking no_input_delay (0)
6. checking no_output_delay (0)
7. checking multiple_clock (0)
8. checking generated_clocks (0)
9. checking loops (0)
10. checking partial_input_delay (0)
11. checking partial_output_delay (0)
12. checking latch_loops (0)

1. checking no_clock (0)
------------------------
 There are 0 register/latch pins with no clock.


2. checking constant_clock (0)
------------------------------
 There are 0 register/latch pins with constant_clock.


3. checking pulse_width_clock (0)
---------------------------------
 There are 0 register/latch pins which need pulse_width check


4. checking unconstrained_internal_endpoints (0)
------------------------------------------------
 There are 0 pins that are not constrained for maximum delay.

 There are 0 pins that are not constrained for maximum delay due to constant clock.


5. checking no_input_delay (0)
------------------------------
 There are 0 input ports with no input delay specified.

 There are 0 input ports with no input delay but user has a false path constraint.


6. checking no_output_delay (0)
-------------------------------
 There are 0 ports with no output delay specified.

 There are 0 ports with no output delay but user has a false path constraint

 There are 0 ports with no output delay but with a timing clock defined on it or propagating through it


7. checking multiple_clock (0)
------------------------------
 There are 0 register/latch pins with multiple clocks.


8. checking generated_clocks (0)
--------------------------------
 There are 0 generated clocks that are not connected to a clock source.


9. checking loops (0)
---------------------
 There are 0 combinational loops in the design.


10. checking partial_input_delay (0)
------------------------------------
 There are 0 input ports with partial input delay specified.


11. checking partial_output_delay (0)
-------------------------------------
 There are 0 ports with partial output delay specified.


12. checking latch_loops (0)
----------------------------
 There are 0 combinational latch loops in the design through latch input



------------------------------------------------------------------------------------------------
| Design Timing Summary
| ---------------------
------------------------------------------------------------------------------------------------

    WNS(ns)      TNS(ns)  TNS Failing Endpoints  TNS Total Endpoints      WHS(ns)      THS(ns)  THS Failing Endpoints  THS Total Endpoints     WPWS(ns)     TPWS(ns)  TPWS Failing Endpoints  TPWS Total Endpoints  
    -------      -------  ---------------------  -------------------      -------      -------  ---------------------  -------------------     --------     --------  ----------------------  --------------------  
     10.061        0.000                      0                 5075        0.047        0.000                      0                 5075        9.020        0.000                       0                  1847  


All user specified timing constraints are met.


------------------------------------------------------------------------------------------------
| Clock Summary
| -------------
------------------------------------------------------------------------------------------------

Clock       Waveform(ns)       Period(ns)      Frequency(MHz)
-----       ------------       ----------      --------------
clk_fpga_0  {0.000 10.000}     20.000          50.000          


------------------------------------------------------------------------------------------------
| Intra Clock Table
| -----------------
------------------------------------------------------------------------------------------------

Clock             WNS(ns)      TNS(ns)  TNS Failing Endpoints  TNS Total Endpoints      WHS(ns)      THS(ns)  THS Failing Endpoints  THS Total Endpoints     WPWS(ns)     TPWS(ns)  TPWS Failing Endpoints  TPWS Total Endpoints  
-----             -------      -------  ---------------------  -------------------      -------      -------  ---------------------  -------------------     --------     --------  ----------------------  --------------------  
clk_fpga_0         10.061        0.000                      0                 4631        0.047        0.000                      0                 4631        9.020        0.000                       0                  1847  


------------------------------------------------------------------------------------------------
| Inter Clock Table
| -----------------
------------------------------------------------------------------------------------------------

From Clock    To Clock          WNS(ns)      TNS(ns)  TNS Failing Endpoints  TNS Total Endpoints      WHS(ns)      THS(ns)  THS Failing Endpoints  THS Total Endpoints  
----------    --------          -------      -------  ---------------------  -------------------      -------      -------  ---------------------  -------------------  


------------------------------------------------------------------------------------------------
| Other Path Groups Table
| -----------------------
------------------------------------------------------------------------------------------------

Path Group         From Clock         To Clock               WNS(ns)      TNS(ns)  TNS Failing Endpoints  TNS Total Endpoints      WHS(ns)      THS(ns)  THS Failing Endpoints  THS Total Endpoints  
----------         ----------         --------               -------      -------  ---------------------  -------------------      -------      -------  ---------------------  -------------------  
**async_default**  clk_fpga_0         clk_fpga_0              12.190        0.000                      0                  444        1.241        0.000                      0                  444  


------------------------------------------------------------------------------------------------
| Timing Details
| --------------
------------------------------------------------------------------------------------------------


---------------------------------------------------------------------------------------------------
From Clock:  clk_fpga_0
  To Clock:  clk_fpga_0

Setup :            0  Failing Endpoints,  Worst Slack       10.061ns,  Total Violation        0.000ns
Hold  :            0  Failing Endpoints,  Worst Slack        0.047ns,  Total Violation        0.000ns
PW    :            0  Failing Endpoints,  Worst Slack        9.020ns,  Total Violation        0.000ns
---------------------------------------------------------------------------------------------------


Max Delay Paths
--------------------------------------------------------------------------------------
Slack (MET) :             10.061ns  (required time - arrival time)
  Source:                 display_test_i/u_yolo_csr/inst/u_regf/soft_reset_pulse_reg/C
                            (rising edge-triggered cell FDRE clocked by clk_fpga_0  {rise@0.000ns fall@10.000ns period=20.000ns})
  Destination:            display_test_i/u_yolo_csr/inst/u_regf/frame_cfg_o_reg[18]/R
                            (rising edge-triggered cell FDRE clocked by clk_fpga_0  {rise@0.000ns fall@10.000ns period=20.000ns})
  Path Group:             clk_fpga_0
  Path Type:              Setup (Max at Slow Process Corner)
  Requirement:            20.000ns  (clk_fpga_0 rise@20.000ns - clk_fpga_0 rise@0.000ns)
  Data Path Delay:        9.089ns  (logic 0.718ns (7.900%)  route 8.371ns (92.100%))
  Logic Levels:           1  (LUT2=1)
  Clock Path Skew:        -0.024ns (DCD - SCD + CPR)
    Destination Clock Delay (DCD):    2.659ns = ( 22.659 - 20.000 ) 
    Source Clock Delay      (SCD):    2.946ns
    Clock Pessimism Removal (CPR):    0.263ns
  Clock Uncertainty:      0.302ns  ((TSJ^2 + TIJ^2)^1/2 + DJ) / 2 + PE
    Total System Jitter     (TSJ):    0.071ns
    Total Input Jitter      (TIJ):    0.600ns
    Discrete Jitter          (DJ):    0.000ns
    Phase Error              (PE):    0.000ns

    Location             Delay type                Incr(ns)  Path(ns)    Netlist Resource(s)
  -------------------------------------------------------------------    -------------------
                         (clock clk_fpga_0 rise edge)
                                                      0.000     0.000 r  
    PS7_X0Y0             PS7                          0.000     0.000 r  display_test_i/processing_system7_0/inst/PS7_i/FCLKCLK[0]
                         net (fo=1, routed)           1.193     1.193    display_test_i/processing_system7_0/inst/FCLK_CLK0
    BUFGCTRL_X0Y16       BUFG (Prop_bufg_I_O)         0.101     1.294 r  display_test_i/processing_system7_0/inst/FCLK_CLK0_BUFG_inst/O
                         net (fo=1847, routed)        1.652     2.946    display_test_i/u_yolo_csr/inst/u_regf/s_axi_aclk
    SLICE_X39Y95         FDRE                                         r  display_test_i/u_yolo_csr/inst/u_regf/soft_reset_pulse_reg/C
  -------------------------------------------------------------------    -------------------
    SLICE_X39Y95         FDRE (Prop_fdre_C_Q)         0.419     3.365 r  display_test_i/u_yolo_csr/inst/u_regf/soft_reset_pulse_reg/Q
                         net (fo=134, routed)         2.251     5.616    display_test_i/u_yolo_csr/inst/u_regf/ctrl_sreset
    SLICE_X53Y90         LUT2 (Prop_lut2_I0_O)        0.299     5.915 r  display_test_i/u_yolo_csr/inst/u_regf/error_status_q[9]_i_1/O
                         net (fo=620, routed)         6.120    12.035    display_test_i/u_yolo_csr/inst/u_regf/enable_q0
    SLICE_X38Y99         FDRE                                         r  display_test_i/u_yolo_csr/inst/u_regf/frame_cfg_o_reg[18]/R
  -------------------------------------------------------------------    -------------------

                         (clock clk_fpga_0 rise edge)
                                                     20.000    20.000 r  
    PS7_X0Y0             PS7                          0.000    20.000 r  display_test_i/processing_system7_0/inst/PS7_i/FCLKCLK[0]
                         net (fo=1, routed)           1.088    21.088    display_test_i/processing_system7_0/inst/FCLK_CLK0
    BUFGCTRL_X0Y16       BUFG (Prop_bufg_I_O)         0.091    21.179 r  display_test_i/processing_system7_0/inst/FCLK_CLK0_BUFG_inst/O
                         net (fo=1847, routed)        1.480    22.659    display_test_i/u_yolo_csr/inst/u_regf/s_axi_aclk
    SLICE_X38Y99         FDRE                                         r  display_test_i/u_yolo_csr/inst/u_regf/frame_cfg_o_reg[18]/C
                         clock pessimism              0.263    22.922    
                         clock uncertainty           -0.302    22.620    
    SLICE_X38Y99         FDRE (Setup_fdre_C_R)       -0.524    22.096    display_test_i/u_yolo_csr/inst/u_regf/frame_cfg_o_reg[18]
  -------------------------------------------------------------------
                         required time                         22.096    
                         arrival time                         -12.035    
  -------------------------------------------------------------------
                         slack                                 10.061    





Min Delay Paths
--------------------------------------------------------------------------------------
Slack (MET) :             0.047ns  (arrival time - required time)
  Source:                 display_test_i/u_yolo_csr/inst/u_regf/head_format_o_reg[11]/C
                            (rising edge-triggered cell FDRE clocked by clk_fpga_0  {rise@0.000ns fall@10.000ns period=20.000ns})
  Destination:            display_test_i/u_yolo_csr/inst/u_ring/prof_q_reg[3]/D
                            (rising edge-triggered cell FDCE clocked by clk_fpga_0  {rise@0.000ns fall@10.000ns period=20.000ns})
  Path Group:             clk_fpga_0
  Path Type:              Hold (Min at Fast Process Corner)
  Requirement:            0.000ns  (clk_fpga_0 rise@0.000ns - clk_fpga_0 rise@0.000ns)
  Data Path Delay:        0.391ns  (logic 0.164ns (41.985%)  route 0.227ns (58.015%))
  Logic Levels:           0  
  Clock Path Skew:        0.267ns (DCD - SCD - CPR)
    Destination Clock Delay (DCD):    1.190ns
    Source Clock Delay      (SCD):    0.888ns
    Clock Pessimism Removal (CPR):    0.035ns

    Location             Delay type                Incr(ns)  Path(ns)    Netlist Resource(s)
  -------------------------------------------------------------------    -------------------
                         (clock clk_fpga_0 rise edge)
                                                      0.000     0.000 r  
    PS7_X0Y0             PS7                          0.000     0.000 r  display_test_i/processing_system7_0/inst/PS7_i/FCLKCLK[0]
                         net (fo=1, routed)           0.310     0.310    display_test_i/processing_system7_0/inst/FCLK_CLK0
    BUFGCTRL_X0Y16       BUFG (Prop_bufg_I_O)         0.026     0.336 r  display_test_i/processing_system7_0/inst/FCLK_CLK0_BUFG_inst/O
                         net (fo=1847, routed)        0.552     0.888    display_test_i/u_yolo_csr/inst/u_regf/s_axi_aclk
    SLICE_X50Y96         FDRE                                         r  display_test_i/u_yolo_csr/inst/u_regf/head_format_o_reg[11]/C
  -------------------------------------------------------------------    -------------------
    SLICE_X50Y96         FDRE (Prop_fdre_C_Q)         0.164     1.052 r  display_test_i/u_yolo_csr/inst/u_regf/head_format_o_reg[11]/Q
                         net (fo=2, routed)           0.227     1.278    display_test_i/u_yolo_csr/inst/u_ring/smask_q_reg[7]_0[3]
    SLICE_X48Y94         FDCE                                         r  display_test_i/u_yolo_csr/inst/u_ring/prof_q_reg[3]/D
  -------------------------------------------------------------------    -------------------

                         (clock clk_fpga_0 rise edge)
                                                      0.000     0.000 r  
    PS7_X0Y0             PS7                          0.000     0.000 r  display_test_i/processing_system7_0/inst/PS7_i/FCLKCLK[0]
                         net (fo=1, routed)           0.337     0.337    display_test_i/processing_system7_0/inst/FCLK_CLK0
    BUFGCTRL_X0Y16       BUFG (Prop_bufg_I_O)         0.029     0.366 r  display_test_i/processing_system7_0/inst/FCLK_CLK0_BUFG_inst/O
                         net (fo=1847, routed)        0.824     1.190    display_test_i/u_yolo_csr/inst/u_ring/s_axi_aclk
    SLICE_X48Y94         FDCE                                         r  display_test_i/u_yolo_csr/inst/u_ring/prof_q_reg[3]/C
                         clock pessimism             -0.035     1.155    
    SLICE_X48Y94         FDCE (Hold_fdce_C_D)         0.076     1.231    display_test_i/u_yolo_csr/inst/u_ring/prof_q_reg[3]
  -------------------------------------------------------------------
                         required time                         -1.231    
                         arrival time                           1.278    
  -------------------------------------------------------------------
                         slack                                  0.047    





Pulse Width Checks
--------------------------------------------------------------------------------------
Clock Name:         clk_fpga_0
Waveform(ns):       { 0.000 10.000 }
Period(ns):         20.000
Sources:            { display_test_i/processing_system7_0/inst/PS7_i/FCLKCLK[0] }

Check Type        Corner  Lib Pin             Reference Pin  Required(ns)  Actual(ns)  Slack(ns)  Location      Pin
Min Period        n/a     RAMB36E1/CLKARDCLK  n/a            2.576         20.000      17.424     RAMB36_X2Y18  display_test_i/u_yolo_csr/inst/u_buf_tbl/u_bram/U0/inst_blk_mem_gen/gnbram.gnativebmg.native_blk_mem_gen/valid.cstr/ramloop[0].ram.r/prim_noinit.ram/DEVICE_7SERIES.NO_BMM_INFO.TRUE_DP.SIMPLE_PRIM36.ram/CLKARDCLK
Low Pulse Width   Slow    SRLC32E/CLK         n/a            0.980         10.000      9.020      SLICE_X34Y91  display_test_i/axi_ic0/s00_couplers/auto_pc/inst/gen_axilite.gen_b2s_conv.axilite_b2s/RD.r_channel_0/rd_data_fifo_0/memory_reg[31][0]_srl32/CLK
High Pulse Width  Slow    SRLC32E/CLK         n/a            0.980         10.000      9.020      SLICE_X34Y91  display_test_i/axi_ic0/s00_couplers/auto_pc/inst/gen_axilite.gen_b2s_conv.axilite_b2s/RD.r_channel_0/rd_data_fifo_0/memory_reg[31][0]_srl32/CLK



---------------------------------------------------------------------------------------------------
Path Group:  **async_default**
From Clock:  clk_fpga_0
  To Clock:  clk_fpga_0

Setup :            0  Failing Endpoints,  Worst Slack       12.190ns,  Total Violation        0.000ns
Hold  :            0  Failing Endpoints,  Worst Slack        1.241ns,  Total Violation        0.000ns
---------------------------------------------------------------------------------------------------


Max Delay Paths
--------------------------------------------------------------------------------------
Slack (MET) :             12.190ns  (required time - arrival time)
  Source:                 display_test_i/rst_sys/U0/ACTIVE_LOW_PR_OUT_DFF[0].FDRE_PER_N/C
                            (rising edge-triggered cell FDRE clocked by clk_fpga_0  {rise@0.000ns fall@10.000ns period=20.000ns})
  Destination:            display_test_i/u_yolo_csr/inst/u_ring/base_q_reg[0]/CLR
                            (recovery check against rising-edge clock clk_fpga_0  {rise@0.000ns fall@10.000ns period=20.000ns})
  Path Group:             **async_default**
  Path Type:              Recovery (Max at Slow Process Corner)
  Requirement:            20.000ns  (clk_fpga_0 rise@20.000ns - clk_fpga_0 rise@0.000ns)
  Data Path Delay:        6.880ns  (logic 0.642ns (9.332%)  route 6.238ns (90.668%))
  Logic Levels:           1  (LUT1=1)
  Clock Path Skew:        -0.223ns (DCD - SCD + CPR)
    Destination Clock Delay (DCD):    2.654ns = ( 22.654 - 20.000 ) 
    Source Clock Delay      (SCD):    3.006ns
    Clock Pessimism Removal (CPR):    0.129ns
  Clock Uncertainty:      0.302ns  ((TSJ^2 + TIJ^2)^1/2 + DJ) / 2 + PE
    Total System Jitter     (TSJ):    0.071ns
    Total Input Jitter      (TIJ):    0.600ns
    Discrete Jitter          (DJ):    0.000ns
    Phase Error              (PE):    0.000ns

    Location             Delay type                Incr(ns)  Path(ns)    Netlist Resource(s)
  -------------------------------------------------------------------    -------------------
                         (clock clk_fpga_0 rise edge)
                                                      0.000     0.000 r  
    PS7_X0Y0             PS7                          0.000     0.000 r  display_test_i/processing_system7_0/inst/PS7_i/FCLKCLK[0]
                         net (fo=1, routed)           1.193     1.193    display_test_i/processing_system7_0/inst/FCLK_CLK0
    BUFGCTRL_X0Y16       BUFG (Prop_bufg_I_O)         0.101     1.294 r  display_test_i/processing_system7_0/inst/FCLK_CLK0_BUFG_inst/O
                         net (fo=1847, routed)        1.712     3.006    display_test_i/rst_sys/U0/slowest_sync_clk
    SLICE_X54Y99         FDRE                                         r  display_test_i/rst_sys/U0/ACTIVE_LOW_PR_OUT_DFF[0].FDRE_PER_N/C
  -------------------------------------------------------------------    -------------------
    SLICE_X54Y99         FDRE (Prop_fdre_C_Q)         0.518     3.524 r  display_test_i/rst_sys/U0/ACTIVE_LOW_PR_OUT_DFF[0].FDRE_PER_N/Q
                         net (fo=17, routed)          1.512     5.036    display_test_i/u_yolo_csr/inst/u_ring/s_axi_aresetn
    SLICE_X39Y99         LUT1 (Prop_lut1_I0_O)        0.124     5.160 f  display_test_i/u_yolo_csr/inst/u_ring/s_axi_rdata[31]_i_1/O
                         net (fo=579, routed)         4.726     9.886    display_test_i/u_yolo_csr/inst/u_ring/SR[0]
    SLICE_X37Y87         FDCE                                         f  display_test_i/u_yolo_csr/inst/u_ring/base_q_reg[0]/CLR
  -------------------------------------------------------------------    -------------------

                         (clock clk_fpga_0 rise edge)
                                                     20.000    20.000 r  
    PS7_X0Y0             PS7                          0.000    20.000 r  display_test_i/processing_system7_0/inst/PS7_i/FCLKCLK[0]
                         net (fo=1, routed)           1.088    21.088    display_test_i/processing_system7_0/inst/FCLK_CLK0
    BUFGCTRL_X0Y16       BUFG (Prop_bufg_I_O)         0.091    21.179 r  display_test_i/processing_system7_0/inst/FCLK_CLK0_BUFG_inst/O
                         net (fo=1847, routed)        1.475    22.654    display_test_i/u_yolo_csr/inst/u_ring/s_axi_aclk
    SLICE_X37Y87         FDCE                                         r  display_test_i/u_yolo_csr/inst/u_ring/base_q_reg[0]/C
                         clock pessimism              0.129    22.783    
                         clock uncertainty           -0.302    22.481    
    SLICE_X37Y87         FDCE (Recov_fdce_C_CLR)     -0.405    22.076    display_test_i/u_yolo_csr/inst/u_ring/base_q_reg[0]
  -------------------------------------------------------------------
                         required time                         22.076    
                         arrival time                          -9.886    
  -------------------------------------------------------------------
                         slack                                 12.190    





Min Delay Paths
--------------------------------------------------------------------------------------
Slack (MET) :             1.241ns  (arrival time - required time)
  Source:                 display_test_i/rst_sys/U0/ACTIVE_LOW_PR_OUT_DFF[0].FDRE_PER_N/C
                            (rising edge-triggered cell FDRE clocked by clk_fpga_0  {rise@0.000ns fall@10.000ns period=20.000ns})
  Destination:            display_test_i/u_yolo_csr/inst/u_ring/FSM_onehot_state_reg[1]/CLR
                            (removal check against rising-edge clock clk_fpga_0  {rise@0.000ns fall@10.000ns period=20.000ns})
  Path Group:             **async_default**
  Path Type:              Removal (Min at Fast Process Corner)
  Requirement:            0.000ns  (clk_fpga_0 rise@0.000ns - clk_fpga_0 rise@0.000ns)
  Data Path Delay:        1.417ns  (logic 0.209ns (14.752%)  route 1.208ns (85.248%))
  Logic Levels:           1  (LUT1=1)
  Clock Path Skew:        0.242ns (DCD - SCD - CPR)
    Destination Clock Delay (DCD):    1.190ns
    Source Clock Delay      (SCD):    0.913ns
    Clock Pessimism Removal (CPR):    0.035ns

    Location             Delay type                Incr(ns)  Path(ns)    Netlist Resource(s)
  -------------------------------------------------------------------    -------------------
                         (clock clk_fpga_0 rise edge)
                                                      0.000     0.000 r  
    PS7_X0Y0             PS7                          0.000     0.000 r  display_test_i/processing_system7_0/inst/PS7_i/FCLKCLK[0]
                         net (fo=1, routed)           0.310     0.310    display_test_i/processing_system7_0/inst/FCLK_CLK0
    BUFGCTRL_X0Y16       BUFG (Prop_bufg_I_O)         0.026     0.336 r  display_test_i/processing_system7_0/inst/FCLK_CLK0_BUFG_inst/O
                         net (fo=1847, routed)        0.577     0.913    display_test_i/rst_sys/U0/slowest_sync_clk
    SLICE_X54Y99         FDRE                                         r  display_test_i/rst_sys/U0/ACTIVE_LOW_PR_OUT_DFF[0].FDRE_PER_N/C
  -------------------------------------------------------------------    -------------------
    SLICE_X54Y99         FDRE (Prop_fdre_C_Q)         0.164     1.077 r  display_test_i/rst_sys/U0/ACTIVE_LOW_PR_OUT_DFF[0].FDRE_PER_N/Q
                         net (fo=17, routed)          0.642     1.719    display_test_i/u_yolo_csr/inst/u_ring/s_axi_aresetn
    SLICE_X39Y99         LUT1 (Prop_lut1_I0_O)        0.045     1.764 f  display_test_i/u_yolo_csr/inst/u_ring/s_axi_rdata[31]_i_1/O
                         net (fo=579, routed)         0.566     2.329    display_test_i/u_yolo_csr/inst/u_ring/SR[0]
    SLICE_X38Y93         FDCE                                         f  display_test_i/u_yolo_csr/inst/u_ring/FSM_onehot_state_reg[1]/CLR
  -------------------------------------------------------------------    -------------------

                         (clock clk_fpga_0 rise edge)
                                                      0.000     0.000 r  
    PS7_X0Y0             PS7                          0.000     0.000 r  display_test_i/processing_system7_0/inst/PS7_i/FCLKCLK[0]
                         net (fo=1, routed)           0.337     0.337    display_test_i/processing_system7_0/inst/FCLK_CLK0
    BUFGCTRL_X0Y16       BUFG (Prop_bufg_I_O)         0.029     0.366 r  display_test_i/processing_system7_0/inst/FCLK_CLK0_BUFG_inst/O
                         net (fo=1847, routed)        0.824     1.190    display_test_i/u_yolo_csr/inst/u_ring/s_axi_aclk
    SLICE_X38Y93         FDCE                                         r  display_test_i/u_yolo_csr/inst/u_ring/FSM_onehot_state_reg[1]/C
                         clock pessimism             -0.035     1.155    
    SLICE_X38Y93         FDCE (Remov_fdce_C_CLR)     -0.067     1.088    display_test_i/u_yolo_csr/inst/u_ring/FSM_onehot_state_reg[1]
  -------------------------------------------------------------------
                         required time                         -1.088    
                         arrival time                           2.329    
  -------------------------------------------------------------------
                         slack                                  1.241    





