93 INFO: PyInstaller: 6.22.2, contrib hooks: 2026.7
93 INFO: Python: 3.12.10
112 INFO: Platform: Windows-11-10.0.26200-SP0
112 INFO: Python environment: E:\competition\4_metrics\logs\2026-09-12_ble_console_v11_run01\venv
113 INFO: wrote E:\competition\4_metrics\logs\2026-09-12_ble_console_v11_run01\spec\EES331_BLE_Console.spec
115 INFO: Removing temporary files and cleaning cache in C:\Users\Administrator\AppData\Local\pyinstaller
86 WARNING: Failed to collect submodules for 'bleak.backends.corebluetooth' because importing 'bleak.backends.corebluetooth' raised: ModuleNotFoundError: No module named 'objc'
389 INFO: Module search paths (PYTHONPATH):
['E:\\competition\\3_host\\ble_console',
 'C:\\Users\\Administrator\\AppData\\Local\\Programs\\Python\\Python312\\python312.zip',
 'C:\\Users\\Administrator\\AppData\\Local\\Programs\\Python\\Python312\\DLLs',
 'C:\\Users\\Administrator\\AppData\\Local\\Programs\\Python\\Python312\\Lib',
 'C:\\Users\\Administrator\\AppData\\Local\\Programs\\Python\\Python312',
 'E:\\competition\\4_metrics\\logs\\2026-09-12_ble_console_v11_run01\\venv',
 'E:\\competition\\4_metrics\\logs\\2026-09-12_ble_console_v11_run01\\venv\\Lib\\site-packages',
 'E:\\competition\\3_host\\ble_console']
586 INFO: Appending 'datas' from .spec
587 INFO: checking Analysis
587 INFO: Building Analysis because Analysis-00.toc is non existent
587 INFO: Looking for Python shared library...
587 INFO: Using Python shared library: C:\Users\Administrator\AppData\Local\Programs\Python\Python312\python312.dll
587 INFO: Running Analysis Analysis-00.toc
587 INFO: Target bytecode optimization level: 0
587 INFO: Initializing module dependency graph...
590 INFO: Initializing module graph hook caches...
596 INFO: Analyzing modules for base_library.zip ...
1283 INFO: Processing standard module hook 'hook-heapq.py' from 'E:\\competition\\4_metrics\\logs\\2026-09-12_ble_console_v11_run01\\venv\\Lib\\site-packages\\PyInstaller\\hooks'
1336 INFO: Processing standard module hook 'hook-encodings.py' from 'E:\\competition\\4_metrics\\logs\\2026-09-12_ble_console_v11_run01\\venv\\Lib\\site-packages\\PyInstaller\\hooks'
2078 INFO: Processing standard module hook 'hook-math.py' from 'E:\\competition\\4_metrics\\logs\\2026-09-12_ble_console_v11_run01\\venv\\Lib\\site-packages\\PyInstaller\\hooks'
2190 INFO: Processing standard module hook 'hook-pickle.py' from 'E:\\competition\\4_metrics\\logs\\2026-09-12_ble_console_v11_run01\\venv\\Lib\\site-packages\\PyInstaller\\hooks'
3077 INFO: Caching module dependency graph...
3097 INFO: Analyzing E:\competition\3_host\ble_console\app.py
3136 INFO: Processing pre-find-module-path hook 'hook-tkinter.py' from 'E:\\competition\\4_metrics\\logs\\2026-09-12_ble_console_v11_run01\\venv\\Lib\\site-packages\\PyInstaller\\hooks\\pre_find_module_path'
3136 INFO: TclTkInfo: initializing cached Tcl/Tk info...
3378 INFO: Processing standard module hook 'hook-_tkinter.py' from 'E:\\competition\\4_metrics\\logs\\2026-09-12_ble_console_v11_run01\\venv\\Lib\\site-packages\\PyInstaller\\hooks'
3503 INFO: Processing standard module hook 'hook-multiprocessing.util.py' from 'E:\\competition\\4_metrics\\logs\\2026-09-12_ble_console_v11_run01\\venv\\Lib\\site-packages\\PyInstaller\\hooks'
3590 INFO: Processing standard module hook 'hook-xml.py' from 'E:\\competition\\4_metrics\\logs\\2026-09-12_ble_console_v11_run01\\venv\\Lib\\site-packages\\PyInstaller\\hooks'
3727 INFO: Processing standard module hook 'hook-_ctypes.py' from 'E:\\competition\\4_metrics\\logs\\2026-09-12_ble_console_v11_run01\\venv\\Lib\\site-packages\\PyInstaller\\hooks'
3928 INFO: Processing standard module hook 'hook-bleak.py' from 'E:\\competition\\4_metrics\\logs\\2026-09-12_ble_console_v11_run01\\venv\\Lib\\site-packages\\_pyinstaller_hooks_contrib\\stdhooks'
3955 INFO: Processing standard module hook 'hook-platform.py' from 'E:\\competition\\4_metrics\\logs\\2026-09-12_ble_console_v11_run01\\venv\\Lib\\site-packages\\PyInstaller\\hooks'
3958 INFO: Processing pre-safe-import-module hook 'hook-typing_extensions.py' from 'E:\\competition\\4_metrics\\logs\\2026-09-12_ble_console_v11_run01\\venv\\Lib\\site-packages\\PyInstaller\\hooks\\pre_safe_import_module'
3959 INFO: SetuptoolsInfo: initializing cached setuptools info...
4589 INFO: Analyzing hidden import 'bleak.backends._manufacturers'
4612 INFO: Processing module hooks (post-graph stage)...
4742 INFO: Processing standard module hook 'hook-_tkinter.py' from 'E:\\competition\\4_metrics\\logs\\2026-09-12_ble_console_v11_run01\\venv\\Lib\\site-packages\\PyInstaller\\hooks'
4750 INFO: Performing binary vs. data reclassification (980 entries)
5016 INFO: Looking for ctypes DLLs
5024 INFO: Analyzing run-time hooks ...
5025 INFO: Including run-time hook 'pyi_rth_inspect.py' from 'E:\\competition\\4_metrics\\logs\\2026-09-12_ble_console_v11_run01\\venv\\Lib\\site-packages\\PyInstaller\\hooks\\rthooks'
5027 INFO: Including run-time hook 'pyi_rth_pkgutil.py' from 'E:\\competition\\4_metrics\\logs\\2026-09-12_ble_console_v11_run01\\venv\\Lib\\site-packages\\PyInstaller\\hooks\\rthooks'
5028 INFO: Including run-time hook 'pyi_rth_multiprocessing.py' from 'E:\\competition\\4_metrics\\logs\\2026-09-12_ble_console_v11_run01\\venv\\Lib\\site-packages\\PyInstaller\\hooks\\rthooks'
5029 INFO: Including run-time hook 'pyi_rth__tkinter.py' from 'E:\\competition\\4_metrics\\logs\\2026-09-12_ble_console_v11_run01\\venv\\Lib\\site-packages\\PyInstaller\\hooks\\rthooks'
5049 INFO: Creating base_library.zip...
5061 INFO: Looking for dynamic libraries
5244 INFO: Extra DLL search directories (AddDllDirectory): []
5244 INFO: Extra DLL search directories (PATH): []
5655 INFO: Warnings written to E:\competition\4_metrics\logs\2026-09-12_ble_console_v11_run01\pyinstaller_work\EES331_BLE_Console\warn-EES331_BLE_Console.txt
5669 INFO: Graph cross-reference written to E:\competition\4_metrics\logs\2026-09-12_ble_console_v11_run01\pyinstaller_work\EES331_BLE_Console\xref-EES331_BLE_Console.html
5690 INFO: checking PYZ
5690 INFO: Building PYZ because PYZ-00.toc is non existent
5690 INFO: Building PYZ (ZlibArchive) E:\competition\4_metrics\logs\2026-09-12_ble_console_v11_run01\pyinstaller_work\EES331_BLE_Console\PYZ-00.pyz
5861 INFO: Building PYZ (ZlibArchive) E:\competition\4_metrics\logs\2026-09-12_ble_console_v11_run01\pyinstaller_work\EES331_BLE_Console\PYZ-00.pyz completed successfully.
5866 INFO: checking PKG
5866 INFO: Building PKG because PKG-00.toc is non existent
5866 INFO: Building PKG (CArchive) EES331_BLE_Console.pkg
5887 INFO: Building PKG (CArchive) EES331_BLE_Console.pkg completed successfully.
5888 INFO: Bootloader E:\competition\4_metrics\logs\2026-09-12_ble_console_v11_run01\venv\Lib\site-packages\PyInstaller\bootloader\Windows-64bit-intel\runw.exe
5888 INFO: checking EXE
5888 INFO: Building EXE because EXE-00.toc is non existent
5888 INFO: Building EXE from EXE-00.toc
5888 INFO: Copying bootloader EXE to E:\competition\4_metrics\logs\2026-09-12_ble_console_v11_run01\pyinstaller_work\EES331_BLE_Console\EES331_BLE_Console.exe
5890 INFO: Copying icon to EXE
5891 INFO: Copying 0 resources to EXE
5891 INFO: Embedding manifest in EXE
5893 INFO: Appending PKG archive to EXE
5894 INFO: Fixing EXE headers
5928 INFO: Building EXE from EXE-00.toc completed successfully.
5935 INFO: checking COLLECT
5935 INFO: Building COLLECT because COLLECT-00.toc is non existent
5935 INFO: Building COLLECT COLLECT-00.toc
6564 INFO: Building COLLECT COLLECT-00.toc completed successfully.
6575 INFO: Build complete! The results are available in: E:\competition\4_metrics\logs\2026-09-12_ble_console_v11_run01\dist
