# vsim +STIM=../stim/m10 +WDT_MS=1800000 -do {run -all; quit -f} -l eng_run01_full.log -c -novopt work_eng.tb_yolo_engine_top 
# //  ModelSim SE-64 10.1c Jul 28 2012 
# //
# //  Copyright 1991-2012 Mentor Graphics Corporation
# //  All Rights Reserved.
# //
# //  THIS WORK CONTAINS TRADE SECRET AND PROPRIETARY INFORMATION
# //  WHICH IS THE PROPERTY OF MENTOR GRAPHICS CORPORATION OR ITS
# //  LICENSORS AND IS SUBJECT TO LICENSE TERMS.
# //
# Loading work_eng.tb_yolo_engine_top
# Loading work_eng.yolo_engine_top
# Loading work_eng.yolo_csr
# Loading work_eng.yolo_gemm_array
# Loading work_eng.yolo_ctrl
# Loading work_eng.yolo_dma
# Loading work_eng.yolo_addrgen
# Loading work_eng.yolo_wbuf
# Loading work_eng.yolo_xbuf
# Loading work_eng.yolo_acc
# Loading work_eng.yolo_requant
# Loading work_eng.yolo_silu_lut
# Loading work_eng.yolo_dma_wr
# Loading work_eng.yolo_conv_core
# Loading work_eng.yolo_pe_pack
# run -all 
# [tb] engine stim=../stim/m10 layers=6 img_words=65621 total_out=438447
# [tb] layer 0 done @t=35890000 (oc=7 n=49 k=27)
# [tb] heartbeat t=10000000000 cur_layer=1 ywr=175535
# [tb] heartbeat t=20000000000 cur_layer=1 ywr=351575
# [tb] layer 1 done @t=23315890000 (oc=16 n=25600 k=27)
# [tb] layer 2 done @t=23711470000 (oc=16 n=25 k=576)
# [tb] layer 3 done @t=24142720000 (oc=9 n=256 k=64)
# [tb] heartbeat t=30000000000 cur_layer=4 ywr=420455
# [tb] heartbeat t=40000000000 cur_layer=4 ywr=433959
# [tb] layer 4 done @t=43181830000 (oc=64 n=400 k=576)
# [tb] layer 5 done @t=43957590000 (oc=8 n=25 k=2304)
# TB_CSR_ENGINE_PASS layers=6 compared=438447 dut_wr=438447 gold_wr=3247 ldone=6 adone=1 csr=0
# ** Note: $finish    : ../tb_yolo_engine_top.v(975)
#    Time: 47802270 ns  Iteration: 1  Instance: /tb_yolo_engine_top
