Vivado Simulator v2025.2
Copyright 1986-2022 Xilinx, Inc. All Rights Reserved.
Copyright 2022-2025 Advanced Micro Devices, Inc. All Rights Reserved.
Running: F:/vivado2025/2025.2/Vivado/bin/unwrapped/win64.o/xelab.exe tb_yolo_fullnet glbl -s snap_m11 -L blk_mem_gen_v8_4_12 -L unisim -L unisims_ver -timescale 1ns/1ps 
Multi-threading is on. Using 10 slave threads.
Starting static elaboration
Pass Through NonSizing Optimizer
WARNING: [VRFC 10-3091] actual bit length 8 differs from formal bit length 16 for port 'wea' [E:/competition/2_fpga/3_yolo_zynq/rtl/yolo_xbuf.v:109]
WARNING: [VRFC 10-3091] actual bit length 64 differs from formal bit length 128 for port 'dina' [E:/competition/2_fpga/3_yolo_zynq/rtl/yolo_xbuf.v:111]
WARNING: [VRFC 10-3091] actual bit length 64 differs from formal bit length 128 for port 'doutb' [E:/competition/2_fpga/3_yolo_zynq/rtl/yolo_xbuf.v:115]
WARNING: [VRFC 10-3091] actual bit length 8 differs from formal bit length 16 for port 'wea' [E:/competition/2_fpga/3_yolo_zynq/rtl/yolo_xbuf.v:120]
WARNING: [VRFC 10-3091] actual bit length 64 differs from formal bit length 128 for port 'dina' [E:/competition/2_fpga/3_yolo_zynq/rtl/yolo_xbuf.v:122]
WARNING: [VRFC 10-3091] actual bit length 64 differs from formal bit length 128 for port 'doutb' [E:/competition/2_fpga/3_yolo_zynq/rtl/yolo_xbuf.v:126]
Completed static elaboration
Starting simulation data flow analysis
WARNING: [XSIM 43-3980] File "E:/competition/2_fpga/3_yolo_zynq/sim/tb_yolo_fullnet.v" Line 308 : The SystemVerilog feature ": Sensitivity on Associative Array" is not supported yet for simulation.
Completed simulation data flow analysis
Time Resolution for simulation is 1ps
Compiling module work.yolo_ctrl(OC_EDGE=8,N_EDGE=8)
Compiling module work.yolo_dma
Compiling module work.yolo_addrgen
Compiling module work.yolo_wbuf(N_ROWS=8,ROW_AW=3)
Compiling module blk_mem_gen_v8_4_12.blk_mem_gen_v8_4_12_output_stage...
Compiling module blk_mem_gen_v8_4_12.blk_mem_gen_v8_4_12_softecc_outp...
Compiling module blk_mem_gen_v8_4_12.blk_mem_gen_v8_4_12_mem_module(C...
Compiling module blk_mem_gen_v8_4_12.blk_mem_gen_v8_4_12(C_FAMILY="zy...
Compiling module work.yolo_xbuf_bmg
Compiling module work.yolo_xbuf(N_COLS=8,COL_AW=3)
Compiling module unisims_ver.DSP48E1(ACASCREG=0,ADREG=0,AREG=...
Compiling module work.yolo_pe_pack_default
Compiling module work.yolo_acc(N_LANES=64)
Compiling module work.yolo_requant
Compiling module work.yolo_silu_lut_default
Compiling module work.yolo_dma_wr
Compiling module work.yolo_gemm_array_default
Compiling module work.tb_yolo_fullnet
Compiling module work.glbl
Built simulation snapshot snap_m11
