#-----------------------------------------------------------
# xsim v2025.2 (64-bit)
# SW Build 6299465 on Fri Nov 14 19:35:11 GMT 2025
# IP Build 6300035 on Fri Nov 14 10:48:45 MST 2025
# SharedData Build 6298862 on Thu Nov 13 04:50:51 MST 2025
# Start of session at: Wed Sep 16 17:54:38 2026
# Process ID         : 12692
# Current directory  : E:/competition/2_fpga/3_yolo_zynq/sim/xsim
# Command line       : xsim.exe -log m8_v13_xsim.log -mode tcl -source {xsim.dir/snap_m8_v13/xsim_script.tcl}
# Log file           : E:/competition/2_fpga/3_yolo_zynq/sim/xsim/m8_v13_xsim.log
# Journal file       : E:/competition/2_fpga/3_yolo_zynq/sim/xsim\xsim.jou
# Running On         : HC-202510241838
# Platform           : Windows Server 2016 or Windows 10
# Operating System   : 26200
# Processor Detail   : AMD Ryzen 5 9600X 6-Core Processor             
# CPU Frequency      : 3893 MHz
# CPU Physical cores : 6
# CPU Logical cores  : 12
# Host memory        : 33410 MB
# Swap memory        : 21474 MB
# Total Virtual      : 54884 MB
# Available Virtual  : 20100 MB
#-----------------------------------------------------------
source xsim.dir/snap_m8_v13/xsim_script.tcl
# xsim {snap_m8_v13} -autoloadwcfg -runall
Time resolution is 1 ps
run -all
[tb] ctrl stim=../stim/ctrl cycles=706403
WARNING:  The value -129542144.000000 ns of Delay Control Statement is negative. Considering twos complement. File:E:/competition/2_fpga/3_yolo_zynq/sim/tb_yolo_ctrl.v :223
TB_CTRL_PASS compared=706403 cycles (15 outputs/cycle) ldone=23 alldone=1
$finish called at time : 7064060 ns : File "E:/competition/2_fpga/3_yolo_zynq/sim/tb_yolo_ctrl.v" Line 219
exit
INFO: [Common 17-206] Exiting xsim at Wed Sep 16 17:54:42 2026...
