Copyright 1986-2022 Xilinx, Inc. All Rights Reserved. Copyright 2022-2025 Advanced Micro Devices, Inc. All Rights Reserved.
---------------------------------------------------------------------------------------------------------------------------------------------
| Tool Version : Vivado v.2025.2 (win64) Build 6299465 Fri Nov 14 19:35:11 GMT 2025
| Date         : Wed Sep 16 18:11:47 2026
| Host         : HC-202510241838 running 64-bit major release  (build 9200)
| Command      : report_timing_summary -file E:/competition/2_fpga/3_yolo_zynq/proj/ooc_gate/ooc_v13_timing.rpt
| Design       : yolo_engine_top
| Device       : 7z020-clg484
| Speed File   : -1  PRODUCTION 1.12 2019-11-22
| Design State : Routed
---------------------------------------------------------------------------------------------------------------------------------------------

Timing Summary Report

------------------------------------------------------------------------------------------------
| Timer Settings
| --------------
------------------------------------------------------------------------------------------------

  Enable Multi Corner Analysis               :  Yes
  Enable Pessimism Removal                   :  Yes
  Pessimism Removal Resolution               :  Nearest Common Node
  Enable Input Delay Default Clock           :  No
  Enable Preset / Clear Arcs                 :  No
  Disable Flight Delays                      :  No
  Ignore I/O Paths                           :  No
  Timing Early Launch at Borrowing Latches   :  No
  Borrow Time for Max Delay Exceptions       :  Yes
  Merge Timing Exceptions                    :  Yes
  Inter-SLR Compensation                     :  Conservative

  Corner  Analyze    Analyze    
  Name    Max Paths  Min Paths  
  ------  ---------  ---------  
  Slow    Yes        Yes        
  Fast    Yes        Yes        


------------------------------------------------------------------------------------------------
| Report Methodology
| ------------------
------------------------------------------------------------------------------------------------

No report available as report_methodology has not been run prior. Run report_methodology on the current design for the summary of methodology violations.



check_timing report

Table of Contents
-----------------
1. checking no_clock (0)
2. checking constant_clock (0)
3. checking pulse_width_clock (0)
4. checking unconstrained_internal_endpoints (0)
5. checking no_input_delay (147)
6. checking no_output_delay (224)
7. checking multiple_clock (0)
8. checking generated_clocks (0)
9. checking loops (0)
10. checking partial_input_delay (0)
11. checking partial_output_delay (0)
12. checking latch_loops (0)

1. checking no_clock (0)
------------------------
 There are 0 register/latch pins with no clock.


2. checking constant_clock (0)
------------------------------
 There are 0 register/latch pins with constant_clock.


3. checking pulse_width_clock (0)
---------------------------------
 There are 0 register/latch pins which need pulse_width check


4. checking unconstrained_internal_endpoints (0)
------------------------------------------------
 There are 0 pins that are not constrained for maximum delay.

 There are 0 pins that are not constrained for maximum delay due to constant clock.


5. checking no_input_delay (147)
--------------------------------
 There are 147 input ports with no input delay specified. (HIGH)

 There are 0 input ports with no input delay but user has a false path constraint.


6. checking no_output_delay (224)
---------------------------------
 There are 224 ports with no output delay specified. (HIGH)

 There are 0 ports with no output delay but user has a false path constraint

 There are 0 ports with no output delay but with a timing clock defined on it or propagating through it


7. checking multiple_clock (0)
------------------------------
 There are 0 register/latch pins with multiple clocks.


8. checking generated_clocks (0)
--------------------------------
 There are 0 generated clocks that are not connected to a clock source.


9. checking loops (0)
---------------------
 There are 0 combinational loops in the design.


10. checking partial_input_delay (0)
------------------------------------
 There are 0 input ports with partial input delay specified.


11. checking partial_output_delay (0)
-------------------------------------
 There are 0 ports with partial output delay specified.


12. checking latch_loops (0)
----------------------------
 There are 0 combinational latch loops in the design through latch input



------------------------------------------------------------------------------------------------
| Design Timing Summary
| ---------------------
------------------------------------------------------------------------------------------------

    WNS(ns)      TNS(ns)  TNS Failing Endpoints  TNS Total Endpoints      WHS(ns)      THS(ns)  THS Failing Endpoints  THS Total Endpoints     WPWS(ns)     TPWS(ns)  TPWS Failing Endpoints  TPWS Total Endpoints  
    -------      -------  ---------------------  -------------------      -------      -------  ---------------------  -------------------     --------     --------  ----------------------  --------------------  
    -31.017   -72955.383                  15359                28703        0.117        0.000                      0                28703        2.083        0.000                       0                 13891  


Timing constraints are not met.


------------------------------------------------------------------------------------------------
| Clock Summary
| -------------
------------------------------------------------------------------------------------------------

Clock  Waveform(ns)         Period(ns)      Frequency(MHz)
-----  ------------         ----------      --------------
clk_i  {0.000 3.333}        6.667           149.993         


------------------------------------------------------------------------------------------------
| Intra Clock Table
| -----------------
------------------------------------------------------------------------------------------------

Clock             WNS(ns)      TNS(ns)  TNS Failing Endpoints  TNS Total Endpoints      WHS(ns)      THS(ns)  THS Failing Endpoints  THS Total Endpoints     WPWS(ns)     TPWS(ns)  TPWS Failing Endpoints  TPWS Total Endpoints  
-----             -------      -------  ---------------------  -------------------      -------      -------  ---------------------  -------------------     --------     --------  ----------------------  --------------------  
clk_i             -31.017   -72955.383                  15359                28703        0.117        0.000                      0                28703        2.083        0.000                       0                 13891  


------------------------------------------------------------------------------------------------
| Inter Clock Table
| -----------------
------------------------------------------------------------------------------------------------

From Clock    To Clock          WNS(ns)      TNS(ns)  TNS Failing Endpoints  TNS Total Endpoints      WHS(ns)      THS(ns)  THS Failing Endpoints  THS Total Endpoints  
----------    --------          -------      -------  ---------------------  -------------------      -------      -------  ---------------------  -------------------  


------------------------------------------------------------------------------------------------
| Other Path Groups Table
| -----------------------
------------------------------------------------------------------------------------------------

Path Group    From Clock    To Clock          WNS(ns)      TNS(ns)  TNS Failing Endpoints  TNS Total Endpoints      WHS(ns)      THS(ns)  THS Failing Endpoints  THS Total Endpoints  
----------    ----------    --------          -------      -------  ---------------------  -------------------      -------      -------  ---------------------  -------------------  


------------------------------------------------------------------------------------------------
| Timing Details
| --------------
------------------------------------------------------------------------------------------------


---------------------------------------------------------------------------------------------------
From Clock:  clk_i
  To Clock:  clk_i

Setup :        15359  Failing Endpoints,  Worst Slack      -31.017ns,  Total Violation   -72955.379ns
Hold  :            0  Failing Endpoints,  Worst Slack        0.117ns,  Total Violation        0.000ns
PW    :            0  Failing Endpoints,  Worst Slack        2.083ns,  Total Violation        0.000ns
---------------------------------------------------------------------------------------------------


Max Delay Paths
--------------------------------------------------------------------------------------
Slack (VIOLATED) :        -31.017ns  (required time - arrival time)
  Source:                 u_array/cfg_ow_r_reg[0]/C
                            (rising edge-triggered cell FDCE clocked by clk_i  {rise@0.000ns fall@3.333ns period=6.667ns})
  Destination:            u_array/u_addrgen/ox_r_reg[15]/D
                            (rising edge-triggered cell FDCE clocked by clk_i  {rise@0.000ns fall@3.333ns period=6.667ns})
  Path Group:             clk_i
  Path Type:              Setup (Max at Slow Process Corner)
  Requirement:            6.667ns  (clk_i rise@6.667ns - clk_i rise@0.000ns)
  Data Path Delay:        37.681ns  (logic 22.687ns (60.207%)  route 14.994ns (39.793%))
  Logic Levels:           95  (CARRY4=76 LUT2=4 LUT3=10 LUT6=5)
  Clock Path Skew:        -0.049ns (DCD - SCD + CPR)
    Destination Clock Delay (DCD):    0.924ns = ( 7.591 - 6.667 ) 
    Source Clock Delay      (SCD):    0.973ns
    Clock Pessimism Removal (CPR):    0.000ns
  Clock Uncertainty:      0.035ns  ((TSJ^2 + TIJ^2)^1/2 + DJ) / 2 + PE
    Total System Jitter     (TSJ):    0.071ns
    Total Input Jitter      (TIJ):    0.000ns
    Discrete Jitter          (DJ):    0.000ns
    Phase Error              (PE):    0.000ns

    Location             Delay type                Incr(ns)  Path(ns)    Netlist Resource(s)
  -------------------------------------------------------------------    -------------------
                         (clock clk_i rise edge)      0.000     0.000 r  
                                                      0.000     0.000 r  clk_i (IN)
                         net (fo=13890, unset)        0.973     0.973    u_array/clk_i
    SLICE_X88Y101        FDCE                                         r  u_array/cfg_ow_r_reg[0]/C
  -------------------------------------------------------------------    -------------------
    SLICE_X88Y101        FDCE (Prop_fdce_C_Q)         0.456     1.429 r  u_array/cfg_ow_r_reg[0]/Q
                         net (fo=13, routed)          0.471     1.900    u_array/u_addrgen/Q[0]
    SLICE_X89Y101        LUT2 (Prop_lut2_I0_O)        0.124     2.024 r  u_array/u_addrgen/oy_r[8]_i_105/O
                         net (fo=1, routed)           0.000     2.024    u_array/u_addrgen/oy_r[8]_i_105_n_0
    SLICE_X89Y101        CARRY4 (Prop_carry4_S[0]_CO[3])
                                                      0.532     2.556 r  u_array/u_addrgen/oy_r_reg[8]_i_88/CO[3]
                         net (fo=1, routed)           0.000     2.556    u_array/u_addrgen/oy_r_reg[8]_i_88_n_0
    SLICE_X89Y102        CARRY4 (Prop_carry4_CI_CO[3])
                                                      0.114     2.670 r  u_array/u_addrgen/ox_r_reg[15]_i_309/CO[3]
                         net (fo=1, routed)           0.000     2.670    u_array/u_addrgen/ox_r_reg[15]_i_309_n_0
    SLICE_X89Y103        CARRY4 (Prop_carry4_CI_CO[3])
                                                      0.114     2.784 r  u_array/u_addrgen/ox_r_reg[15]_i_304/CO[3]
                         net (fo=1, routed)           0.000     2.784    u_array/u_addrgen/ox_r_reg[15]_i_304_n_0
    SLICE_X89Y104        CARRY4 (Prop_carry4_CI_CO[3])
                                                      0.114     2.898 r  u_array/u_addrgen/ox_r_reg[15]_i_301/CO[3]
                         net (fo=1, routed)           0.000     2.898    u_array/u_addrgen/ox_r_reg[15]_i_301_n_0
    SLICE_X89Y105        CARRY4 (Prop_carry4_CI_CO[0])
                                                      0.271     3.169 r  u_array/u_addrgen/ox_r_reg[15]_i_300/CO[0]
                         net (fo=19, routed)          0.746     3.916    u_array/u_addrgen/ox_r_reg[15]_i_300_n_3
    SLICE_X88Y102        CARRY4 (Prop_carry4_CYINIT_CO[3])
                                                      0.829     4.745 r  u_array/u_addrgen/ox_r_reg[15]_i_292/CO[3]
                         net (fo=1, routed)           0.000     4.745    u_array/u_addrgen/ox_r_reg[15]_i_292_n_0
    SLICE_X88Y103        CARRY4 (Prop_carry4_CI_CO[3])
                                                      0.114     4.859 r  u_array/u_addrgen/ox_r_reg[15]_i_287/CO[3]
                         net (fo=1, routed)           0.000     4.859    u_array/u_addrgen/ox_r_reg[15]_i_287_n_0
    SLICE_X88Y104        CARRY4 (Prop_carry4_CI_CO[3])
                                                      0.114     4.973 r  u_array/u_addrgen/ox_r_reg[15]_i_282/CO[3]
                         net (fo=1, routed)           0.000     4.973    u_array/u_addrgen/ox_r_reg[15]_i_282_n_0
    SLICE_X88Y105        CARRY4 (Prop_carry4_CI_CO[3])
                                                      0.114     5.087 r  u_array/u_addrgen/ox_r_reg[15]_i_279/CO[3]
                         net (fo=1, routed)           0.000     5.087    u_array/u_addrgen/ox_r_reg[15]_i_279_n_0
    SLICE_X88Y106        CARRY4 (Prop_carry4_CI_CO[1])
                                                      0.157     5.244 r  u_array/u_addrgen/ox_r_reg[15]_i_278/CO[1]
                         net (fo=19, routed)          0.822     6.066    u_array/u_addrgen/ox_r_reg[15]_i_278_n_2
    SLICE_X87Y104        LUT3 (Prop_lut3_I0_O)        0.329     6.395 r  u_array/u_addrgen/ox_r[15]_i_299/O
                         net (fo=1, routed)           0.000     6.395    u_array/u_addrgen/ox_r[15]_i_299_n_0
    SLICE_X87Y104        CARRY4 (Prop_carry4_S[1]_CO[3])
                                                      0.550     6.945 r  u_array/u_addrgen/ox_r_reg[15]_i_270/CO[3]
                         net (fo=1, routed)           0.000     6.945    u_array/u_addrgen/ox_r_reg[15]_i_270_n_0
    SLICE_X87Y105        CARRY4 (Prop_carry4_CI_CO[3])
                                                      0.114     7.059 r  u_array/u_addrgen/ox_r_reg[15]_i_265/CO[3]
                         net (fo=1, routed)           0.000     7.059    u_array/u_addrgen/ox_r_reg[15]_i_265_n_0
    SLICE_X87Y106        CARRY4 (Prop_carry4_CI_CO[3])
                                                      0.114     7.173 r  u_array/u_addrgen/ox_r_reg[15]_i_260/CO[3]
                         net (fo=1, routed)           0.000     7.173    u_array/u_addrgen/ox_r_reg[15]_i_260_n_0
    SLICE_X87Y107        CARRY4 (Prop_carry4_CI_CO[3])
                                                      0.114     7.287 r  u_array/u_addrgen/ox_r_reg[15]_i_257/CO[3]
                         net (fo=1, routed)           0.000     7.287    u_array/u_addrgen/ox_r_reg[15]_i_257_n_0
    SLICE_X87Y108        CARRY4 (Prop_carry4_CI_CO[1])
                                                      0.157     7.444 r  u_array/u_addrgen/ox_r_reg[15]_i_256/CO[1]
                         net (fo=19, routed)          0.797     8.241    u_array/u_addrgen/ox_r_reg[15]_i_256_n_2
    SLICE_X86Y104        LUT3 (Prop_lut3_I0_O)        0.329     8.570 r  u_array/u_addrgen/ox_r[15]_i_277/O
                         net (fo=1, routed)           0.000     8.570    u_array/u_addrgen/ox_r[15]_i_277_n_0
    SLICE_X86Y104        CARRY4 (Prop_carry4_S[1]_CO[3])
                                                      0.533     9.103 r  u_array/u_addrgen/ox_r_reg[15]_i_248/CO[3]
                         net (fo=1, routed)           0.000     9.103    u_array/u_addrgen/ox_r_reg[15]_i_248_n_0
    SLICE_X86Y105        CARRY4 (Prop_carry4_CI_CO[3])
                                                      0.117     9.220 r  u_array/u_addrgen/ox_r_reg[15]_i_243/CO[3]
                         net (fo=1, routed)           0.000     9.220    u_array/u_addrgen/ox_r_reg[15]_i_243_n_0
    SLICE_X86Y106        CARRY4 (Prop_carry4_CI_CO[3])
                                                      0.117     9.337 r  u_array/u_addrgen/ox_r_reg[15]_i_238/CO[3]
                         net (fo=1, routed)           0.000     9.337    u_array/u_addrgen/ox_r_reg[15]_i_238_n_0
    SLICE_X86Y107        CARRY4 (Prop_carry4_CI_CO[3])
                                                      0.117     9.454 r  u_array/u_addrgen/ox_r_reg[15]_i_235/CO[3]
                         net (fo=1, routed)           0.000     9.454    u_array/u_addrgen/ox_r_reg[15]_i_235_n_0
    SLICE_X86Y108        CARRY4 (Prop_carry4_CI_CO[1])
                                                      0.157     9.611 r  u_array/u_addrgen/ox_r_reg[15]_i_234/CO[1]
                         net (fo=19, routed)          0.916    10.527    u_array/u_addrgen/ox_r_reg[15]_i_234_n_2
    SLICE_X92Y105        LUT3 (Prop_lut3_I0_O)        0.332    10.859 r  u_array/u_addrgen/ox_r[15]_i_255/O
                         net (fo=1, routed)           0.000    10.859    u_array/u_addrgen/ox_r[15]_i_255_n_0
    SLICE_X92Y105        CARRY4 (Prop_carry4_S[1]_CO[3])
                                                      0.533    11.392 r  u_array/u_addrgen/ox_r_reg[15]_i_226/CO[3]
                         net (fo=1, routed)           0.000    11.392    u_array/u_addrgen/ox_r_reg[15]_i_226_n_0
    SLICE_X92Y106        CARRY4 (Prop_carry4_CI_CO[3])
                                                      0.117    11.509 r  u_array/u_addrgen/ox_r_reg[15]_i_221/CO[3]
                         net (fo=1, routed)           0.000    11.509    u_array/u_addrgen/ox_r_reg[15]_i_221_n_0
    SLICE_X92Y107        CARRY4 (Prop_carry4_CI_CO[3])
                                                      0.117    11.626 r  u_array/u_addrgen/ox_r_reg[15]_i_216/CO[3]
                         net (fo=1, routed)           0.000    11.626    u_array/u_addrgen/ox_r_reg[15]_i_216_n_0
    SLICE_X92Y108        CARRY4 (Prop_carry4_CI_CO[3])
                                                      0.117    11.743 r  u_array/u_addrgen/ox_r_reg[15]_i_213/CO[3]
                         net (fo=1, routed)           0.000    11.743    u_array/u_addrgen/ox_r_reg[15]_i_213_n_0
    SLICE_X92Y109        CARRY4 (Prop_carry4_CI_CO[1])
                                                      0.157    11.900 r  u_array/u_addrgen/ox_r_reg[15]_i_212/CO[1]
                         net (fo=19, routed)          0.706    12.606    u_array/u_addrgen/ox_r_reg[15]_i_212_n_2
    SLICE_X91Y106        LUT3 (Prop_lut3_I0_O)        0.332    12.938 r  u_array/u_addrgen/ox_r[15]_i_233/O
                         net (fo=1, routed)           0.000    12.938    u_array/u_addrgen/ox_r[15]_i_233_n_0
    SLICE_X91Y106        CARRY4 (Prop_carry4_S[1]_CO[3])
                                                      0.550    13.488 r  u_array/u_addrgen/ox_r_reg[15]_i_204/CO[3]
                         net (fo=1, routed)           0.000    13.488    u_array/u_addrgen/ox_r_reg[15]_i_204_n_0
    SLICE_X91Y107        CARRY4 (Prop_carry4_CI_CO[3])
                                                      0.114    13.602 r  u_array/u_addrgen/ox_r_reg[15]_i_199/CO[3]
                         net (fo=1, routed)           0.000    13.602    u_array/u_addrgen/ox_r_reg[15]_i_199_n_0
    SLICE_X91Y108        CARRY4 (Prop_carry4_CI_CO[3])
                                                      0.114    13.716 r  u_array/u_addrgen/ox_r_reg[15]_i_194/CO[3]
                         net (fo=1, routed)           0.000    13.716    u_array/u_addrgen/ox_r_reg[15]_i_194_n_0
    SLICE_X91Y109        CARRY4 (Prop_carry4_CI_CO[3])
                                                      0.114    13.830 r  u_array/u_addrgen/ox_r_reg[15]_i_191/CO[3]
                         net (fo=1, routed)           0.000    13.830    u_array/u_addrgen/ox_r_reg[15]_i_191_n_0
    SLICE_X91Y110        CARRY4 (Prop_carry4_CI_CO[1])
                                                      0.157    13.987 r  u_array/u_addrgen/ox_r_reg[15]_i_190/CO[1]
                         net (fo=19, routed)          0.706    14.692    u_array/u_addrgen/ox_r_reg[15]_i_190_n_2
    SLICE_X90Y106        LUT3 (Prop_lut3_I0_O)        0.329    15.021 r  u_array/u_addrgen/ox_r[15]_i_211/O
                         net (fo=1, routed)           0.000    15.021    u_array/u_addrgen/ox_r[15]_i_211_n_0
    SLICE_X90Y106        CARRY4 (Prop_carry4_S[1]_CO[3])
                                                      0.533    15.554 r  u_array/u_addrgen/ox_r_reg[15]_i_182/CO[3]
                         net (fo=1, routed)           0.000    15.554    u_array/u_addrgen/ox_r_reg[15]_i_182_n_0
    SLICE_X90Y107        CARRY4 (Prop_carry4_CI_CO[3])
                                                      0.117    15.671 r  u_array/u_addrgen/ox_r_reg[15]_i_177/CO[3]
                         net (fo=1, routed)           0.000    15.671    u_array/u_addrgen/ox_r_reg[15]_i_177_n_0
    SLICE_X90Y108        CARRY4 (Prop_carry4_CI_CO[3])
                                                      0.117    15.788 r  u_array/u_addrgen/ox_r_reg[15]_i_172/CO[3]
                         net (fo=1, routed)           0.000    15.788    u_array/u_addrgen/ox_r_reg[15]_i_172_n_0
    SLICE_X90Y109        CARRY4 (Prop_carry4_CI_CO[3])
                                                      0.117    15.905 r  u_array/u_addrgen/ox_r_reg[15]_i_169/CO[3]
                         net (fo=1, routed)           0.000    15.905    u_array/u_addrgen/ox_r_reg[15]_i_169_n_0
    SLICE_X90Y110        CARRY4 (Prop_carry4_CI_CO[1])
                                                      0.157    16.062 r  u_array/u_addrgen/ox_r_reg[15]_i_168/CO[1]
                         net (fo=19, routed)          0.805    16.868    u_array/u_addrgen/ox_r_reg[15]_i_168_n_2
    SLICE_X89Y106        LUT3 (Prop_lut3_I0_O)        0.332    17.200 r  u_array/u_addrgen/ox_r[15]_i_189/O
                         net (fo=1, routed)           0.000    17.200    u_array/u_addrgen/ox_r[15]_i_189_n_0
    SLICE_X89Y106        CARRY4 (Prop_carry4_S[1]_CO[3])
                                                      0.550    17.750 r  u_array/u_addrgen/ox_r_reg[15]_i_160/CO[3]
                         net (fo=1, routed)           0.000    17.750    u_array/u_addrgen/ox_r_reg[15]_i_160_n_0
    SLICE_X89Y107        CARRY4 (Prop_carry4_CI_CO[3])
                                                      0.114    17.864 r  u_array/u_addrgen/ox_r_reg[15]_i_155/CO[3]
                         net (fo=1, routed)           0.000    17.864    u_array/u_addrgen/ox_r_reg[15]_i_155_n_0
    SLICE_X89Y108        CARRY4 (Prop_carry4_CI_CO[3])
                                                      0.114    17.978 r  u_array/u_addrgen/ox_r_reg[15]_i_150/CO[3]
                         net (fo=1, routed)           0.000    17.978    u_array/u_addrgen/ox_r_reg[15]_i_150_n_0
    SLICE_X89Y109        CARRY4 (Prop_carry4_CI_CO[3])
                                                      0.114    18.092 r  u_array/u_addrgen/ox_r_reg[15]_i_147/CO[3]
                         net (fo=1, routed)           0.000    18.092    u_array/u_addrgen/ox_r_reg[15]_i_147_n_0
    SLICE_X89Y110        CARRY4 (Prop_carry4_CI_CO[1])
                                                      0.157    18.249 r  u_array/u_addrgen/ox_r_reg[15]_i_146/CO[1]
                         net (fo=19, routed)          0.622    18.870    u_array/u_addrgen/ox_r_reg[15]_i_146_n_2
    SLICE_X88Y108        LUT3 (Prop_lut3_I0_O)        0.329    19.199 r  u_array/u_addrgen/ox_r[15]_i_167/O
                         net (fo=1, routed)           0.000    19.199    u_array/u_addrgen/ox_r[15]_i_167_n_0
    SLICE_X88Y108        CARRY4 (Prop_carry4_S[1]_CO[3])
                                                      0.550    19.749 r  u_array/u_addrgen/ox_r_reg[15]_i_138/CO[3]
                         net (fo=1, routed)           0.000    19.749    u_array/u_addrgen/ox_r_reg[15]_i_138_n_0
    SLICE_X88Y109        CARRY4 (Prop_carry4_CI_CO[3])
                                                      0.114    19.863 r  u_array/u_addrgen/ox_r_reg[15]_i_133/CO[3]
                         net (fo=1, routed)           0.000    19.863    u_array/u_addrgen/ox_r_reg[15]_i_133_n_0
    SLICE_X88Y110        CARRY4 (Prop_carry4_CI_CO[3])
                                                      0.114    19.977 r  u_array/u_addrgen/ox_r_reg[15]_i_128/CO[3]
                         net (fo=1, routed)           0.000    19.977    u_array/u_addrgen/ox_r_reg[15]_i_128_n_0
    SLICE_X88Y111        CARRY4 (Prop_carry4_CI_CO[3])
                                                      0.114    20.091 r  u_array/u_addrgen/ox_r_reg[15]_i_125/CO[3]
                         net (fo=1, routed)           0.000    20.091    u_array/u_addrgen/ox_r_reg[15]_i_125_n_0
    SLICE_X88Y112        CARRY4 (Prop_carry4_CI_CO[1])
                                                      0.157    20.248 r  u_array/u_addrgen/ox_r_reg[15]_i_124/CO[1]
                         net (fo=19, routed)          0.880    21.128    u_array/u_addrgen/ox_r_reg[15]_i_124_n_2
    SLICE_X83Y108        LUT3 (Prop_lut3_I0_O)        0.329    21.457 r  u_array/u_addrgen/ox_r[15]_i_145/O
                         net (fo=1, routed)           0.000    21.457    u_array/u_addrgen/ox_r[15]_i_145_n_0
    SLICE_X83Y108        CARRY4 (Prop_carry4_S[1]_CO[3])
                                                      0.550    22.007 r  u_array/u_addrgen/ox_r_reg[15]_i_116/CO[3]
                         net (fo=1, routed)           0.000    22.007    u_array/u_addrgen/ox_r_reg[15]_i_116_n_0
    SLICE_X83Y109        CARRY4 (Prop_carry4_CI_CO[3])
                                                      0.114    22.121 r  u_array/u_addrgen/ox_r_reg[15]_i_111/CO[3]
                         net (fo=1, routed)           0.000    22.121    u_array/u_addrgen/ox_r_reg[15]_i_111_n_0
    SLICE_X83Y110        CARRY4 (Prop_carry4_CI_CO[3])
                                                      0.114    22.235 r  u_array/u_addrgen/ox_r_reg[15]_i_106/CO[3]
                         net (fo=1, routed)           0.000    22.235    u_array/u_addrgen/ox_r_reg[15]_i_106_n_0
    SLICE_X83Y111        CARRY4 (Prop_carry4_CI_CO[3])
                                                      0.114    22.349 r  u_array/u_addrgen/ox_r_reg[15]_i_103/CO[3]
                         net (fo=1, routed)           0.000    22.349    u_array/u_addrgen/ox_r_reg[15]_i_103_n_0
    SLICE_X83Y112        CARRY4 (Prop_carry4_CI_CO[1])
                                                      0.157    22.506 r  u_array/u_addrgen/ox_r_reg[15]_i_102/CO[1]
                         net (fo=19, routed)          0.848    23.355    u_array/u_addrgen/ox_r_reg[15]_i_102_n_2
    SLICE_X86Y109        CARRY4 (Prop_carry4_CYINIT_CO[3])
                                                      0.800    24.155 r  u_array/u_addrgen/ox_r_reg[15]_i_94/CO[3]
                         net (fo=1, routed)           0.000    24.155    u_array/u_addrgen/ox_r_reg[15]_i_94_n_0
    SLICE_X86Y110        CARRY4 (Prop_carry4_CI_CO[3])
                                                      0.117    24.272 r  u_array/u_addrgen/ox_r_reg[15]_i_89/CO[3]
                         net (fo=1, routed)           0.000    24.272    u_array/u_addrgen/ox_r_reg[15]_i_89_n_0
    SLICE_X86Y111        CARRY4 (Prop_carry4_CI_CO[3])
                                                      0.117    24.389 r  u_array/u_addrgen/ox_r_reg[15]_i_84/CO[3]
                         net (fo=1, routed)           0.000    24.389    u_array/u_addrgen/ox_r_reg[15]_i_84_n_0
    SLICE_X86Y112        CARRY4 (Prop_carry4_CI_CO[3])
                                                      0.117    24.506 r  u_array/u_addrgen/ox_r_reg[15]_i_81/CO[3]
                         net (fo=1, routed)           0.000    24.506    u_array/u_addrgen/ox_r_reg[15]_i_81_n_0
    SLICE_X86Y113        CARRY4 (Prop_carry4_CI_CO[1])
                                                      0.157    24.663 r  u_array/u_addrgen/ox_r_reg[15]_i_80/CO[1]
                         net (fo=19, routed)          0.841    25.504    u_array/u_addrgen/ox_r_reg[15]_i_80_n_2
    SLICE_X85Y108        LUT3 (Prop_lut3_I0_O)        0.332    25.836 r  u_array/u_addrgen/ox_r[15]_i_101/O
                         net (fo=1, routed)           0.000    25.836    u_array/u_addrgen/ox_r[15]_i_101_n_0
    SLICE_X85Y108        CARRY4 (Prop_carry4_S[1]_CO[3])
                                                      0.550    26.386 r  u_array/u_addrgen/ox_r_reg[15]_i_75/CO[3]
                         net (fo=1, routed)           0.000    26.386    u_array/u_addrgen/ox_r_reg[15]_i_75_n_0
    SLICE_X85Y109        CARRY4 (Prop_carry4_CI_CO[3])
                                                      0.114    26.500 r  u_array/u_addrgen/ox_r_reg[15]_i_70/CO[3]
                         net (fo=1, routed)           0.000    26.500    u_array/u_addrgen/ox_r_reg[15]_i_70_n_0
    SLICE_X85Y110        CARRY4 (Prop_carry4_CI_CO[3])
                                                      0.114    26.614 r  u_array/u_addrgen/ox_r_reg[15]_i_65/CO[3]
                         net (fo=1, routed)           0.000    26.614    u_array/u_addrgen/ox_r_reg[15]_i_65_n_0
    SLICE_X85Y111        CARRY4 (Prop_carry4_CI_CO[3])
                                                      0.114    26.728 r  u_array/u_addrgen/ox_r_reg[15]_i_62/CO[3]
                         net (fo=1, routed)           0.000    26.728    u_array/u_addrgen/ox_r_reg[15]_i_62_n_0
    SLICE_X85Y112        CARRY4 (Prop_carry4_CI_CO[1])
                                                      0.157    26.885 r  u_array/u_addrgen/ox_r_reg[15]_i_61/CO[1]
                         net (fo=20, routed)          0.806    27.691    u_array/u_addrgen/ox_r_reg[15]_i_61_n_2
    SLICE_X84Y111        LUT3 (Prop_lut3_I0_O)        0.329    28.020 r  u_array/u_addrgen/ox_r[15]_i_78/O
                         net (fo=1, routed)           0.000    28.020    u_array/u_addrgen/ox_r[15]_i_78_n_0
    SLICE_X84Y111        CARRY4 (Prop_carry4_S[1]_CO[3])
                                                      0.550    28.570 r  u_array/u_addrgen/ox_r_reg[15]_i_48/CO[3]
                         net (fo=1, routed)           0.000    28.570    u_array/u_addrgen/ox_r_reg[15]_i_48_n_0
    SLICE_X84Y112        CARRY4 (Prop_carry4_CI_CO[3])
                                                      0.114    28.684 r  u_array/u_addrgen/ox_r_reg[15]_i_43/CO[3]
                         net (fo=1, routed)           0.000    28.684    u_array/u_addrgen/ox_r_reg[15]_i_43_n_0
    SLICE_X84Y113        CARRY4 (Prop_carry4_CI_CO[3])
                                                      0.114    28.798 r  u_array/u_addrgen/ox_r_reg[15]_i_40/CO[3]
                         net (fo=1, routed)           0.000    28.798    u_array/u_addrgen/ox_r_reg[15]_i_40_n_0
    SLICE_X84Y114        CARRY4 (Prop_carry4_CI_CO[1])
                                                      0.157    28.955 r  u_array/u_addrgen/ox_r_reg[15]_i_39/CO[1]
                         net (fo=20, routed)          0.828    29.782    u_array/u_addrgen/ox_r_reg[15]_i_39_n_2
    SLICE_X87Y112        LUT2 (Prop_lut2_I1_O)        0.329    30.111 r  u_array/u_addrgen/ox_r[10]_i_18/O
                         net (fo=1, routed)           0.000    30.111    u_array/u_addrgen/ox_r[10]_i_18_n_0
    SLICE_X87Y112        CARRY4 (Prop_carry4_S[1]_CO[3])
                                                      0.550    30.661 r  u_array/u_addrgen/ox_r_reg[10]_i_10/CO[3]
                         net (fo=1, routed)           0.000    30.661    u_array/u_addrgen/ox_r_reg[10]_i_10_n_0
    SLICE_X87Y113        CARRY4 (Prop_carry4_CI_CO[3])
                                                      0.114    30.775 r  u_array/u_addrgen/ox_r_reg[14]_i_9/CO[3]
                         net (fo=1, routed)           0.000    30.775    u_array/u_addrgen/ox_r_reg[14]_i_9_n_0
    SLICE_X87Y114        CARRY4 (Prop_carry4_CI_CO[3])
                                                      0.114    30.889 r  u_array/u_addrgen/ox_r_reg[15]_i_25/CO[3]
                         net (fo=1, routed)           0.000    30.889    u_array/u_addrgen/ox_r_reg[15]_i_25_n_0
    SLICE_X87Y115        CARRY4 (Prop_carry4_CI_CO[3])
                                                      0.114    31.003 r  u_array/u_addrgen/ox_r_reg[15]_i_22/CO[3]
                         net (fo=1, routed)           0.000    31.003    u_array/u_addrgen/ox_r_reg[15]_i_22_n_0
    SLICE_X87Y116        CARRY4 (Prop_carry4_CI_CO[1])
                                                      0.157    31.160 r  u_array/u_addrgen/ox_r_reg[15]_i_21/CO[1]
                         net (fo=20, routed)          0.689    31.849    u_array/u_addrgen/ox_r_reg[15]_i_21_n_2
    SLICE_X85Y116        LUT2 (Prop_lut2_I1_O)        0.329    32.178 r  u_array/u_addrgen/ox_r[6]_i_12/O
                         net (fo=1, routed)           0.000    32.178    u_array/u_addrgen/ox_r[6]_i_12_n_0
    SLICE_X85Y116        CARRY4 (Prop_carry4_S[1]_CO[3])
                                                      0.550    32.728 r  u_array/u_addrgen/ox_r_reg[6]_i_4/CO[3]
                         net (fo=1, routed)           0.000    32.728    u_array/u_addrgen/ox_r_reg[6]_i_4_n_0
    SLICE_X85Y117        CARRY4 (Prop_carry4_CI_CO[3])
                                                      0.114    32.842 r  u_array/u_addrgen/ox_r_reg[10]_i_5/CO[3]
                         net (fo=1, routed)           0.000    32.842    u_array/u_addrgen/ox_r_reg[10]_i_5_n_0
    SLICE_X85Y118        CARRY4 (Prop_carry4_CI_CO[3])
                                                      0.114    32.956 r  u_array/u_addrgen/ox_r_reg[14]_i_4/CO[3]
                         net (fo=1, routed)           0.000    32.956    u_array/u_addrgen/ox_r_reg[14]_i_4_n_0
    SLICE_X85Y119        CARRY4 (Prop_carry4_CI_CO[3])
                                                      0.114    33.070 r  u_array/u_addrgen/ox_r_reg[15]_i_12/CO[3]
                         net (fo=1, routed)           0.000    33.070    u_array/u_addrgen/ox_r_reg[15]_i_12_n_0
    SLICE_X85Y120        CARRY4 (Prop_carry4_CI_CO[1])
                                                      0.157    33.227 r  u_array/u_addrgen/ox_r_reg[15]_i_11/CO[1]
                         net (fo=20, routed)          0.846    34.073    u_array/u_addrgen/ox_r_reg[15]_i_11_n_2
    SLICE_X88Y116        LUT2 (Prop_lut2_I1_O)        0.329    34.402 r  u_array/u_addrgen/ox_r[2]_i_7/O
                         net (fo=1, routed)           0.000    34.402    u_array/u_addrgen/ox_r[2]_i_7_n_0
    SLICE_X88Y116        CARRY4 (Prop_carry4_S[1]_CO[3])
                                                      0.550    34.952 r  u_array/u_addrgen/ox_r_reg[2]_i_2/CO[3]
                         net (fo=1, routed)           0.000    34.952    u_array/u_addrgen/ox_r_reg[2]_i_2_n_0
    SLICE_X88Y117        CARRY4 (Prop_carry4_CI_O[2])
                                                      0.239    35.191 f  u_array/u_addrgen/ox_r_reg[6]_i_2/O[2]
                         net (fo=8, routed)           0.766    35.957    u_array/u_addrgen/ox_r_reg[6]_i_2_n_5
    SLICE_X87Y118        LUT6 (Prop_lut6_I3_O)        0.302    36.259 f  u_array/u_addrgen/ox_r[12]_i_5/O
                         net (fo=8, routed)           0.625    36.884    u_array/u_addrgen/ox_r[12]_i_5_n_0
    SLICE_X87Y117        LUT6 (Prop_lut6_I3_O)        0.124    37.008 f  u_array/u_addrgen/ox_r[13]_i_5/O
                         net (fo=1, routed)           0.669    37.677    u_array/u_addrgen/ox_r[13]_i_5_n_0
    SLICE_X86Y119        LUT6 (Prop_lut6_I3_O)        0.124    37.801 r  u_array/u_addrgen/ox_r[13]_i_3/O
                         net (fo=3, routed)           0.443    38.245    u_array/u_addrgen/ox_r[13]_i_3_n_0
    SLICE_X86Y120        LUT6 (Prop_lut6_I5_O)        0.124    38.369 r  u_array/u_addrgen/ox_r[15]_i_6/O
                         net (fo=1, routed)           0.162    38.530    u_array/u_addrgen/ox_r[15]_i_6_n_0
    SLICE_X86Y120        LUT6 (Prop_lut6_I5_O)        0.124    38.654 r  u_array/u_addrgen/ox_r[15]_i_2/O
                         net (fo=1, routed)           0.000    38.654    u_array/u_addrgen/ox_r[15]_i_2_n_0
    SLICE_X86Y120        FDCE                                         r  u_array/u_addrgen/ox_r_reg[15]/D
  -------------------------------------------------------------------    -------------------

                         (clock clk_i rise edge)      6.667     6.667 r  
                                                      0.000     6.667 r  clk_i (IN)
                         net (fo=13890, unset)        0.924     7.591    u_array/u_addrgen/clk_i
    SLICE_X86Y120        FDCE                                         r  u_array/u_addrgen/ox_r_reg[15]/C
                         clock pessimism              0.000     7.591    
                         clock uncertainty           -0.035     7.556    
    SLICE_X86Y120        FDCE (Setup_fdce_C_D)        0.081     7.637    u_array/u_addrgen/ox_r_reg[15]
  -------------------------------------------------------------------
                         required time                          7.637    
                         arrival time                         -38.654    
  -------------------------------------------------------------------
                         slack                                -31.017    





Min Delay Paths
--------------------------------------------------------------------------------------
Slack (MET) :             0.117ns  (arrival time - required time)
  Source:                 u_array/cfg_k_r_reg[8]/C
                            (rising edge-triggered cell FDCE clocked by clk_i  {rise@0.000ns fall@3.333ns period=6.667ns})
  Destination:            u_array/u_addrgen/k_len_c_reg[8]/D
                            (rising edge-triggered cell FDCE clocked by clk_i  {rise@0.000ns fall@3.333ns period=6.667ns})
  Path Group:             clk_i
  Path Type:              Hold (Min at Fast Process Corner)
  Requirement:            0.000ns  (clk_i rise@0.000ns - clk_i rise@0.000ns)
  Data Path Delay:        0.221ns  (logic 0.141ns (63.771%)  route 0.080ns (36.229%))
  Logic Levels:           0  
  Clock Path Skew:        0.022ns (DCD - SCD - CPR)
    Destination Clock Delay (DCD):    0.432ns
    Source Clock Delay      (SCD):    0.410ns
    Clock Pessimism Removal (CPR):    -0.000ns

    Location             Delay type                Incr(ns)  Path(ns)    Netlist Resource(s)
  -------------------------------------------------------------------    -------------------
                         (clock clk_i rise edge)      0.000     0.000 r  
                                                      0.000     0.000 r  clk_i (IN)
                         net (fo=13890, unset)        0.410     0.410    u_array/clk_i
    SLICE_X59Y63         FDCE                                         r  u_array/cfg_k_r_reg[8]/C
  -------------------------------------------------------------------    -------------------
    SLICE_X59Y63         FDCE (Prop_fdce_C_Q)         0.141     0.551 r  u_array/cfg_k_r_reg[8]/Q
                         net (fo=1, routed)           0.080     0.631    u_array/u_addrgen/k_len_c_reg[11]_0[8]
    SLICE_X58Y63         FDCE                                         r  u_array/u_addrgen/k_len_c_reg[8]/D
  -------------------------------------------------------------------    -------------------

                         (clock clk_i rise edge)      0.000     0.000 r  
                                                      0.000     0.000 r  clk_i (IN)
                         net (fo=13890, unset)        0.432     0.432    u_array/u_addrgen/clk_i
    SLICE_X58Y63         FDCE                                         r  u_array/u_addrgen/k_len_c_reg[8]/C
                         clock pessimism              0.000     0.432    
    SLICE_X58Y63         FDCE (Hold_fdce_C_D)         0.083     0.515    u_array/u_addrgen/k_len_c_reg[8]
  -------------------------------------------------------------------
                         required time                         -0.515    
                         arrival time                           0.631    
  -------------------------------------------------------------------
                         slack                                  0.117    





Pulse Width Checks
--------------------------------------------------------------------------------------
Clock Name:         clk_i
Waveform(ns):       { 0.000 3.333 }
Period(ns):         6.667
Sources:            { clk_i }

Check Type        Corner  Lib Pin             Reference Pin  Required(ns)  Actual(ns)  Slack(ns)  Location       Pin
Min Period        n/a     RAMB36E1/CLKARDCLK  n/a            2.944         6.667       3.723      RAMB36_X2Y7    u_array/u_xbuf/u_bank0/U0/inst_blk_mem_gen/gnbram.gnativebmg.native_blk_mem_gen/valid.cstr/ramloop[0].ram.r/prim_noinit.ram/DEVICE_7SERIES.NO_BMM_INFO.SDP.SIMPLE_PRIM36.ram/CLKARDCLK
Low Pulse Width   Slow    RAMD32/CLK          n/a            1.250         3.333       2.083      SLICE_X108Y86  u_array/u_wbuf/par_b0_reg_0_15_0_5/RAMA/CLK
High Pulse Width  Slow    RAMD32/CLK          n/a            1.250         3.334       2.084      SLICE_X108Y86  u_array/u_wbuf/par_b0_reg_0_15_0_5/RAMA/CLK



