Copyright 1986-2022 Xilinx, Inc. All Rights Reserved. Copyright 2022-2025 Advanced Micro Devices, Inc. All Rights Reserved.
---------------------------------------------------------------------------------------------------------------------------------------------
| Tool Version : Vivado v.2025.2 (win64) Build 6299465 Fri Nov 14 19:35:11 GMT 2025
| Date         : Thu Sep 17 23:40:21 2026
| Host         : HC-202510241838 running 64-bit major release  (build 9200)
| Command      : report_timing -max_paths 300 -path_type summary -file v28_p300.rpt
| Design       : yolo_engine_top
| Device       : 7z020-clg484
| Speed File   : -1  PRODUCTION 1.12 2019-11-22
| Design State : Routed
---------------------------------------------------------------------------------------------------------------------------------------------

Timing Report

Startpoint                     Endpoint                       Slack(ns)     
----------------------------------------------------------------------------
u_array/u_xrowgen/dma_hi3_w2/CLK
                               u_array/u_xrowgen/cg_khiw_r_reg[4]/CE
                                                              -8.750        
u_array/u_xrowgen/dma_hi3_w2/CLK
                               u_array/u_xrowgen/cg_khiw_r_reg[5]/CE
                                                              -8.750        
u_array/u_xrowgen/dma_hi3_w2/CLK
                               u_array/u_xrowgen/cg_khiw_r_reg[8]/CE
                                                              -8.750        
u_array/u_xrowgen/dma_hi3_w2/CLK
                               u_array/u_xrowgen/cg_khiw_r_reg[9]/CE
                                                              -8.750        
u_array/u_xrowgen/oy0_r_reg[0]/C
                               u_array/u_xrowgen/pt_row0_r_reg[3][10]/D
                                                              -8.717        
u_array/u_xrowgen/oy0_r_reg[0]/C
                               u_array/u_xrowgen/pt_row0_r_reg[3][6]/D
                                                              -8.711        
u_array/u_xrowgen/oy0_r_reg[0]/C
                               u_array/u_xrowgen/pt_row0_r_reg[2][2]/D
                                                              -8.710        
u_array/u_xrowgen/oy0_r_reg[0]/C
                               u_array/u_xrowgen/pt_row0_r_reg[1][29]/D
                                                              -8.705        
u_array/u_xrowgen/oy0_r_reg[0]/C
                               u_array/u_xrowgen/pt_row0_r_reg[2][31]/D
                                                              -8.702        
u_array/u_xrowgen/oy0_r_reg[0]/C
                               u_array/u_xrowgen/pt_row0_r_reg[2][3]/D
                                                              -8.692        
u_array/u_xrowgen/oy0_r_reg[0]/C
                               u_array/u_xrowgen/pt_row0_r_reg[3][2]/D
                                                              -8.684        
u_array/u_xrowgen/oy0_r_reg[0]/C
                               u_array/u_xrowgen/pt_row0_r_reg[3][24]/D
                                                              -8.677        
u_array/u_xrowgen/oy0_r_reg[0]/C
                               u_array/u_xrowgen/pt_row0_r_reg[3][12]/D
                                                              -8.675        
u_array/u_xrowgen/oy0_r_reg[0]/C
                               u_array/u_xrowgen/pt_row0_r_reg[3][30]/D
                                                              -8.675        
u_array/u_xrowgen/oy0_r_reg[0]/C
                               u_array/u_xrowgen/pt_row0_r_reg[1][31]/D
                                                              -8.657        
u_array/u_xrowgen/oy0_r_reg[0]/C
                               u_array/u_xrowgen/pt_row0_r_reg[0][5]/D
                                                              -8.650        
u_array/u_xrowgen/oy0_r_reg[0]/C
                               u_array/u_xrowgen/pt_row0_r_reg[1][16]/D
                                                              -8.649        
u_array/u_xrowgen/oy0_r_reg[0]/C
                               u_array/u_xrowgen/pt_row0_r_reg[2][21]/D
                                                              -8.629        
u_array/u_xrowgen/oy0_r_reg[0]/C
                               u_array/u_xrowgen/pt_row0_r_reg[3][20]/D
                                                              -8.627        
u_array/u_xrowgen/oy0_r_reg[0]/C
                               u_array/u_xrowgen/pt_row0_r_reg[1][10]/D
                                                              -8.588        
u_array/u_xrowgen/oy0_r_reg[0]/C
                               u_array/u_xrowgen/pt_row0_r_reg[1][9]/D
                                                              -8.588        
u_array/u_xrowgen/oy0_r_reg[0]/C
                               u_array/u_xrowgen/pt_row0_r_reg[0][11]/D
                                                              -8.583        
u_array/u_xrowgen/oy0_r_reg[0]/C
                               u_array/u_xrowgen/pt_row0_r_reg[3][1]/D
                                                              -8.569        
u_array/u_xrowgen/oy0_r_reg[0]/C
                               u_array/u_xrowgen/pt_row0_r_reg[0][13]/D
                                                              -8.564        
u_array/u_xrowgen/oy0_r_reg[0]/C
                               u_array/u_xrowgen/pt_row0_r_reg[1][4]/D
                                                              -8.562        
u_array/u_xrowgen/dma_hi3_w2/CLK
                               u_array/u_xrowgen/iq_g_r_reg[3][0]/CE
                                                              -8.561        
u_array/u_xrowgen/dma_hi3_w2/CLK
                               u_array/u_xrowgen/iq_last_r_reg[3][0]/CE
                                                              -8.561        
u_array/u_xrowgen/dma_hi3_w2/CLK
                               u_array/u_xrowgen/iq_p_r_reg[3][0]/CE
                                                              -8.561        
u_array/u_xrowgen/dma_hi3_w2/CLK
                               u_array/u_xrowgen/iq_p_r_reg[3][1]/CE
                                                              -8.561        
u_array/u_xrowgen/oy0_r_reg[0]/C
                               u_array/u_xrowgen/pt_row0_r_reg[2][10]/D
                                                              -8.560        
u_array/u_xrowgen/oy0_r_reg[0]/C
                               u_array/u_xrowgen/pt_row0_r_reg[0][6]/D
                                                              -8.560        
u_array/u_xrowgen/oy0_r_reg[0]/C
                               u_array/u_xrowgen/pt_row0_r_reg[3][21]/D
                                                              -8.559        
u_array/u_xrowgen/oy0_r_reg[0]/C
                               u_array/u_xrowgen/pt_row0_r_reg[1][26]/D
                                                              -8.559        
u_array/u_xrowgen/dma_hi3_w2/CLK
                               u_array/u_xrowgen/cg_khiw_r_reg[0]/R
                                                              -8.559        
u_array/u_xrowgen/dma_hi3_w2/CLK
                               u_array/u_xrowgen/cg_khiw_r_reg[1]/R
                                                              -8.559        
u_array/u_xrowgen/dma_hi3_w2/CLK
                               u_array/u_xrowgen/cg_khiw_r_reg[2]/R
                                                              -8.559        
u_array/u_xrowgen/dma_hi3_w2/CLK
                               u_array/u_xrowgen/cg_khiw_r_reg[3]/R
                                                              -8.559        
u_array/u_xrowgen/oy0_r_reg[0]/C
                               u_array/u_xrowgen/pt_row0_r_reg[2][23]/D
                                                              -8.557        
u_array/u_xrowgen/dma_hi3_w2/CLK
                               u_array/u_xrowgen/cg_khiw_r_reg[10]/R
                                                              -8.553        
u_array/u_xrowgen/dma_hi3_w2/CLK
                               u_array/u_xrowgen/cg_khiw_r_reg[11]/R
                                                              -8.553        
u_array/u_xrowgen/dma_hi3_w2/CLK
                               u_array/u_xrowgen/cg_khiw_r_reg[15]/R
                                                              -8.553        
u_array/u_xrowgen/oy0_r_reg[0]/C
                               u_array/u_xrowgen/pt_row0_r_reg[1][27]/D
                                                              -8.548        
u_array/u_xrowgen/oy0_r_reg[0]/C
                               u_array/u_xrowgen/pt_row0_r_reg[2][28]/D
                                                              -8.548        
u_array/u_xrowgen/oy0_r_reg[0]/C
                               u_array/u_xrowgen/pt_row0_r_reg[2][14]/D
                                                              -8.546        
u_array/u_xrowgen/oy0_r_reg[0]/C
                               u_array/u_xrowgen/pt_row0_r_reg[2][8]/D
                                                              -8.542        
u_array/u_xrowgen/oy0_r_reg[0]/C
                               u_array/u_xrowgen/pt_row0_r_reg[2][29]/D
                                                              -8.541        
u_array/u_xrowgen/oy0_r_reg[0]/C
                               u_array/u_xrowgen/pt_row0_r_reg[3][5]/D
                                                              -8.532        
u_array/u_xrowgen/oy0_r_reg[0]/C
                               u_array/u_xrowgen/pt_row0_r_reg[1][14]/D
                                                              -8.530        
u_array/u_xrowgen/oy0_r_reg[0]/C
                               u_array/u_xrowgen/pt_row0_r_reg[0][15]/D
                                                              -8.527        
u_array/u_xrowgen/dma_hi3_w2/CLK
                               u_array/u_xrowgen/cg_khiw_r_reg[10]/CE
                                                              -8.525        
u_array/u_xrowgen/dma_hi3_w2/CLK
                               u_array/u_xrowgen/cg_khiw_r_reg[11]/CE
                                                              -8.525        
u_array/u_xrowgen/dma_hi3_w2/CLK
                               u_array/u_xrowgen/cg_khiw_r_reg[15]/CE
                                                              -8.525        
u_array/u_xrowgen/oy0_r_reg[0]/C
                               u_array/u_xrowgen/pt_row0_r_reg[1][17]/D
                                                              -8.522        
u_array/u_xrowgen/oy0_r_reg[0]/C
                               u_array/u_xrowgen/pt_row0_r_reg[2][20]/D
                                                              -8.522        
u_array/u_xrowgen/oy0_r_reg[0]/C
                               u_array/u_xrowgen/pt_row0_r_reg[0][17]/D
                                                              -8.513        
u_array/u_xrowgen/oy0_r_reg[0]/C
                               u_array/u_xrowgen/pt_row0_r_reg[2][0]/D
                                                              -8.506        
u_array/u_xrowgen/oy0_r_reg[0]/C
                               u_array/u_xrowgen/pt_row0_r_reg[3][23]/D
                                                              -8.506        
u_array/u_xrowgen/oy0_r_reg[0]/C
                               u_array/u_xrowgen/pt_row0_r_reg[1][5]/D
                                                              -8.500        
u_array/u_xrowgen/oy0_r_reg[0]/C
                               u_array/u_xrowgen/pt_row0_r_reg[2][1]/D
                                                              -8.500        
u_array/u_xrowgen/dma_hi3_w2/CLK
                               u_array/u_xrowgen/cg_kh_r_reg[6]/CE
                                                              -8.498        
u_array/u_xrowgen/dma_hi3_w2/CLK
                               u_array/u_xrowgen/cg_kh_r_reg[7]/CE
                                                              -8.498        
u_array/u_xrowgen/oy0_r_reg[0]/C
                               u_array/u_xrowgen/pt_row0_r_reg[1][22]/D
                                                              -8.497        
u_array/u_xrowgen/oy0_r_reg[0]/C
                               u_array/u_xrowgen/pt_row0_r_reg[1][8]/D
                                                              -8.494        
u_array/u_xrowgen/oy0_r_reg[0]/C
                               u_array/u_xrowgen/pt_row0_r_reg[1][30]/D
                                                              -8.489        
u_array/u_xrowgen/oy0_r_reg[0]/C
                               u_array/u_xrowgen/pt_row0_r_reg[2][4]/D
                                                              -8.489        
u_array/u_xrowgen/oy0_r_reg[0]/C
                               u_array/u_xrowgen/pt_row0_r_reg[0][4]/D
                                                              -8.489        
u_array/u_xrowgen/oy0_r_reg[0]/C
                               u_array/u_xrowgen/pt_row0_r_reg[0][9]/D
                                                              -8.489        
u_array/u_xrowgen/oy0_r_reg[0]/C
                               u_array/u_xrowgen/pt_row0_r_reg[1][7]/D
                                                              -8.487        
u_array/u_xrowgen/oy0_r_reg[0]/C
                               u_array/u_xrowgen/pt_row0_r_reg[2][13]/D
                                                              -8.484        
u_array/u_xrowgen/oy0_r_reg[0]/C
                               u_array/u_xrowgen/pt_row0_r_reg[2][12]/D
                                                              -8.483        
u_array/u_xrowgen/oy0_r_reg[0]/C
                               u_array/u_xrowgen/pt_row0_r_reg[0][28]/D
                                                              -8.481        
u_array/u_xrowgen/dma_hi3_w2/CLK
                               u_array/u_xrowgen/cg_khiw_r_reg[12]/R
                                                              -8.480        
u_array/u_xrowgen/dma_hi3_w2/CLK
                               u_array/u_xrowgen/cg_khiw_r_reg[13]/R
                                                              -8.480        
u_array/u_xrowgen/dma_hi3_w2/CLK
                               u_array/u_xrowgen/cg_khiw_r_reg[14]/R
                                                              -8.480        
u_array/u_xrowgen/dma_hi3_w2/CLK
                               u_array/u_xrowgen/st_skew_r_reg[0][2][1]/D
                                                              -8.479        
u_array/u_xrowgen/oy0_r_reg[0]/C
                               u_array/u_xrowgen/pt_row0_r_reg[2][27]/D
                                                              -8.471        
u_array/u_xrowgen/oy0_r_reg[0]/C
                               u_array/u_xrowgen/pt_row0_r_reg[1][6]/D
                                                              -8.470        
u_array/u_xrowgen/oy0_r_reg[0]/C
                               u_array/u_xrowgen/pt_row0_r_reg[3][8]/D
                                                              -8.469        
u_array/u_xrowgen/oy0_r_reg[0]/C
                               u_array/u_xrowgen/pt_row0_r_reg[2][9]/D
                                                              -8.462        
u_array/u_xrowgen/dma_hi3_w2/CLK
                               u_array/u_xrowgen/cg_khiw_r_reg[4]/R
                                                              -8.458        
u_array/u_xrowgen/dma_hi3_w2/CLK
                               u_array/u_xrowgen/cg_khiw_r_reg[5]/R
                                                              -8.458        
u_array/u_xrowgen/dma_hi3_w2/CLK
                               u_array/u_xrowgen/cg_khiw_r_reg[8]/R
                                                              -8.458        
u_array/u_xrowgen/dma_hi3_w2/CLK
                               u_array/u_xrowgen/cg_khiw_r_reg[9]/R
                                                              -8.458        
u_array/u_xrowgen/dma_hi3_w2/CLK
                               u_array/u_xrowgen/cg_part_r_reg[0]/D
                                                              -8.454        
u_array/u_xrowgen/oy0_r_reg[0]/C
                               u_array/u_xrowgen/pt_row0_r_reg[0][20]/D
                                                              -8.453        
u_array/u_xrowgen/oy0_r_reg[0]/C
                               u_array/u_xrowgen/pt_row0_r_reg[0][10]/D
                                                              -8.451        
u_array/u_xrowgen/oy0_r_reg[0]/C
                               u_array/u_xrowgen/pt_row0_r_reg[3][4]/D
                                                              -8.448        
u_array/u_xrowgen/dma_hi3_w2/CLK
                               u_array/u_xrowgen/st_skew_r_reg[0][0][2]/D
                                                              -8.447        
u_array/u_xrowgen/oy0_r_reg[0]/C
                               u_array/u_xrowgen/pt_row0_r_reg[2][30]/D
                                                              -8.441        
u_array/u_xrowgen/oy0_r_reg[0]/C
                               u_array/u_xrowgen/pt_row0_r_reg[2][22]/D
                                                              -8.439        
u_array/u_xrowgen/dma_hi3_w2/CLK
                               u_array/u_xrowgen/cg_part_r_reg[1]/D
                                                              -8.438        
u_array/u_xrowgen/oy0_r_reg[0]/C
                               u_array/u_xrowgen/pt_row0_r_reg[1][2]/D
                                                              -8.437        
u_array/u_xrowgen/oy0_r_reg[0]/C
                               u_array/u_xrowgen/pt_row0_r_reg[0][30]/D
                                                              -8.437        
u_array/u_xrowgen/oy0_r_reg[0]/C
                               u_array/u_xrowgen/pt_row0_r_reg[3][31]/D
                                                              -8.435        
u_array/u_xrowgen/oy0_r_reg[0]/C
                               u_array/u_xrowgen/pt_row0_r_reg[3][25]/D
                                                              -8.424        
u_array/u_xrowgen/oy0_r_reg[0]/C
                               u_array/u_xrowgen/pt_row0_r_reg[0][2]/D
                                                              -8.424        
u_array/u_xrowgen/oy0_r_reg[0]/C
                               u_array/u_xrowgen/pt_row0_r_reg[2][11]/D
                                                              -8.423        
u_array/u_xrowgen/oy0_r_reg[0]/C
                               u_array/u_xrowgen/pt_row0_r_reg[0][26]/D
                                                              -8.422        
u_array/u_xrowgen/oy0_r_reg[0]/C
                               u_array/u_xrowgen/pt_row0_r_reg[0][29]/D
                                                              -8.422        
u_array/u_xrowgen/oy0_r_reg[0]/C
                               u_array/u_xrowgen/pt_row0_r_reg[2][25]/D
                                                              -8.422        
u_array/u_xrowgen/oy0_r_reg[0]/C
                               u_array/u_xrowgen/pt_row0_r_reg[2][24]/D
                                                              -8.421        
u_array/u_xrowgen/oy0_r_reg[0]/C
                               u_array/u_xrowgen/pt_row0_r_reg[0][31]/D
                                                              -8.419        
u_array/u_xrowgen/oy0_r_reg[0]/C
                               u_array/u_xrowgen/pt_row0_r_reg[1][0]/D
                                                              -8.415        
u_array/u_xrowgen/oy0_r_reg[0]/C
                               u_array/u_xrowgen/pt_row0_r_reg[3][13]/D
                                                              -8.414        
u_array/u_xrowgen/oy0_r_reg[0]/C
                               u_array/u_xrowgen/pt_row0_r_reg[0][25]/D
                                                              -8.414        
u_array/u_xrowgen/oy0_r_reg[0]/C
                               u_array/u_xrowgen/pt_row0_r_reg[2][16]/D
                                                              -8.410        
u_array/u_xrowgen/oy0_r_reg[0]/C
                               u_array/u_xrowgen/pt_row0_r_reg[2][26]/D
                                                              -8.409        
u_array/u_xrowgen/oy0_r_reg[0]/C
                               u_array/u_xrowgen/pt_row0_r_reg[0][24]/D
                                                              -8.409        
u_array/u_xrowgen/oy0_r_reg[0]/C
                               u_array/u_xrowgen/pt_row0_r_reg[2][15]/D
                                                              -8.407        
u_array/u_xrowgen/oy0_r_reg[0]/C
                               u_array/u_xrowgen/pt_row0_r_reg[0][27]/D
                                                              -8.406        
u_array/u_xrowgen/oy0_r_reg[0]/C
                               u_array/u_xrowgen/pt_row0_r_reg[0][18]/D
                                                              -8.405        
u_array/u_xrowgen/oy0_r_reg[0]/C
                               u_array/u_xrowgen/pt_row0_r_reg[3][3]/D
                                                              -8.403        
u_array/u_xrowgen/oy0_r_reg[0]/C
                               u_array/u_xrowgen/pt_row0_r_reg[0][12]/D
                                                              -8.402        
u_array/u_xrowgen/oy0_r_reg[0]/C
                               u_array/u_xrowgen/pt_row0_r_reg[3][16]/D
                                                              -8.401        
u_array/u_xrowgen/oy0_r_reg[0]/C
                               u_array/u_xrowgen/pt_row0_r_reg[1][25]/D
                                                              -8.400        
u_array/u_xrowgen/oy0_r_reg[0]/C
                               u_array/u_xrowgen/pt_row0_r_reg[2][6]/D
                                                              -8.399        
u_array/u_xrowgen/oy0_r_reg[0]/C
                               u_array/u_xrowgen/pt_row0_r_reg[2][19]/D
                                                              -8.398        
u_array/u_xrowgen/oy0_r_reg[0]/C
                               u_array/u_xrowgen/pt_row0_r_reg[3][28]/D
                                                              -8.396        
u_array/u_xrowgen/oy0_r_reg[0]/C
                               u_array/u_xrowgen/pt_row0_r_reg[3][29]/D
                                                              -8.396        
u_array/u_xrowgen/oy0_r_reg[0]/C
                               u_array/u_xrowgen/pt_row0_r_reg[1][28]/D
                                                              -8.395        
u_array/u_xrowgen/oy0_r_reg[0]/C
                               u_array/u_xrowgen/pt_row0_r_reg[0][0]/D
                                                              -8.393        
u_array/u_xrowgen/oy0_r_reg[0]/C
                               u_array/u_xrowgen/pt_row0_r_reg[0][3]/D
                                                              -8.392        
u_array/u_xrowgen/oy0_r_reg[0]/C
                               u_array/u_xrowgen/pt_row0_r_reg[0][1]/D
                                                              -8.391        
u_array/u_xrowgen/oy0_r_reg[0]/C
                               u_array/u_xrowgen/pt_row0_r_reg[0][22]/D
                                                              -8.390        
u_array/u_xrowgen/oy0_r_reg[0]/C
                               u_array/u_xrowgen/pt_row0_r_reg[1][18]/D
                                                              -8.389        
u_array/u_xrowgen/oy0_r_reg[0]/C
                               u_array/u_xrowgen/pt_row0_r_reg[0][16]/D
                                                              -8.388        
u_array/u_xrowgen/oy0_r_reg[0]/C
                               u_array/u_xrowgen/pt_row0_r_reg[1][24]/D
                                                              -8.386        
u_array/u_xrowgen/oy0_r_reg[0]/C
                               u_array/u_xrowgen/pt_row0_r_reg[3][14]/D
                                                              -8.386        
u_array/u_xrowgen/oy0_r_reg[0]/C
                               u_array/u_xrowgen/pt_row0_r_reg[0][21]/D
                                                              -8.386        
u_array/u_xrowgen/oy0_r_reg[0]/C
                               u_array/u_xrowgen/pt_row0_r_reg[1][19]/D
                                                              -8.385        
u_array/u_xrowgen/oy0_r_reg[0]/C
                               u_array/u_xrowgen/pt_row0_r_reg[3][15]/D
                                                              -8.384        
u_array/u_xrowgen/oy0_r_reg[0]/C
                               u_array/u_xrowgen/pt_row0_r_reg[3][7]/D
                                                              -8.382        
u_array/u_xrowgen/oy0_r_reg[0]/C
                               u_array/u_xrowgen/pt_row0_r_reg[1][15]/D
                                                              -8.381        
u_array/u_xrowgen/dma_hi3_w2/CLK
                               u_array/u_xrowgen/cg_khiw_r_reg[12]/CE
                                                              -8.378        
u_array/u_xrowgen/dma_hi3_w2/CLK
                               u_array/u_xrowgen/cg_khiw_r_reg[13]/CE
                                                              -8.378        
u_array/u_xrowgen/dma_hi3_w2/CLK
                               u_array/u_xrowgen/cg_khiw_r_reg[14]/CE
                                                              -8.378        
u_array/u_xrowgen/oy0_r_reg[0]/C
                               u_array/u_xrowgen/pt_row0_r_reg[3][19]/D
                                                              -8.378        
u_array/u_xrowgen/oy0_r_reg[0]/C
                               u_array/u_xrowgen/pt_row0_r_reg[3][27]/D
                                                              -8.375        
u_array/u_xrowgen/oy0_r_reg[0]/C
                               u_array/u_xrowgen/pt_row0_r_reg[3][0]/D
                                                              -8.375        
u_array/u_xrowgen/oy0_r_reg[0]/C
                               u_array/u_xrowgen/pt_row0_r_reg[3][18]/D
                                                              -8.361        
u_array/u_xrowgen/oy0_r_reg[0]/C
                               u_array/u_xrowgen/pt_row0_r_reg[2][7]/D
                                                              -8.344        
u_array/u_xrowgen/dma_hi3_w2/CLK
                               u_array/u_xrowgen/st_skew_r_reg[1][2][2]/D
                                                              -8.333        
u_array/u_xrowgen/dma_hi3_w2/CLK
                               u_array/u_xrowgen/iq_g_r_reg[4][0]/CE
                                                              -8.326        
u_array/u_xrowgen/dma_hi3_w2/CLK
                               u_array/u_xrowgen/iq_last_r_reg[4][0]/CE
                                                              -8.326        
u_array/u_xrowgen/dma_hi3_w2/CLK
                               u_array/u_xrowgen/iq_p_r_reg[4][0]/CE
                                                              -8.326        
u_array/u_xrowgen/dma_hi3_w2/CLK
                               u_array/u_xrowgen/iq_p_r_reg[4][1]/CE
                                                              -8.326        
u_array/u_xrowgen/dma_hi3_w2/CLK
                               u_array/u_xrowgen/cg_khiw_r_reg[6]/R
                                                              -8.320        
u_array/u_xrowgen/dma_hi3_w2/CLK
                               u_array/u_xrowgen/cg_khiw_r_reg[7]/R
                                                              -8.320        
u_array/u_xrowgen/dma_hi3_w2/CLK
                               u_array/u_xrowgen/iq_g_r_reg[2][0]/CE
                                                              -8.319        
u_array/u_xrowgen/dma_hi3_w2/CLK
                               u_array/u_xrowgen/iq_last_r_reg[2][0]/CE
                                                              -8.319        
u_array/u_xrowgen/dma_hi3_w2/CLK
                               u_array/u_xrowgen/iq_p_r_reg[2][0]/CE
                                                              -8.319        
u_array/u_xrowgen/dma_hi3_w2/CLK
                               u_array/u_xrowgen/iq_p_r_reg[2][1]/CE
                                                              -8.319        
u_array/u_xrowgen/oy0_r_reg[0]/C
                               u_array/u_xrowgen/pt_row0_r_reg[0][19]/D
                                                              -8.311        
u_array/u_xrowgen/dma_hi3_w2/CLK
                               u_array/u_xrowgen/cg_part_pend_r_reg/D
                                                              -8.310        
u_array/u_xrowgen/dma_hi3_w2/CLK
                               u_array/u_xrowgen/cg_khiw_r_reg[0]/CE
                                                              -8.309        
u_array/u_xrowgen/dma_hi3_w2/CLK
                               u_array/u_xrowgen/cg_khiw_r_reg[1]/CE
                                                              -8.309        
u_array/u_xrowgen/dma_hi3_w2/CLK
                               u_array/u_xrowgen/cg_khiw_r_reg[2]/CE
                                                              -8.309        
u_array/u_xrowgen/dma_hi3_w2/CLK
                               u_array/u_xrowgen/cg_khiw_r_reg[3]/CE
                                                              -8.309        
u_array/u_xrowgen/oy0_r_reg[0]/C
                               u_array/u_xrowgen/pt_row0_r_reg[0][8]/D
                                                              -8.305        
u_array/u_xrowgen/oy0_r_reg[0]/C
                               u_array/u_xrowgen/pt_row0_r_reg[1][13]/D
                                                              -8.300        
u_array/u_xrowgen/dma_hi3_w2/CLK
                               u_array/u_xrowgen/st_skew_r_reg[0][2][2]/D
                                                              -8.297        
u_array/u_xrowgen/oy0_r_reg[0]/C
                               u_array/u_xrowgen/pt_row0_r_reg[2][17]/D
                                                              -8.295        
u_array/u_xrowgen/oy0_r_reg[0]/C
                               u_array/u_xrowgen/pt_row0_r_reg[0][23]/D
                                                              -8.293        
u_array/u_xrowgen/oy0_r_reg[0]/C
                               u_array/u_xrowgen/pt_row0_r_reg[0][7]/D
                                                              -8.292        
u_array/u_xrowgen/oy0_r_reg[0]/C
                               u_array/u_xrowgen/pt_row0_r_reg[2][5]/D
                                                              -8.283        
u_array/u_xrowgen/oy0_r_reg[0]/C
                               u_array/u_xrowgen/pt_row0_r_reg[1][20]/D
                                                              -8.281        
u_array/u_xrowgen/dma_hi3_w2/CLK
                               u_array/u_xrowgen/iq_g_r_reg[6][0]/CE
                                                              -8.278        
u_array/u_xrowgen/dma_hi3_w2/CLK
                               u_array/u_xrowgen/iq_last_r_reg[6][0]/CE
                                                              -8.278        
u_array/u_xrowgen/dma_hi3_w2/CLK
                               u_array/u_xrowgen/iq_p_r_reg[6][0]/CE
                                                              -8.278        
u_array/u_xrowgen/dma_hi3_w2/CLK
                               u_array/u_xrowgen/iq_p_r_reg[6][1]/CE
                                                              -8.278        
u_array/u_xrowgen/oy0_r_reg[0]/C
                               u_array/u_xrowgen/pt_row0_r_reg[3][17]/D
                                                              -8.278        
u_array/u_xrowgen/oy0_r_reg[0]/C
                               u_array/u_xrowgen/pt_row0_r_reg[1][12]/D
                                                              -8.275        
u_array/u_xrowgen/dma_hi3_w2/CLK
                               u_array/u_xrowgen/st_skew_r_reg[0][0][0]/D
                                                              -8.275        
u_array/u_xrowgen/oy0_r_reg[0]/C
                               u_array/u_xrowgen/pt_row0_r_reg[1][11]/D
                                                              -8.274        
u_array/u_xrowgen/oy0_r_reg[0]/C
                               u_array/u_xrowgen/pt_row0_r_reg[1][23]/D
                                                              -8.273        
u_array/u_xrowgen/oy0_r_reg[0]/C
                               u_array/u_xrowgen/pt_row0_r_reg[1][1]/D
                                                              -8.273        
u_array/u_xrowgen/oy0_r_reg[0]/C
                               u_array/u_xrowgen/pt_row0_r_reg[2][18]/D
                                                              -8.272        
u_array/u_xrowgen/oy0_r_reg[0]/C
                               u_array/u_xrowgen/pt_row0_r_reg[1][21]/D
                                                              -8.265        
u_array/u_xrowgen/oy0_r_reg[0]/C
                               u_array/u_xrowgen/pt_row0_r_reg[3][22]/D
                                                              -8.263        
u_array/u_xrowgen/dma_hi3_w2/CLK
                               u_array/u_xrowgen/st_skew_r_reg[0][2][0]/D
                                                              -8.262        
u_array/u_xrowgen/oy0_r_reg[0]/C
                               u_array/u_xrowgen/pt_row0_r_reg[0][14]/D
                                                              -8.262        
u_array/u_xrowgen/oy0_r_reg[0]/C
                               u_array/u_xrowgen/pt_row0_r_reg[3][9]/D
                                                              -8.260        
u_array/u_xrowgen/dma_hi3_w2/CLK
                               u_array/u_xrowgen/st_skew_r_reg[0][0][1]/D
                                                              -8.260        
u_array/u_xrowgen/oy0_r_reg[0]/C
                               u_array/u_xrowgen/pt_row0_r_reg[3][11]/D
                                                              -8.244        
u_array/u_xrowgen/dma_hi3_w2/CLK
                               u_array/u_xrowgen/st_skew_r_reg[1][2][0]/D
                                                              -8.239        
u_array/u_xrowgen/oy0_r_reg[0]/C
                               u_array/u_xrowgen/pt_row0_r_reg[1][3]/D
                                                              -8.236        
u_array/u_xrowgen/oy0_r_reg[0]/C
                               u_array/u_xrowgen/pt_row0_r_reg[3][26]/D
                                                              -8.231        
u_array/u_xrowgen/dma_hi3_w2/CLK
                               u_array/u_xrowgen/st_skew_r_reg[1][2][1]/D
                                                              -8.203        
u_array/u_xrowgen/dma_hi3_w2/CLK
                               u_array/u_xrowgen/st_skew_r_reg[1][3][0]/D
                                                              -8.185        
u_array/u_xrowgen/dma_hi3_w2/CLK
                               u_array/u_xrowgen/cg_kh_r_reg[0]/CE
                                                              -8.156        
u_array/u_xrowgen/dma_hi3_w2/CLK
                               u_array/u_xrowgen/cg_kh_r_reg[1]/CE
                                                              -8.156        
u_array/u_xrowgen/dma_hi3_w2/CLK
                               u_array/u_xrowgen/cg_kh_r_reg[2]/CE
                                                              -8.156        
u_array/u_xrowgen/dma_hi3_w2/CLK
                               u_array/u_xrowgen/cg_kh_r_reg[3]/CE
                                                              -8.156        
u_array/u_xrowgen/dma_hi3_w2/CLK
                               u_array/u_xrowgen/cg_kh_r_reg[4]/CE
                                                              -8.156        
u_array/u_xrowgen/dma_hi3_w2/CLK
                               u_array/u_xrowgen/cg_kh_r_reg[5]/CE
                                                              -8.156        
u_array/u_xrowgen/dma_hi3_w2/CLK
                               u_array/u_xrowgen/iq_g_r_reg[0][0]/CE
                                                              -8.133        
u_array/u_xrowgen/dma_hi3_w2/CLK
                               u_array/u_xrowgen/iq_last_r_reg[0][0]/CE
                                                              -8.133        
u_array/u_xrowgen/dma_hi3_w2/CLK
                               u_array/u_xrowgen/iq_p_r_reg[0][0]/CE
                                                              -8.133        
u_array/u_xrowgen/dma_hi3_w2/CLK
                               u_array/u_xrowgen/iq_p_r_reg[0][1]/CE
                                                              -8.133        
u_array/u_xrowgen/dma_hi3_w2/CLK
                               u_array/u_xrowgen/iq_g_r_reg[1][0]/CE
                                                              -8.126        
u_array/u_xrowgen/dma_hi3_w2/CLK
                               u_array/u_xrowgen/iq_last_r_reg[1][0]/CE
                                                              -8.126        
u_array/u_xrowgen/dma_hi3_w2/CLK
                               u_array/u_xrowgen/iq_p_r_reg[1][0]/CE
                                                              -8.126        
u_array/u_xrowgen/dma_hi3_w2/CLK
                               u_array/u_xrowgen/iq_p_r_reg[1][1]/CE
                                                              -8.126        
u_array/u_xrowgen/dma_hi3_w2/CLK
                               u_array/u_xrowgen/cg_khiw_r_reg[6]/CE
                                                              -8.120        
u_array/u_xrowgen/dma_hi3_w2/CLK
                               u_array/u_xrowgen/cg_khiw_r_reg[7]/CE
                                                              -8.120        
u_array/u_xrowgen/dma_hi3_w2/CLK
                               u_array/u_xrowgen/cg_ic_r_reg[4]/CE
                                                              -8.090        
u_array/u_xrowgen/dma_hi3_w2/CLK
                               u_array/u_xrowgen/cg_ic_r_reg[5]/CE
                                                              -8.090        
u_array/u_xrowgen/dma_hi3_w2/CLK
                               u_array/u_xrowgen/cg_ic_r_reg[6]/CE
                                                              -8.090        
u_array/u_xrowgen/dma_hi3_w2/CLK
                               u_array/u_xrowgen/cg_ic_r_reg[7]/CE
                                                              -8.090        
u_array/u_xrowgen/dma_hi3_w2/CLK
                               u_array/u_xrowgen/cg_plane_r_reg[20]/CE
                                                              -8.078        
u_array/u_xrowgen/dma_hi3_w2/CLK
                               u_array/u_xrowgen/cg_plane_r_reg[21]/CE
                                                              -8.078        
u_array/u_xrowgen/dma_hi3_w2/CLK
                               u_array/u_xrowgen/cg_plane_r_reg[22]/CE
                                                              -8.078        
u_array/u_xrowgen/dma_hi3_w2/CLK
                               u_array/u_xrowgen/cg_plane_r_reg[23]/CE
                                                              -8.078        
u_array/u_xrowgen/dma_hi3_w2/CLK
                               u_array/u_xrowgen/cg_plane_r_reg[16]/CE
                                                              -8.076        
u_array/u_xrowgen/dma_hi3_w2/CLK
                               u_array/u_xrowgen/cg_plane_r_reg[17]/CE
                                                              -8.076        
u_array/u_xrowgen/dma_hi3_w2/CLK
                               u_array/u_xrowgen/cg_plane_r_reg[18]/CE
                                                              -8.076        
u_array/u_xrowgen/dma_hi3_w2/CLK
                               u_array/u_xrowgen/cg_plane_r_reg[19]/CE
                                                              -8.076        
u_array/u_xrowgen/dma_hi3_w2/CLK
                               u_array/u_xrowgen/st_skew_r_reg[1][3][2]/D
                                                              -8.027        
u_array/u_xrowgen/dma_hi3_w2/CLK
                               u_array/u_xrowgen/cg_cnt_r_reg[1]/D
                                                              -8.010        
u_array/u_xrowgen/dma_hi3_w2/CLK
                               u_array/u_xrowgen/iq_g_r_reg[7][0]/CE
                                                              -7.999        
u_array/u_xrowgen/dma_hi3_w2/CLK
                               u_array/u_xrowgen/iq_last_r_reg[7][0]/CE
                                                              -7.999        
u_array/u_xrowgen/dma_hi3_w2/CLK
                               u_array/u_xrowgen/iq_p_r_reg[7][0]/CE
                                                              -7.999        
u_array/u_xrowgen/dma_hi3_w2/CLK
                               u_array/u_xrowgen/iq_p_r_reg[7][1]/CE
                                                              -7.999        
u_array/u_xrowgen/dma_hi3_w2/CLK
                               u_array/u_xrowgen/st_skew_r_reg[0][3][1]/D
                                                              -7.986        
u_array/u_xrowgen/dma_hi3_w2/CLK
                               u_array/u_xrowgen/cg_plane_r_reg[28]/CE
                                                              -7.975        
u_array/u_xrowgen/dma_hi3_w2/CLK
                               u_array/u_xrowgen/cg_plane_r_reg[29]/CE
                                                              -7.975        
u_array/u_xrowgen/dma_hi3_w2/CLK
                               u_array/u_xrowgen/cg_plane_r_reg[30]/CE
                                                              -7.975        
u_array/u_xrowgen/dma_hi3_w2/CLK
                               u_array/u_xrowgen/cg_plane_r_reg[31]/CE
                                                              -7.975        
u_array/u_xrowgen/dma_hi3_w2/CLK
                               u_array/u_xrowgen/cg_plane_r_reg[24]/CE
                                                              -7.973        
u_array/u_xrowgen/dma_hi3_w2/CLK
                               u_array/u_xrowgen/cg_plane_r_reg[25]/CE
                                                              -7.973        
u_array/u_xrowgen/dma_hi3_w2/CLK
                               u_array/u_xrowgen/cg_plane_r_reg[26]/CE
                                                              -7.973        
u_array/u_xrowgen/dma_hi3_w2/CLK
                               u_array/u_xrowgen/cg_plane_r_reg[27]/CE
                                                              -7.973        
u_array/u_xrowgen/dma_hi3_w2/CLK
                               u_array/u_xrowgen/st_skew_r_reg[1][1][1]/D
                                                              -7.969        
u_array/u_xrowgen/dma_hi3_w2/CLK
                               u_array/u_xrowgen/st_skew_r_reg[1][1][0]/D
                                                              -7.968        
u_array/u_xrowgen/dma_hi3_w2/CLK
                               u_array/u_xrowgen/cg_ic_r_reg[0]/CE
                                                              -7.966        
u_array/u_xrowgen/dma_hi3_w2/CLK
                               u_array/u_xrowgen/cg_ic_r_reg[1]/CE
                                                              -7.966        
u_array/u_xrowgen/dma_hi3_w2/CLK
                               u_array/u_xrowgen/cg_ic_r_reg[2]/CE
                                                              -7.966        
u_array/u_xrowgen/dma_hi3_w2/CLK
                               u_array/u_xrowgen/cg_ic_r_reg[3]/CE
                                                              -7.966        
u_array/u_xrowgen/dma_hi3_w2/CLK
                               u_array/u_xrowgen/st_skew_r_reg[0][3][2]/D
                                                              -7.962        
u_array/u_xrowgen/dma_hi3_w2/CLK
                               u_array/u_xrowgen/st_skew_r_reg[1][3][1]/D
                                                              -7.960        
u_array/u_xrowgen/dma_hi3_w2/CLK
                               u_array/u_xrowgen/cg_ic_r_reg[10]/CE
                                                              -7.950        
u_array/u_xrowgen/dma_hi3_w2/CLK
                               u_array/u_xrowgen/cg_ic_r_reg[11]/CE
                                                              -7.950        
u_array/u_xrowgen/dma_hi3_w2/CLK
                               u_array/u_xrowgen/cg_ic_r_reg[8]/CE
                                                              -7.950        
u_array/u_xrowgen/dma_hi3_w2/CLK
                               u_array/u_xrowgen/cg_ic_r_reg[9]/CE
                                                              -7.950        
u_array/u_xrowgen/dma_hi3_w2/CLK
                               u_array/u_xrowgen/st_skew_r_reg[1][1][2]/D
                                                              -7.945        
u_array/u_xrowgen/dma_hi3_w2/CLK
                               u_array/u_xrowgen/st_skew_r_reg[1][0][2]/D
                                                              -7.939        
u_array/u_xrowgen/dma_hi3_w2/CLK
                               u_array/u_xrowgen/cg_ic_r_reg[12]/CE
                                                              -7.938        
u_array/u_xrowgen/dma_hi3_w2/CLK
                               u_array/u_xrowgen/cg_ic_r_reg[13]/CE
                                                              -7.938        
u_array/u_xrowgen/dma_hi3_w2/CLK
                               u_array/u_xrowgen/cg_ic_r_reg[14]/CE
                                                              -7.938        
u_array/u_xrowgen/dma_hi3_w2/CLK
                               u_array/u_xrowgen/cg_ic_r_reg[15]/CE
                                                              -7.938        
u_array/u_xrowgen/dma_hi3_w2/CLK
                               u_array/u_xrowgen/cg_plane_r_reg[12]/CE
                                                              -7.936        
u_array/u_xrowgen/dma_hi3_w2/CLK
                               u_array/u_xrowgen/cg_plane_r_reg[13]/CE
                                                              -7.936        
u_array/u_xrowgen/dma_hi3_w2/CLK
                               u_array/u_xrowgen/cg_plane_r_reg[14]/CE
                                                              -7.936        
u_array/u_xrowgen/dma_hi3_w2/CLK
                               u_array/u_xrowgen/cg_plane_r_reg[15]/CE
                                                              -7.936        
u_array/u_xrowgen/dma_hi3_w2/CLK
                               u_array/u_xrowgen/cg_plane_r_reg[10]/CE
                                                              -7.913        
u_array/u_xrowgen/dma_hi3_w2/CLK
                               u_array/u_xrowgen/cg_plane_r_reg[11]/CE
                                                              -7.913        
u_array/u_xrowgen/dma_hi3_w2/CLK
                               u_array/u_xrowgen/cg_plane_r_reg[8]/CE
                                                              -7.913        
u_array/u_xrowgen/dma_hi3_w2/CLK
                               u_array/u_xrowgen/cg_plane_r_reg[9]/CE
                                                              -7.913        
u_array/u_xrowgen/dma_hi3_w2/CLK
                               u_array/u_xrowgen/cg_adv_pend_r_reg/D
                                                              -7.906        
u_array/u_xrowgen/dma_hi3_w2/CLK
                               u_array/u_xrowgen/st_skew_r_reg[1][0][0]/D
                                                              -7.903        
u_array/u_xrowgen/dma_hi3_w2/CLK
                               u_array/u_xrowgen/iq_g_r_reg[5][0]/CE
                                                              -7.890        
u_array/u_xrowgen/dma_hi3_w2/CLK
                               u_array/u_xrowgen/iq_last_r_reg[5][0]/CE
                                                              -7.890        
u_array/u_xrowgen/dma_hi3_w2/CLK
                               u_array/u_xrowgen/iq_p_r_reg[5][0]/CE
                                                              -7.890        
u_array/u_xrowgen/dma_hi3_w2/CLK
                               u_array/u_xrowgen/iq_p_r_reg[5][1]/CE
                                                              -7.890        
u_array/u_xrowgen/dma_hi3_w2/CLK
                               u_array/u_xrowgen/st_skew_r_reg[0][1][1]/D
                                                              -7.885        
u_array/u_xrowgen/dma_hi3_w2/CLK
                               u_array/u_xrowgen/st_skew_r_reg[0][1][0]/D
                                                              -7.883        
u_array/u_xrowgen/dma_hi3_w2/CLK
                               u_array/u_xrowgen/st_skew_r_reg[0][1][2]/D
                                                              -7.848        
u_array/u_xrowgen/dma_hi3_w2/CLK
                               u_array/u_xrowgen/st_skew_r_reg[0][3][0]/D
                                                              -7.842        
u_array/u_xrowgen/dma_hi3_w2/CLK
                               u_array/u_xrowgen/st_skew_r_reg[1][0][1]/D
                                                              -7.822        
u_array/u_xrowgen/dma_hi3_w2/CLK
                               u_array/u_dma_x/cf_addr_reg[2][28]/CE
                                                              -7.806        
u_array/u_xrowgen/dma_hi3_w2/CLK
                               u_array/u_dma_x/cf_addr_reg[2][5]/CE
                                                              -7.806        
u_array/u_xrowgen/dma_hi3_w2/CLK
                               u_array/u_dma_x/cf_len_reg[2][3]/CE
                                                              -7.806        
u_array/u_xrowgen/dma_hi3_w2/CLK
                               u_array/u_dma_x/cf_len_reg[2][4]/CE
                                                              -7.806        
u_array/u_xrowgen/dma_hi3_w2/CLK
                               u_array/u_xrowgen/st_padall_r_reg[0][2]/D
                                                              -7.793        
u_array/u_xrowgen/dma_hi3_w2/CLK
                               u_array/u_xrowgen/st_padall_r_reg[0][1]/D
                                                              -7.790        
u_array/u_xrowgen/dma_hi3_w2/CLK
                               u_array/u_xrowgen/st_padall_r_reg[1][3]/D
                                                              -7.788        
u_array/u_xrowgen/dma_hi3_w2/CLK
                               u_array/u_xrowgen/cg_plane_r_reg[4]/CE
                                                              -7.773        
u_array/u_xrowgen/dma_hi3_w2/CLK
                               u_array/u_xrowgen/cg_plane_r_reg[5]/CE
                                                              -7.773        
u_array/u_xrowgen/dma_hi3_w2/CLK
                               u_array/u_xrowgen/cg_plane_r_reg[6]/CE
                                                              -7.773        
u_array/u_xrowgen/dma_hi3_w2/CLK
                               u_array/u_xrowgen/cg_plane_r_reg[7]/CE
                                                              -7.773        
u_array/u_xrowgen/dma_hi3_w2/CLK
                               u_array/u_xrowgen/st_padall_r_reg[0][3]/D
                                                              -7.772        
u_array/u_xrowgen/dma_hi3_w2/CLK
                               u_array/u_xrowgen/cg_plane_r_reg[0]/CE
                                                              -7.771        
u_array/u_xrowgen/dma_hi3_w2/CLK
                               u_array/u_xrowgen/cg_plane_r_reg[1]/CE
                                                              -7.771        
u_array/u_xrowgen/dma_hi3_w2/CLK
                               u_array/u_xrowgen/cg_plane_r_reg[2]/CE
                                                              -7.771        
u_array/u_xrowgen/dma_hi3_w2/CLK
                               u_array/u_xrowgen/cg_plane_r_reg[3]/CE
                                                              -7.771        
u_array/u_xrowgen/dma_hi3_w2/CLK
                               u_array/u_dma_x/cf_addr_reg[0][28]/CE
                                                              -7.753        
u_array/u_xrowgen/dma_hi3_w2/CLK
                               u_array/u_dma_x/cf_addr_reg[0][29]/CE
                                                              -7.753        
u_array/u_xrowgen/dma_hi3_w2/CLK
                               u_array/u_dma_x/cf_addr_reg[0][30]/CE
                                                              -7.753        
u_array/u_xrowgen/dma_hi3_w2/CLK
                               u_array/u_dma_x/cf_addr_reg[0][31]/CE
                                                              -7.753        
u_array/u_xrowgen/dma_hi3_w2/CLK
                               u_array/u_dma_x/cf_addr_reg[0][16]/CE
                                                              -7.753        
u_array/u_xrowgen/dma_hi3_w2/CLK
                               u_array/u_dma_x/cf_addr_reg[0][17]/CE
                                                              -7.753        
u_array/u_xrowgen/dma_hi3_w2/CLK
                               u_array/u_dma_x/cf_addr_reg[0][18]/CE
                                                              -7.753        
u_array/u_xrowgen/dma_hi3_w2/CLK
                               u_array/u_dma_x/cf_addr_reg[0][19]/CE
                                                              -7.753        
u_array/u_xrowgen/dma_hi3_w2/CLK
                               u_array/u_dma_x/cf_addr_reg[0][24]/CE
                                                              -7.753        
u_array/u_xrowgen/dma_hi3_w2/CLK
                               u_array/u_dma_x/cf_addr_reg[0][25]/CE
                                                              -7.753        
u_array/u_xrowgen/dma_hi3_w2/CLK
                               u_array/u_dma_x/cf_addr_reg[0][26]/CE
                                                              -7.753        
u_array/u_xrowgen/dma_hi3_w2/CLK
                               u_array/u_dma_x/cf_addr_reg[0][27]/CE
                                                              -7.753        
u_array/u_xrowgen/dma_hi3_w2/CLK
                               u_array/u_xrowgen/grp_ready_r_reg[1]/D
                                                              -7.748        
u_array/u_xrowgen/dma_hi3_w2/CLK
                               u_array/u_dma_x/cf_addr_reg[1][10]/CE
                                                              -7.744        
u_array/u_xrowgen/dma_hi3_w2/CLK
                               u_array/u_dma_x/cf_addr_reg[1][25]/CE
                                                              -7.744        



