Vivado Simulator v2025.2
Copyright 1986-2022 Xilinx, Inc. All Rights Reserved.
Copyright 2022-2025 Advanced Micro Devices, Inc. All Rights Reserved.
Running: F:/vivado2025/2025.2/Vivado/bin/unwrapped/win64.o/xelab.exe -debug typical tb_yolo_xrowgen glbl -s m7r3 -L blk_mem_gen_v8_4_12 -L unisim -L unisims_ver -timescale 1ns/1ps -log m7r3_xelab.log 
Multi-threading is on. Using 10 slave threads.
Starting static elaboration
Pass Through NonSizing Optimizer
Completed static elaboration
Starting simulation data flow analysis
Completed simulation data flow analysis
Time Resolution for simulation is 1ps
Compiling module work.yolo_xrowgen_default
Compiling module work.yolo_dma(WIDE=1)
Compiling module blk_mem_gen_v8_4_12.blk_mem_gen_v8_4_12_output_stage...
Compiling module blk_mem_gen_v8_4_12.blk_mem_gen_v8_4_12_output_stage...
Compiling module blk_mem_gen_v8_4_12.blk_mem_gen_v8_4_12_softecc_outp...
Compiling module blk_mem_gen_v8_4_12.blk_mem_gen_v8_4_12_mem_module(C...
Compiling module blk_mem_gen_v8_4_12.blk_mem_axi_regs_fwd_v8_4(C_DATA...
Compiling module blk_mem_gen_v8_4_12.blk_mem_gen_v8_4_12(C_FAMILY="zy...
Compiling module work.yolo_xbuf_bmg
Compiling module work.yolo_xbuf
Compiling module work.tb_yolo_xrowgen
Compiling module work.glbl
Built simulation snapshot m7r3
