# vsim +STIM=../stim/genE_k45_n49_rand +CASE=genE +WDT_MS=60 -do {run -all; quit -f} -l E:/competition/4_metrics/logs/2026-09-15_yolo7020_m0_conv_core_run02/sim_genE.log -c -novopt -gPH=0 -gIW=9 -gIC=5 -gIH=9 -gSW=1 -gOC=5 -gHAS_ACT=1 -gPAD_VAL=0 -gPW=0 -gSH=1 work.tb_yolo_conv_core 
# //  ModelSim SE-64 10.1c Jul 28 2012 
# //
# //  Copyright 1991-2012 Mentor Graphics Corporation
# //  All Rights Reserved.
# //
# //  THIS WORK CONTAINS TRADE SECRET AND PROPRIETARY INFORMATION
# //  WHICH IS THE PROPERTY OF MENTOR GRAPHICS CORPORATION OR ITS
# //  LICENSORS AND IS SUBJECT TO LICENSE TERMS.
# //
# Refreshing E:/competition/2_fpga/3_yolo_zynq/sim/msim/work.tb_yolo_conv_core
# Loading work.tb_yolo_conv_core
# Refreshing E:/competition/2_fpga/3_yolo_zynq/sim/msim/work.yolo_conv_core
# Loading work.yolo_conv_core
# run -all 
# [tb] case=genE IC=5 OC=5 KH=3 KW=3 IH=9 IW=9 SH=1 SW=1 PH=0 PW=0 PAD=0 ACT=1 KP=45 OH=7 OW=7 NY=245
# [tb] stim=../stim/genE_k45_n49_rand wdt_ms=60
# TB_CONVGEN_PASS case=genE compared=245/245
# ** Note: $finish    : ../tb_yolo_conv_core.v(241)
#    Time: 115225 ns  Iteration: 1  Instance: /tb_yolo_conv_core
