INFO: [VRFC 10-2263] Analyzing Verilog file "E:/competition/2_fpga/3_yolo_zynq/rtl/yolo_gemm_array.v" into library work_m10v27
INFO: [VRFC 10-311] analyzing module yolo_gemm_array
INFO: [VRFC 10-2263] Analyzing Verilog file "E:/competition/2_fpga/3_yolo_zynq/rtl/yolo_ctrl.v" into library work_m10v27
INFO: [VRFC 10-311] analyzing module yolo_ctrl
INFO: [VRFC 10-2263] Analyzing Verilog file "E:/competition/2_fpga/3_yolo_zynq/rtl/yolo_dma.v" into library work_m10v27
INFO: [VRFC 10-311] analyzing module yolo_dma
INFO: [VRFC 10-2263] Analyzing Verilog file "E:/competition/2_fpga/3_yolo_zynq/rtl/yolo_addrgen.v" into library work_m10v27
INFO: [VRFC 10-311] analyzing module yolo_addrgen
INFO: [VRFC 10-2263] Analyzing Verilog file "E:/competition/2_fpga/3_yolo_zynq/rtl/yolo_wbuf.v" into library work_m10v27
INFO: [VRFC 10-311] analyzing module yolo_wbuf
INFO: [VRFC 10-2263] Analyzing Verilog file "E:/competition/2_fpga/3_yolo_zynq/rtl/yolo_xbuf.v" into library work_m10v27
INFO: [VRFC 10-311] analyzing module yolo_xbuf
INFO: [VRFC 10-2263] Analyzing Verilog file "E:/competition/2_fpga/3_yolo_zynq/rtl/yolo_pe_pack.v" into library work_m10v27
INFO: [VRFC 10-311] analyzing module yolo_pe_pack
INFO: [VRFC 10-2263] Analyzing Verilog file "E:/competition/2_fpga/3_yolo_zynq/rtl/yolo_acc.v" into library work_m10v27
INFO: [VRFC 10-311] analyzing module yolo_acc
INFO: [VRFC 10-2263] Analyzing Verilog file "E:/competition/2_fpga/3_yolo_zynq/rtl/yolo_requant.v" into library work_m10v27
INFO: [VRFC 10-311] analyzing module yolo_requant
INFO: [VRFC 10-2263] Analyzing Verilog file "E:/competition/2_fpga/3_yolo_zynq/rtl/yolo_silu_lut.v" into library work_m10v27
INFO: [VRFC 10-311] analyzing module yolo_silu_lut
INFO: [VRFC 10-2263] Analyzing Verilog file "E:/competition/2_fpga/3_yolo_zynq/rtl/yolo_dma_wr.v" into library work_m10v27
INFO: [VRFC 10-311] analyzing module yolo_dma_wr
INFO: [VRFC 10-2263] Analyzing Verilog file "E:/competition/2_fpga/3_yolo_zynq/rtl/yolo_conv_core.v" into library work_m10v27
INFO: [VRFC 10-311] analyzing module yolo_conv_core
INFO: [VRFC 10-2263] Analyzing Verilog file "E:/competition/2_fpga/3_yolo_zynq/ip/yolo_xbuf_bmg/sim/yolo_xbuf_bmg.v" into library work_m10v27
INFO: [VRFC 10-311] analyzing module yolo_xbuf_bmg
INFO: [VRFC 10-2263] Analyzing Verilog file "E:/competition/2_fpga/3_yolo_zynq/ip/yolo_xbuf_bmg/simulation/blk_mem_gen_v8_4.v" into library work_m10v27
INFO: [VRFC 10-311] analyzing module STATE_LOGIC_v8_4
INFO: [VRFC 10-311] analyzing module beh_vlog_muxf7_v8_4
INFO: [VRFC 10-311] analyzing module beh_vlog_ff_clr_v8_4
INFO: [VRFC 10-311] analyzing module beh_vlog_ff_pre_v8_4
INFO: [VRFC 10-311] analyzing module beh_vlog_ff_ce_clr_v8_4
INFO: [VRFC 10-311] analyzing module write_netlist_v8_4
INFO: [VRFC 10-311] analyzing module read_netlist_v8_4
INFO: [VRFC 10-311] analyzing module blk_mem_axi_write_wrapper_beh_v8_4
INFO: [VRFC 10-311] analyzing module blk_mem_axi_read_wrapper_beh_v8_4
INFO: [VRFC 10-311] analyzing module blk_mem_axi_regs_fwd_v8_4
INFO: [VRFC 10-311] analyzing module blk_mem_gen_v8_4_12_output_stage
INFO: [VRFC 10-311] analyzing module blk_mem_gen_v8_4_12_softecc_output_reg_stage
INFO: [VRFC 10-311] analyzing module blk_mem_gen_v8_4_12_mem_module
INFO: [VRFC 10-311] analyzing module blk_mem_gen_v8_4_12
INFO: [VRFC 10-2263] Analyzing Verilog file "E:/competition/2_fpga/3_yolo_zynq/sim/tb_yolo_gemm_array.v" into library work_m10v27
INFO: [VRFC 10-311] analyzing module tb_yolo_gemm_array
INFO: [VRFC 10-2263] Analyzing Verilog file "F:/vivado2025/2025.2/data/verilog/src/glbl.v" into library work_m10v27
INFO: [VRFC 10-311] analyzing module glbl
Vivado Simulator v2025.2
Copyright 1986-2022 Xilinx, Inc. All Rights Reserved.
Copyright 2022-2025 Advanced Micro Devices, Inc. All Rights Reserved.
Running: F:/vivado2025/2025.2/Vivado/bin/unwrapped/win64.o/xelab.exe work_m10v27.tb_yolo_gemm_array work_m10v27.glbl -s snap_m10v27 -L unisim -L unisims_ver -timescale 1ns/1ps -log m10_v27_xelab.log 
Multi-threading is on. Using 10 slave threads.
Starting static elaboration
Pass Through NonSizing Optimizer
WARNING: [VRFC 10-3091] actual bit length 8 differs from formal bit length 16 for port 'wea' [E:/competition/2_fpga/3_yolo_zynq/rtl/yolo_xbuf.v:137]
WARNING: [VRFC 10-3091] actual bit length 64 differs from formal bit length 128 for port 'dina' [E:/competition/2_fpga/3_yolo_zynq/rtl/yolo_xbuf.v:139]
WARNING: [VRFC 10-3091] actual bit length 64 differs from formal bit length 128 for port 'doutb' [E:/competition/2_fpga/3_yolo_zynq/rtl/yolo_xbuf.v:143]
WARNING: [VRFC 10-3091] actual bit length 8 differs from formal bit length 16 for port 'wea' [E:/competition/2_fpga/3_yolo_zynq/rtl/yolo_xbuf.v:148]
WARNING: [VRFC 10-3091] actual bit length 64 differs from formal bit length 128 for port 'dina' [E:/competition/2_fpga/3_yolo_zynq/rtl/yolo_xbuf.v:150]
WARNING: [VRFC 10-3091] actual bit length 64 differs from formal bit length 128 for port 'doutb' [E:/competition/2_fpga/3_yolo_zynq/rtl/yolo_xbuf.v:154]
Completed static elaboration
Starting simulation data flow analysis
Completed simulation data flow analysis
Time Resolution for simulation is 1ps
Compiling module work_m10v27.yolo_ctrl(OC_EDGE=8,N_EDGE=8)
Compiling module work_m10v27.yolo_dma
Compiling module work_m10v27.yolo_addrgen
Compiling module work_m10v27.yolo_wbuf(N_ROWS=8,ROW_AW=3)
Compiling module work_m10v27.blk_mem_gen_v8_4_12_output_stage...
Compiling module work_m10v27.blk_mem_gen_v8_4_12_output_stage...
Compiling module work_m10v27.blk_mem_gen_v8_4_12_softecc_outp...
Compiling module work_m10v27.blk_mem_gen_v8_4_12_mem_module(C...
Compiling module work_m10v27.blk_mem_axi_regs_fwd_v8_4(C_DATA...
Compiling module work_m10v27.blk_mem_gen_v8_4_12(C_FAMILY="zy...
Compiling module work_m10v27.yolo_xbuf_bmg
Compiling module work_m10v27.yolo_xbuf(N_COLS=8,COL_AW=3)
Compiling module unisims_ver.DSP48E1(ADREG=0,ALUMODEREG=0,CAR...
Compiling module work_m10v27.yolo_pe_pack_default
Compiling module work_m10v27.yolo_acc
Compiling module work_m10v27.yolo_requant
Compiling module work_m10v27.yolo_silu_lut_default
Compiling module work_m10v27.yolo_dma_wr
Compiling module work_m10v27.yolo_gemm_array_default
Compiling module work_m10v27.yolo_conv_core(OC=7,IH=7,IW=7,SH...
Compiling module work_m10v27.yolo_conv_core(IC=64,IH=10,IW=10...
Compiling module work_m10v27.yolo_conv_core(IC=16,OC=9,KH=2,K...
Compiling module work_m10v27.yolo_conv_core(IC=256,OC=8,IH=5,...
Compiling module work_m10v27.tb_yolo_gemm_array
Compiling module work_m10v27.glbl
Built simulation snapshot snap_m10v27

****** xsim v2025.2 (64-bit)
  **** SW Build 6299465 on Fri Nov 14 19:35:11 GMT 2025
  **** IP Build 6300035 on Fri Nov 14 10:48:45 MST 2025
  **** SharedData Build 6298862 on Thu Nov 13 04:50:51 MST 2025
  **** Start of session at: Thu Sep 17 04:33:32 2026
    ** Copyright 1986-2022 Xilinx, Inc. All Rights Reserved.
    ** Copyright 2022-2025 Advanced Micro Devices, Inc. All Rights Reserved.

source xsim.dir/snap_m10v27/xsim_script.tcl
# xsim {snap_m10v27} -autoloadwcfg -runall
Time resolution is 1 ps
run -all
Block Memory Generator module tb_yolo_gemm_array.dut.u_xbuf.u_bank0.inst.native_mem_module.blk_mem_gen_v8_4_12_inst is using a behavioral model for simulation which will not precisely model memory collision behavior.
Block Memory Generator module tb_yolo_gemm_array.dut.u_xbuf.u_bank1.inst.native_mem_module.blk_mem_gen_v8_4_12_inst is using a behavioral model for simulation which will not precisely model memory collision behavior.
[tb] m10 stim=../stim/m10 layers=6 img_words=65621 total_out=438447
WARNING:  The value -1943132160.000000 ns of Delay Control Statement is negative. Considering twos complement. File:E:/competition/2_fpga/3_yolo_zynq/sim/tb_yolo_gemm_array.v :810
[tb] layer 0 done @t=29936000 (oc=7 n=49 k=27)
[tb] heartbeat t=10000000000 cur_layer=1 ywr=175719
[tb] heartbeat t=20000000000 cur_layer=1 ywr=351751
[tb] layer 1 done @t=23305386000 (oc=16 n=25600 k=27)
[tb] layer 2 done @t=23696076000 (oc=16 n=25 k=576)
[tb] layer 3 done @t=24122446000 (oc=9 n=256 k=64)
[tb] heartbeat t=30000000000 cur_layer=4 ywr=420519
[tb] heartbeat t=40000000000 cur_layer=4 ywr=433959
[tb] layer 4 done @t=43156496000 (oc=64 n=400 k=576)
blk_mem_gen_v8_4_12 WARNING: Address 900 is outside range for B Read
blk_mem_gen_v8_4_12 WARNING: Address 900 is outside range for B Read
blk_mem_gen_v8_4_12 WARNING: Address 900 is outside range for B Read
blk_mem_gen_v8_4_12 WARNING: Address 900 is outside range for B Read
blk_mem_gen_v8_4_12 WARNING: Address 900 is outside range for B Read
blk_mem_gen_v8_4_12 WARNING: Address 900 is outside range for B Read
blk_mem_gen_v8_4_12 WARNING: Address 900 is outside range for B Read
blk_mem_gen_v8_4_12 WARNING: Address 900 is outside range for B Read
[tb] layer 5 done @t=43927166000 (oc=8 n=25 k=2304)
TB_GEMM_ARRAY_PASS layers=6 compared=438447 dut_wr=438447 gold_wr=3247 ldone=6 adone=1
$finish called at time : 47771360 ns : File "E:/competition/2_fpga/3_yolo_zynq/sim/tb_yolo_gemm_array.v" Line 802
run: Time (s): cpu = 00:00:01 ; elapsed = 00:06:25 . Memory (MB): peak = 220.125 ; gain = 0.000
exit
INFO: xsimkernel Simulation Memory Usage: 32832 KB (Peak: 32832 KB), Simulation CPU Usage: 383859 ms
INFO: [Common 17-206] Exiting xsim at Thu Sep 17 04:39:59 2026...
