
****** xsim v2025.2 (64-bit)
  **** SW Build 6299465 on Fri Nov 14 19:35:11 GMT 2025
  **** IP Build 6300035 on Fri Nov 14 10:48:45 MST 2025
  **** SharedData Build 6298862 on Thu Nov 13 04:50:51 MST 2025
  **** Start of session at: Wed Sep 16 14:54:09 2026
    ** Copyright 1986-2022 Xilinx, Inc. All Rights Reserved.
    ** Copyright 2022-2025 Advanced Micro Devices, Inc. All Rights Reserved.

source xsim.dir/snap_eng/xsim_script.tcl
# xsim {snap_eng} -autoloadwcfg -runall
Time resolution is 1 ps
run -all
Block Memory Generator module tb_yolo_engine_top.dut.u_array.u_xbuf.u_bank0.inst.native_mem_module.blk_mem_gen_v8_4_12_inst is using a behavioral model for simulation which will not precisely model memory collision behavior.
Block Memory Generator module tb_yolo_engine_top.dut.u_array.u_xbuf.u_bank1.inst.native_mem_module.blk_mem_gen_v8_4_12_inst is using a behavioral model for simulation which will not precisely model memory collision behavior.
[tb] engine stim=../stim/m10 layers=6 img_words=65621 total_out=438447
WARNING:  The value -1943132160.000000 ns of Delay Control Statement is negative. Considering twos complement. File:E:/competition/2_fpga/3_yolo_zynq/sim/tb_yolo_engine_top.v :983
[tb] layer 0 done @t=35890000 (oc=7 n=49 k=27)
[tb] heartbeat t=10000000000 cur_layer=1 ywr=175535
[tb] heartbeat t=20000000000 cur_layer=1 ywr=351575
[tb] layer 1 done @t=23315890000 (oc=16 n=25600 k=27)
[tb] layer 2 done @t=23711470000 (oc=16 n=25 k=576)
[tb] layer 3 done @t=24142720000 (oc=9 n=256 k=64)
[tb] heartbeat t=30000000000 cur_layer=4 ywr=420455
[tb] heartbeat t=40000000000 cur_layer=4 ywr=433959
[tb] layer 4 done @t=43181830000 (oc=64 n=400 k=576)
[tb] layer 5 done @t=43957590000 (oc=8 n=25 k=2304)
TB_CSR_ENGINE_PASS layers=6 compared=438447 dut_wr=438447 gold_wr=3247 ldone=6 adone=1 csr=0
$finish called at time : 47802270 ns : File "E:/competition/2_fpga/3_yolo_zynq/sim/tb_yolo_engine_top.v" Line 975
run: Time (s): cpu = 00:00:01 ; elapsed = 00:11:41 . Memory (MB): peak = 220.676 ; gain = 0.000
exit
INFO: xsimkernel Simulation Memory Usage: 32532 KB (Peak: 32532 KB), Simulation CPU Usage: 692858 ms
INFO: [Common 17-206] Exiting xsim at Wed Sep 16 15:05:52 2026...
