{"time": "2026-09-12T22:37:58.867636+08:00", "event": "worker_ready"}
{"time": "2026-09-12T22:37:58.884328+08:00", "event": "connect_started", "address": "6A:C2:D2:F2:1B:5D"}
{"time": "2026-09-12T22:37:58.884328+08:00", "event": "connection_stage", "message": "\u91cd\u65b0\u626b\u63cf\u76ee\u6807\u5e7f\u64ad"}
{"time": "2026-09-12T22:37:59.445028+08:00", "event": "pairing_status", "paired": false, "address": "6A:C2:D2:F2:1B:5D"}
{"time": "2026-09-12T22:37:59.445028+08:00", "event": "connection_stage", "message": "GATT \u76f4\u8fde\uff08\u4e0d\u53d1\u8d77\u914d\u5bf9\uff09"}
{"time": "2026-09-12T22:38:01.566522+08:00", "event": "pairing_status", "paired": false, "address": "6A:C2:D2:F2:1B:5D"}
{"time": "2026-09-12T22:38:01.566522+08:00", "event": "connection_stage", "message": "\u8fdc\u7aef\u8bfb\u53d6 1/3 \u901a\u8fc7\uff1b\u4fdd\u6301\u8fde\u63a5"}
{"time": "2026-09-12T22:38:03.658274+08:00", "event": "connection_stage", "message": "\u8fdc\u7aef\u8bfb\u53d6 2/3 \u901a\u8fc7\uff1b\u4fdd\u6301\u8fde\u63a5"}
{"time": "2026-09-12T22:38:05.783903+08:00", "event": "connection_stage", "message": "\u8fdc\u7aef\u8bfb\u53d6 3/3 \u901a\u8fc7\uff1b\u4fdd\u6301\u8fde\u63a5"}
{"time": "2026-09-12T22:38:07.938871+08:00", "event": "notify_started", "uuid": "0000ffe1-0000-1000-8000-00805f9b34fb"}
{"time": "2026-09-12T22:38:07.938871+08:00", "event": "services", "services": [{"uuid": "00001800-0000-1000-8000-00805f9b34fb", "handle": 1, "characteristics": [{"uuid": "00002a00-0000-1000-8000-00805f9b34fb", "handle": 2, "properties": ["read"], "descriptors": []}, {"uuid": "00002a01-0000-1000-8000-00805f9b34fb", "handle": 4, "properties": ["read"], "descriptors": []}, {"uuid": "00002a02-0000-1000-8000-00805f9b34fb", "handle": 6, "properties": ["write", "read"], "descriptors": []}, {"uuid": "00002a03-0000-1000-8000-00805f9b34fb", "handle": 8, "properties": ["write"], "descriptors": []}, {"uuid": "00002a04-0000-1000-8000-00805f9b34fb", "handle": 10, "properties": ["read"], "descriptors": []}]}, {"uuid": "00001801-0000-1000-8000-00805f9b34fb", "handle": 12, "characteristics": [{"uuid": "00002a05-0000-1000-8000-00805f9b34fb", "handle": 13, "properties": ["indicate"], "descriptors": [{"handle": 15, "uuid": "00002902-0000-1000-8000-00805f9b34fb"}]}]}, {"uuid": "0000180a-0000-1000-8000-00805f9b34fb", "handle": 16, "characteristics": [{"uuid": "00002a23-0000-1000-8000-00805f9b34fb", "handle": 17, "properties": ["read"], "descriptors": []}, {"uuid": "00002a24-0000-1000-8000-00805f9b34fb", "handle": 19, "properties": ["read"], "descriptors": []}, {"uuid": "00002a25-0000-1000-8000-00805f9b34fb", "handle": 21, "properties": ["read"], "descriptors": []}, {"uuid": "00002a26-0000-1000-8000-00805f9b34fb", "handle": 23, "properties": ["read"], "descriptors": []}, {"uuid": "00002a27-0000-1000-8000-00805f9b34fb", "handle": 25, "properties": ["read"], "descriptors": []}, {"uuid": "00002a28-0000-1000-8000-00805f9b34fb", "handle": 27, "properties": ["read"], "descriptors": []}, {"uuid": "00002a29-0000-1000-8000-00805f9b34fb", "handle": 29, "properties": ["read"], "descriptors": []}, {"uuid": "00002a2a-0000-1000-8000-00805f9b34fb", "handle": 31, "properties": ["read"], "descriptors": []}, {"uuid": "00002a50-0000-1000-8000-00805f9b34fb", "handle": 33, "properties": ["read"], "descriptors": []}]}, {"uuid": "0000ffe0-0000-1000-8000-00805f9b34fb", "handle": 35, "characteristics": [{"uuid": "0000ffe1-0000-1000-8000-00805f9b34fb", "handle": 36, "properties": ["write", "notify", "write-without-response", "read"], "descriptors": [{"handle": 38, "uuid": "00002902-0000-1000-8000-00805f9b34fb"}, {"handle": 39, "uuid": "00002901-0000-1000-8000-00805f9b34fb"}]}]}]}
{"time": "2026-09-12T22:38:07.938871+08:00", "event": "connected", "address": "6A:C2:D2:F2:1B:5D", "mtu_size": 23, "verified": true, "auto_notify": true, "elapsed_s": 6.375}
{"time": "2026-09-12T22:38:08.198491+08:00", "event": "serial_open", "ready": true, "port": "COM4", "baud": 9600}
{"time": "2026-09-12T22:38:08.486915+08:00", "event": "write_complete", "uuid": "0000ffe1-0000-1000-8000-00805f9b34fb", "payload": "55aa0000ff31", "response": false}
{"time": "2026-09-12T22:38:09.095902+08:00", "event": "serial_received", "round": 0, "actual": "55aa0000ff31", "expected": "55aa0000ff31"}
{"time": "2026-09-12T22:38:09.173252+08:00", "event": "notification", "uuid": "0000ffe1-0000-1000-8000-00805f9b34fb", "payload": "aa5500ff0032"}
{"time": "2026-09-12T22:38:09.173252+08:00", "event": "round_pass", "round": 0, "ble_to_serial": 6, "serial_to_ble": 6}
{"time": "2026-09-12T22:38:29.218924+08:00", "event": "write_complete", "uuid": "0000ffe1-0000-1000-8000-00805f9b34fb", "payload": "55aa0100ff31", "response": false}
{"time": "2026-09-12T22:38:29.828682+08:00", "event": "serial_received", "round": 1, "actual": "55aa0100ff31", "expected": "55aa0100ff31"}
{"time": "2026-09-12T22:38:29.892109+08:00", "event": "notification", "uuid": "0000ffe1-0000-1000-8000-00805f9b34fb", "payload": "aa5501ff0032"}
{"time": "2026-09-12T22:38:29.892109+08:00", "event": "round_pass", "round": 1, "ble_to_serial": 6, "serial_to_ble": 6}
{"time": "2026-09-12T22:38:49.928058+08:00", "event": "write_complete", "uuid": "0000ffe1-0000-1000-8000-00805f9b34fb", "payload": "55aa0200ff31", "response": false}
{"time": "2026-09-12T22:38:50.535937+08:00", "event": "serial_received", "round": 2, "actual": "55aa0200ff31", "expected": "55aa0200ff31"}
{"time": "2026-09-12T22:38:50.598302+08:00", "event": "notification", "uuid": "0000ffe1-0000-1000-8000-00805f9b34fb", "payload": "aa5502ff0032"}
{"time": "2026-09-12T22:38:50.598302+08:00", "event": "round_pass", "round": 2, "ble_to_serial": 6, "serial_to_ble": 6}
{"time": "2026-09-12T22:39:08.112660+08:00", "event": "read_complete", "uuid": "00002a00-0000-1000-8000-00805f9b34fb", "payload": "4d4c542d42543035"}
{"time": "2026-09-12T22:39:08.439622+08:00", "event": "disconnected", "expected": true}
{"time": "2026-09-12T22:39:08.439622+08:00", "event": "result", "marker": "BLE_CONSOLE_V11_WORKER_BOARD_PASS", "rounds": 3, "ready_hold_s": 60.5, "bytes_each_direction": 18}
{"time": "2026-09-12T22:39:08.465725+08:00", "event": "serial_closed", "returncode": 0}
