[f100 CK0a start bit_sha=0e0ae18571394cf0 10:50:08]
[f100 CK1a ip_dict=['axi_dma_0', 'processing_system7_0', 'u_yolo_csr', 'u_yolo_gemm'] 10:50:18]
[f100 CK1b gemm=0x43c00000 csr=0x43c10000 dma=0x40400000 -> PASS 10:50:18]
[f100 CK_Fa fclk0_pre=150.0 MHz (boot state, before download) 10:50:18]
[f100 CK2a pre_locks=3 download_begin 10:50:18]
[f100 CK2b download_returned 10:50:18]
[f100 CK3 state=operating 10:50:18]
[f100 CK4 lock_delta=1 -> PASS 10:50:18]
[f100 CK_F0 raw FPGA0_CLK_CTRL=00200500 (exp 0x00200500; download programs it, no repair write this attempt) 10:50:18]
[f100 CK_Fb io_pll FBDIV=30 -> 1000.00 MHz src=0 div0=5 div1=2 true=100.000 MHz pynq_report=150.0 -> PASS 10:50:18]
[f100 CK5a sacrificial_first_reads_begin (GEMM + DMA) 10:50:18]
[f100 CK5b first_reads=OK 20260919 00000001 10:50:18]
[f100 CK5c GEMM_ID=0x20260919 CSR_ID=0x594F4C32 CSR_VER=0x00000300 10:50:18]
[f100 CK5d identity -> PASS 10:50:18]
[f100 PA_A begin GEMM regression (BD changed: ic0 M02 + PS7 HP0 added) 10:50:18]
[f100 CK6a S1_begin (seed 0x5119) 10:50:18]
[f100 CK6e S1 rb=128 bad=0 y_count=128 STATUS=00000028 PASS 10:50:18]
[f100 CK7a S2_begin (seed 0x2240) 10:50:18]
[f100 CK7c S2 rb+=32 bad+=0 stale@0 got=25 y_count=32 PASS 10:50:18]
[f100 CK8a S3_begin (seed 0x3396) 10:50:18]
[f100 CK8b S3 blk0 queued, grp1 concurrent load begin 10:50:18]
[f100 CK8d S3 rb+=128 bad+=0 y_count=128 STATUS=00000038 PASS 10:50:19]
[f100 CK9 soft_rst STATUS=00000000 y_count=0 ID=20260919 -> PASS 10:50:19]
[f100 PA_B begin DMA loopback 10:50:19]
[f100 DB1 reset_state MM2S_DMASR=00000001 S2MM_DMASR=00000001 (SGIncld=0, Halted=1 both) -> PASS 10:50:19]
[f100 DB2 run_bringup MM2S_DMASR=00000000 S2MM_DMASR=00000000 -> PASS 10:50:19]
[f100 DB3a cma src_phys=0x10048000 dst_phys=0x1004C000 size=16384 10:50:19]
[f100 DB3 basic4096 n=4096 MM2S_DMASR=00001002 S2MM_DMASR=00001002 cmp=OK 10:50:19]
[f100 DB4 sweep n=137 MM2S_DMASR=00001002 S2MM_DMASR=00001002 cmp=OK 10:50:19]
[f100 DB4 sweep n=1 MM2S_DMASR=00001002 S2MM_DMASR=00001002 cmp=OK 10:50:19]
[f100 DB4 sweep n=1000 MM2S_DMASR=00001002 S2MM_DMASR=00001002 cmp=OK 10:50:19]
[f100 DB4 sweep n=8192 MM2S_DMASR=00001002 S2MM_DMASR=00001002 cmp=OK 10:50:19]
[f100 DB4 size_sweep 137/1/1000/8192 -> PASS 10:50:19]
[f100 DB5 b2b0 n=4096 MM2S_DMASR=00001002 S2MM_DMASR=00001002 cmp=OK 10:50:19]
[f100 DB5 b2b1 n=4096 MM2S_DMASR=00001002 S2MM_DMASR=00001002 cmp=OK 10:50:19]
[f100 DB5 b2b2 n=4096 MM2S_DMASR=00001002 S2MM_DMASR=00001002 cmp=OK 10:50:19]
[f100 DB5 back_to_back x3 -> PASS 10:50:19]
[f100 DB6 stop_reset halted=1 post_rst DMACR=00010002/00010002 DMASR=00000001/00000001 -> PASS 10:50:19]
[f100 DB7 dma_recovery256 n=256 MM2S_DMASR=00001002 S2MM_DMASR=00001002 cmp=OK 10:50:19]
[f100 DB7a dma_recovery -> PASS 10:50:19]
[f100 DB7b S1_rerun rb=416 bad=0 y_count=128 STATUS=00000028 PASS 10:50:19]
[f100 CKz totals wop=3462 rop=863 rb_ok=416 rb_bad=0 db_ok=9 db_bad=0 10:50:19]
[f100 CKz BOARD_FREQ100_PASS 10:50:19]
