Copyright 1986-2022 Xilinx, Inc. All Rights Reserved. Copyright 2022-2025 Advanced Micro Devices, Inc. All Rights Reserved.
---------------------------------------------------------------------------------------------------------------------------------------------
| Tool Version : Vivado v.2025.2 (win64) Build 6299465 Fri Nov 14 19:35:11 GMT 2025
| Date         : Thu Sep 17 23:53:23 2026
| Host         : HC-202510241838 running 64-bit major release  (build 9200)
| Command      : report_timing_summary -file E:/competition/2_fpga/3_yolo_zynq/proj/ooc_gate/ooc_v28b60_timing.rpt
| Design       : yolo_engine_top
| Device       : 7z020-clg484
| Speed File   : -1  PRODUCTION 1.12 2019-11-22
| Design State : Routed
---------------------------------------------------------------------------------------------------------------------------------------------

Timing Summary Report

------------------------------------------------------------------------------------------------
| Timer Settings
| --------------
------------------------------------------------------------------------------------------------

  Enable Multi Corner Analysis               :  Yes
  Enable Pessimism Removal                   :  Yes
  Pessimism Removal Resolution               :  Nearest Common Node
  Enable Input Delay Default Clock           :  No
  Enable Preset / Clear Arcs                 :  No
  Disable Flight Delays                      :  No
  Ignore I/O Paths                           :  No
  Timing Early Launch at Borrowing Latches   :  No
  Borrow Time for Max Delay Exceptions       :  Yes
  Merge Timing Exceptions                    :  Yes
  Inter-SLR Compensation                     :  Conservative

  Corner  Analyze    Analyze    
  Name    Max Paths  Min Paths  
  ------  ---------  ---------  
  Slow    Yes        Yes        
  Fast    Yes        Yes        


------------------------------------------------------------------------------------------------
| Report Methodology
| ------------------
------------------------------------------------------------------------------------------------

No report available as report_methodology has not been run prior. Run report_methodology on the current design for the summary of methodology violations.



check_timing report

Table of Contents
-----------------
1. checking no_clock (0)
2. checking constant_clock (0)
3. checking pulse_width_clock (0)
4. checking unconstrained_internal_endpoints (0)
5. checking no_input_delay (205)
6. checking no_output_delay (231)
7. checking multiple_clock (0)
8. checking generated_clocks (0)
9. checking loops (0)
10. checking partial_input_delay (0)
11. checking partial_output_delay (0)
12. checking latch_loops (0)

1. checking no_clock (0)
------------------------
 There are 0 register/latch pins with no clock.


2. checking constant_clock (0)
------------------------------
 There are 0 register/latch pins with constant_clock.


3. checking pulse_width_clock (0)
---------------------------------
 There are 0 register/latch pins which need pulse_width check


4. checking unconstrained_internal_endpoints (0)
------------------------------------------------
 There are 0 pins that are not constrained for maximum delay.

 There are 0 pins that are not constrained for maximum delay due to constant clock.


5. checking no_input_delay (205)
--------------------------------
 There are 205 input ports with no input delay specified. (HIGH)

 There are 0 input ports with no input delay but user has a false path constraint.


6. checking no_output_delay (231)
---------------------------------
 There are 231 ports with no output delay specified. (HIGH)

 There are 0 ports with no output delay but user has a false path constraint

 There are 0 ports with no output delay but with a timing clock defined on it or propagating through it


7. checking multiple_clock (0)
------------------------------
 There are 0 register/latch pins with multiple clocks.


8. checking generated_clocks (0)
--------------------------------
 There are 0 generated clocks that are not connected to a clock source.


9. checking loops (0)
---------------------
 There are 0 combinational loops in the design.


10. checking partial_input_delay (0)
------------------------------------
 There are 0 input ports with partial input delay specified.


11. checking partial_output_delay (0)
-------------------------------------
 There are 0 ports with partial output delay specified.


12. checking latch_loops (0)
----------------------------
 There are 0 combinational latch loops in the design through latch input



------------------------------------------------------------------------------------------------
| Design Timing Summary
| ---------------------
------------------------------------------------------------------------------------------------

    WNS(ns)      TNS(ns)  TNS Failing Endpoints  TNS Total Endpoints      WHS(ns)      THS(ns)  THS Failing Endpoints  THS Total Endpoints     WPWS(ns)     TPWS(ns)  TPWS Failing Endpoints  TPWS Total Endpoints  
    -------      -------  ---------------------  -------------------      -------      -------  ---------------------  -------------------     --------     --------  ----------------------  --------------------  
      0.806        0.000                      0                84820        0.040        0.000                      0                84820        7.083        0.000                       0                 34291  


All user specified timing constraints are met.


------------------------------------------------------------------------------------------------
| Clock Summary
| -------------
------------------------------------------------------------------------------------------------

Clock  Waveform(ns)       Period(ns)      Frequency(MHz)
-----  ------------       ----------      --------------
clk_i  {0.000 8.334}      16.667          59.999          


------------------------------------------------------------------------------------------------
| Intra Clock Table
| -----------------
------------------------------------------------------------------------------------------------

Clock             WNS(ns)      TNS(ns)  TNS Failing Endpoints  TNS Total Endpoints      WHS(ns)      THS(ns)  THS Failing Endpoints  THS Total Endpoints     WPWS(ns)     TPWS(ns)  TPWS Failing Endpoints  TPWS Total Endpoints  
-----             -------      -------  ---------------------  -------------------      -------      -------  ---------------------  -------------------     --------     --------  ----------------------  --------------------  
clk_i               0.806        0.000                      0                84820        0.040        0.000                      0                84820        7.083        0.000                       0                 34291  


------------------------------------------------------------------------------------------------
| Inter Clock Table
| -----------------
------------------------------------------------------------------------------------------------

From Clock    To Clock          WNS(ns)      TNS(ns)  TNS Failing Endpoints  TNS Total Endpoints      WHS(ns)      THS(ns)  THS Failing Endpoints  THS Total Endpoints  
----------    --------          -------      -------  ---------------------  -------------------      -------      -------  ---------------------  -------------------  


------------------------------------------------------------------------------------------------
| Other Path Groups Table
| -----------------------
------------------------------------------------------------------------------------------------

Path Group    From Clock    To Clock          WNS(ns)      TNS(ns)  TNS Failing Endpoints  TNS Total Endpoints      WHS(ns)      THS(ns)  THS Failing Endpoints  THS Total Endpoints  
----------    ----------    --------          -------      -------  ---------------------  -------------------      -------      -------  ---------------------  -------------------  


------------------------------------------------------------------------------------------------
| Timing Details
| --------------
------------------------------------------------------------------------------------------------


---------------------------------------------------------------------------------------------------
From Clock:  clk_i
  To Clock:  clk_i

Setup :            0  Failing Endpoints,  Worst Slack        0.806ns,  Total Violation        0.000ns
Hold  :            0  Failing Endpoints,  Worst Slack        0.040ns,  Total Violation        0.000ns
PW    :            0  Failing Endpoints,  Worst Slack        7.083ns,  Total Violation        0.000ns
---------------------------------------------------------------------------------------------------


Max Delay Paths
--------------------------------------------------------------------------------------
Slack (MET) :             0.806ns  (required time - arrival time)
  Source:                 u_array/u_xrowgen/dma_hi0_w2/CLK
                            (rising edge-triggered cell DSP48E1 clocked by clk_i  {rise@0.000ns fall@8.333ns period=16.667ns})
  Destination:            u_array/u_xrowgen/cg_khiw_r_reg[4]/R
                            (rising edge-triggered cell FDRE clocked by clk_i  {rise@0.000ns fall@8.333ns period=16.667ns})
  Path Group:             clk_i
  Path Type:              Setup (Max at Slow Process Corner)
  Requirement:            16.667ns  (clk_i rise@16.667ns - clk_i rise@0.000ns)
  Data Path Delay:        15.348ns  (logic 9.212ns (60.021%)  route 6.136ns (39.979%))
  Logic Levels:           13  (CARRY4=3 DSP48E1=1 LUT2=1 LUT4=4 LUT6=4)
  Clock Path Skew:        -0.049ns (DCD - SCD + CPR)
    Destination Clock Delay (DCD):    0.924ns = ( 17.591 - 16.667 ) 
    Source Clock Delay      (SCD):    0.973ns
    Clock Pessimism Removal (CPR):    0.000ns
  Clock Uncertainty:      0.035ns  ((TSJ^2 + TIJ^2)^1/2 + DJ) / 2 + PE
    Total System Jitter     (TSJ):    0.071ns
    Total Input Jitter      (TIJ):    0.000ns
    Discrete Jitter          (DJ):    0.000ns
    Phase Error              (PE):    0.000ns

    Location             Delay type                Incr(ns)  Path(ns)    Netlist Resource(s)
  -------------------------------------------------------------------    -------------------
                         (clock clk_i rise edge)      0.000     0.000 r  
                                                      0.000     0.000 r  clk_i (IN)
                         net (fo=34301, unset)        0.973     0.973    u_array/u_xrowgen/clk_i
    DSP48_X2Y56          DSP48E1                                      r  u_array/u_xrowgen/dma_hi0_w2/CLK
  -------------------------------------------------------------------    -------------------
    DSP48_X2Y56          DSP48E1 (Prop_dsp48e1_CLK_PCOUT[47])
                                                      5.515     6.488 r  u_array/u_xrowgen/dma_hi0_w2/PCOUT[47]
                         net (fo=1, routed)           0.002     6.490    u_array/u_xrowgen/dma_hi0_w2_n_106
    DSP48_X2Y57          DSP48E1 (Prop_dsp48e1_PCIN[47]_P[0])
                                                      1.518     8.008 r  u_array/u_xrowgen/dma_hi0_w/P[0]
                         net (fo=1, routed)           0.731     8.739    u_array/u_xrowgen/dma_hi0_w_n_105
    SLICE_X35Y140        LUT2 (Prop_lut2_I1_O)        0.124     8.863 r  u_array/u_xrowgen/iq_last_r[7][0]_i_169/O
                         net (fo=1, routed)           0.000     8.863    u_array/u_xrowgen/iq_last_r[7][0]_i_169_n_0
    SLICE_X35Y140        CARRY4 (Prop_carry4_S[0]_CO[3])
                                                      0.532     9.395 r  u_array/u_xrowgen/iq_last_r_reg[7][0]_i_74/CO[3]
                         net (fo=1, routed)           0.000     9.395    u_array/u_xrowgen/iq_last_r_reg[7][0]_i_74_n_0
    SLICE_X35Y141        CARRY4 (Prop_carry4_CI_CO[3])
                                                      0.114     9.509 r  u_array/u_xrowgen/iq_last_r_reg[7][0]_i_22/CO[3]
                         net (fo=1, routed)           0.000     9.509    u_array/u_xrowgen/iq_last_r_reg[7][0]_i_22_n_0
    SLICE_X35Y142        CARRY4 (Prop_carry4_CI_O[2])
                                                      0.239     9.748 f  u_array/u_xrowgen/iq_last_r_reg[7][0]_i_6/O[2]
                         net (fo=1, routed)           1.104    10.852    u_array/u_xrowgen/iq_last_r_reg[7][0]_i_6_n_5
    SLICE_X48Y134        LUT6 (Prop_lut6_I0_O)        0.302    11.154 r  u_array/u_xrowgen/iq_last_r[7][0]_i_2/O
                         net (fo=3, routed)           0.448    11.603    u_array/u_xrowgen/dma0_w
    SLICE_X48Y134        LUT6 (Prop_lut6_I5_O)        0.124    11.727 r  u_array/u_xrowgen/cg_grp_cmd_r_i_2/O
                         net (fo=11, routed)          0.452    12.179    u_array/u_xrowgen/dma_cur_w
    SLICE_X50Y134        LUT6 (Prop_lut6_I0_O)        0.124    12.303 r  u_array/u_xrowgen/cf_wp_r[1]_i_2/O
                         net (fo=7, routed)           0.435    12.738    u_array/u_dma_x/cmd_valid_o
    SLICE_X52Y134        LUT4 (Prop_lut4_I3_O)        0.124    12.862 r  u_array/u_dma_x/iq_cnt_r[3]_i_3/O
                         net (fo=6, routed)           0.736    13.598    u_array/u_xrowgen/iq_push_w
    SLICE_X60Y135        LUT4 (Prop_lut4_I0_O)        0.124    13.722 r  u_array/u_xrowgen/cg_cnt_r[0]_i_3/O
                         net (fo=6, routed)           0.463    14.185    u_array/u_xrowgen/p_169_in
    SLICE_X60Y134        LUT4 (Prop_lut4_I0_O)        0.124    14.309 r  u_array/u_xrowgen/cg_cnt_r[0]_i_2/O
                         net (fo=12, routed)          0.566    14.876    u_array/u_xrowgen/adv_now_w
    SLICE_X60Y134        LUT6 (Prop_lut6_I1_O)        0.124    15.000 r  u_array/u_xrowgen/cg_khiw_r[15]_i_2/O
                         net (fo=26, routed)          0.541    15.541    u_array/u_xrowgen/cg_khiw_r[15]_i_2_n_0
    SLICE_X63Y133        LUT4 (Prop_lut4_I0_O)        0.124    15.665 r  u_array/u_xrowgen/cg_khiw_r[15]_i_1/O
                         net (fo=16, routed)          0.656    16.321    u_array/u_xrowgen/cg_khiw_r[15]_i_1_n_0
    SLICE_X67Y131        FDRE                                         r  u_array/u_xrowgen/cg_khiw_r_reg[4]/R
  -------------------------------------------------------------------    -------------------

                         (clock clk_i rise edge)     16.667    16.667 r  
                                                      0.000    16.667 r  clk_i (IN)
                         net (fo=34301, unset)        0.924    17.591    u_array/u_xrowgen/clk_i
    SLICE_X67Y131        FDRE                                         r  u_array/u_xrowgen/cg_khiw_r_reg[4]/C
                         clock pessimism              0.000    17.591    
                         clock uncertainty           -0.035    17.556    
    SLICE_X67Y131        FDRE (Setup_fdre_C_R)       -0.429    17.127    u_array/u_xrowgen/cg_khiw_r_reg[4]
  -------------------------------------------------------------------
                         required time                         17.127    
                         arrival time                         -16.321    
  -------------------------------------------------------------------
                         slack                                  0.806    





Min Delay Paths
--------------------------------------------------------------------------------------
Slack (MET) :             0.040ns  (arrival time - required time)
  Source:                 u_array/sh_wr_r_reg_rep__5/C
                            (rising edge-triggered cell FDCE clocked by clk_i  {rise@0.000ns fall@8.333ns period=16.667ns})
  Destination:            u_array/sh_acc_r_reg_0_1_1866_1871/RAMA/WADR0
                            (rising edge-triggered cell RAMD32 clocked by clk_i  {rise@0.000ns fall@8.333ns period=16.667ns})
  Path Group:             clk_i
  Path Type:              Hold (Min at Fast Process Corner)
  Requirement:            0.000ns  (clk_i rise@0.000ns - clk_i rise@0.000ns)
  Data Path Delay:        0.372ns  (logic 0.141ns (37.940%)  route 0.231ns (62.060%))
  Logic Levels:           0  
  Clock Path Skew:        0.022ns (DCD - SCD - CPR)
    Destination Clock Delay (DCD):    0.432ns
    Source Clock Delay      (SCD):    0.410ns
    Clock Pessimism Removal (CPR):    -0.000ns

    Location             Delay type                Incr(ns)  Path(ns)    Netlist Resource(s)
  -------------------------------------------------------------------    -------------------
                         (clock clk_i rise edge)      0.000     0.000 r  
                                                      0.000     0.000 r  clk_i (IN)
                         net (fo=34301, unset)        0.410     0.410    u_array/clk_i
    SLICE_X31Y28         FDCE                                         r  u_array/sh_wr_r_reg_rep__5/C
  -------------------------------------------------------------------    -------------------
    SLICE_X31Y28         FDCE (Prop_fdce_C_Q)         0.141     0.551 r  u_array/sh_wr_r_reg_rep__5/Q
                         net (fo=512, routed)         0.231     0.782    u_array/sh_acc_r_reg_0_1_1866_1871/ADDRD0
    SLICE_X30Y28         RAMD32                                       r  u_array/sh_acc_r_reg_0_1_1866_1871/RAMA/WADR0
  -------------------------------------------------------------------    -------------------

                         (clock clk_i rise edge)      0.000     0.000 r  
                                                      0.000     0.000 r  clk_i (IN)
                         net (fo=34301, unset)        0.432     0.432    u_array/sh_acc_r_reg_0_1_1866_1871/WCLK
    SLICE_X30Y28         RAMD32                                       r  u_array/sh_acc_r_reg_0_1_1866_1871/RAMA/CLK
                         clock pessimism              0.000     0.432    
    SLICE_X30Y28         RAMD32 (Hold_ramd32_CLK_WADR0)
                                                      0.310     0.742    u_array/sh_acc_r_reg_0_1_1866_1871/RAMA
  -------------------------------------------------------------------
                         required time                         -0.742    
                         arrival time                           0.782    
  -------------------------------------------------------------------
                         slack                                  0.040    





Pulse Width Checks
--------------------------------------------------------------------------------------
Clock Name:         clk_i
Waveform(ns):       { 0.000 8.333 }
Period(ns):         16.667
Sources:            { clk_i }

Check Type        Corner  Lib Pin             Reference Pin  Required(ns)  Actual(ns)  Slack(ns)  Location      Pin
Min Period        n/a     RAMB36E1/CLKARDCLK  n/a            2.944         16.667      13.723     RAMB36_X4Y7   u_array/u_xbuf/u_bank0/U0/inst_blk_mem_gen/gnbram.gnativebmg.native_blk_mem_gen/valid.cstr/ramloop[0].ram.r/prim_noinit.ram/DEVICE_7SERIES.NO_BMM_INFO.SDP.SIMPLE_PRIM36.ram/CLKARDCLK
Low Pulse Width   Slow    RAMD32/CLK          n/a            1.250         8.334       7.084      SLICE_X42Y66  u_array/sh_acc_r_reg_0_1_0_5/RAMA/CLK
High Pulse Width  Slow    RAMD32/CLK          n/a            1.250         8.334       7.084      SLICE_X42Y66  u_array/sh_acc_r_reg_0_1_0_5/RAMA/CLK



