Copyright 1986-2022 Xilinx, Inc. All Rights Reserved. Copyright 2022-2025 Advanced Micro Devices, Inc. All Rights Reserved.
-------------------------------------------------------------------------------------------------------------------------------------------------
| Tool Version     : Vivado v.2025.2 (win64) Build 6299465 Fri Nov 14 19:35:11 GMT 2025
| Date             : Thu Sep 17 23:55:21 2026
| Host             : HC-202510241838 running 64-bit major release  (build 9200)
| Command          : report_power -file v28b60_power.rpt
| Design           : yolo_engine_top
| Device           : xc7z020clg484-1
| Design State     : routed
| Grade            : commercial
| Process          : typical
| Characterization : Production
-------------------------------------------------------------------------------------------------------------------------------------------------

Power Report

Table of Contents
-----------------
1. Summary
1.1 On-Chip Components
1.2 Power Supply Summary
1.3 Confidence Level
2. Settings
2.1 Environment
2.2 Clock Constraints
3. Detailed Reports
3.1 By Hierarchy

1. Summary
----------

+--------------------------+--------------+
| Total On-Chip Power (W)  | 0.722        |
| Design Power Budget (W)  | Unspecified* |
| Power Budget Margin (W)  | NA           |
| Dynamic (W)              | 0.606        |
| Device Static (W)        | 0.116        |
| Effective TJA (C/W)      | 11.5         |
| Max Ambient (C)          | 76.7         |
| Junction Temperature (C) | 33.3         |
| Confidence Level         | Medium       |
| Setting File             | ---          |
| Simulation Activity File | ---          |
| Design Nets Matched      | NA           |
+--------------------------+--------------+
* Specify Design Power Budget using, set_operating_conditions -design_power_budget <value in Watts>


1.1 On-Chip Components
----------------------

+--------------------------+-----------+----------+-----------+-----------------+
| On-Chip                  | Power (W) | Used     | Available | Utilization (%) |
+--------------------------+-----------+----------+-----------+-----------------+
| Clocks                   |     0.065 |        3 |       --- |             --- |
| Slice Logic              |     0.157 |    90037 |       --- |             --- |
|   LUT as Logic           |     0.125 |    41251 |     53200 |           77.54 |
|   LUT as Distributed RAM |     0.015 |     6302 |     17400 |           36.22 |
|   CARRY4                 |     0.012 |     3627 |     13300 |           27.27 |
|   Register               |     0.002 |    21412 |    106400 |           20.12 |
|   F7/F8 Muxes            |     0.002 |     3455 |     53200 |            6.49 |
|   LUT as Shift Register  |    <0.001 |       25 |     17400 |            0.14 |
|   Others                 |     0.000 |      462 |       --- |             --- |
| Signals                  |     0.241 |    76287 |       --- |             --- |
| Block RAM                |     0.062 |       52 |       140 |           37.14 |
| DSPs                     |     0.082 |      147 |       220 |           66.82 |
| Static Power             |     0.116 |          |           |                 |
| Total                    |     0.722 |          |           |                 |
+--------------------------+-----------+----------+-----------+-----------------+


1.2 Power Supply Summary
------------------------

+-----------+-------------+-----------+-------------+------------+-------------+-------------+------------+
| Source    | Voltage (V) | Total (A) | Dynamic (A) | Static (A) | Powerup (A) | Budget (A)  | Margin (A) |
+-----------+-------------+-----------+-------------+------------+-------------+-------------+------------+
| Vccint    |       1.000 |     0.615 |       0.604 |      0.011 |       NA    | Unspecified | NA         |
| Vccaux    |       1.800 |     0.012 |       0.000 |      0.012 |       NA    | Unspecified | NA         |
| Vcco33    |       3.300 |     0.000 |       0.000 |      0.000 |       NA    | Unspecified | NA         |
| Vcco25    |       2.500 |     0.000 |       0.000 |      0.000 |       NA    | Unspecified | NA         |
| Vcco18    |       1.800 |     0.000 |       0.000 |      0.000 |       NA    | Unspecified | NA         |
| Vcco15    |       1.500 |     0.000 |       0.000 |      0.000 |       NA    | Unspecified | NA         |
| Vcco135   |       1.350 |     0.000 |       0.000 |      0.000 |       NA    | Unspecified | NA         |
| Vcco12    |       1.200 |     0.000 |       0.000 |      0.000 |       NA    | Unspecified | NA         |
| Vccaux_io |       1.800 |     0.000 |       0.000 |      0.000 |       NA    | Unspecified | NA         |
| Vccbram   |       1.000 |     0.005 |       0.002 |      0.003 |       NA    | Unspecified | NA         |
| MGTAVcc   |       1.000 |     0.000 |       0.000 |      0.000 |       NA    | Unspecified | NA         |
| MGTAVtt   |       1.200 |     0.000 |       0.000 |      0.000 |       NA    | Unspecified | NA         |
| MGTVccaux |       1.800 |     0.000 |       0.000 |      0.000 |       NA    | Unspecified | NA         |
| Vccpint   |       1.000 |     0.021 |       0.000 |      0.021 |       NA    | Unspecified | NA         |
| Vccpaux   |       1.800 |     0.010 |       0.000 |      0.010 |       NA    | Unspecified | NA         |
| Vccpll    |       1.800 |     0.003 |       0.000 |      0.003 |       NA    | Unspecified | NA         |
| Vcco_ddr  |       1.500 |     0.000 |       0.000 |      0.000 |       NA    | Unspecified | NA         |
| Vcco_mio0 |       1.800 |     0.000 |       0.000 |      0.000 |       NA    | Unspecified | NA         |
| Vcco_mio1 |       1.800 |     0.000 |       0.000 |      0.000 |       NA    | Unspecified | NA         |
| Vccadc    |       1.800 |     0.020 |       0.000 |      0.020 |       NA    | Unspecified | NA         |
+-----------+-------------+-----------+-------------+------------+-------------+-------------+------------+


1.3 Confidence Level
--------------------

+-----------------------------+------------+------------------------------------------------+------------------------------------------------------------------------------------------------------------+
| User Input Data             | Confidence | Details                                        | Action                                                                                                     |
+-----------------------------+------------+------------------------------------------------+------------------------------------------------------------------------------------------------------------+
| Design implementation state | High       | Design is routed                               |                                                                                                            |
| Clock nodes activity        | High       | User specified more than 95% of clocks         |                                                                                                            |
| I/O nodes activity          | High       | User specified more than 95% of inputs         |                                                                                                            |
| Internal nodes activity     | Medium     | User specified less than 25% of internal nodes | Provide missing internal nodes activity with simulation results or by editing the "By Resource Type" views |
| Device models               | High       | Device models are Production                   |                                                                                                            |
|                             |            |                                                |                                                                                                            |
| Overall confidence level    | Medium     |                                                |                                                                                                            |
+-----------------------------+------------+------------------------------------------------+------------------------------------------------------------------------------------------------------------+


2. Settings
-----------

2.1 Environment
---------------

+-----------------------+------------------------+
| Ambient Temp (C)      | 25.0                   |
| ThetaJA (C/W)         | 11.5                   |
| Airflow (LFM)         | 250                    |
| Heat Sink             | none                   |
| ThetaSA (C/W)         | 0.0                    |
| Board Selection       | medium (10"x10")       |
| # of Board Layers     | 8to11 (8 to 11 Layers) |
| Board Temperature (C) | 25.0                   |
+-----------------------+------------------------+


2.2 Clock Constraints
---------------------

+-------+--------+-----------------+
| Clock | Domain | Constraint (ns) |
+-------+--------+-----------------+
| clk_i | clk_i  |            16.7 |
+-------+--------+-----------------+


3. Detailed Reports
-------------------

3.1 By Hierarchy
----------------

+------------------------------------+-----------+
| Name                               | Power (W) |
+------------------------------------+-----------+
| yolo_engine_top                    |     0.606 |
|   u_array                          |     0.603 |
|     g_acc[0].u_acc_g               |     0.004 |
|     g_acc[10].u_acc_g              |     0.004 |
|     g_acc[11].u_acc_g              |     0.004 |
|     g_acc[12].u_acc_g              |     0.004 |
|     g_acc[13].u_acc_g              |     0.004 |
|     g_acc[14].u_acc_g              |     0.004 |
|     g_acc[15].u_acc_g              |     0.004 |
|     g_acc[16].u_acc_g              |     0.004 |
|     g_acc[17].u_acc_g              |     0.004 |
|     g_acc[18].u_acc_g              |     0.004 |
|     g_acc[19].u_acc_g              |     0.004 |
|     g_acc[1].u_acc_g               |     0.004 |
|     g_acc[20].u_acc_g              |     0.004 |
|     g_acc[21].u_acc_g              |     0.004 |
|     g_acc[22].u_acc_g              |     0.004 |
|     g_acc[23].u_acc_g              |     0.004 |
|     g_acc[24].u_acc_g              |     0.004 |
|     g_acc[25].u_acc_g              |     0.004 |
|     g_acc[26].u_acc_g              |     0.004 |
|     g_acc[27].u_acc_g              |     0.004 |
|     g_acc[28].u_acc_g              |     0.004 |
|     g_acc[29].u_acc_g              |     0.004 |
|     g_acc[2].u_acc_g               |     0.004 |
|     g_acc[30].u_acc_g              |     0.004 |
|     g_acc[31].u_acc_g              |     0.004 |
|     g_acc[3].u_acc_g               |     0.004 |
|     g_acc[4].u_acc_g               |     0.004 |
|     g_acc[5].u_acc_g               |     0.004 |
|     g_acc[6].u_acc_g               |     0.004 |
|     g_acc[7].u_acc_g               |     0.004 |
|     g_acc[8].u_acc_g               |     0.004 |
|     g_acc[9].u_acc_g               |     0.004 |
|     g_pe_row[0].g_pe_pair[0].u_pe  |     0.001 |
|     g_pe_row[0].g_pe_pair[3].u_pe  |     0.001 |
|     g_pe_row[0].g_pe_pair[7].u_pe  |     0.002 |
|     g_pe_row[10].g_pe_pair[0].u_pe |     0.001 |
|     g_pe_row[10].g_pe_pair[1].u_pe |     0.001 |
|     g_pe_row[10].g_pe_pair[2].u_pe |     0.001 |
|     g_pe_row[10].g_pe_pair[3].u_pe |     0.001 |
|     g_pe_row[10].g_pe_pair[5].u_pe |     0.001 |
|     g_pe_row[10].g_pe_pair[7].u_pe |     0.002 |
|     g_pe_row[11].g_pe_pair[7].u_pe |     0.002 |
|     g_pe_row[12].g_pe_pair[0].u_pe |     0.001 |
|     g_pe_row[12].g_pe_pair[1].u_pe |     0.001 |
|     g_pe_row[12].g_pe_pair[2].u_pe |     0.001 |
|     g_pe_row[12].g_pe_pair[3].u_pe |     0.001 |
|     g_pe_row[12].g_pe_pair[4].u_pe |     0.001 |
|     g_pe_row[12].g_pe_pair[5].u_pe |     0.001 |
|     g_pe_row[12].g_pe_pair[7].u_pe |     0.002 |
|     g_pe_row[13].g_pe_pair[7].u_pe |     0.002 |
|     g_pe_row[14].g_pe_pair[6].u_pe |     0.001 |
|     g_pe_row[14].g_pe_pair[7].u_pe |     0.002 |
|     g_pe_row[15].g_pe_pair[0].u_pe |     0.001 |
|     g_pe_row[15].g_pe_pair[1].u_pe |     0.001 |
|     g_pe_row[15].g_pe_pair[2].u_pe |     0.001 |
|     g_pe_row[15].g_pe_pair[4].u_pe |     0.001 |
|     g_pe_row[15].g_pe_pair[5].u_pe |     0.001 |
|     g_pe_row[15].g_pe_pair[7].u_pe |     0.002 |
|     g_pe_row[1].g_pe_pair[6].u_pe  |     0.001 |
|     g_pe_row[1].g_pe_pair[7].u_pe  |     0.002 |
|     g_pe_row[2].g_pe_pair[1].u_pe  |     0.001 |
|     g_pe_row[2].g_pe_pair[2].u_pe  |     0.001 |
|     g_pe_row[2].g_pe_pair[3].u_pe  |     0.001 |
|     g_pe_row[2].g_pe_pair[4].u_pe  |     0.001 |
|     g_pe_row[2].g_pe_pair[7].u_pe  |     0.002 |
|     g_pe_row[3].g_pe_pair[7].u_pe  |     0.002 |
|     g_pe_row[4].g_pe_pair[6].u_pe  |     0.001 |
|     g_pe_row[4].g_pe_pair[7].u_pe  |     0.002 |
|     g_pe_row[5].g_pe_pair[1].u_pe  |     0.001 |
|     g_pe_row[5].g_pe_pair[3].u_pe  |     0.001 |
|     g_pe_row[5].g_pe_pair[7].u_pe  |     0.002 |
|     g_pe_row[6].g_pe_pair[1].u_pe  |     0.001 |
|     g_pe_row[6].g_pe_pair[2].u_pe  |     0.001 |
|     g_pe_row[6].g_pe_pair[3].u_pe  |     0.001 |
|     g_pe_row[6].g_pe_pair[5].u_pe  |     0.001 |
|     g_pe_row[6].g_pe_pair[6].u_pe  |     0.001 |
|     g_pe_row[6].g_pe_pair[7].u_pe  |     0.002 |
|     g_pe_row[7].g_pe_pair[0].u_pe  |     0.001 |
|     g_pe_row[7].g_pe_pair[1].u_pe  |     0.001 |
|     g_pe_row[7].g_pe_pair[2].u_pe  |     0.001 |
|     g_pe_row[7].g_pe_pair[3].u_pe  |     0.001 |
|     g_pe_row[7].g_pe_pair[4].u_pe  |     0.001 |
|     g_pe_row[7].g_pe_pair[5].u_pe  |     0.001 |
|     g_pe_row[7].g_pe_pair[6].u_pe  |     0.001 |
|     g_pe_row[7].g_pe_pair[7].u_pe  |     0.002 |
|     g_pe_row[8].g_pe_pair[7].u_pe  |     0.002 |
|     g_pe_row[9].g_pe_pair[6].u_pe  |     0.001 |
|     g_pe_row[9].g_pe_pair[7].u_pe  |     0.002 |
|     u_ctrl                         |     0.004 |
|     u_dma                          |     0.004 |
|     u_dma_wr                       |     0.001 |
|     u_dma_x                        |     0.003 |
|     u_lut                          |     0.005 |
|     u_requant                      |     0.020 |
|     u_wbuf                         |     0.065 |
|       u_bank0                      |     0.025 |
|       u_bank1                      |     0.026 |
|     u_xbuf                         |     0.032 |
|       u_bank0                      |     0.009 |
|       u_bank1                      |     0.009 |
|     u_xrowgen                      |     0.116 |
|   u_csr                            |     0.003 |
+------------------------------------+-----------+


