Copyright 1986-2022 Xilinx, Inc. All Rights Reserved. Copyright 2022-2025 Advanced Micro Devices, Inc. All Rights Reserved.
---------------------------------------------------------------------------------------------------------------------------------------------
| Tool Version : Vivado v.2025.2 (win64) Build 6299465 Fri Nov 14 19:35:11 GMT 2025
| Date         : Sat Sep 19 14:44:32 2026
| Host         : HC-202510241838 running 64-bit major release  (build 9200)
| Command      : report_timing_summary -max_paths 8 -file E:/competition/4_metrics/logs/2026-09-19_yolo_gemm_ip_run20_ooc_syn/timing_bmg.rpt
| Design       : yolo_gemm_core
| Device       : 7z020-clg484
| Speed File   : -1  PRODUCTION 1.12 2019-11-22
| Design State : Synthesized
---------------------------------------------------------------------------------------------------------------------------------------------

Timing Summary Report

------------------------------------------------------------------------------------------------
| Timer Settings
| --------------
------------------------------------------------------------------------------------------------

  Enable Multi Corner Analysis               :  Yes
  Enable Pessimism Removal                   :  Yes
  Pessimism Removal Resolution               :  Nearest Common Node
  Enable Input Delay Default Clock           :  No
  Enable Preset / Clear Arcs                 :  No
  Disable Flight Delays                      :  No
  Ignore I/O Paths                           :  No
  Timing Early Launch at Borrowing Latches   :  No
  Borrow Time for Max Delay Exceptions       :  Yes
  Merge Timing Exceptions                    :  Yes
  Inter-SLR Compensation                     :  Conservative

  Corner  Analyze    Analyze    
  Name    Max Paths  Min Paths  
  ------  ---------  ---------  
  Slow    Yes        Yes        
  Fast    Yes        Yes        


------------------------------------------------------------------------------------------------
| Report Methodology
| ------------------
------------------------------------------------------------------------------------------------

No report available as report_methodology has not been run prior. Run report_methodology on the current design for the summary of methodology violations.



check_timing report

Table of Contents
-----------------
1. checking no_clock (0)
2. checking constant_clock (0)
3. checking pulse_width_clock (0)
4. checking unconstrained_internal_endpoints (0)
5. checking no_input_delay (214)
6. checking no_output_delay (58)
7. checking multiple_clock (0)
8. checking generated_clocks (0)
9. checking loops (0)
10. checking partial_input_delay (0)
11. checking partial_output_delay (0)
12. checking latch_loops (0)

1. checking no_clock (0)
------------------------
 There are 0 register/latch pins with no clock.


2. checking constant_clock (0)
------------------------------
 There are 0 register/latch pins with constant_clock.


3. checking pulse_width_clock (0)
---------------------------------
 There are 0 register/latch pins which need pulse_width check


4. checking unconstrained_internal_endpoints (0)
------------------------------------------------
 There are 0 pins that are not constrained for maximum delay.

 There are 0 pins that are not constrained for maximum delay due to constant clock.


5. checking no_input_delay (214)
--------------------------------
 There are 0 input ports with no input delay specified.

 There are 214 input ports with no input delay but user has a false path constraint. (MEDIUM)


6. checking no_output_delay (58)
--------------------------------
 There are 0 ports with no output delay specified.

 There are 58 ports with no output delay but user has a false path constraint (MEDIUM)

 There are 0 ports with no output delay but with a timing clock defined on it or propagating through it


7. checking multiple_clock (0)
------------------------------
 There are 0 register/latch pins with multiple clocks.


8. checking generated_clocks (0)
--------------------------------
 There are 0 generated clocks that are not connected to a clock source.


9. checking loops (0)
---------------------
 There are 0 combinational loops in the design.


10. checking partial_input_delay (0)
------------------------------------
 There are 0 input ports with partial input delay specified.


11. checking partial_output_delay (0)
-------------------------------------
 There are 0 ports with partial output delay specified.


12. checking latch_loops (0)
----------------------------
 There are 0 combinational latch loops in the design through latch input



------------------------------------------------------------------------------------------------
| Design Timing Summary
| ---------------------
------------------------------------------------------------------------------------------------

    WNS(ns)      TNS(ns)  TNS Failing Endpoints  TNS Total Endpoints      WHS(ns)      THS(ns)  THS Failing Endpoints  THS Total Endpoints     WPWS(ns)     TPWS(ns)  TPWS Failing Endpoints  TPWS Total Endpoints  
    -------      -------  ---------------------  -------------------      -------      -------  ---------------------  -------------------     --------     --------  ----------------------  --------------------  
      1.392        0.000                      0                12546        0.219        0.000                      0                12546        3.750        0.000                       0                  5348  


All user specified timing constraints are met.


------------------------------------------------------------------------------------------------
| Clock Summary
| -------------
------------------------------------------------------------------------------------------------

Clock  Waveform(ns)       Period(ns)      Frequency(MHz)
-----  ------------       ----------      --------------
clk_i  {0.000 5.000}      10.000          100.000         


------------------------------------------------------------------------------------------------
| Intra Clock Table
| -----------------
------------------------------------------------------------------------------------------------

Clock             WNS(ns)      TNS(ns)  TNS Failing Endpoints  TNS Total Endpoints      WHS(ns)      THS(ns)  THS Failing Endpoints  THS Total Endpoints     WPWS(ns)     TPWS(ns)  TPWS Failing Endpoints  TPWS Total Endpoints  
-----             -------      -------  ---------------------  -------------------      -------      -------  ---------------------  -------------------     --------     --------  ----------------------  --------------------  
clk_i               1.392        0.000                      0                12546        0.219        0.000                      0                12546        3.750        0.000                       0                  5348  


------------------------------------------------------------------------------------------------
| Inter Clock Table
| -----------------
------------------------------------------------------------------------------------------------

From Clock    To Clock          WNS(ns)      TNS(ns)  TNS Failing Endpoints  TNS Total Endpoints      WHS(ns)      THS(ns)  THS Failing Endpoints  THS Total Endpoints  
----------    --------          -------      -------  ---------------------  -------------------      -------      -------  ---------------------  -------------------  


------------------------------------------------------------------------------------------------
| Other Path Groups Table
| -----------------------
------------------------------------------------------------------------------------------------

Path Group    From Clock    To Clock          WNS(ns)      TNS(ns)  TNS Failing Endpoints  TNS Total Endpoints      WHS(ns)      THS(ns)  THS Failing Endpoints  THS Total Endpoints  
----------    ----------    --------          -------      -------  ---------------------  -------------------      -------      -------  ---------------------  -------------------  


------------------------------------------------------------------------------------------------
| Timing Details
| --------------
------------------------------------------------------------------------------------------------


---------------------------------------------------------------------------------------------------
From Clock:  clk_i
  To Clock:  clk_i

Setup :            0  Failing Endpoints,  Worst Slack        1.392ns,  Total Violation        0.000ns
Hold  :            0  Failing Endpoints,  Worst Slack        0.219ns,  Total Violation        0.000ns
PW    :            0  Failing Endpoints,  Worst Slack        3.750ns,  Total Violation        0.000ns
---------------------------------------------------------------------------------------------------


Max Delay Paths
--------------------------------------------------------------------------------------
Slack (MET) :             1.392ns  (required time - arrival time)
  Source:                 u_array/u_tail/sh2_r_reg[0][4]/C
                            (rising edge-triggered cell FDRE clocked by clk_i  {rise@0.000ns fall@5.000ns period=10.000ns})
  Destination:            u_array/u_tail/lane[0].ru_r_reg[0][0]/D
                            (rising edge-triggered cell FDRE clocked by clk_i  {rise@0.000ns fall@5.000ns period=10.000ns})
  Path Group:             clk_i
  Path Type:              Setup (Max at Slow Process Corner)
  Requirement:            10.000ns  (clk_i rise@10.000ns - clk_i rise@0.000ns)
  Data Path Delay:        8.601ns  (logic 3.993ns (46.425%)  route 4.608ns (53.575%))
  Logic Levels:           20  (CARRY4=14 LUT4=1 LUT5=3 LUT6=2)
  Clock Path Skew:        -0.049ns (DCD - SCD + CPR)
    Destination Clock Delay (DCD):    0.924ns = ( 10.924 - 10.000 ) 
    Source Clock Delay      (SCD):    0.973ns
    Clock Pessimism Removal (CPR):    0.000ns
  Clock Uncertainty:      0.035ns  ((TSJ^2 + TIJ^2)^1/2 + DJ) / 2 + PE
    Total System Jitter     (TSJ):    0.071ns
    Total Input Jitter      (TIJ):    0.000ns
    Discrete Jitter          (DJ):    0.000ns
    Phase Error              (PE):    0.000ns

    Location             Delay type                Incr(ns)  Path(ns)    Netlist Resource(s)
  -------------------------------------------------------------------    -------------------
                         (clock clk_i rise edge)      0.000     0.000 r  
                                                      0.000     0.000 r  clk_i (IN)
                         net (fo=5349, unset)         0.973     0.973    u_array/u_tail/clk_i
                         FDRE                                         r  u_array/u_tail/sh2_r_reg[0][4]/C
  -------------------------------------------------------------------    -------------------
                         FDRE (Prop_fdre_C_Q)         0.518     1.491 r  u_array/u_tail/sh2_r_reg[0][4]/Q
                         net (fo=143, unplaced)       1.074     2.565    u_array/u_tail/sh2_r_reg_n_0_[0][4]
                         LUT6 (Prop_lut6_I0_O)        0.295     2.860 r  u_array/u_tail/lane[0].ru_r[0][0]_i_129/O
                         net (fo=1, unplaced)         0.665     3.525    u_array/u_tail/lane[0].ru_r[0][0]_i_129_n_0
                         CARRY4 (Prop_carry4_S[0]_CO[3])
                                                      0.637     4.162 r  u_array/u_tail/lane[0].ru_r_reg[0][0]_i_52/CO[3]
                         net (fo=1, unplaced)         0.009     4.171    u_array/u_tail/lane[0].ru_r_reg[0][0]_i_52_n_0
                         CARRY4 (Prop_carry4_CI_CO[3])
                                                      0.117     4.288 r  u_array/u_tail/lane[0].ru_r_reg[0][0]_i_47/CO[3]
                         net (fo=1, unplaced)         0.000     4.288    u_array/u_tail/lane[0].ru_r_reg[0][0]_i_47_n_0
                         CARRY4 (Prop_carry4_CI_CO[3])
                                                      0.117     4.405 r  u_array/u_tail/lane[0].ru_r_reg[0][0]_i_46/CO[3]
                         net (fo=1, unplaced)         0.000     4.405    u_array/u_tail/lane[0].ru_r_reg[0][0]_i_46_n_0
                         CARRY4 (Prop_carry4_CI_CO[3])
                                                      0.117     4.522 r  u_array/u_tail/lane[0].ru_r_reg[0][0]_i_49/CO[3]
                         net (fo=1, unplaced)         0.000     4.522    u_array/u_tail/lane[0].ru_r_reg[0][0]_i_49_n_0
                         CARRY4 (Prop_carry4_CI_CO[3])
                                                      0.117     4.639 r  u_array/u_tail/lane[0].ru_r_reg[0][0]_i_131/CO[3]
                         net (fo=1, unplaced)         0.000     4.639    u_array/u_tail/lane[0].ru_r_reg[0][0]_i_131_n_0
                         CARRY4 (Prop_carry4_CI_CO[3])
                                                      0.117     4.756 r  u_array/u_tail/lane[0].ru_r_reg[0][0]_i_130/CO[3]
                         net (fo=1, unplaced)         0.000     4.756    u_array/u_tail/lane[0].ru_r_reg[0][0]_i_130_n_0
                         CARRY4 (Prop_carry4_CI_CO[3])
                                                      0.117     4.873 r  u_array/u_tail/lane[0].ru_r_reg[0][0]_i_98/CO[3]
                         net (fo=1, unplaced)         0.000     4.873    u_array/u_tail/lane[0].ru_r_reg[0][0]_i_98_n_0
                         CARRY4 (Prop_carry4_CI_CO[3])
                                                      0.117     4.990 r  u_array/u_tail/lane[0].ru_r_reg[0][0]_i_39/CO[3]
                         net (fo=1, unplaced)         0.000     4.990    u_array/u_tail/lane[0].ru_r_reg[0][0]_i_39_n_0
                         CARRY4 (Prop_carry4_CI_CO[3])
                                                      0.117     5.107 r  u_array/u_tail/lane[0].ru_r_reg[0][0]_i_38/CO[3]
                         net (fo=1, unplaced)         0.000     5.107    u_array/u_tail/lane[0].ru_r_reg[0][0]_i_38_n_0
                         CARRY4 (Prop_carry4_CI_CO[3])
                                                      0.117     5.224 r  u_array/u_tail/lane[0].ru_r_reg[0][0]_i_34/CO[3]
                         net (fo=1, unplaced)         0.000     5.224    u_array/u_tail/lane[0].ru_r_reg[0][0]_i_34_n_0
                         CARRY4 (Prop_carry4_CI_CO[3])
                                                      0.117     5.341 r  u_array/u_tail/lane[0].ru_r_reg[0][0]_i_33/CO[3]
                         net (fo=1, unplaced)         0.000     5.341    u_array/u_tail/lane[0].ru_r_reg[0][0]_i_33_n_0
                         CARRY4 (Prop_carry4_CI_CO[3])
                                                      0.117     5.458 r  u_array/u_tail/lane[0].ru_r_reg[0][0]_i_36/CO[3]
                         net (fo=1, unplaced)         0.000     5.458    u_array/u_tail/lane[0].ru_r_reg[0][0]_i_36_n_0
                         CARRY4 (Prop_carry4_CI_CO[3])
                                                      0.117     5.575 r  u_array/u_tail/lane[0].ru_r_reg[0][0]_i_104/CO[3]
                         net (fo=1, unplaced)         0.000     5.575    u_array/u_tail/lane[0].ru_r_reg[0][0]_i_104_n_0
                         CARRY4 (Prop_carry4_CI_O[1])
                                                      0.337     5.912 r  u_array/u_tail/lane[0].ru_r_reg[0][0]_i_103/O[1]
                         net (fo=1, unplaced)         0.611     6.523    u_array/u_tail/data0[54]
                         LUT5 (Prop_lut5_I0_O)        0.306     6.829 r  u_array/u_tail/lane[0].ru_r[0][0]_i_105/O
                         net (fo=1, unplaced)         0.449     7.278    u_array/u_tail/lane[0].ru_r[0][0]_i_105_n_0
                         LUT6 (Prop_lut6_I5_O)        0.124     7.402 r  u_array/u_tail/lane[0].ru_r[0][0]_i_42/O
                         net (fo=1, unplaced)         0.902     8.304    u_array/u_tail/lane[0].ru_r[0][0]_i_42_n_0
                         LUT4 (Prop_lut4_I0_O)        0.124     8.428 r  u_array/u_tail/lane[0].ru_r[0][0]_i_15/O
                         net (fo=1, unplaced)         0.449     8.877    u_array/u_tail/lane[0].ru_r[0][0]_i_15_n_0
                         LUT5 (Prop_lut5_I4_O)        0.124     9.001 r  u_array/u_tail/lane[0].ru_r[0][0]_i_4/O
                         net (fo=1, unplaced)         0.449     9.450    u_array/u_tail/lane[0].ru_r[0][0]_i_4_n_0
                         LUT5 (Prop_lut5_I2_O)        0.124     9.574 r  u_array/u_tail/lane[0].ru_r[0][0]_i_1/O
                         net (fo=1, unplaced)         0.000     9.574    u_array/u_tail/lane[0].ru_w
                         FDRE                                         r  u_array/u_tail/lane[0].ru_r_reg[0][0]/D
  -------------------------------------------------------------------    -------------------

                         (clock clk_i rise edge)     10.000    10.000 r  
                                                      0.000    10.000 r  clk_i (IN)
                         net (fo=5349, unset)         0.924    10.924    u_array/u_tail/clk_i
                         FDRE                                         r  u_array/u_tail/lane[0].ru_r_reg[0][0]/C
                         clock pessimism              0.000    10.924    
                         clock uncertainty           -0.035    10.889    
                         FDRE (Setup_fdre_C_D)        0.077    10.966    u_array/u_tail/lane[0].ru_r_reg[0][0]
  -------------------------------------------------------------------
                         required time                         10.966    
                         arrival time                          -9.574    
  -------------------------------------------------------------------
                         slack                                  1.392    

Slack (MET) :             2.671ns  (required time - arrival time)
  Source:                 u_array/grow[5].gcol[7].u_cell/u_acc/acc1_r_reg[0]/C
                            (rising edge-triggered cell FDRE clocked by clk_i  {rise@0.000ns fall@5.000ns period=10.000ns})
  Destination:            u_array/u_tail/p_0_out__0/B[15]
                            (rising edge-triggered cell DSP48E1 clocked by clk_i  {rise@0.000ns fall@5.000ns period=10.000ns})
  Path Group:             clk_i
  Path Type:              Setup (Max at Slow Process Corner)
  Requirement:            10.000ns  (clk_i rise@10.000ns - clk_i rise@0.000ns)
  Data Path Delay:        6.620ns  (logic 2.838ns (42.872%)  route 3.782ns (57.128%))
  Logic Levels:           13  (CARRY4=9 LUT3=1 LUT6=3)
  Clock Path Skew:        -0.049ns (DCD - SCD + CPR)
    Destination Clock Delay (DCD):    0.924ns = ( 10.924 - 10.000 ) 
    Source Clock Delay      (SCD):    0.973ns
    Clock Pessimism Removal (CPR):    0.000ns
  Clock Uncertainty:      0.035ns  ((TSJ^2 + TIJ^2)^1/2 + DJ) / 2 + PE
    Total System Jitter     (TSJ):    0.071ns
    Total Input Jitter      (TIJ):    0.000ns
    Discrete Jitter          (DJ):    0.000ns
    Phase Error              (PE):    0.000ns

    Location             Delay type                Incr(ns)  Path(ns)    Netlist Resource(s)
  -------------------------------------------------------------------    -------------------
                         (clock clk_i rise edge)      0.000     0.000 r  
                                                      0.000     0.000 r  clk_i (IN)
                         net (fo=5349, unset)         0.973     0.973    u_array/grow[5].gcol[7].u_cell/u_acc/clk_i
                         FDRE                                         r  u_array/grow[5].gcol[7].u_cell/u_acc/acc1_r_reg[0]/C
  -------------------------------------------------------------------    -------------------
                         FDRE (Prop_fdre_C_Q)         0.518     1.491 r  u_array/grow[5].gcol[7].u_cell/u_acc/acc1_r_reg[0]/Q
                         net (fo=2, unplaced)         0.976     2.467    u_array/grow[5].gcol[7].u_cell/u_acc/acc_flat[95]_63[0]
                         LUT6 (Prop_lut6_I0_O)        0.295     2.762 r  u_array/grow[5].gcol[7].u_cell/u_acc/p_0_out__0__0_i_454/O
                         net (fo=1, unplaced)         0.902     3.664    u_array/grow[5].gcol[5].u_cell/u_acc/p_0_out__0__0_i_67
                         LUT6 (Prop_lut6_I1_O)        0.124     3.788 f  u_array/grow[5].gcol[5].u_cell/u_acc/p_0_out__0__0_i_190/O
                         net (fo=1, unplaced)         0.665     4.453    u_array/grow[4].gcol[1].u_cell/u_acc/p_0_out__0__0_i_32_0
                         LUT6 (Prop_lut6_I1_O)        0.124     4.577 r  u_array/grow[4].gcol[1].u_cell/u_acc/p_0_out__0__0_i_67/O
                         net (fo=2, unplaced)         0.430     5.007    u_array/grow[4].gcol[1].u_cell/u_acc/p_0_out__0__0_i_67_n_0
                         LUT3 (Prop_lut3_I0_O)        0.150     5.157 r  u_array/grow[4].gcol[1].u_cell/u_acc/p_0_out__0__0_i_32/O
                         net (fo=1, unplaced)         0.000     5.157    u_array/u_tail/acc_i[0][0]
                         CARRY4 (Prop_carry4_DI[0]_CO[3])
                                                      0.576     5.733 r  u_array/u_tail/p_0_out__0__0_i_4/CO[3]
                         net (fo=1, unplaced)         0.009     5.742    u_array/u_tail/p_0_out__0__0_i_4_n_0
                         CARRY4 (Prop_carry4_CI_CO[3])
                                                      0.117     5.859 r  u_array/u_tail/p_0_out__0__0_i_3/CO[3]
                         net (fo=1, unplaced)         0.000     5.859    u_array/u_tail/p_0_out__0__0_i_3_n_0
                         CARRY4 (Prop_carry4_CI_CO[3])
                                                      0.117     5.976 r  u_array/u_tail/p_0_out__0__0_i_2/CO[3]
                         net (fo=1, unplaced)         0.000     5.976    u_array/u_tail/p_0_out__0__0_i_2_n_0
                         CARRY4 (Prop_carry4_CI_CO[3])
                                                      0.117     6.093 r  u_array/u_tail/p_0_out__0__0_i_1/CO[3]
                         net (fo=1, unplaced)         0.000     6.093    u_array/u_tail/p_0_out__0__0_i_1_n_0
                         CARRY4 (Prop_carry4_CI_CO[3])
                                                      0.117     6.210 r  u_array/u_tail/p_0_out__0_i_5/CO[3]
                         net (fo=1, unplaced)         0.000     6.210    u_array/u_tail/p_0_out__0_i_5_n_0
                         CARRY4 (Prop_carry4_CI_CO[3])
                                                      0.117     6.327 r  u_array/u_tail/p_0_out__0_i_4/CO[3]
                         net (fo=1, unplaced)         0.000     6.327    u_array/u_tail/p_0_out__0_i_4_n_0
                         CARRY4 (Prop_carry4_CI_CO[3])
                                                      0.117     6.444 r  u_array/u_tail/p_0_out__0_i_3/CO[3]
                         net (fo=1, unplaced)         0.000     6.444    u_array/u_tail/p_0_out__0_i_3_n_0
                         CARRY4 (Prop_carry4_CI_CO[3])
                                                      0.117     6.561 r  u_array/u_tail/p_0_out__0_i_2/CO[3]
                         net (fo=1, unplaced)         0.000     6.561    u_array/u_tail/p_0_out__0_i_2_n_0
                         CARRY4 (Prop_carry4_CI_O[0])
                                                      0.232     6.793 r  u_array/u_tail/p_0_out__0_i_1/O[0]
                         net (fo=18, unplaced)        0.800     7.593    u_array/u_tail/p_1_in[32]
                         DSP48E1                                      r  u_array/u_tail/p_0_out__0/B[15]
  -------------------------------------------------------------------    -------------------

                         (clock clk_i rise edge)     10.000    10.000 r  
                                                      0.000    10.000 r  clk_i (IN)
                         net (fo=5349, unset)         0.924    10.924    u_array/u_tail/clk_i
                         DSP48E1                                      r  u_array/u_tail/p_0_out__0/CLK
                         clock pessimism              0.000    10.924    
                         clock uncertainty           -0.035    10.889    
                         DSP48E1 (Setup_dsp48e1_CLK_B[15])
                                                     -0.625    10.264    u_array/u_tail/p_0_out__0
  -------------------------------------------------------------------
                         required time                         10.264    
                         arrival time                          -7.593    
  -------------------------------------------------------------------
                         slack                                  2.671    

Slack (MET) :             2.671ns  (required time - arrival time)
  Source:                 u_array/grow[5].gcol[7].u_cell/u_acc/acc1_r_reg[0]/C
                            (rising edge-triggered cell FDRE clocked by clk_i  {rise@0.000ns fall@5.000ns period=10.000ns})
  Destination:            u_array/u_tail/p_0_out__0/B[16]
                            (rising edge-triggered cell DSP48E1 clocked by clk_i  {rise@0.000ns fall@5.000ns period=10.000ns})
  Path Group:             clk_i
  Path Type:              Setup (Max at Slow Process Corner)
  Requirement:            10.000ns  (clk_i rise@10.000ns - clk_i rise@0.000ns)
  Data Path Delay:        6.620ns  (logic 2.838ns (42.872%)  route 3.782ns (57.128%))
  Logic Levels:           13  (CARRY4=9 LUT3=1 LUT6=3)
  Clock Path Skew:        -0.049ns (DCD - SCD + CPR)
    Destination Clock Delay (DCD):    0.924ns = ( 10.924 - 10.000 ) 
    Source Clock Delay      (SCD):    0.973ns
    Clock Pessimism Removal (CPR):    0.000ns
  Clock Uncertainty:      0.035ns  ((TSJ^2 + TIJ^2)^1/2 + DJ) / 2 + PE
    Total System Jitter     (TSJ):    0.071ns
    Total Input Jitter      (TIJ):    0.000ns
    Discrete Jitter          (DJ):    0.000ns
    Phase Error              (PE):    0.000ns

    Location             Delay type                Incr(ns)  Path(ns)    Netlist Resource(s)
  -------------------------------------------------------------------    -------------------
                         (clock clk_i rise edge)      0.000     0.000 r  
                                                      0.000     0.000 r  clk_i (IN)
                         net (fo=5349, unset)         0.973     0.973    u_array/grow[5].gcol[7].u_cell/u_acc/clk_i
                         FDRE                                         r  u_array/grow[5].gcol[7].u_cell/u_acc/acc1_r_reg[0]/C
  -------------------------------------------------------------------    -------------------
                         FDRE (Prop_fdre_C_Q)         0.518     1.491 r  u_array/grow[5].gcol[7].u_cell/u_acc/acc1_r_reg[0]/Q
                         net (fo=2, unplaced)         0.976     2.467    u_array/grow[5].gcol[7].u_cell/u_acc/acc_flat[95]_63[0]
                         LUT6 (Prop_lut6_I0_O)        0.295     2.762 r  u_array/grow[5].gcol[7].u_cell/u_acc/p_0_out__0__0_i_454/O
                         net (fo=1, unplaced)         0.902     3.664    u_array/grow[5].gcol[5].u_cell/u_acc/p_0_out__0__0_i_67
                         LUT6 (Prop_lut6_I1_O)        0.124     3.788 f  u_array/grow[5].gcol[5].u_cell/u_acc/p_0_out__0__0_i_190/O
                         net (fo=1, unplaced)         0.665     4.453    u_array/grow[4].gcol[1].u_cell/u_acc/p_0_out__0__0_i_32_0
                         LUT6 (Prop_lut6_I1_O)        0.124     4.577 r  u_array/grow[4].gcol[1].u_cell/u_acc/p_0_out__0__0_i_67/O
                         net (fo=2, unplaced)         0.430     5.007    u_array/grow[4].gcol[1].u_cell/u_acc/p_0_out__0__0_i_67_n_0
                         LUT3 (Prop_lut3_I0_O)        0.150     5.157 r  u_array/grow[4].gcol[1].u_cell/u_acc/p_0_out__0__0_i_32/O
                         net (fo=1, unplaced)         0.000     5.157    u_array/u_tail/acc_i[0][0]
                         CARRY4 (Prop_carry4_DI[0]_CO[3])
                                                      0.576     5.733 r  u_array/u_tail/p_0_out__0__0_i_4/CO[3]
                         net (fo=1, unplaced)         0.009     5.742    u_array/u_tail/p_0_out__0__0_i_4_n_0
                         CARRY4 (Prop_carry4_CI_CO[3])
                                                      0.117     5.859 r  u_array/u_tail/p_0_out__0__0_i_3/CO[3]
                         net (fo=1, unplaced)         0.000     5.859    u_array/u_tail/p_0_out__0__0_i_3_n_0
                         CARRY4 (Prop_carry4_CI_CO[3])
                                                      0.117     5.976 r  u_array/u_tail/p_0_out__0__0_i_2/CO[3]
                         net (fo=1, unplaced)         0.000     5.976    u_array/u_tail/p_0_out__0__0_i_2_n_0
                         CARRY4 (Prop_carry4_CI_CO[3])
                                                      0.117     6.093 r  u_array/u_tail/p_0_out__0__0_i_1/CO[3]
                         net (fo=1, unplaced)         0.000     6.093    u_array/u_tail/p_0_out__0__0_i_1_n_0
                         CARRY4 (Prop_carry4_CI_CO[3])
                                                      0.117     6.210 r  u_array/u_tail/p_0_out__0_i_5/CO[3]
                         net (fo=1, unplaced)         0.000     6.210    u_array/u_tail/p_0_out__0_i_5_n_0
                         CARRY4 (Prop_carry4_CI_CO[3])
                                                      0.117     6.327 r  u_array/u_tail/p_0_out__0_i_4/CO[3]
                         net (fo=1, unplaced)         0.000     6.327    u_array/u_tail/p_0_out__0_i_4_n_0
                         CARRY4 (Prop_carry4_CI_CO[3])
                                                      0.117     6.444 r  u_array/u_tail/p_0_out__0_i_3/CO[3]
                         net (fo=1, unplaced)         0.000     6.444    u_array/u_tail/p_0_out__0_i_3_n_0
                         CARRY4 (Prop_carry4_CI_CO[3])
                                                      0.117     6.561 r  u_array/u_tail/p_0_out__0_i_2/CO[3]
                         net (fo=1, unplaced)         0.000     6.561    u_array/u_tail/p_0_out__0_i_2_n_0
                         CARRY4 (Prop_carry4_CI_O[0])
                                                      0.232     6.793 r  u_array/u_tail/p_0_out__0_i_1/O[0]
                         net (fo=18, unplaced)        0.800     7.593    u_array/u_tail/p_1_in[32]
                         DSP48E1                                      r  u_array/u_tail/p_0_out__0/B[16]
  -------------------------------------------------------------------    -------------------

                         (clock clk_i rise edge)     10.000    10.000 r  
                                                      0.000    10.000 r  clk_i (IN)
                         net (fo=5349, unset)         0.924    10.924    u_array/u_tail/clk_i
                         DSP48E1                                      r  u_array/u_tail/p_0_out__0/CLK
                         clock pessimism              0.000    10.924    
                         clock uncertainty           -0.035    10.889    
                         DSP48E1 (Setup_dsp48e1_CLK_B[16])
                                                     -0.625    10.264    u_array/u_tail/p_0_out__0
  -------------------------------------------------------------------
                         required time                         10.264    
                         arrival time                          -7.593    
  -------------------------------------------------------------------
                         slack                                  2.671    

Slack (MET) :             2.671ns  (required time - arrival time)
  Source:                 u_array/grow[5].gcol[7].u_cell/u_acc/acc1_r_reg[0]/C
                            (rising edge-triggered cell FDRE clocked by clk_i  {rise@0.000ns fall@5.000ns period=10.000ns})
  Destination:            u_array/u_tail/p_0_out__0/B[17]
                            (rising edge-triggered cell DSP48E1 clocked by clk_i  {rise@0.000ns fall@5.000ns period=10.000ns})
  Path Group:             clk_i
  Path Type:              Setup (Max at Slow Process Corner)
  Requirement:            10.000ns  (clk_i rise@10.000ns - clk_i rise@0.000ns)
  Data Path Delay:        6.620ns  (logic 2.838ns (42.872%)  route 3.782ns (57.128%))
  Logic Levels:           13  (CARRY4=9 LUT3=1 LUT6=3)
  Clock Path Skew:        -0.049ns (DCD - SCD + CPR)
    Destination Clock Delay (DCD):    0.924ns = ( 10.924 - 10.000 ) 
    Source Clock Delay      (SCD):    0.973ns
    Clock Pessimism Removal (CPR):    0.000ns
  Clock Uncertainty:      0.035ns  ((TSJ^2 + TIJ^2)^1/2 + DJ) / 2 + PE
    Total System Jitter     (TSJ):    0.071ns
    Total Input Jitter      (TIJ):    0.000ns
    Discrete Jitter          (DJ):    0.000ns
    Phase Error              (PE):    0.000ns

    Location             Delay type                Incr(ns)  Path(ns)    Netlist Resource(s)
  -------------------------------------------------------------------    -------------------
                         (clock clk_i rise edge)      0.000     0.000 r  
                                                      0.000     0.000 r  clk_i (IN)
                         net (fo=5349, unset)         0.973     0.973    u_array/grow[5].gcol[7].u_cell/u_acc/clk_i
                         FDRE                                         r  u_array/grow[5].gcol[7].u_cell/u_acc/acc1_r_reg[0]/C
  -------------------------------------------------------------------    -------------------
                         FDRE (Prop_fdre_C_Q)         0.518     1.491 r  u_array/grow[5].gcol[7].u_cell/u_acc/acc1_r_reg[0]/Q
                         net (fo=2, unplaced)         0.976     2.467    u_array/grow[5].gcol[7].u_cell/u_acc/acc_flat[95]_63[0]
                         LUT6 (Prop_lut6_I0_O)        0.295     2.762 r  u_array/grow[5].gcol[7].u_cell/u_acc/p_0_out__0__0_i_454/O
                         net (fo=1, unplaced)         0.902     3.664    u_array/grow[5].gcol[5].u_cell/u_acc/p_0_out__0__0_i_67
                         LUT6 (Prop_lut6_I1_O)        0.124     3.788 f  u_array/grow[5].gcol[5].u_cell/u_acc/p_0_out__0__0_i_190/O
                         net (fo=1, unplaced)         0.665     4.453    u_array/grow[4].gcol[1].u_cell/u_acc/p_0_out__0__0_i_32_0
                         LUT6 (Prop_lut6_I1_O)        0.124     4.577 r  u_array/grow[4].gcol[1].u_cell/u_acc/p_0_out__0__0_i_67/O
                         net (fo=2, unplaced)         0.430     5.007    u_array/grow[4].gcol[1].u_cell/u_acc/p_0_out__0__0_i_67_n_0
                         LUT3 (Prop_lut3_I0_O)        0.150     5.157 r  u_array/grow[4].gcol[1].u_cell/u_acc/p_0_out__0__0_i_32/O
                         net (fo=1, unplaced)         0.000     5.157    u_array/u_tail/acc_i[0][0]
                         CARRY4 (Prop_carry4_DI[0]_CO[3])
                                                      0.576     5.733 r  u_array/u_tail/p_0_out__0__0_i_4/CO[3]
                         net (fo=1, unplaced)         0.009     5.742    u_array/u_tail/p_0_out__0__0_i_4_n_0
                         CARRY4 (Prop_carry4_CI_CO[3])
                                                      0.117     5.859 r  u_array/u_tail/p_0_out__0__0_i_3/CO[3]
                         net (fo=1, unplaced)         0.000     5.859    u_array/u_tail/p_0_out__0__0_i_3_n_0
                         CARRY4 (Prop_carry4_CI_CO[3])
                                                      0.117     5.976 r  u_array/u_tail/p_0_out__0__0_i_2/CO[3]
                         net (fo=1, unplaced)         0.000     5.976    u_array/u_tail/p_0_out__0__0_i_2_n_0
                         CARRY4 (Prop_carry4_CI_CO[3])
                                                      0.117     6.093 r  u_array/u_tail/p_0_out__0__0_i_1/CO[3]
                         net (fo=1, unplaced)         0.000     6.093    u_array/u_tail/p_0_out__0__0_i_1_n_0
                         CARRY4 (Prop_carry4_CI_CO[3])
                                                      0.117     6.210 r  u_array/u_tail/p_0_out__0_i_5/CO[3]
                         net (fo=1, unplaced)         0.000     6.210    u_array/u_tail/p_0_out__0_i_5_n_0
                         CARRY4 (Prop_carry4_CI_CO[3])
                                                      0.117     6.327 r  u_array/u_tail/p_0_out__0_i_4/CO[3]
                         net (fo=1, unplaced)         0.000     6.327    u_array/u_tail/p_0_out__0_i_4_n_0
                         CARRY4 (Prop_carry4_CI_CO[3])
                                                      0.117     6.444 r  u_array/u_tail/p_0_out__0_i_3/CO[3]
                         net (fo=1, unplaced)         0.000     6.444    u_array/u_tail/p_0_out__0_i_3_n_0
                         CARRY4 (Prop_carry4_CI_CO[3])
                                                      0.117     6.561 r  u_array/u_tail/p_0_out__0_i_2/CO[3]
                         net (fo=1, unplaced)         0.000     6.561    u_array/u_tail/p_0_out__0_i_2_n_0
                         CARRY4 (Prop_carry4_CI_O[0])
                                                      0.232     6.793 r  u_array/u_tail/p_0_out__0_i_1/O[0]
                         net (fo=18, unplaced)        0.800     7.593    u_array/u_tail/p_1_in[32]
                         DSP48E1                                      r  u_array/u_tail/p_0_out__0/B[17]
  -------------------------------------------------------------------    -------------------

                         (clock clk_i rise edge)     10.000    10.000 r  
                                                      0.000    10.000 r  clk_i (IN)
                         net (fo=5349, unset)         0.924    10.924    u_array/u_tail/clk_i
                         DSP48E1                                      r  u_array/u_tail/p_0_out__0/CLK
                         clock pessimism              0.000    10.924    
                         clock uncertainty           -0.035    10.889    
                         DSP48E1 (Setup_dsp48e1_CLK_B[17])
                                                     -0.625    10.264    u_array/u_tail/p_0_out__0
  -------------------------------------------------------------------
                         required time                         10.264    
                         arrival time                          -7.593    
  -------------------------------------------------------------------
                         slack                                  2.671    

Slack (MET) :             2.679ns  (required time - arrival time)
  Source:                 u_array/grow[5].gcol[7].u_cell/u_acc/acc1_r_reg[0]/C
                            (rising edge-triggered cell FDRE clocked by clk_i  {rise@0.000ns fall@5.000ns period=10.000ns})
  Destination:            u_array/u_tail/p_0_out__0/B[12]
                            (rising edge-triggered cell DSP48E1 clocked by clk_i  {rise@0.000ns fall@5.000ns period=10.000ns})
  Path Group:             clk_i
  Path Type:              Setup (Max at Slow Process Corner)
  Requirement:            10.000ns  (clk_i rise@10.000ns - clk_i rise@0.000ns)
  Data Path Delay:        6.608ns  (logic 2.826ns (42.768%)  route 3.782ns (57.232%))
  Logic Levels:           12  (CARRY4=8 LUT3=1 LUT6=3)
  Clock Path Skew:        -0.049ns (DCD - SCD + CPR)
    Destination Clock Delay (DCD):    0.924ns = ( 10.924 - 10.000 ) 
    Source Clock Delay      (SCD):    0.973ns
    Clock Pessimism Removal (CPR):    0.000ns
  Clock Uncertainty:      0.035ns  ((TSJ^2 + TIJ^2)^1/2 + DJ) / 2 + PE
    Total System Jitter     (TSJ):    0.071ns
    Total Input Jitter      (TIJ):    0.000ns
    Discrete Jitter          (DJ):    0.000ns
    Phase Error              (PE):    0.000ns

    Location             Delay type                Incr(ns)  Path(ns)    Netlist Resource(s)
  -------------------------------------------------------------------    -------------------
                         (clock clk_i rise edge)      0.000     0.000 r  
                                                      0.000     0.000 r  clk_i (IN)
                         net (fo=5349, unset)         0.973     0.973    u_array/grow[5].gcol[7].u_cell/u_acc/clk_i
                         FDRE                                         r  u_array/grow[5].gcol[7].u_cell/u_acc/acc1_r_reg[0]/C
  -------------------------------------------------------------------    -------------------
                         FDRE (Prop_fdre_C_Q)         0.518     1.491 r  u_array/grow[5].gcol[7].u_cell/u_acc/acc1_r_reg[0]/Q
                         net (fo=2, unplaced)         0.976     2.467    u_array/grow[5].gcol[7].u_cell/u_acc/acc_flat[95]_63[0]
                         LUT6 (Prop_lut6_I0_O)        0.295     2.762 r  u_array/grow[5].gcol[7].u_cell/u_acc/p_0_out__0__0_i_454/O
                         net (fo=1, unplaced)         0.902     3.664    u_array/grow[5].gcol[5].u_cell/u_acc/p_0_out__0__0_i_67
                         LUT6 (Prop_lut6_I1_O)        0.124     3.788 f  u_array/grow[5].gcol[5].u_cell/u_acc/p_0_out__0__0_i_190/O
                         net (fo=1, unplaced)         0.665     4.453    u_array/grow[4].gcol[1].u_cell/u_acc/p_0_out__0__0_i_32_0
                         LUT6 (Prop_lut6_I1_O)        0.124     4.577 r  u_array/grow[4].gcol[1].u_cell/u_acc/p_0_out__0__0_i_67/O
                         net (fo=2, unplaced)         0.430     5.007    u_array/grow[4].gcol[1].u_cell/u_acc/p_0_out__0__0_i_67_n_0
                         LUT3 (Prop_lut3_I0_O)        0.150     5.157 r  u_array/grow[4].gcol[1].u_cell/u_acc/p_0_out__0__0_i_32/O
                         net (fo=1, unplaced)         0.000     5.157    u_array/u_tail/acc_i[0][0]
                         CARRY4 (Prop_carry4_DI[0]_CO[3])
                                                      0.576     5.733 r  u_array/u_tail/p_0_out__0__0_i_4/CO[3]
                         net (fo=1, unplaced)         0.009     5.742    u_array/u_tail/p_0_out__0__0_i_4_n_0
                         CARRY4 (Prop_carry4_CI_CO[3])
                                                      0.117     5.859 r  u_array/u_tail/p_0_out__0__0_i_3/CO[3]
                         net (fo=1, unplaced)         0.000     5.859    u_array/u_tail/p_0_out__0__0_i_3_n_0
                         CARRY4 (Prop_carry4_CI_CO[3])
                                                      0.117     5.976 r  u_array/u_tail/p_0_out__0__0_i_2/CO[3]
                         net (fo=1, unplaced)         0.000     5.976    u_array/u_tail/p_0_out__0__0_i_2_n_0
                         CARRY4 (Prop_carry4_CI_CO[3])
                                                      0.117     6.093 r  u_array/u_tail/p_0_out__0__0_i_1/CO[3]
                         net (fo=1, unplaced)         0.000     6.093    u_array/u_tail/p_0_out__0__0_i_1_n_0
                         CARRY4 (Prop_carry4_CI_CO[3])
                                                      0.117     6.210 r  u_array/u_tail/p_0_out__0_i_5/CO[3]
                         net (fo=1, unplaced)         0.000     6.210    u_array/u_tail/p_0_out__0_i_5_n_0
                         CARRY4 (Prop_carry4_CI_CO[3])
                                                      0.117     6.327 r  u_array/u_tail/p_0_out__0_i_4/CO[3]
                         net (fo=1, unplaced)         0.000     6.327    u_array/u_tail/p_0_out__0_i_4_n_0
                         CARRY4 (Prop_carry4_CI_CO[3])
                                                      0.117     6.444 r  u_array/u_tail/p_0_out__0_i_3/CO[3]
                         net (fo=1, unplaced)         0.000     6.444    u_array/u_tail/p_0_out__0_i_3_n_0
                         CARRY4 (Prop_carry4_CI_O[1])
                                                      0.337     6.781 r  u_array/u_tail/p_0_out__0_i_2/O[1]
                         net (fo=2, unplaced)         0.800     7.581    u_array/u_tail/p_1_in[29]
                         DSP48E1                                      r  u_array/u_tail/p_0_out__0/B[12]
  -------------------------------------------------------------------    -------------------

                         (clock clk_i rise edge)     10.000    10.000 r  
                                                      0.000    10.000 r  clk_i (IN)
                         net (fo=5349, unset)         0.924    10.924    u_array/u_tail/clk_i
                         DSP48E1                                      r  u_array/u_tail/p_0_out__0/CLK
                         clock pessimism              0.000    10.924    
                         clock uncertainty           -0.035    10.889    
                         DSP48E1 (Setup_dsp48e1_CLK_B[12])
                                                     -0.629    10.260    u_array/u_tail/p_0_out__0
  -------------------------------------------------------------------
                         required time                         10.260    
                         arrival time                          -7.581    
  -------------------------------------------------------------------
                         slack                                  2.679    

Slack (MET) :             2.682ns  (required time - arrival time)
  Source:                 u_array/grow[5].gcol[7].u_cell/u_acc/acc1_r_reg[0]/C
                            (rising edge-triggered cell FDRE clocked by clk_i  {rise@0.000ns fall@5.000ns period=10.000ns})
  Destination:            u_array/u_tail/p_0_out__0/B[14]
                            (rising edge-triggered cell DSP48E1 clocked by clk_i  {rise@0.000ns fall@5.000ns period=10.000ns})
  Path Group:             clk_i
  Path Type:              Setup (Max at Slow Process Corner)
  Requirement:            10.000ns  (clk_i rise@10.000ns - clk_i rise@0.000ns)
  Data Path Delay:        6.602ns  (logic 2.820ns (42.716%)  route 3.782ns (57.284%))
  Logic Levels:           12  (CARRY4=8 LUT3=1 LUT6=3)
  Clock Path Skew:        -0.049ns (DCD - SCD + CPR)
    Destination Clock Delay (DCD):    0.924ns = ( 10.924 - 10.000 ) 
    Source Clock Delay      (SCD):    0.973ns
    Clock Pessimism Removal (CPR):    0.000ns
  Clock Uncertainty:      0.035ns  ((TSJ^2 + TIJ^2)^1/2 + DJ) / 2 + PE
    Total System Jitter     (TSJ):    0.071ns
    Total Input Jitter      (TIJ):    0.000ns
    Discrete Jitter          (DJ):    0.000ns
    Phase Error              (PE):    0.000ns

    Location             Delay type                Incr(ns)  Path(ns)    Netlist Resource(s)
  -------------------------------------------------------------------    -------------------
                         (clock clk_i rise edge)      0.000     0.000 r  
                                                      0.000     0.000 r  clk_i (IN)
                         net (fo=5349, unset)         0.973     0.973    u_array/grow[5].gcol[7].u_cell/u_acc/clk_i
                         FDRE                                         r  u_array/grow[5].gcol[7].u_cell/u_acc/acc1_r_reg[0]/C
  -------------------------------------------------------------------    -------------------
                         FDRE (Prop_fdre_C_Q)         0.518     1.491 r  u_array/grow[5].gcol[7].u_cell/u_acc/acc1_r_reg[0]/Q
                         net (fo=2, unplaced)         0.976     2.467    u_array/grow[5].gcol[7].u_cell/u_acc/acc_flat[95]_63[0]
                         LUT6 (Prop_lut6_I0_O)        0.295     2.762 r  u_array/grow[5].gcol[7].u_cell/u_acc/p_0_out__0__0_i_454/O
                         net (fo=1, unplaced)         0.902     3.664    u_array/grow[5].gcol[5].u_cell/u_acc/p_0_out__0__0_i_67
                         LUT6 (Prop_lut6_I1_O)        0.124     3.788 f  u_array/grow[5].gcol[5].u_cell/u_acc/p_0_out__0__0_i_190/O
                         net (fo=1, unplaced)         0.665     4.453    u_array/grow[4].gcol[1].u_cell/u_acc/p_0_out__0__0_i_32_0
                         LUT6 (Prop_lut6_I1_O)        0.124     4.577 r  u_array/grow[4].gcol[1].u_cell/u_acc/p_0_out__0__0_i_67/O
                         net (fo=2, unplaced)         0.430     5.007    u_array/grow[4].gcol[1].u_cell/u_acc/p_0_out__0__0_i_67_n_0
                         LUT3 (Prop_lut3_I0_O)        0.150     5.157 r  u_array/grow[4].gcol[1].u_cell/u_acc/p_0_out__0__0_i_32/O
                         net (fo=1, unplaced)         0.000     5.157    u_array/u_tail/acc_i[0][0]
                         CARRY4 (Prop_carry4_DI[0]_CO[3])
                                                      0.576     5.733 r  u_array/u_tail/p_0_out__0__0_i_4/CO[3]
                         net (fo=1, unplaced)         0.009     5.742    u_array/u_tail/p_0_out__0__0_i_4_n_0
                         CARRY4 (Prop_carry4_CI_CO[3])
                                                      0.117     5.859 r  u_array/u_tail/p_0_out__0__0_i_3/CO[3]
                         net (fo=1, unplaced)         0.000     5.859    u_array/u_tail/p_0_out__0__0_i_3_n_0
                         CARRY4 (Prop_carry4_CI_CO[3])
                                                      0.117     5.976 r  u_array/u_tail/p_0_out__0__0_i_2/CO[3]
                         net (fo=1, unplaced)         0.000     5.976    u_array/u_tail/p_0_out__0__0_i_2_n_0
                         CARRY4 (Prop_carry4_CI_CO[3])
                                                      0.117     6.093 r  u_array/u_tail/p_0_out__0__0_i_1/CO[3]
                         net (fo=1, unplaced)         0.000     6.093    u_array/u_tail/p_0_out__0__0_i_1_n_0
                         CARRY4 (Prop_carry4_CI_CO[3])
                                                      0.117     6.210 r  u_array/u_tail/p_0_out__0_i_5/CO[3]
                         net (fo=1, unplaced)         0.000     6.210    u_array/u_tail/p_0_out__0_i_5_n_0
                         CARRY4 (Prop_carry4_CI_CO[3])
                                                      0.117     6.327 r  u_array/u_tail/p_0_out__0_i_4/CO[3]
                         net (fo=1, unplaced)         0.000     6.327    u_array/u_tail/p_0_out__0_i_4_n_0
                         CARRY4 (Prop_carry4_CI_CO[3])
                                                      0.117     6.444 r  u_array/u_tail/p_0_out__0_i_3/CO[3]
                         net (fo=1, unplaced)         0.000     6.444    u_array/u_tail/p_0_out__0_i_3_n_0
                         CARRY4 (Prop_carry4_CI_O[3])
                                                      0.331     6.775 r  u_array/u_tail/p_0_out__0_i_2/O[3]
                         net (fo=2, unplaced)         0.800     7.575    u_array/u_tail/p_1_in[31]
                         DSP48E1                                      r  u_array/u_tail/p_0_out__0/B[14]
  -------------------------------------------------------------------    -------------------

                         (clock clk_i rise edge)     10.000    10.000 r  
                                                      0.000    10.000 r  clk_i (IN)
                         net (fo=5349, unset)         0.924    10.924    u_array/u_tail/clk_i
                         DSP48E1                                      r  u_array/u_tail/p_0_out__0/CLK
                         clock pessimism              0.000    10.924    
                         clock uncertainty           -0.035    10.889    
                         DSP48E1 (Setup_dsp48e1_CLK_B[14])
                                                     -0.632    10.257    u_array/u_tail/p_0_out__0
  -------------------------------------------------------------------
                         required time                         10.257    
                         arrival time                          -7.575    
  -------------------------------------------------------------------
                         slack                                  2.682    

Slack (MET) :             2.759ns  (required time - arrival time)
  Source:                 u_array/grow[5].gcol[7].u_cell/u_acc/acc1_r_reg[0]/C
                            (rising edge-triggered cell FDRE clocked by clk_i  {rise@0.000ns fall@5.000ns period=10.000ns})
  Destination:            u_array/u_tail/prod_r_reg[0]/A[15]
                            (rising edge-triggered cell DSP48E1 clocked by clk_i  {rise@0.000ns fall@5.000ns period=10.000ns})
  Path Group:             clk_i
  Path Type:              Setup (Max at Slow Process Corner)
  Requirement:            10.000ns  (clk_i rise@10.000ns - clk_i rise@0.000ns)
  Data Path Delay:        6.620ns  (logic 2.838ns (42.872%)  route 3.782ns (57.128%))
  Logic Levels:           13  (CARRY4=9 LUT3=1 LUT6=3)
  Clock Path Skew:        -0.049ns (DCD - SCD + CPR)
    Destination Clock Delay (DCD):    0.924ns = ( 10.924 - 10.000 ) 
    Source Clock Delay      (SCD):    0.973ns
    Clock Pessimism Removal (CPR):    0.000ns
  Clock Uncertainty:      0.035ns  ((TSJ^2 + TIJ^2)^1/2 + DJ) / 2 + PE
    Total System Jitter     (TSJ):    0.071ns
    Total Input Jitter      (TIJ):    0.000ns
    Discrete Jitter          (DJ):    0.000ns
    Phase Error              (PE):    0.000ns

    Location             Delay type                Incr(ns)  Path(ns)    Netlist Resource(s)
  -------------------------------------------------------------------    -------------------
                         (clock clk_i rise edge)      0.000     0.000 r  
                                                      0.000     0.000 r  clk_i (IN)
                         net (fo=5349, unset)         0.973     0.973    u_array/grow[5].gcol[7].u_cell/u_acc/clk_i
                         FDRE                                         r  u_array/grow[5].gcol[7].u_cell/u_acc/acc1_r_reg[0]/C
  -------------------------------------------------------------------    -------------------
                         FDRE (Prop_fdre_C_Q)         0.518     1.491 r  u_array/grow[5].gcol[7].u_cell/u_acc/acc1_r_reg[0]/Q
                         net (fo=2, unplaced)         0.976     2.467    u_array/grow[5].gcol[7].u_cell/u_acc/acc_flat[95]_63[0]
                         LUT6 (Prop_lut6_I0_O)        0.295     2.762 r  u_array/grow[5].gcol[7].u_cell/u_acc/p_0_out__0__0_i_454/O
                         net (fo=1, unplaced)         0.902     3.664    u_array/grow[5].gcol[5].u_cell/u_acc/p_0_out__0__0_i_67
                         LUT6 (Prop_lut6_I1_O)        0.124     3.788 f  u_array/grow[5].gcol[5].u_cell/u_acc/p_0_out__0__0_i_190/O
                         net (fo=1, unplaced)         0.665     4.453    u_array/grow[4].gcol[1].u_cell/u_acc/p_0_out__0__0_i_32_0
                         LUT6 (Prop_lut6_I1_O)        0.124     4.577 r  u_array/grow[4].gcol[1].u_cell/u_acc/p_0_out__0__0_i_67/O
                         net (fo=2, unplaced)         0.430     5.007    u_array/grow[4].gcol[1].u_cell/u_acc/p_0_out__0__0_i_67_n_0
                         LUT3 (Prop_lut3_I0_O)        0.150     5.157 r  u_array/grow[4].gcol[1].u_cell/u_acc/p_0_out__0__0_i_32/O
                         net (fo=1, unplaced)         0.000     5.157    u_array/u_tail/acc_i[0][0]
                         CARRY4 (Prop_carry4_DI[0]_CO[3])
                                                      0.576     5.733 r  u_array/u_tail/p_0_out__0__0_i_4/CO[3]
                         net (fo=1, unplaced)         0.009     5.742    u_array/u_tail/p_0_out__0__0_i_4_n_0
                         CARRY4 (Prop_carry4_CI_CO[3])
                                                      0.117     5.859 r  u_array/u_tail/p_0_out__0__0_i_3/CO[3]
                         net (fo=1, unplaced)         0.000     5.859    u_array/u_tail/p_0_out__0__0_i_3_n_0
                         CARRY4 (Prop_carry4_CI_CO[3])
                                                      0.117     5.976 r  u_array/u_tail/p_0_out__0__0_i_2/CO[3]
                         net (fo=1, unplaced)         0.000     5.976    u_array/u_tail/p_0_out__0__0_i_2_n_0
                         CARRY4 (Prop_carry4_CI_CO[3])
                                                      0.117     6.093 r  u_array/u_tail/p_0_out__0__0_i_1/CO[3]
                         net (fo=1, unplaced)         0.000     6.093    u_array/u_tail/p_0_out__0__0_i_1_n_0
                         CARRY4 (Prop_carry4_CI_CO[3])
                                                      0.117     6.210 r  u_array/u_tail/p_0_out__0_i_5/CO[3]
                         net (fo=1, unplaced)         0.000     6.210    u_array/u_tail/p_0_out__0_i_5_n_0
                         CARRY4 (Prop_carry4_CI_CO[3])
                                                      0.117     6.327 r  u_array/u_tail/p_0_out__0_i_4/CO[3]
                         net (fo=1, unplaced)         0.000     6.327    u_array/u_tail/p_0_out__0_i_4_n_0
                         CARRY4 (Prop_carry4_CI_CO[3])
                                                      0.117     6.444 r  u_array/u_tail/p_0_out__0_i_3/CO[3]
                         net (fo=1, unplaced)         0.000     6.444    u_array/u_tail/p_0_out__0_i_3_n_0
                         CARRY4 (Prop_carry4_CI_CO[3])
                                                      0.117     6.561 r  u_array/u_tail/p_0_out__0_i_2/CO[3]
                         net (fo=1, unplaced)         0.000     6.561    u_array/u_tail/p_0_out__0_i_2_n_0
                         CARRY4 (Prop_carry4_CI_O[0])
                                                      0.232     6.793 r  u_array/u_tail/p_0_out__0_i_1/O[0]
                         net (fo=18, unplaced)        0.800     7.593    u_array/u_tail/p_1_in[32]
                         DSP48E1                                      r  u_array/u_tail/prod_r_reg[0]/A[15]
  -------------------------------------------------------------------    -------------------

                         (clock clk_i rise edge)     10.000    10.000 r  
                                                      0.000    10.000 r  clk_i (IN)
                         net (fo=5349, unset)         0.924    10.924    u_array/u_tail/clk_i
                         DSP48E1                                      r  u_array/u_tail/prod_r_reg[0]/CLK
                         clock pessimism              0.000    10.924    
                         clock uncertainty           -0.035    10.889    
                         DSP48E1 (Setup_dsp48e1_CLK_A[15])
                                                     -0.537    10.352    u_array/u_tail/prod_r_reg[0]
  -------------------------------------------------------------------
                         required time                         10.352    
                         arrival time                          -7.593    
  -------------------------------------------------------------------
                         slack                                  2.759    

Slack (MET) :             2.759ns  (required time - arrival time)
  Source:                 u_array/grow[5].gcol[7].u_cell/u_acc/acc1_r_reg[0]/C
                            (rising edge-triggered cell FDRE clocked by clk_i  {rise@0.000ns fall@5.000ns period=10.000ns})
  Destination:            u_array/u_tail/prod_r_reg[0]/A[16]
                            (rising edge-triggered cell DSP48E1 clocked by clk_i  {rise@0.000ns fall@5.000ns period=10.000ns})
  Path Group:             clk_i
  Path Type:              Setup (Max at Slow Process Corner)
  Requirement:            10.000ns  (clk_i rise@10.000ns - clk_i rise@0.000ns)
  Data Path Delay:        6.620ns  (logic 2.838ns (42.872%)  route 3.782ns (57.128%))
  Logic Levels:           13  (CARRY4=9 LUT3=1 LUT6=3)
  Clock Path Skew:        -0.049ns (DCD - SCD + CPR)
    Destination Clock Delay (DCD):    0.924ns = ( 10.924 - 10.000 ) 
    Source Clock Delay      (SCD):    0.973ns
    Clock Pessimism Removal (CPR):    0.000ns
  Clock Uncertainty:      0.035ns  ((TSJ^2 + TIJ^2)^1/2 + DJ) / 2 + PE
    Total System Jitter     (TSJ):    0.071ns
    Total Input Jitter      (TIJ):    0.000ns
    Discrete Jitter          (DJ):    0.000ns
    Phase Error              (PE):    0.000ns

    Location             Delay type                Incr(ns)  Path(ns)    Netlist Resource(s)
  -------------------------------------------------------------------    -------------------
                         (clock clk_i rise edge)      0.000     0.000 r  
                                                      0.000     0.000 r  clk_i (IN)
                         net (fo=5349, unset)         0.973     0.973    u_array/grow[5].gcol[7].u_cell/u_acc/clk_i
                         FDRE                                         r  u_array/grow[5].gcol[7].u_cell/u_acc/acc1_r_reg[0]/C
  -------------------------------------------------------------------    -------------------
                         FDRE (Prop_fdre_C_Q)         0.518     1.491 r  u_array/grow[5].gcol[7].u_cell/u_acc/acc1_r_reg[0]/Q
                         net (fo=2, unplaced)         0.976     2.467    u_array/grow[5].gcol[7].u_cell/u_acc/acc_flat[95]_63[0]
                         LUT6 (Prop_lut6_I0_O)        0.295     2.762 r  u_array/grow[5].gcol[7].u_cell/u_acc/p_0_out__0__0_i_454/O
                         net (fo=1, unplaced)         0.902     3.664    u_array/grow[5].gcol[5].u_cell/u_acc/p_0_out__0__0_i_67
                         LUT6 (Prop_lut6_I1_O)        0.124     3.788 f  u_array/grow[5].gcol[5].u_cell/u_acc/p_0_out__0__0_i_190/O
                         net (fo=1, unplaced)         0.665     4.453    u_array/grow[4].gcol[1].u_cell/u_acc/p_0_out__0__0_i_32_0
                         LUT6 (Prop_lut6_I1_O)        0.124     4.577 r  u_array/grow[4].gcol[1].u_cell/u_acc/p_0_out__0__0_i_67/O
                         net (fo=2, unplaced)         0.430     5.007    u_array/grow[4].gcol[1].u_cell/u_acc/p_0_out__0__0_i_67_n_0
                         LUT3 (Prop_lut3_I0_O)        0.150     5.157 r  u_array/grow[4].gcol[1].u_cell/u_acc/p_0_out__0__0_i_32/O
                         net (fo=1, unplaced)         0.000     5.157    u_array/u_tail/acc_i[0][0]
                         CARRY4 (Prop_carry4_DI[0]_CO[3])
                                                      0.576     5.733 r  u_array/u_tail/p_0_out__0__0_i_4/CO[3]
                         net (fo=1, unplaced)         0.009     5.742    u_array/u_tail/p_0_out__0__0_i_4_n_0
                         CARRY4 (Prop_carry4_CI_CO[3])
                                                      0.117     5.859 r  u_array/u_tail/p_0_out__0__0_i_3/CO[3]
                         net (fo=1, unplaced)         0.000     5.859    u_array/u_tail/p_0_out__0__0_i_3_n_0
                         CARRY4 (Prop_carry4_CI_CO[3])
                                                      0.117     5.976 r  u_array/u_tail/p_0_out__0__0_i_2/CO[3]
                         net (fo=1, unplaced)         0.000     5.976    u_array/u_tail/p_0_out__0__0_i_2_n_0
                         CARRY4 (Prop_carry4_CI_CO[3])
                                                      0.117     6.093 r  u_array/u_tail/p_0_out__0__0_i_1/CO[3]
                         net (fo=1, unplaced)         0.000     6.093    u_array/u_tail/p_0_out__0__0_i_1_n_0
                         CARRY4 (Prop_carry4_CI_CO[3])
                                                      0.117     6.210 r  u_array/u_tail/p_0_out__0_i_5/CO[3]
                         net (fo=1, unplaced)         0.000     6.210    u_array/u_tail/p_0_out__0_i_5_n_0
                         CARRY4 (Prop_carry4_CI_CO[3])
                                                      0.117     6.327 r  u_array/u_tail/p_0_out__0_i_4/CO[3]
                         net (fo=1, unplaced)         0.000     6.327    u_array/u_tail/p_0_out__0_i_4_n_0
                         CARRY4 (Prop_carry4_CI_CO[3])
                                                      0.117     6.444 r  u_array/u_tail/p_0_out__0_i_3/CO[3]
                         net (fo=1, unplaced)         0.000     6.444    u_array/u_tail/p_0_out__0_i_3_n_0
                         CARRY4 (Prop_carry4_CI_CO[3])
                                                      0.117     6.561 r  u_array/u_tail/p_0_out__0_i_2/CO[3]
                         net (fo=1, unplaced)         0.000     6.561    u_array/u_tail/p_0_out__0_i_2_n_0
                         CARRY4 (Prop_carry4_CI_O[0])
                                                      0.232     6.793 r  u_array/u_tail/p_0_out__0_i_1/O[0]
                         net (fo=18, unplaced)        0.800     7.593    u_array/u_tail/p_1_in[32]
                         DSP48E1                                      r  u_array/u_tail/prod_r_reg[0]/A[16]
  -------------------------------------------------------------------    -------------------

                         (clock clk_i rise edge)     10.000    10.000 r  
                                                      0.000    10.000 r  clk_i (IN)
                         net (fo=5349, unset)         0.924    10.924    u_array/u_tail/clk_i
                         DSP48E1                                      r  u_array/u_tail/prod_r_reg[0]/CLK
                         clock pessimism              0.000    10.924    
                         clock uncertainty           -0.035    10.889    
                         DSP48E1 (Setup_dsp48e1_CLK_A[16])
                                                     -0.537    10.352    u_array/u_tail/prod_r_reg[0]
  -------------------------------------------------------------------
                         required time                         10.352    
                         arrival time                          -7.593    
  -------------------------------------------------------------------
                         slack                                  2.759    





Min Delay Paths
--------------------------------------------------------------------------------------
Slack (MET) :             0.219ns  (arrival time - required time)
  Source:                 u_array/act_lat_reg/C
                            (rising edge-triggered cell FDRE clocked by clk_i  {rise@0.000ns fall@5.000ns period=10.000ns})
  Destination:            u_array/u_tail/act3_r_reg_srl3/D
                            (rising edge-triggered cell SRL16E clocked by clk_i  {rise@0.000ns fall@5.000ns period=10.000ns})
  Path Group:             clk_i
  Path Type:              Hold (Min at Fast Process Corner)
  Requirement:            0.000ns  (clk_i rise@0.000ns - clk_i rise@0.000ns)
  Data Path Delay:        0.305ns  (logic 0.164ns (53.808%)  route 0.141ns (46.192%))
  Logic Levels:           0  
  Clock Path Skew:        0.022ns (DCD - SCD - CPR)
    Destination Clock Delay (DCD):    0.432ns
    Source Clock Delay      (SCD):    0.410ns
    Clock Pessimism Removal (CPR):    -0.000ns

    Location             Delay type                Incr(ns)  Path(ns)    Netlist Resource(s)
  -------------------------------------------------------------------    -------------------
                         (clock clk_i rise edge)      0.000     0.000 r  
                                                      0.000     0.000 r  clk_i (IN)
                         net (fo=5349, unset)         0.410     0.410    u_array/clk_i
                         FDRE                                         r  u_array/act_lat_reg/C
  -------------------------------------------------------------------    -------------------
                         FDRE (Prop_fdre_C_Q)         0.164     0.574 r  u_array/act_lat_reg/Q
                         net (fo=1, unplaced)         0.141     0.715    u_array/u_tail/act4_r_reg_0
                         SRL16E                                       r  u_array/u_tail/act3_r_reg_srl3/D
  -------------------------------------------------------------------    -------------------

                         (clock clk_i rise edge)      0.000     0.000 r  
                                                      0.000     0.000 r  clk_i (IN)
                         net (fo=5349, unset)         0.432     0.432    u_array/u_tail/clk_i
                         SRL16E                                       r  u_array/u_tail/act3_r_reg_srl3/CLK
                         clock pessimism              0.000     0.432    
                         SRL16E (Hold_srl16e_CLK_D)
                                                      0.064     0.496    u_array/u_tail/act3_r_reg_srl3
  -------------------------------------------------------------------
                         required time                         -0.496    
                         arrival time                           0.715    
  -------------------------------------------------------------------
                         slack                                  0.219    

Slack (MET) :             0.236ns  (arrival time - required time)
  Source:                 u_array/ti_reg[3]/C
                            (rising edge-triggered cell FDRE clocked by clk_i  {rise@0.000ns fall@5.000ns period=10.000ns})
  Destination:            u_array/yn4_reg[3]_srl4/D
                            (rising edge-triggered cell SRL16E clocked by clk_i  {rise@0.000ns fall@5.000ns period=10.000ns})
  Path Group:             clk_i
  Path Type:              Hold (Min at Fast Process Corner)
  Requirement:            0.000ns  (clk_i rise@0.000ns - clk_i rise@0.000ns)
  Data Path Delay:        0.322ns  (logic 0.164ns (50.921%)  route 0.158ns (49.079%))
  Logic Levels:           0  
  Clock Path Skew:        0.022ns (DCD - SCD - CPR)
    Destination Clock Delay (DCD):    0.432ns
    Source Clock Delay      (SCD):    0.410ns
    Clock Pessimism Removal (CPR):    -0.000ns

    Location             Delay type                Incr(ns)  Path(ns)    Netlist Resource(s)
  -------------------------------------------------------------------    -------------------
                         (clock clk_i rise edge)      0.000     0.000 r  
                                                      0.000     0.000 r  clk_i (IN)
                         net (fo=5349, unset)         0.410     0.410    u_array/clk_i
                         FDRE                                         r  u_array/ti_reg[3]/C
  -------------------------------------------------------------------    -------------------
                         FDRE (Prop_fdre_C_Q)         0.164     0.574 r  u_array/ti_reg[3]/Q
                         net (fo=9, unplaced)         0.158     0.732    u_array/ti_reg_n_0_[3]
                         SRL16E                                       r  u_array/yn4_reg[3]_srl4/D
  -------------------------------------------------------------------    -------------------

                         (clock clk_i rise edge)      0.000     0.000 r  
                                                      0.000     0.000 r  clk_i (IN)
                         net (fo=5349, unset)         0.432     0.432    u_array/clk_i
                         SRL16E                                       r  u_array/yn4_reg[3]_srl4/CLK
                         clock pessimism              0.000     0.432    
                         SRL16E (Hold_srl16e_CLK_D)
                                                      0.064     0.496    u_array/yn4_reg[3]_srl4
  -------------------------------------------------------------------
                         required time                         -0.496    
                         arrival time                           0.732    
  -------------------------------------------------------------------
                         slack                                  0.236    

Slack (MET) :             0.238ns  (arrival time - required time)
  Source:                 u_bank/x_lo_tmp_reg[0]/C
                            (rising edge-triggered cell FDRE clocked by clk_i  {rise@0.000ns fall@5.000ns period=10.000ns})
  Destination:            u_bank/u_x_g0/U0/inst_blk_mem_gen/gnbram.gnativebmg.native_blk_mem_gen/valid.cstr/ramloop[0].ram.r/prim_noinit.ram/DEVICE_7SERIES.NO_BMM_INFO.TRUE_DP.SIMPLE_PRIM36.ram/DIADI[0]
                            (rising edge-triggered cell RAMB36E1 clocked by clk_i  {rise@0.000ns fall@5.000ns period=10.000ns})
  Path Group:             clk_i
  Path Type:              Hold (Min at Fast Process Corner)
  Requirement:            0.000ns  (clk_i rise@0.000ns - clk_i rise@0.000ns)
  Data Path Delay:        0.501ns  (logic 0.164ns (32.728%)  route 0.337ns (67.272%))
  Logic Levels:           0  
  Clock Path Skew:        0.022ns (DCD - SCD - CPR)
    Destination Clock Delay (DCD):    0.432ns
    Source Clock Delay      (SCD):    0.410ns
    Clock Pessimism Removal (CPR):    -0.000ns

    Location             Delay type                Incr(ns)  Path(ns)    Netlist Resource(s)
  -------------------------------------------------------------------    -------------------
                         (clock clk_i rise edge)      0.000     0.000 r  
                                                      0.000     0.000 r  clk_i (IN)
                         net (fo=5349, unset)         0.410     0.410    u_bank/clk_i
                         FDRE                                         r  u_bank/x_lo_tmp_reg[0]/C
  -------------------------------------------------------------------    -------------------
                         FDRE (Prop_fdre_C_Q)         0.164     0.574 r  u_bank/x_lo_tmp_reg[0]/Q
                         net (fo=2, unplaced)         0.337     0.911    u_bank/u_x_g0/U0/inst_blk_mem_gen/gnbram.gnativebmg.native_blk_mem_gen/valid.cstr/ramloop[0].ram.r/prim_noinit.ram/dina[0]
                         RAMB36E1                                     r  u_bank/u_x_g0/U0/inst_blk_mem_gen/gnbram.gnativebmg.native_blk_mem_gen/valid.cstr/ramloop[0].ram.r/prim_noinit.ram/DEVICE_7SERIES.NO_BMM_INFO.TRUE_DP.SIMPLE_PRIM36.ram/DIADI[0]
  -------------------------------------------------------------------    -------------------

                         (clock clk_i rise edge)      0.000     0.000 r  
                                                      0.000     0.000 r  clk_i (IN)
                         net (fo=5349, unset)         0.432     0.432    u_bank/u_x_g0/U0/inst_blk_mem_gen/gnbram.gnativebmg.native_blk_mem_gen/valid.cstr/ramloop[0].ram.r/prim_noinit.ram/clka
                         RAMB36E1                                     r  u_bank/u_x_g0/U0/inst_blk_mem_gen/gnbram.gnativebmg.native_blk_mem_gen/valid.cstr/ramloop[0].ram.r/prim_noinit.ram/DEVICE_7SERIES.NO_BMM_INFO.TRUE_DP.SIMPLE_PRIM36.ram/CLKARDCLK
                         clock pessimism              0.000     0.432    
                         RAMB36E1 (Hold_ramb36e1_CLKARDCLK_DIADI[0])
                                                      0.242     0.674    u_bank/u_x_g0/U0/inst_blk_mem_gen/gnbram.gnativebmg.native_blk_mem_gen/valid.cstr/ramloop[0].ram.r/prim_noinit.ram/DEVICE_7SERIES.NO_BMM_INFO.TRUE_DP.SIMPLE_PRIM36.ram
  -------------------------------------------------------------------
                         required time                         -0.674    
                         arrival time                           0.911    
  -------------------------------------------------------------------
                         slack                                  0.238    

Slack (MET) :             0.238ns  (arrival time - required time)
  Source:                 u_bank/x_lo_tmp_reg[10]/C
                            (rising edge-triggered cell FDRE clocked by clk_i  {rise@0.000ns fall@5.000ns period=10.000ns})
  Destination:            u_bank/u_x_g0/U0/inst_blk_mem_gen/gnbram.gnativebmg.native_blk_mem_gen/valid.cstr/ramloop[0].ram.r/prim_noinit.ram/DEVICE_7SERIES.NO_BMM_INFO.TRUE_DP.SIMPLE_PRIM36.ram/DIADI[10]
                            (rising edge-triggered cell RAMB36E1 clocked by clk_i  {rise@0.000ns fall@5.000ns period=10.000ns})
  Path Group:             clk_i
  Path Type:              Hold (Min at Fast Process Corner)
  Requirement:            0.000ns  (clk_i rise@0.000ns - clk_i rise@0.000ns)
  Data Path Delay:        0.501ns  (logic 0.164ns (32.728%)  route 0.337ns (67.272%))
  Logic Levels:           0  
  Clock Path Skew:        0.022ns (DCD - SCD - CPR)
    Destination Clock Delay (DCD):    0.432ns
    Source Clock Delay      (SCD):    0.410ns
    Clock Pessimism Removal (CPR):    -0.000ns

    Location             Delay type                Incr(ns)  Path(ns)    Netlist Resource(s)
  -------------------------------------------------------------------    -------------------
                         (clock clk_i rise edge)      0.000     0.000 r  
                                                      0.000     0.000 r  clk_i (IN)
                         net (fo=5349, unset)         0.410     0.410    u_bank/clk_i
                         FDRE                                         r  u_bank/x_lo_tmp_reg[10]/C
  -------------------------------------------------------------------    -------------------
                         FDRE (Prop_fdre_C_Q)         0.164     0.574 r  u_bank/x_lo_tmp_reg[10]/Q
                         net (fo=2, unplaced)         0.337     0.911    u_bank/u_x_g0/U0/inst_blk_mem_gen/gnbram.gnativebmg.native_blk_mem_gen/valid.cstr/ramloop[0].ram.r/prim_noinit.ram/dina[10]
                         RAMB36E1                                     r  u_bank/u_x_g0/U0/inst_blk_mem_gen/gnbram.gnativebmg.native_blk_mem_gen/valid.cstr/ramloop[0].ram.r/prim_noinit.ram/DEVICE_7SERIES.NO_BMM_INFO.TRUE_DP.SIMPLE_PRIM36.ram/DIADI[10]
  -------------------------------------------------------------------    -------------------

                         (clock clk_i rise edge)      0.000     0.000 r  
                                                      0.000     0.000 r  clk_i (IN)
                         net (fo=5349, unset)         0.432     0.432    u_bank/u_x_g0/U0/inst_blk_mem_gen/gnbram.gnativebmg.native_blk_mem_gen/valid.cstr/ramloop[0].ram.r/prim_noinit.ram/clka
                         RAMB36E1                                     r  u_bank/u_x_g0/U0/inst_blk_mem_gen/gnbram.gnativebmg.native_blk_mem_gen/valid.cstr/ramloop[0].ram.r/prim_noinit.ram/DEVICE_7SERIES.NO_BMM_INFO.TRUE_DP.SIMPLE_PRIM36.ram/CLKARDCLK
                         clock pessimism              0.000     0.432    
                         RAMB36E1 (Hold_ramb36e1_CLKARDCLK_DIADI[10])
                                                      0.242     0.674    u_bank/u_x_g0/U0/inst_blk_mem_gen/gnbram.gnativebmg.native_blk_mem_gen/valid.cstr/ramloop[0].ram.r/prim_noinit.ram/DEVICE_7SERIES.NO_BMM_INFO.TRUE_DP.SIMPLE_PRIM36.ram
  -------------------------------------------------------------------
                         required time                         -0.674    
                         arrival time                           0.911    
  -------------------------------------------------------------------
                         slack                                  0.238    

Slack (MET) :             0.238ns  (arrival time - required time)
  Source:                 u_bank/x_lo_tmp_reg[11]/C
                            (rising edge-triggered cell FDRE clocked by clk_i  {rise@0.000ns fall@5.000ns period=10.000ns})
  Destination:            u_bank/u_x_g0/U0/inst_blk_mem_gen/gnbram.gnativebmg.native_blk_mem_gen/valid.cstr/ramloop[0].ram.r/prim_noinit.ram/DEVICE_7SERIES.NO_BMM_INFO.TRUE_DP.SIMPLE_PRIM36.ram/DIADI[11]
                            (rising edge-triggered cell RAMB36E1 clocked by clk_i  {rise@0.000ns fall@5.000ns period=10.000ns})
  Path Group:             clk_i
  Path Type:              Hold (Min at Fast Process Corner)
  Requirement:            0.000ns  (clk_i rise@0.000ns - clk_i rise@0.000ns)
  Data Path Delay:        0.501ns  (logic 0.164ns (32.728%)  route 0.337ns (67.272%))
  Logic Levels:           0  
  Clock Path Skew:        0.022ns (DCD - SCD - CPR)
    Destination Clock Delay (DCD):    0.432ns
    Source Clock Delay      (SCD):    0.410ns
    Clock Pessimism Removal (CPR):    -0.000ns

    Location             Delay type                Incr(ns)  Path(ns)    Netlist Resource(s)
  -------------------------------------------------------------------    -------------------
                         (clock clk_i rise edge)      0.000     0.000 r  
                                                      0.000     0.000 r  clk_i (IN)
                         net (fo=5349, unset)         0.410     0.410    u_bank/clk_i
                         FDRE                                         r  u_bank/x_lo_tmp_reg[11]/C
  -------------------------------------------------------------------    -------------------
                         FDRE (Prop_fdre_C_Q)         0.164     0.574 r  u_bank/x_lo_tmp_reg[11]/Q
                         net (fo=2, unplaced)         0.337     0.911    u_bank/u_x_g0/U0/inst_blk_mem_gen/gnbram.gnativebmg.native_blk_mem_gen/valid.cstr/ramloop[0].ram.r/prim_noinit.ram/dina[11]
                         RAMB36E1                                     r  u_bank/u_x_g0/U0/inst_blk_mem_gen/gnbram.gnativebmg.native_blk_mem_gen/valid.cstr/ramloop[0].ram.r/prim_noinit.ram/DEVICE_7SERIES.NO_BMM_INFO.TRUE_DP.SIMPLE_PRIM36.ram/DIADI[11]
  -------------------------------------------------------------------    -------------------

                         (clock clk_i rise edge)      0.000     0.000 r  
                                                      0.000     0.000 r  clk_i (IN)
                         net (fo=5349, unset)         0.432     0.432    u_bank/u_x_g0/U0/inst_blk_mem_gen/gnbram.gnativebmg.native_blk_mem_gen/valid.cstr/ramloop[0].ram.r/prim_noinit.ram/clka
                         RAMB36E1                                     r  u_bank/u_x_g0/U0/inst_blk_mem_gen/gnbram.gnativebmg.native_blk_mem_gen/valid.cstr/ramloop[0].ram.r/prim_noinit.ram/DEVICE_7SERIES.NO_BMM_INFO.TRUE_DP.SIMPLE_PRIM36.ram/CLKARDCLK
                         clock pessimism              0.000     0.432    
                         RAMB36E1 (Hold_ramb36e1_CLKARDCLK_DIADI[11])
                                                      0.242     0.674    u_bank/u_x_g0/U0/inst_blk_mem_gen/gnbram.gnativebmg.native_blk_mem_gen/valid.cstr/ramloop[0].ram.r/prim_noinit.ram/DEVICE_7SERIES.NO_BMM_INFO.TRUE_DP.SIMPLE_PRIM36.ram
  -------------------------------------------------------------------
                         required time                         -0.674    
                         arrival time                           0.911    
  -------------------------------------------------------------------
                         slack                                  0.238    

Slack (MET) :             0.238ns  (arrival time - required time)
  Source:                 u_bank/x_lo_tmp_reg[12]/C
                            (rising edge-triggered cell FDRE clocked by clk_i  {rise@0.000ns fall@5.000ns period=10.000ns})
  Destination:            u_bank/u_x_g0/U0/inst_blk_mem_gen/gnbram.gnativebmg.native_blk_mem_gen/valid.cstr/ramloop[0].ram.r/prim_noinit.ram/DEVICE_7SERIES.NO_BMM_INFO.TRUE_DP.SIMPLE_PRIM36.ram/DIADI[12]
                            (rising edge-triggered cell RAMB36E1 clocked by clk_i  {rise@0.000ns fall@5.000ns period=10.000ns})
  Path Group:             clk_i
  Path Type:              Hold (Min at Fast Process Corner)
  Requirement:            0.000ns  (clk_i rise@0.000ns - clk_i rise@0.000ns)
  Data Path Delay:        0.501ns  (logic 0.164ns (32.728%)  route 0.337ns (67.272%))
  Logic Levels:           0  
  Clock Path Skew:        0.022ns (DCD - SCD - CPR)
    Destination Clock Delay (DCD):    0.432ns
    Source Clock Delay      (SCD):    0.410ns
    Clock Pessimism Removal (CPR):    -0.000ns

    Location             Delay type                Incr(ns)  Path(ns)    Netlist Resource(s)
  -------------------------------------------------------------------    -------------------
                         (clock clk_i rise edge)      0.000     0.000 r  
                                                      0.000     0.000 r  clk_i (IN)
                         net (fo=5349, unset)         0.410     0.410    u_bank/clk_i
                         FDRE                                         r  u_bank/x_lo_tmp_reg[12]/C
  -------------------------------------------------------------------    -------------------
                         FDRE (Prop_fdre_C_Q)         0.164     0.574 r  u_bank/x_lo_tmp_reg[12]/Q
                         net (fo=2, unplaced)         0.337     0.911    u_bank/u_x_g0/U0/inst_blk_mem_gen/gnbram.gnativebmg.native_blk_mem_gen/valid.cstr/ramloop[0].ram.r/prim_noinit.ram/dina[12]
                         RAMB36E1                                     r  u_bank/u_x_g0/U0/inst_blk_mem_gen/gnbram.gnativebmg.native_blk_mem_gen/valid.cstr/ramloop[0].ram.r/prim_noinit.ram/DEVICE_7SERIES.NO_BMM_INFO.TRUE_DP.SIMPLE_PRIM36.ram/DIADI[12]
  -------------------------------------------------------------------    -------------------

                         (clock clk_i rise edge)      0.000     0.000 r  
                                                      0.000     0.000 r  clk_i (IN)
                         net (fo=5349, unset)         0.432     0.432    u_bank/u_x_g0/U0/inst_blk_mem_gen/gnbram.gnativebmg.native_blk_mem_gen/valid.cstr/ramloop[0].ram.r/prim_noinit.ram/clka
                         RAMB36E1                                     r  u_bank/u_x_g0/U0/inst_blk_mem_gen/gnbram.gnativebmg.native_blk_mem_gen/valid.cstr/ramloop[0].ram.r/prim_noinit.ram/DEVICE_7SERIES.NO_BMM_INFO.TRUE_DP.SIMPLE_PRIM36.ram/CLKARDCLK
                         clock pessimism              0.000     0.432    
                         RAMB36E1 (Hold_ramb36e1_CLKARDCLK_DIADI[12])
                                                      0.242     0.674    u_bank/u_x_g0/U0/inst_blk_mem_gen/gnbram.gnativebmg.native_blk_mem_gen/valid.cstr/ramloop[0].ram.r/prim_noinit.ram/DEVICE_7SERIES.NO_BMM_INFO.TRUE_DP.SIMPLE_PRIM36.ram
  -------------------------------------------------------------------
                         required time                         -0.674    
                         arrival time                           0.911    
  -------------------------------------------------------------------
                         slack                                  0.238    

Slack (MET) :             0.238ns  (arrival time - required time)
  Source:                 u_bank/x_lo_tmp_reg[13]/C
                            (rising edge-triggered cell FDRE clocked by clk_i  {rise@0.000ns fall@5.000ns period=10.000ns})
  Destination:            u_bank/u_x_g0/U0/inst_blk_mem_gen/gnbram.gnativebmg.native_blk_mem_gen/valid.cstr/ramloop[0].ram.r/prim_noinit.ram/DEVICE_7SERIES.NO_BMM_INFO.TRUE_DP.SIMPLE_PRIM36.ram/DIADI[13]
                            (rising edge-triggered cell RAMB36E1 clocked by clk_i  {rise@0.000ns fall@5.000ns period=10.000ns})
  Path Group:             clk_i
  Path Type:              Hold (Min at Fast Process Corner)
  Requirement:            0.000ns  (clk_i rise@0.000ns - clk_i rise@0.000ns)
  Data Path Delay:        0.501ns  (logic 0.164ns (32.728%)  route 0.337ns (67.272%))
  Logic Levels:           0  
  Clock Path Skew:        0.022ns (DCD - SCD - CPR)
    Destination Clock Delay (DCD):    0.432ns
    Source Clock Delay      (SCD):    0.410ns
    Clock Pessimism Removal (CPR):    -0.000ns

    Location             Delay type                Incr(ns)  Path(ns)    Netlist Resource(s)
  -------------------------------------------------------------------    -------------------
                         (clock clk_i rise edge)      0.000     0.000 r  
                                                      0.000     0.000 r  clk_i (IN)
                         net (fo=5349, unset)         0.410     0.410    u_bank/clk_i
                         FDRE                                         r  u_bank/x_lo_tmp_reg[13]/C
  -------------------------------------------------------------------    -------------------
                         FDRE (Prop_fdre_C_Q)         0.164     0.574 r  u_bank/x_lo_tmp_reg[13]/Q
                         net (fo=2, unplaced)         0.337     0.911    u_bank/u_x_g0/U0/inst_blk_mem_gen/gnbram.gnativebmg.native_blk_mem_gen/valid.cstr/ramloop[0].ram.r/prim_noinit.ram/dina[13]
                         RAMB36E1                                     r  u_bank/u_x_g0/U0/inst_blk_mem_gen/gnbram.gnativebmg.native_blk_mem_gen/valid.cstr/ramloop[0].ram.r/prim_noinit.ram/DEVICE_7SERIES.NO_BMM_INFO.TRUE_DP.SIMPLE_PRIM36.ram/DIADI[13]
  -------------------------------------------------------------------    -------------------

                         (clock clk_i rise edge)      0.000     0.000 r  
                                                      0.000     0.000 r  clk_i (IN)
                         net (fo=5349, unset)         0.432     0.432    u_bank/u_x_g0/U0/inst_blk_mem_gen/gnbram.gnativebmg.native_blk_mem_gen/valid.cstr/ramloop[0].ram.r/prim_noinit.ram/clka
                         RAMB36E1                                     r  u_bank/u_x_g0/U0/inst_blk_mem_gen/gnbram.gnativebmg.native_blk_mem_gen/valid.cstr/ramloop[0].ram.r/prim_noinit.ram/DEVICE_7SERIES.NO_BMM_INFO.TRUE_DP.SIMPLE_PRIM36.ram/CLKARDCLK
                         clock pessimism              0.000     0.432    
                         RAMB36E1 (Hold_ramb36e1_CLKARDCLK_DIADI[13])
                                                      0.242     0.674    u_bank/u_x_g0/U0/inst_blk_mem_gen/gnbram.gnativebmg.native_blk_mem_gen/valid.cstr/ramloop[0].ram.r/prim_noinit.ram/DEVICE_7SERIES.NO_BMM_INFO.TRUE_DP.SIMPLE_PRIM36.ram
  -------------------------------------------------------------------
                         required time                         -0.674    
                         arrival time                           0.911    
  -------------------------------------------------------------------
                         slack                                  0.238    

Slack (MET) :             0.238ns  (arrival time - required time)
  Source:                 u_bank/x_lo_tmp_reg[14]/C
                            (rising edge-triggered cell FDRE clocked by clk_i  {rise@0.000ns fall@5.000ns period=10.000ns})
  Destination:            u_bank/u_x_g0/U0/inst_blk_mem_gen/gnbram.gnativebmg.native_blk_mem_gen/valid.cstr/ramloop[0].ram.r/prim_noinit.ram/DEVICE_7SERIES.NO_BMM_INFO.TRUE_DP.SIMPLE_PRIM36.ram/DIADI[14]
                            (rising edge-triggered cell RAMB36E1 clocked by clk_i  {rise@0.000ns fall@5.000ns period=10.000ns})
  Path Group:             clk_i
  Path Type:              Hold (Min at Fast Process Corner)
  Requirement:            0.000ns  (clk_i rise@0.000ns - clk_i rise@0.000ns)
  Data Path Delay:        0.501ns  (logic 0.164ns (32.728%)  route 0.337ns (67.272%))
  Logic Levels:           0  
  Clock Path Skew:        0.022ns (DCD - SCD - CPR)
    Destination Clock Delay (DCD):    0.432ns
    Source Clock Delay      (SCD):    0.410ns
    Clock Pessimism Removal (CPR):    -0.000ns

    Location             Delay type                Incr(ns)  Path(ns)    Netlist Resource(s)
  -------------------------------------------------------------------    -------------------
                         (clock clk_i rise edge)      0.000     0.000 r  
                                                      0.000     0.000 r  clk_i (IN)
                         net (fo=5349, unset)         0.410     0.410    u_bank/clk_i
                         FDRE                                         r  u_bank/x_lo_tmp_reg[14]/C
  -------------------------------------------------------------------    -------------------
                         FDRE (Prop_fdre_C_Q)         0.164     0.574 r  u_bank/x_lo_tmp_reg[14]/Q
                         net (fo=2, unplaced)         0.337     0.911    u_bank/u_x_g0/U0/inst_blk_mem_gen/gnbram.gnativebmg.native_blk_mem_gen/valid.cstr/ramloop[0].ram.r/prim_noinit.ram/dina[14]
                         RAMB36E1                                     r  u_bank/u_x_g0/U0/inst_blk_mem_gen/gnbram.gnativebmg.native_blk_mem_gen/valid.cstr/ramloop[0].ram.r/prim_noinit.ram/DEVICE_7SERIES.NO_BMM_INFO.TRUE_DP.SIMPLE_PRIM36.ram/DIADI[14]
  -------------------------------------------------------------------    -------------------

                         (clock clk_i rise edge)      0.000     0.000 r  
                                                      0.000     0.000 r  clk_i (IN)
                         net (fo=5349, unset)         0.432     0.432    u_bank/u_x_g0/U0/inst_blk_mem_gen/gnbram.gnativebmg.native_blk_mem_gen/valid.cstr/ramloop[0].ram.r/prim_noinit.ram/clka
                         RAMB36E1                                     r  u_bank/u_x_g0/U0/inst_blk_mem_gen/gnbram.gnativebmg.native_blk_mem_gen/valid.cstr/ramloop[0].ram.r/prim_noinit.ram/DEVICE_7SERIES.NO_BMM_INFO.TRUE_DP.SIMPLE_PRIM36.ram/CLKARDCLK
                         clock pessimism              0.000     0.432    
                         RAMB36E1 (Hold_ramb36e1_CLKARDCLK_DIADI[14])
                                                      0.242     0.674    u_bank/u_x_g0/U0/inst_blk_mem_gen/gnbram.gnativebmg.native_blk_mem_gen/valid.cstr/ramloop[0].ram.r/prim_noinit.ram/DEVICE_7SERIES.NO_BMM_INFO.TRUE_DP.SIMPLE_PRIM36.ram
  -------------------------------------------------------------------
                         required time                         -0.674    
                         arrival time                           0.911    
  -------------------------------------------------------------------
                         slack                                  0.238    





Pulse Width Checks
--------------------------------------------------------------------------------------
Clock Name:         clk_i
Waveform(ns):       { 0.000 5.000 }
Period(ns):         10.000
Sources:            { clk_i }

Check Type        Corner  Lib Pin             Reference Pin  Required(ns)  Actual(ns)  Slack(ns)  Location  Pin
Min Period        n/a     DSP48E1/CLK         n/a            3.884         10.000      6.116                u_array/u_tail/prod_r_reg[0]/CLK
Min Period        n/a     DSP48E1/CLK         n/a            3.687         10.000      6.313                u_array/u_tail/prod_r_reg[0]__0/CLK
Min Period        n/a     RAMB18E1/CLKARDCLK  n/a            2.576         10.000      7.424                u_array/u_tail/lane[0].u_lut_bmg/U0/inst_blk_mem_gen/gnbram.gnativebmg.native_blk_mem_gen/valid.cstr/ramloop[0].ram.r/prim_noinit.ram/DEVICE_7SERIES.NO_BMM_INFO.SDP.WIDE_PRIM18.ram/CLKARDCLK
Min Period        n/a     RAMB18E1/CLKBWRCLK  n/a            2.576         10.000      7.424                u_array/u_tail/lane[0].u_lut_bmg/U0/inst_blk_mem_gen/gnbram.gnativebmg.native_blk_mem_gen/valid.cstr/ramloop[0].ram.r/prim_noinit.ram/DEVICE_7SERIES.NO_BMM_INFO.SDP.WIDE_PRIM18.ram/CLKBWRCLK
Min Period        n/a     RAMB36E1/CLKARDCLK  n/a            2.576         10.000      7.424                u_bank/u_w_g0/U0/inst_blk_mem_gen/gnbram.gnativebmg.native_blk_mem_gen/valid.cstr/ramloop[0].ram.r/prim_noinit.ram/DEVICE_7SERIES.NO_BMM_INFO.TRUE_DP.SIMPLE_PRIM36.ram/CLKARDCLK
Min Period        n/a     RAMB36E1/CLKBWRCLK  n/a            2.576         10.000      7.424                u_bank/u_w_g0/U0/inst_blk_mem_gen/gnbram.gnativebmg.native_blk_mem_gen/valid.cstr/ramloop[0].ram.r/prim_noinit.ram/DEVICE_7SERIES.NO_BMM_INFO.TRUE_DP.SIMPLE_PRIM36.ram/CLKBWRCLK
Min Period        n/a     RAMB36E1/CLKARDCLK  n/a            2.576         10.000      7.424                u_bank/u_w_g0/U0/inst_blk_mem_gen/gnbram.gnativebmg.native_blk_mem_gen/valid.cstr/ramloop[1].ram.r/prim_noinit.ram/DEVICE_7SERIES.NO_BMM_INFO.TRUE_DP.SIMPLE_PRIM36.ram/CLKARDCLK
Min Period        n/a     RAMB36E1/CLKBWRCLK  n/a            2.576         10.000      7.424                u_bank/u_w_g0/U0/inst_blk_mem_gen/gnbram.gnativebmg.native_blk_mem_gen/valid.cstr/ramloop[1].ram.r/prim_noinit.ram/DEVICE_7SERIES.NO_BMM_INFO.TRUE_DP.SIMPLE_PRIM36.ram/CLKBWRCLK
Low Pulse Width   Slow    RAMD32/CLK          n/a            1.250         5.000       3.750                u_array/pb_reg_0_7_0_5/RAMA/CLK
Low Pulse Width   Fast    RAMD32/CLK          n/a            1.250         5.000       3.750                u_array/pb_reg_0_7_0_5/RAMA/CLK
Low Pulse Width   Slow    RAMD32/CLK          n/a            1.250         5.000       3.750                u_array/pb_reg_0_7_0_5/RAMA_D1/CLK
Low Pulse Width   Fast    RAMD32/CLK          n/a            1.250         5.000       3.750                u_array/pb_reg_0_7_0_5/RAMA_D1/CLK
Low Pulse Width   Slow    RAMD32/CLK          n/a            1.250         5.000       3.750                u_array/pb_reg_0_7_0_5/RAMB/CLK
Low Pulse Width   Fast    RAMD32/CLK          n/a            1.250         5.000       3.750                u_array/pb_reg_0_7_0_5/RAMB/CLK
Low Pulse Width   Slow    RAMD32/CLK          n/a            1.250         5.000       3.750                u_array/pb_reg_0_7_0_5/RAMB_D1/CLK
Low Pulse Width   Fast    RAMD32/CLK          n/a            1.250         5.000       3.750                u_array/pb_reg_0_7_0_5/RAMB_D1/CLK
High Pulse Width  Slow    RAMD32/CLK          n/a            1.250         5.000       3.750                u_array/pb_reg_0_7_0_5/RAMA/CLK
High Pulse Width  Fast    RAMD32/CLK          n/a            1.250         5.000       3.750                u_array/pb_reg_0_7_0_5/RAMA/CLK
High Pulse Width  Slow    RAMD32/CLK          n/a            1.250         5.000       3.750                u_array/pb_reg_0_7_0_5/RAMA_D1/CLK
High Pulse Width  Fast    RAMD32/CLK          n/a            1.250         5.000       3.750                u_array/pb_reg_0_7_0_5/RAMA_D1/CLK
High Pulse Width  Slow    RAMD32/CLK          n/a            1.250         5.000       3.750                u_array/pb_reg_0_7_0_5/RAMB/CLK
High Pulse Width  Fast    RAMD32/CLK          n/a            1.250         5.000       3.750                u_array/pb_reg_0_7_0_5/RAMB/CLK
High Pulse Width  Slow    RAMD32/CLK          n/a            1.250         5.000       3.750                u_array/pb_reg_0_7_0_5/RAMB_D1/CLK
High Pulse Width  Fast    RAMD32/CLK          n/a            1.250         5.000       3.750                u_array/pb_reg_0_7_0_5/RAMB_D1/CLK



