
****** Vivado v2025.2 (64-bit)
  **** SW Build 6299465 on Fri Nov 14 19:35:11 GMT 2025
  **** IP Build 6300035 on Fri Nov 14 10:48:45 MST 2025
  **** SharedData Build 6298862 on Thu Nov 13 04:50:51 MST 2025
  **** Start of session at: Thu Sep 17 04:28:06 2026
    ** Copyright 1986-2022 Xilinx, Inc. All Rights Reserved.
    ** Copyright 2022-2025 Advanced Micro Devices, Inc. All Rights Reserved.

source probe_v26_rowaddr.tcl
# open_checkpoint E:/competition/2_fpga/3_yolo_zynq/proj/ooc_gate/ooc_v26_routed.dcp
Command: open_checkpoint E:/competition/2_fpga/3_yolo_zynq/proj/ooc_gate/ooc_v26_routed.dcp

Starting open_checkpoint Task

Time (s): cpu = 00:00:00 ; elapsed = 00:00:00.027 . Memory (MB): peak = 339.223 ; gain = 2.840
INFO: [Device 21-403] Loading part xc7z020clg484-1
Netlist sorting complete. Time (s): cpu = 00:00:01 ; elapsed = 00:00:00.248 . Memory (MB): peak = 858.844 ; gain = 0.000
INFO: [Netlist 29-17] Analyzing 5970 Unisim elements for replacement
INFO: [Netlist 29-28] Unisim Transformation completed in 0 CPU seconds
INFO: [Project 1-479] Netlist was created with Vivado 2025.2
INFO: [Project 1-570] Preparing netlist for logic optimization
Read ShapeDB Complete: Time (s): cpu = 00:00:00 ; elapsed = 00:00:00.058 . Memory (MB): peak = 998.066 ; gain = 11.875
INFO: [Timing 38-478] Restoring timing data from binary archive.
INFO: [Timing 38-479] Binary timing data restore complete.
INFO: [Project 1-856] Restoring constraints from binary archive.
INFO: [Project 1-853] Binary constraint restore complete.
INFO: [Designutils 20-5722] Start Reading Physical Databases.
Reading placement.
Read Netlist Cache: Time (s): cpu = 00:00:00 ; elapsed = 00:00:00.028 . Memory (MB): peak = 1651.473 ; gain = 0.000
Reading placer database...
Read Device Cache: Time (s): cpu = 00:00:00 ; elapsed = 00:00:00.009 . Memory (MB): peak = 1651.473 ; gain = 0.000
Read PlaceDB: Time (s): cpu = 00:00:00 ; elapsed = 00:00:00 . Memory (MB): peak = 1651.473 ; gain = 0.000
Read placeStorage: Time (s): cpu = 00:00:01 ; elapsed = 00:00:00.577 . Memory (MB): peak = 1667.027 ; gain = 15.555
Read PulsedLatchDB: Time (s): cpu = 00:00:00 ; elapsed = 00:00:00 . Memory (MB): peak = 1667.027 ; gain = 0.000
Reading routing.
Read RouteStorage: Time (s): cpu = 00:00:00 ; elapsed = 00:00:00.237 . Memory (MB): peak = 1693.410 ; gain = 26.383
Read Physdb Files: Time (s): cpu = 00:00:01 ; elapsed = 00:00:00.867 . Memory (MB): peak = 1693.410 ; gain = 41.938
Restored from archive | CPU: 1.000000 secs | Memory: 0.000000 MB |
Finished XDEF File Restore: Time (s): cpu = 00:00:01 ; elapsed = 00:00:00.897 . Memory (MB): peak = 1693.410 ; gain = 41.938
Netlist sorting complete. Time (s): cpu = 00:00:00 ; elapsed = 00:00:00.009 . Memory (MB): peak = 1734.504 ; gain = 0.000
INFO: [Project 1-111] Unisim Transformation Summary:
  A total of 130 instances were transformed.
  RAM32M => RAM32M (RAMD32(x6), RAMS32(x2)): 22 instances
  RAM32X1D => RAM32X1D (RAMD32(x2)): 12 instances
  RAM64M => RAM64M (RAMD64E(x4)): 96 instances

INFO: [Project 1-604] Checkpoint was created with Vivado v2025.2 (64-bit) build 6299465
open_checkpoint: Time (s): cpu = 00:00:13 ; elapsed = 00:00:12 . Memory (MB): peak = 1742.582 ; gain = 1414.938
# report_timing -delay_type max -max_paths 2 \
#     -from [get_cells u_array/oc_g_d1_r_reg[*]] \
#     -to   [get_pins  u_array/row_addr_d2_r0/PCIN[*]] \
#     -input_pins -significant_digits 3 \
#     -file E:/competition/2_fpga/3_yolo_zynq/proj/ooc_gate/ooc_v26_rowaddr_path.rpt
INFO: [Timing 38-91] UpdateTimingParams: Speed grade: -1, Delay Type: max.
INFO: [Timing 38-191] Multithreading enabled for timing update using a maximum of 2 CPUs
WARNING: [Timing 38-242] The property HD.CLK_SRC of clock port "clk_i" is not set. In out-of-context mode, this prevents timing estimation for clock delay/skew
Resolution: Set the HD.CLK_SRC property of the out-of-context port to the location of the clock buffer instance in the top-level design
INFO: [Timing 38-78] ReportTimingParams: -from_pins  -to_pins  -max_paths 2 -nworst 1 -delay_type max -sort_by slack.
# report_timing -delay_type max -max_paths 25 -path_type summary \
#     -file E:/competition/2_fpga/3_yolo_zynq/proj/ooc_gate/ooc_v26_top25.rpt
INFO: [Timing 38-91] UpdateTimingParams: Speed grade: -1, Delay Type: max.
INFO: [Timing 38-191] Multithreading enabled for timing update using a maximum of 2 CPUs
INFO: [Timing 38-78] ReportTimingParams: -max_paths 25 -nworst 1 -delay_type max -sort_by slack.
# puts "PROBE_DONE"
PROBE_DONE
INFO: [Common 17-206] Exiting Vivado at Thu Sep 17 04:28:25 2026...
