#-----------------------------------------------------------
# xsim v2025.2 (64-bit)
# SW Build 6299465 on Fri Nov 14 19:35:11 GMT 2025
# IP Build 6300035 on Fri Nov 14 10:48:45 MST 2025
# SharedData Build 6298862 on Thu Nov 13 04:50:51 MST 2025
# Start of session at: Thu Sep 17 11:49:09 2026
# Process ID         : 39168
# Current directory  : E:/competition/2_fpga/3_yolo_zynq/sim/xsim
# Command line       : xsim.exe -log m9_byte_pipe.log -mode tcl -source {xsim.dir/m9b14/xsim_script.tcl}
# Log file           : E:/competition/2_fpga/3_yolo_zynq/sim/xsim/m9_byte_pipe.log
# Journal file       : E:/competition/2_fpga/3_yolo_zynq/sim/xsim\xsim.jou
# Running On         : HC-202510241838
# Platform           : Windows Server 2016 or Windows 10
# Operating System   : 26200
# Processor Detail   : AMD Ryzen 5 9600X 6-Core Processor             
# CPU Frequency      : 3893 MHz
# CPU Physical cores : 6
# CPU Logical cores  : 12
# Host memory        : 33410 MB
# Swap memory        : 21474 MB
# Total Virtual      : 54884 MB
# Available Virtual  : 16864 MB
#-----------------------------------------------------------
source xsim.dir/m9b14/xsim_script.tcl
# xsim {m9b14} -testplusarg PIPE -autoloadwcfg -runall
Time resolution is 1 ps
run -all
[tb] dma stim=../stim/dma cmds=33 pipe=1 wide=0
TB_DMA_PASS PIPE+BYTE bytes=210904 cmds=33 ars=1666 peak_ost=2 (multi-outstanding BFM, 4KB-split, checksummed)
$finish called at time : 6020330 ns : File "E:/competition/2_fpga/3_yolo_zynq/sim/tb_yolo_dma.v" Line 511
exit
INFO: [Common 17-206] Exiting xsim at Thu Sep 17 11:49:11 2026...
